Archive member included because of file (symbol)

c:/arm toolchain/bin/../lib/gcc/arm-none-eabi/4.9.3/armv7-m\libgcc.a(_arm_addsubdf3.o)
                              ..\obj\channels.o (__aeabi_i2d)
c:/arm toolchain/bin/../lib/gcc/arm-none-eabi/4.9.3/armv7-m\libgcc.a(_arm_muldivdf3.o)
                              ..\obj\channels.o (__aeabi_dmul)
c:/arm toolchain/bin/../lib/gcc/arm-none-eabi/4.9.3/armv7-m\libgcc.a(_arm_fixunsdfsi.o)
                              ..\obj\channels.o (__aeabi_d2uiz)
c:/arm toolchain/bin/../lib/gcc/arm-none-eabi/4.9.3/../../../../arm-none-eabi/lib/armv7-m\libg_nano.a(lib_a-sscanf.o)
                              ..\obj\esp8266.o (sscanf)
c:/arm toolchain/bin/../lib/gcc/arm-none-eabi/4.9.3/../../../../arm-none-eabi/lib/armv7-m\libg_nano.a(lib_a-stdio.o)
                              c:/arm toolchain/bin/../lib/gcc/arm-none-eabi/4.9.3/../../../../arm-none-eabi/lib/armv7-m\libg_nano.a(lib_a-sscanf.o) (__seofread)
c:/arm toolchain/bin/../lib/gcc/arm-none-eabi/4.9.3/../../../../arm-none-eabi/lib/armv7-m\libg_nano.a(lib_a-strlen.o)
                              c:/arm toolchain/bin/../lib/gcc/arm-none-eabi/4.9.3/../../../../arm-none-eabi/lib/armv7-m\libg_nano.a(lib_a-sscanf.o) (strlen)
c:/arm toolchain/bin/../lib/gcc/arm-none-eabi/4.9.3/../../../../arm-none-eabi/lib/armv7-m\libg_nano.a(lib_a-strstr.o)
                              ..\obj\esp8266.o (strstr)
c:/arm toolchain/bin/../lib/gcc/arm-none-eabi/4.9.3/../../../../arm-none-eabi/lib/armv7-m\libg_nano.a(lib_a-writer.o)
                              c:/arm toolchain/bin/../lib/gcc/arm-none-eabi/4.9.3/../../../../arm-none-eabi/lib/armv7-m\libg_nano.a(lib_a-stdio.o) (_write_r)
c:/arm toolchain/bin/../lib/gcc/arm-none-eabi/4.9.3/../../../../arm-none-eabi/lib/armv7-m\libg_nano.a(lib_a-closer.o)
                              c:/arm toolchain/bin/../lib/gcc/arm-none-eabi/4.9.3/../../../../arm-none-eabi/lib/armv7-m\libg_nano.a(lib_a-stdio.o) (_close_r)
c:/arm toolchain/bin/../lib/gcc/arm-none-eabi/4.9.3/../../../../arm-none-eabi/lib/armv7-m\libg_nano.a(lib_a-impure.o)
                              c:/arm toolchain/bin/../lib/gcc/arm-none-eabi/4.9.3/../../../../arm-none-eabi/lib/armv7-m\libg_nano.a(lib_a-sscanf.o) (_impure_ptr)
c:/arm toolchain/bin/../lib/gcc/arm-none-eabi/4.9.3/../../../../arm-none-eabi/lib/armv7-m\libg_nano.a(lib_a-lseekr.o)
                              c:/arm toolchain/bin/../lib/gcc/arm-none-eabi/4.9.3/../../../../arm-none-eabi/lib/armv7-m\libg_nano.a(lib_a-stdio.o) (_lseek_r)
c:/arm toolchain/bin/../lib/gcc/arm-none-eabi/4.9.3/../../../../arm-none-eabi/lib/armv7-m\libg_nano.a(lib_a-nano-svfscanf.o)
                              c:/arm toolchain/bin/../lib/gcc/arm-none-eabi/4.9.3/../../../../arm-none-eabi/lib/armv7-m\libg_nano.a(lib_a-sscanf.o) (__ssvfscanf_r)
c:/arm toolchain/bin/../lib/gcc/arm-none-eabi/4.9.3/../../../../arm-none-eabi/lib/armv7-m\libg_nano.a(lib_a-nano-vfscanf_i.o)
                              c:/arm toolchain/bin/../lib/gcc/arm-none-eabi/4.9.3/../../../../arm-none-eabi/lib/armv7-m\libg_nano.a(lib_a-nano-svfscanf.o) (_scanf_chars)
c:/arm toolchain/bin/../lib/gcc/arm-none-eabi/4.9.3/../../../../arm-none-eabi/lib/armv7-m\libg_nano.a(lib_a-readr.o)
                              c:/arm toolchain/bin/../lib/gcc/arm-none-eabi/4.9.3/../../../../arm-none-eabi/lib/armv7-m\libg_nano.a(lib_a-stdio.o) (_read_r)
c:/arm toolchain/bin/../lib/gcc/arm-none-eabi/4.9.3/../../../../arm-none-eabi/lib/armv7-m\libg_nano.a(lib_a-reent.o)
                              c:/arm toolchain/bin/../lib/gcc/arm-none-eabi/4.9.3/../../../../arm-none-eabi/lib/armv7-m\libg_nano.a(lib_a-writer.o) (errno)
c:/arm toolchain/bin/../lib/gcc/arm-none-eabi/4.9.3/../../../../arm-none-eabi/lib/armv7-m\libg_nano.a(lib_a-sccl.o)
                              c:/arm toolchain/bin/../lib/gcc/arm-none-eabi/4.9.3/../../../../arm-none-eabi/lib/armv7-m\libg_nano.a(lib_a-nano-svfscanf.o) (__sccl)
c:/arm toolchain/bin/../lib/gcc/arm-none-eabi/4.9.3/../../../../arm-none-eabi/lib/armv7-m\libg_nano.a(lib_a-strtol.o)
                              c:/arm toolchain/bin/../lib/gcc/arm-none-eabi/4.9.3/../../../../arm-none-eabi/lib/armv7-m\libg_nano.a(lib_a-nano-vfscanf_i.o) (_strtol_r)
c:/arm toolchain/bin/../lib/gcc/arm-none-eabi/4.9.3/../../../../arm-none-eabi/lib/armv7-m\libg_nano.a(lib_a-strtoul.o)
                              c:/arm toolchain/bin/../lib/gcc/arm-none-eabi/4.9.3/../../../../arm-none-eabi/lib/armv7-m\libg_nano.a(lib_a-nano-vfscanf_i.o) (_strtoul_r)
c:/arm toolchain/bin/../lib/gcc/arm-none-eabi/4.9.3/../../../../arm-none-eabi/lib/armv7-m\libg_nano.a(lib_a-ungetc.o)
                              c:/arm toolchain/bin/../lib/gcc/arm-none-eabi/4.9.3/../../../../arm-none-eabi/lib/armv7-m\libg_nano.a(lib_a-nano-svfscanf.o) (__submore)
c:/arm toolchain/bin/../lib/gcc/arm-none-eabi/4.9.3/../../../../arm-none-eabi/lib/armv7-m\libg_nano.a(lib_a-ctype_.o)
                              c:/arm toolchain/bin/../lib/gcc/arm-none-eabi/4.9.3/../../../../arm-none-eabi/lib/armv7-m\libg_nano.a(lib_a-nano-svfscanf.o) (__ctype_ptr__)
c:/arm toolchain/bin/../lib/gcc/arm-none-eabi/4.9.3/../../../../arm-none-eabi/lib/armv7-m\libg_nano.a(lib_a-fflush.o)
                              c:/arm toolchain/bin/../lib/gcc/arm-none-eabi/4.9.3/../../../../arm-none-eabi/lib/armv7-m\libg_nano.a(lib_a-ungetc.o) (_fflush_r)
c:/arm toolchain/bin/../lib/gcc/arm-none-eabi/4.9.3/../../../../arm-none-eabi/lib/armv7-m\libg_nano.a(lib_a-findfp.o)
                              c:/arm toolchain/bin/../lib/gcc/arm-none-eabi/4.9.3/../../../../arm-none-eabi/lib/armv7-m\libg_nano.a(lib_a-ungetc.o) (__sinit)
c:/arm toolchain/bin/../lib/gcc/arm-none-eabi/4.9.3/../../../../arm-none-eabi/lib/armv7-m\libg_nano.a(lib_a-fwalk.o)
                              c:/arm toolchain/bin/../lib/gcc/arm-none-eabi/4.9.3/../../../../arm-none-eabi/lib/armv7-m\libg_nano.a(lib_a-findfp.o) (_fwalk)
c:/arm toolchain/bin/../lib/gcc/arm-none-eabi/4.9.3/../../../../arm-none-eabi/lib/armv7-m\libg_nano.a(lib_a-memchr.o)
                              c:/arm toolchain/bin/../lib/gcc/arm-none-eabi/4.9.3/../../../../arm-none-eabi/lib/armv7-m\libg_nano.a(lib_a-nano-svfscanf.o) (memchr)
c:/arm toolchain/bin/../lib/gcc/arm-none-eabi/4.9.3/../../../../arm-none-eabi/lib/armv7-m\libg_nano.a(lib_a-memcpy.o)
                              c:/arm toolchain/bin/../lib/gcc/arm-none-eabi/4.9.3/../../../../arm-none-eabi/lib/armv7-m\libg_nano.a(lib_a-ungetc.o) (memcpy)
c:/arm toolchain/bin/../lib/gcc/arm-none-eabi/4.9.3/../../../../arm-none-eabi/lib/armv7-m\libg_nano.a(lib_a-memset.o)
                              c:/arm toolchain/bin/../lib/gcc/arm-none-eabi/4.9.3/../../../../arm-none-eabi/lib/armv7-m\libg_nano.a(lib_a-findfp.o) (memset)
c:/arm toolchain/bin/../lib/gcc/arm-none-eabi/4.9.3/../../../../arm-none-eabi/lib/armv7-m\libg_nano.a(lib_a-nano-freer.o)
                              c:/arm toolchain/bin/../lib/gcc/arm-none-eabi/4.9.3/../../../../arm-none-eabi/lib/armv7-m\libg_nano.a(lib_a-nano-svfscanf.o) (_free_r)
c:/arm toolchain/bin/../lib/gcc/arm-none-eabi/4.9.3/../../../../arm-none-eabi/lib/armv7-m\libg_nano.a(lib_a-nano-mallocr.o)
                              c:/arm toolchain/bin/../lib/gcc/arm-none-eabi/4.9.3/../../../../arm-none-eabi/lib/armv7-m\libg_nano.a(lib_a-ungetc.o) (_malloc_r)
c:/arm toolchain/bin/../lib/gcc/arm-none-eabi/4.9.3/../../../../arm-none-eabi/lib/armv7-m\libg_nano.a(lib_a-nano-reallocr.o)
                              c:/arm toolchain/bin/../lib/gcc/arm-none-eabi/4.9.3/../../../../arm-none-eabi/lib/armv7-m\libg_nano.a(lib_a-ungetc.o) (_realloc_r)
c:/arm toolchain/bin/../lib/gcc/arm-none-eabi/4.9.3/../../../../arm-none-eabi/lib/armv7-m\libg_nano.a(lib_a-sbrkr.o)
                              c:/arm toolchain/bin/../lib/gcc/arm-none-eabi/4.9.3/../../../../arm-none-eabi/lib/armv7-m\libg_nano.a(lib_a-nano-mallocr.o) (_sbrk_r)
c:/arm toolchain/bin/../lib/gcc/arm-none-eabi/4.9.3/../../../../arm-none-eabi/lib/armv7-m\libg_nano.a(lib_a-nano-msizer.o)
                              c:/arm toolchain/bin/../lib/gcc/arm-none-eabi/4.9.3/../../../../arm-none-eabi/lib/armv7-m\libg_nano.a(lib_a-nano-reallocr.o) (_malloc_usable_size_r)

Allocating common symbols
Common symbol       size              file

UART1_rx_buffer     0x80              ..\obj\uart.o
errno               0x4               c:/arm toolchain/bin/../lib/gcc/arm-none-eabi/4.9.3/../../../../arm-none-eabi/lib/armv7-m\libg_nano.a(lib_a-reent.o)
UART3_tx_buffer     0x80              ..\obj\uart.o
UART1_tx_buffer     0x80              ..\obj\uart.o
UART3_rx_buffer     0x80              ..\obj\uart.o
Buffer              0x80              ..\obj\uart.o

Discarded input sections

 .text          0x00000000        0x0 ..\obj\stm32f10x_tim.o
 .data          0x00000000        0x0 ..\obj\stm32f10x_tim.o
 .bss           0x00000000        0x0 ..\obj\stm32f10x_tim.o
 .text.TIM_DeInit
                0x00000000      0x2c0 ..\obj\stm32f10x_tim.o
 .text.TIM_ICInit
                0x00000000      0x33c ..\obj\stm32f10x_tim.o
 .text.TIM_PWMIConfig
                0x00000000      0x12c ..\obj\stm32f10x_tim.o
 .text.TIM_BDTRConfig
                0x00000000      0x150 ..\obj\stm32f10x_tim.o
 .text.TIM_TimeBaseStructInit
                0x00000000       0x34 ..\obj\stm32f10x_tim.o
 .text.TIM_OCStructInit
                0x00000000       0x44 ..\obj\stm32f10x_tim.o
 .text.TIM_ICStructInit
                0x00000000       0x30 ..\obj\stm32f10x_tim.o
 .text.TIM_BDTRStructInit
                0x00000000       0x3c ..\obj\stm32f10x_tim.o
 .text.TIM_CtrlPWMOutputs
                0x00000000       0xa8 ..\obj\stm32f10x_tim.o
 .text.TIM_ITConfig
                0x00000000      0x148 ..\obj\stm32f10x_tim.o
 .text.TIM_GenerateEvent
                0x00000000      0x108 ..\obj\stm32f10x_tim.o
 .text.TIM_DMAConfig
                0x00000000      0x1b0 ..\obj\stm32f10x_tim.o
 .text.TIM_DMACmd
                0x00000000      0x104 ..\obj\stm32f10x_tim.o
 .text.TIM_InternalClockConfig
                0x00000000       0x94 ..\obj\stm32f10x_tim.o
 .text.TIM_ITRxExternalClockConfig
                0x00000000       0xc4 ..\obj\stm32f10x_tim.o
 .text.TIM_TIxExternalClockConfig
                0x00000000      0x118 ..\obj\stm32f10x_tim.o
 .text.TIM_ETRClockMode1Config
                0x00000000      0x100 ..\obj\stm32f10x_tim.o
 .text.TIM_ETRClockMode2Config
                0x00000000       0xe0 ..\obj\stm32f10x_tim.o
 .text.TIM_ETRConfig
                0x00000000       0xf0 ..\obj\stm32f10x_tim.o
 .text.TIM_PrescalerConfig
                0x00000000      0x110 ..\obj\stm32f10x_tim.o
 .text.TIM_CounterModeConfig
                0x00000000       0xac ..\obj\stm32f10x_tim.o
 .text.TIM_SelectInputTrigger
                0x00000000       0xe4 ..\obj\stm32f10x_tim.o
 .text.TIM_EncoderInterfaceConfig
                0x00000000      0x138 ..\obj\stm32f10x_tim.o
 .text.TIM_ForcedOC1Config
                0x00000000      0x108 ..\obj\stm32f10x_tim.o
 .text.TIM_ForcedOC2Config
                0x00000000       0xc4 ..\obj\stm32f10x_tim.o
 .text.TIM_ForcedOC3Config
                0x00000000       0x9c ..\obj\stm32f10x_tim.o
 .text.TIM_ForcedOC4Config
                0x00000000       0xa0 ..\obj\stm32f10x_tim.o
 .text.TIM_SelectCOM
                0x00000000       0x9c ..\obj\stm32f10x_tim.o
 .text.TIM_SelectCCDMA
                0x00000000       0xc8 ..\obj\stm32f10x_tim.o
 .text.TIM_CCPreloadControl
                0x00000000       0xb0 ..\obj\stm32f10x_tim.o
 .text.TIM_OC1FastConfig
                0x00000000      0x108 ..\obj\stm32f10x_tim.o
 .text.TIM_OC2FastConfig
                0x00000000       0xc4 ..\obj\stm32f10x_tim.o
 .text.TIM_OC3FastConfig
                0x00000000       0x9c ..\obj\stm32f10x_tim.o
 .text.TIM_OC4FastConfig
                0x00000000       0xa0 ..\obj\stm32f10x_tim.o
 .text.TIM_ClearOC1Ref
                0x00000000       0x9c ..\obj\stm32f10x_tim.o
 .text.TIM_ClearOC2Ref
                0x00000000       0xa0 ..\obj\stm32f10x_tim.o
 .text.TIM_ClearOC3Ref
                0x00000000       0x9c ..\obj\stm32f10x_tim.o
 .text.TIM_ClearOC4Ref
                0x00000000       0xa0 ..\obj\stm32f10x_tim.o
 .text.TIM_OC1PolarityConfig
                0x00000000      0x108 ..\obj\stm32f10x_tim.o
 .text.TIM_OC1NPolarityConfig
                0x00000000       0x94 ..\obj\stm32f10x_tim.o
 .text.TIM_OC2PolarityConfig
                0x00000000       0xc4 ..\obj\stm32f10x_tim.o
 .text.TIM_OC2NPolarityConfig
                0x00000000       0x74 ..\obj\stm32f10x_tim.o
 .text.TIM_OC3PolarityConfig
                0x00000000       0xa0 ..\obj\stm32f10x_tim.o
 .text.TIM_OC3NPolarityConfig
                0x00000000       0x74 ..\obj\stm32f10x_tim.o
 .text.TIM_OC4PolarityConfig
                0x00000000       0xa0 ..\obj\stm32f10x_tim.o
 .text.TIM_CCxCmd
                0x00000000      0x148 ..\obj\stm32f10x_tim.o
 .text.TIM_CCxNCmd
                0x00000000       0xcc ..\obj\stm32f10x_tim.o
 .text.TIM_SelectOCxM
                0x00000000      0x1c4 ..\obj\stm32f10x_tim.o
 .text.TIM_UpdateDisableConfig
                0x00000000      0x128 ..\obj\stm32f10x_tim.o
 .text.TIM_UpdateRequestConfig
                0x00000000      0x128 ..\obj\stm32f10x_tim.o
 .text.TIM_SelectHallSensor
                0x00000000       0xc8 ..\obj\stm32f10x_tim.o
 .text.TIM_SelectOnePulseMode
                0x00000000      0x120 ..\obj\stm32f10x_tim.o
 .text.TIM_SelectOutputTrigger
                0x00000000       0xfc ..\obj\stm32f10x_tim.o
 .text.TIM_SelectSlaveMode
                0x00000000       0xcc ..\obj\stm32f10x_tim.o
 .text.TIM_SelectMasterSlaveMode
                0x00000000       0xc0 ..\obj\stm32f10x_tim.o
 .text.TIM_SetCounter
                0x00000000       0xf0 ..\obj\stm32f10x_tim.o
 .text.TIM_SetAutoreload
                0x00000000       0xf0 ..\obj\stm32f10x_tim.o
 .text.TIM_SetCompare1
                0x00000000       0xd8 ..\obj\stm32f10x_tim.o
 .text.TIM_SetCompare2
                0x00000000       0x90 ..\obj\stm32f10x_tim.o
 .text.TIM_SetCompare3
                0x00000000       0x6c ..\obj\stm32f10x_tim.o
 .text.TIM_SetCompare4
                0x00000000       0x6c ..\obj\stm32f10x_tim.o
 .text.TIM_SetIC1Prescaler
                0x00000000      0x114 ..\obj\stm32f10x_tim.o
 .text.TIM_SetIC2Prescaler
                0x00000000       0xd0 ..\obj\stm32f10x_tim.o
 .text.TIM_SetIC3Prescaler
                0x00000000       0xa8 ..\obj\stm32f10x_tim.o
 .text.TIM_SetIC4Prescaler
                0x00000000       0xac ..\obj\stm32f10x_tim.o
 .text.TIM_SetClockDivision
                0x00000000      0x110 ..\obj\stm32f10x_tim.o
 .text.TIM_GetCapture1
                0x00000000       0xd4 ..\obj\stm32f10x_tim.o
 .text.TIM_GetCapture2
                0x00000000       0x8c ..\obj\stm32f10x_tim.o
 .text.TIM_GetCapture3
                0x00000000       0x68 ..\obj\stm32f10x_tim.o
 .text.TIM_GetCapture4
                0x00000000       0x6c ..\obj\stm32f10x_tim.o
 .text.TIM_GetCounter
                0x00000000       0xec ..\obj\stm32f10x_tim.o
 .text.TIM_GetPrescaler
                0x00000000       0xec ..\obj\stm32f10x_tim.o
 .text.TIM_GetFlagStatus
                0x00000000      0x164 ..\obj\stm32f10x_tim.o
 .text.TIM_ClearFlag
                0x00000000      0x10c ..\obj\stm32f10x_tim.o
 .text.TIM_GetITStatus
                0x00000000      0x160 ..\obj\stm32f10x_tim.o
 .text.TIM_ClearITPendingBit
                0x00000000      0x10c ..\obj\stm32f10x_tim.o
 .text.TI1_Config
                0x00000000       0xe0 ..\obj\stm32f10x_tim.o
 .text.TI2_Config
                0x00000000       0xf4 ..\obj\stm32f10x_tim.o
 .text.TI3_Config
                0x00000000       0xec ..\obj\stm32f10x_tim.o
 .text.TI4_Config
                0x00000000       0xf8 ..\obj\stm32f10x_tim.o
 .text          0x00000000        0x0 ..\obj\system_stm32f10x.o
 .data          0x00000000       0x14 ..\obj\system_stm32f10x.o
 .bss           0x00000000        0x0 ..\obj\system_stm32f10x.o
 .text.SystemCoreClockUpdate
                0x00000000       0xdc ..\obj\system_stm32f10x.o
 .text          0x00000000        0x0 ..\obj\uart.o
 .data          0x00000000        0x0 ..\obj\uart.o
 .text.UART1_put_int
                0x00000000       0xa0 ..\obj\uart.o
 .text.UART3_get_char
                0x00000000       0x6c ..\obj\uart.o
 .text.UART3_put_char
                0x00000000       0x90 ..\obj\uart.o
 .text.UART3_put_str
                0x00000000       0x28 ..\obj\uart.o
 .text.UART3_put_int
                0x00000000       0xa0 ..\obj\uart.o
 .text.UART3_read_str
                0x00000000       0x44 ..\obj\uart.o
 .text          0x00000000        0x0 ..\obj\startup_stm32f10x_md.o
 .data          0x00000000        0x0 ..\obj\startup_stm32f10x_md.o
 .bss           0x00000000        0x0 ..\obj\startup_stm32f10x_md.o
 .text          0x00000000        0x0 ..\obj\stm32f10x_gpio.o
 .data          0x00000000        0x0 ..\obj\stm32f10x_gpio.o
 .bss           0x00000000        0x0 ..\obj\stm32f10x_gpio.o
 .text.GPIO_DeInit
                0x00000000      0x128 ..\obj\stm32f10x_gpio.o
 .text.GPIO_AFIODeInit
                0x00000000       0x18 ..\obj\stm32f10x_gpio.o
 .text.GPIO_StructInit
                0x00000000       0x28 ..\obj\stm32f10x_gpio.o
 .text.GPIO_ReadInputDataBit
                0x00000000      0x10c ..\obj\stm32f10x_gpio.o
 .text.GPIO_ReadInputData
                0x00000000       0x78 ..\obj\stm32f10x_gpio.o
 .text.GPIO_ReadOutputDataBit
                0x00000000      0x10c ..\obj\stm32f10x_gpio.o
 .text.GPIO_ReadOutputData
                0x00000000       0x78 ..\obj\stm32f10x_gpio.o
 .text.GPIO_WriteBit
                0x00000000      0x11c ..\obj\stm32f10x_gpio.o
 .text.GPIO_Write
                0x00000000       0x7c ..\obj\stm32f10x_gpio.o
 .text.GPIO_PinLockConfig
                0x00000000       0xb0 ..\obj\stm32f10x_gpio.o
 .text.GPIO_EventOutputConfig
                0x00000000       0xdc ..\obj\stm32f10x_gpio.o
 .text.GPIO_EventOutputCmd
                0x00000000       0x34 ..\obj\stm32f10x_gpio.o
 .text.GPIO_EXTILineConfig
                0x00000000      0x124 ..\obj\stm32f10x_gpio.o
 .text.GPIO_ETH_MediaInterfaceConfig
                0x00000000       0x34 ..\obj\stm32f10x_gpio.o
 .text          0x00000000        0x0 ..\obj\main.o
 .data          0x00000000        0x0 ..\obj\main.o
 .bss           0x00000000        0x0 ..\obj\main.o
 .text          0x00000000        0x0 ..\obj\stm32f10x_rcc.o
 .bss           0x00000000        0x0 ..\obj\stm32f10x_rcc.o
 .text.RCC_DeInit
                0x00000000       0x5c ..\obj\stm32f10x_rcc.o
 .text.RCC_HSEConfig
                0x00000000       0x7c ..\obj\stm32f10x_rcc.o
 .text.RCC_WaitForHSEStartUp
                0x00000000       0x50 ..\obj\stm32f10x_rcc.o
 .text.RCC_AdjustHSICalibrationValue
                0x00000000       0x4c ..\obj\stm32f10x_rcc.o
 .text.RCC_HSICmd
                0x00000000       0x34 ..\obj\stm32f10x_rcc.o
 .text.RCC_PLLConfig
                0x00000000       0xdc ..\obj\stm32f10x_rcc.o
 .text.RCC_PLLCmd
                0x00000000       0x34 ..\obj\stm32f10x_rcc.o
 .text.RCC_SYSCLKConfig
                0x00000000       0x54 ..\obj\stm32f10x_rcc.o
 .text.RCC_GetSYSCLKSource
                0x00000000       0x20 ..\obj\stm32f10x_rcc.o
 .text.RCC_HCLKConfig
                0x00000000       0x78 ..\obj\stm32f10x_rcc.o
 .text.RCC_PCLK1Config
                0x00000000       0x68 ..\obj\stm32f10x_rcc.o
 .text.RCC_PCLK2Config
                0x00000000       0x68 ..\obj\stm32f10x_rcc.o
 .text.RCC_ITConfig
                0x00000000       0x7c ..\obj\stm32f10x_rcc.o
 .text.RCC_USBCLKConfig
                0x00000000       0x34 ..\obj\stm32f10x_rcc.o
 .text.RCC_ADCCLKConfig
                0x00000000       0x60 ..\obj\stm32f10x_rcc.o
 .text.RCC_LSEConfig
                0x00000000       0x5c ..\obj\stm32f10x_rcc.o
 .text.RCC_LSICmd
                0x00000000       0x34 ..\obj\stm32f10x_rcc.o
 .text.RCC_RTCCLKConfig
                0x00000000       0x44 ..\obj\stm32f10x_rcc.o
 .text.RCC_RTCCLKCmd
                0x00000000       0x34 ..\obj\stm32f10x_rcc.o
 .text.RCC_AHBPeriphClockCmd
                0x00000000       0x70 ..\obj\stm32f10x_rcc.o
 .text.RCC_APB2PeriphResetCmd
                0x00000000       0x70 ..\obj\stm32f10x_rcc.o
 .text.RCC_APB1PeriphResetCmd
                0x00000000       0x70 ..\obj\stm32f10x_rcc.o
 .text.RCC_BackupResetCmd
                0x00000000       0x34 ..\obj\stm32f10x_rcc.o
 .text.RCC_ClockSecuritySystemCmd
                0x00000000       0x34 ..\obj\stm32f10x_rcc.o
 .text.RCC_MCOConfig
                0x00000000       0x48 ..\obj\stm32f10x_rcc.o
 .text.RCC_GetFlagStatus
                0x00000000       0xc0 ..\obj\stm32f10x_rcc.o
 .text.RCC_ClearFlag
                0x00000000       0x1c ..\obj\stm32f10x_rcc.o
 .text.RCC_GetITStatus
                0x00000000       0x64 ..\obj\stm32f10x_rcc.o
 .text.RCC_ClearITPendingBit
                0x00000000       0x38 ..\obj\stm32f10x_rcc.o
 .text          0x00000000        0x0 ..\obj\stm32f10x_usart.o
 .data          0x00000000        0x0 ..\obj\stm32f10x_usart.o
 .bss           0x00000000        0x0 ..\obj\stm32f10x_usart.o
 .text.USART_DeInit
                0x00000000       0xec ..\obj\stm32f10x_usart.o
 .text.USART_StructInit
                0x00000000       0x38 ..\obj\stm32f10x_usart.o
 .text.USART_ClockInit
                0x00000000       0xf4 ..\obj\stm32f10x_usart.o
 .text.USART_ClockStructInit
                0x00000000       0x2c ..\obj\stm32f10x_usart.o
 .text.USART_DMACmd
                0x00000000       0xc0 ..\obj\stm32f10x_usart.o
 .text.USART_SetAddress
                0x00000000       0x90 ..\obj\stm32f10x_usart.o
 .text.USART_WakeUpConfig
                0x00000000       0x94 ..\obj\stm32f10x_usart.o
 .text.USART_ReceiverWakeUpCmd
                0x00000000       0x9c ..\obj\stm32f10x_usart.o
 .text.USART_LINBreakDetectLengthConfig
                0x00000000       0x94 ..\obj\stm32f10x_usart.o
 .text.USART_LINCmd
                0x00000000       0x9c ..\obj\stm32f10x_usart.o
 .text.USART_SendBreak
                0x00000000       0x68 ..\obj\stm32f10x_usart.o
 .text.USART_SetGuardTime
                0x00000000       0x68 ..\obj\stm32f10x_usart.o
 .text.USART_SetPrescaler
                0x00000000       0x80 ..\obj\stm32f10x_usart.o
 .text.USART_SmartCardCmd
                0x00000000       0x84 ..\obj\stm32f10x_usart.o
 .text.USART_SmartCardNACKCmd
                0x00000000       0x84 ..\obj\stm32f10x_usart.o
 .text.USART_HalfDuplexCmd
                0x00000000       0x9c ..\obj\stm32f10x_usart.o
 .text.USART_OverSampling8Cmd
                0x00000000       0xa0 ..\obj\stm32f10x_usart.o
 .text.USART_OneBitMethodCmd
                0x00000000       0x9c ..\obj\stm32f10x_usart.o
 .text.USART_IrDAConfig
                0x00000000       0x94 ..\obj\stm32f10x_usart.o
 .text.USART_IrDACmd
                0x00000000       0x9c ..\obj\stm32f10x_usart.o
 .text.USART_ClearFlag
                0x00000000       0xb0 ..\obj\stm32f10x_usart.o
 .text.USART_ClearITPendingBit
                0x00000000       0xdc ..\obj\stm32f10x_usart.o
 .text          0x00000000        0x0 ..\obj\peripheral.o
 .data          0x00000000        0x0 ..\obj\peripheral.o
 .bss           0x00000000        0x0 ..\obj\peripheral.o
 .text.led_green_blink
                0x00000000       0x54 ..\obj\peripheral.o
 .text          0x00000000        0x0 ..\obj\syscalls.o
 .data          0x00000000        0x0 ..\obj\syscalls.o
 .text.link     0x00000000       0x1c ..\obj\syscalls.o
 .text._close   0x00000000       0x18 ..\obj\syscalls.o
 .text._fstat   0x00000000       0x20 ..\obj\syscalls.o
 .text._isatty  0x00000000       0x18 ..\obj\syscalls.o
 .text._lseek   0x00000000       0x1c ..\obj\syscalls.o
 .text._read    0x00000000       0x1c ..\obj\syscalls.o
 .text._write   0x00000000       0x1c ..\obj\syscalls.o
 .text.abort    0x00000000        0x8 ..\obj\syscalls.o
 .text          0x00000000        0x0 ..\obj\channels.o
 .bss           0x00000000        0x0 ..\obj\channels.o
 .text.freqON   0x00000000       0x24 ..\obj\channels.o
 .text.freqOFF  0x00000000       0x18 ..\obj\channels.o
 .text.cppm_output
                0x00000000       0x24 ..\obj\channels.o
 .text.CPPM     0x00000000       0x14 ..\obj\channels.o
 .text.CHANNELS_Configuration1
                0x00000000      0x184 ..\obj\channels.o
 .text          0x00000000        0x0 ..\obj\misc.o
 .data          0x00000000        0x0 ..\obj\misc.o
 .bss           0x00000000        0x0 ..\obj\misc.o
 .text.NVIC_PriorityGroupConfig
                0x00000000       0x54 ..\obj\misc.o
 .text.NVIC_SetVectorTable
                0x00000000       0x58 ..\obj\misc.o
 .text.NVIC_SystemLPConfig
                0x00000000       0x70 ..\obj\misc.o
 .text.SysTick_CLKSourceConfig
                0x00000000       0x4c ..\obj\misc.o
 .text          0x00000000        0x0 ..\obj\esp8266.o
 .bss           0x00000000        0x0 ..\obj\esp8266.o
 .text.WIFI_hard_reset
                0x00000000       0x20 ..\obj\esp8266.o
 .data          0x00000000        0x0 c:/arm toolchain/bin/../lib/gcc/arm-none-eabi/4.9.3/armv7-m\libgcc.a(_arm_addsubdf3.o)
 .bss           0x00000000        0x0 c:/arm toolchain/bin/../lib/gcc/arm-none-eabi/4.9.3/armv7-m\libgcc.a(_arm_addsubdf3.o)
 .data          0x00000000        0x0 c:/arm toolchain/bin/../lib/gcc/arm-none-eabi/4.9.3/armv7-m\libgcc.a(_arm_muldivdf3.o)
 .bss           0x00000000        0x0 c:/arm toolchain/bin/../lib/gcc/arm-none-eabi/4.9.3/armv7-m\libgcc.a(_arm_muldivdf3.o)
 .data          0x00000000        0x0 c:/arm toolchain/bin/../lib/gcc/arm-none-eabi/4.9.3/armv7-m\libgcc.a(_arm_fixunsdfsi.o)
 .bss           0x00000000        0x0 c:/arm toolchain/bin/../lib/gcc/arm-none-eabi/4.9.3/armv7-m\libgcc.a(_arm_fixunsdfsi.o)
 .text          0x00000000        0x0 c:/arm toolchain/bin/../lib/gcc/arm-none-eabi/4.9.3/../../../../arm-none-eabi/lib/armv7-m\libg_nano.a(lib_a-sscanf.o)
 .data          0x00000000        0x0 c:/arm toolchain/bin/../lib/gcc/arm-none-eabi/4.9.3/../../../../arm-none-eabi/lib/armv7-m\libg_nano.a(lib_a-sscanf.o)
 .bss           0x00000000        0x0 c:/arm toolchain/bin/../lib/gcc/arm-none-eabi/4.9.3/../../../../arm-none-eabi/lib/armv7-m\libg_nano.a(lib_a-sscanf.o)
 .text._sscanf_r
                0x00000000       0x54 c:/arm toolchain/bin/../lib/gcc/arm-none-eabi/4.9.3/../../../../arm-none-eabi/lib/armv7-m\libg_nano.a(lib_a-sscanf.o)
 .text          0x00000000        0x0 c:/arm toolchain/bin/../lib/gcc/arm-none-eabi/4.9.3/../../../../arm-none-eabi/lib/armv7-m\libg_nano.a(lib_a-stdio.o)
 .data          0x00000000        0x0 c:/arm toolchain/bin/../lib/gcc/arm-none-eabi/4.9.3/../../../../arm-none-eabi/lib/armv7-m\libg_nano.a(lib_a-stdio.o)
 .bss           0x00000000        0x0 c:/arm toolchain/bin/../lib/gcc/arm-none-eabi/4.9.3/../../../../arm-none-eabi/lib/armv7-m\libg_nano.a(lib_a-stdio.o)
 .text.__sread  0x00000000       0x22 c:/arm toolchain/bin/../lib/gcc/arm-none-eabi/4.9.3/../../../../arm-none-eabi/lib/armv7-m\libg_nano.a(lib_a-stdio.o)
 .text.__swrite
                0x00000000       0x38 c:/arm toolchain/bin/../lib/gcc/arm-none-eabi/4.9.3/../../../../arm-none-eabi/lib/armv7-m\libg_nano.a(lib_a-stdio.o)
 .text.__sseek  0x00000000       0x24 c:/arm toolchain/bin/../lib/gcc/arm-none-eabi/4.9.3/../../../../arm-none-eabi/lib/armv7-m\libg_nano.a(lib_a-stdio.o)
 .text.__sclose
                0x00000000        0x8 c:/arm toolchain/bin/../lib/gcc/arm-none-eabi/4.9.3/../../../../arm-none-eabi/lib/armv7-m\libg_nano.a(lib_a-stdio.o)
 .text          0x00000000        0x0 c:/arm toolchain/bin/../lib/gcc/arm-none-eabi/4.9.3/../../../../arm-none-eabi/lib/armv7-m\libg_nano.a(lib_a-strlen.o)
 .data          0x00000000        0x0 c:/arm toolchain/bin/../lib/gcc/arm-none-eabi/4.9.3/../../../../arm-none-eabi/lib/armv7-m\libg_nano.a(lib_a-strlen.o)
 .bss           0x00000000        0x0 c:/arm toolchain/bin/../lib/gcc/arm-none-eabi/4.9.3/../../../../arm-none-eabi/lib/armv7-m\libg_nano.a(lib_a-strlen.o)
 .text          0x00000000        0x0 c:/arm toolchain/bin/../lib/gcc/arm-none-eabi/4.9.3/../../../../arm-none-eabi/lib/armv7-m\libg_nano.a(lib_a-strstr.o)
 .data          0x00000000        0x0 c:/arm toolchain/bin/../lib/gcc/arm-none-eabi/4.9.3/../../../../arm-none-eabi/lib/armv7-m\libg_nano.a(lib_a-strstr.o)
 .bss           0x00000000        0x0 c:/arm toolchain/bin/../lib/gcc/arm-none-eabi/4.9.3/../../../../arm-none-eabi/lib/armv7-m\libg_nano.a(lib_a-strstr.o)
 .text          0x00000000        0x0 c:/arm toolchain/bin/../lib/gcc/arm-none-eabi/4.9.3/../../../../arm-none-eabi/lib/armv7-m\libg_nano.a(lib_a-writer.o)
 .data          0x00000000        0x0 c:/arm toolchain/bin/../lib/gcc/arm-none-eabi/4.9.3/../../../../arm-none-eabi/lib/armv7-m\libg_nano.a(lib_a-writer.o)
 .bss           0x00000000        0x0 c:/arm toolchain/bin/../lib/gcc/arm-none-eabi/4.9.3/../../../../arm-none-eabi/lib/armv7-m\libg_nano.a(lib_a-writer.o)
 .text._write_r
                0x00000000       0x24 c:/arm toolchain/bin/../lib/gcc/arm-none-eabi/4.9.3/../../../../arm-none-eabi/lib/armv7-m\libg_nano.a(lib_a-writer.o)
 .debug_frame   0x00000000       0x2c c:/arm toolchain/bin/../lib/gcc/arm-none-eabi/4.9.3/../../../../arm-none-eabi/lib/armv7-m\libg_nano.a(lib_a-writer.o)
 .ARM.attributes
                0x00000000       0x2d c:/arm toolchain/bin/../lib/gcc/arm-none-eabi/4.9.3/../../../../arm-none-eabi/lib/armv7-m\libg_nano.a(lib_a-writer.o)
 .text          0x00000000        0x0 c:/arm toolchain/bin/../lib/gcc/arm-none-eabi/4.9.3/../../../../arm-none-eabi/lib/armv7-m\libg_nano.a(lib_a-closer.o)
 .data          0x00000000        0x0 c:/arm toolchain/bin/../lib/gcc/arm-none-eabi/4.9.3/../../../../arm-none-eabi/lib/armv7-m\libg_nano.a(lib_a-closer.o)
 .bss           0x00000000        0x0 c:/arm toolchain/bin/../lib/gcc/arm-none-eabi/4.9.3/../../../../arm-none-eabi/lib/armv7-m\libg_nano.a(lib_a-closer.o)
 .text._close_r
                0x00000000       0x20 c:/arm toolchain/bin/../lib/gcc/arm-none-eabi/4.9.3/../../../../arm-none-eabi/lib/armv7-m\libg_nano.a(lib_a-closer.o)
 .debug_frame   0x00000000       0x2c c:/arm toolchain/bin/../lib/gcc/arm-none-eabi/4.9.3/../../../../arm-none-eabi/lib/armv7-m\libg_nano.a(lib_a-closer.o)
 .ARM.attributes
                0x00000000       0x2d c:/arm toolchain/bin/../lib/gcc/arm-none-eabi/4.9.3/../../../../arm-none-eabi/lib/armv7-m\libg_nano.a(lib_a-closer.o)
 .text          0x00000000        0x0 c:/arm toolchain/bin/../lib/gcc/arm-none-eabi/4.9.3/../../../../arm-none-eabi/lib/armv7-m\libg_nano.a(lib_a-impure.o)
 .data          0x00000000        0x0 c:/arm toolchain/bin/../lib/gcc/arm-none-eabi/4.9.3/../../../../arm-none-eabi/lib/armv7-m\libg_nano.a(lib_a-impure.o)
 .bss           0x00000000        0x0 c:/arm toolchain/bin/../lib/gcc/arm-none-eabi/4.9.3/../../../../arm-none-eabi/lib/armv7-m\libg_nano.a(lib_a-impure.o)
 .rodata._global_impure_ptr
                0x00000000        0x4 c:/arm toolchain/bin/../lib/gcc/arm-none-eabi/4.9.3/../../../../arm-none-eabi/lib/armv7-m\libg_nano.a(lib_a-impure.o)
 .text          0x00000000        0x0 c:/arm toolchain/bin/../lib/gcc/arm-none-eabi/4.9.3/../../../../arm-none-eabi/lib/armv7-m\libg_nano.a(lib_a-lseekr.o)
 .data          0x00000000        0x0 c:/arm toolchain/bin/../lib/gcc/arm-none-eabi/4.9.3/../../../../arm-none-eabi/lib/armv7-m\libg_nano.a(lib_a-lseekr.o)
 .bss           0x00000000        0x0 c:/arm toolchain/bin/../lib/gcc/arm-none-eabi/4.9.3/../../../../arm-none-eabi/lib/armv7-m\libg_nano.a(lib_a-lseekr.o)
 .text._lseek_r
                0x00000000       0x24 c:/arm toolchain/bin/../lib/gcc/arm-none-eabi/4.9.3/../../../../arm-none-eabi/lib/armv7-m\libg_nano.a(lib_a-lseekr.o)
 .debug_frame   0x00000000       0x2c c:/arm toolchain/bin/../lib/gcc/arm-none-eabi/4.9.3/../../../../arm-none-eabi/lib/armv7-m\libg_nano.a(lib_a-lseekr.o)
 .ARM.attributes
                0x00000000       0x2d c:/arm toolchain/bin/../lib/gcc/arm-none-eabi/4.9.3/../../../../arm-none-eabi/lib/armv7-m\libg_nano.a(lib_a-lseekr.o)
 .text          0x00000000        0x0 c:/arm toolchain/bin/../lib/gcc/arm-none-eabi/4.9.3/../../../../arm-none-eabi/lib/armv7-m\libg_nano.a(lib_a-nano-svfscanf.o)
 .data          0x00000000        0x0 c:/arm toolchain/bin/../lib/gcc/arm-none-eabi/4.9.3/../../../../arm-none-eabi/lib/armv7-m\libg_nano.a(lib_a-nano-svfscanf.o)
 .bss           0x00000000        0x0 c:/arm toolchain/bin/../lib/gcc/arm-none-eabi/4.9.3/../../../../arm-none-eabi/lib/armv7-m\libg_nano.a(lib_a-nano-svfscanf.o)
 .text          0x00000000        0x0 c:/arm toolchain/bin/../lib/gcc/arm-none-eabi/4.9.3/../../../../arm-none-eabi/lib/armv7-m\libg_nano.a(lib_a-nano-vfscanf_i.o)
 .data          0x00000000        0x0 c:/arm toolchain/bin/../lib/gcc/arm-none-eabi/4.9.3/../../../../arm-none-eabi/lib/armv7-m\libg_nano.a(lib_a-nano-vfscanf_i.o)
 .bss           0x00000000        0x0 c:/arm toolchain/bin/../lib/gcc/arm-none-eabi/4.9.3/../../../../arm-none-eabi/lib/armv7-m\libg_nano.a(lib_a-nano-vfscanf_i.o)
 .text          0x00000000        0x0 c:/arm toolchain/bin/../lib/gcc/arm-none-eabi/4.9.3/../../../../arm-none-eabi/lib/armv7-m\libg_nano.a(lib_a-readr.o)
 .data          0x00000000        0x0 c:/arm toolchain/bin/../lib/gcc/arm-none-eabi/4.9.3/../../../../arm-none-eabi/lib/armv7-m\libg_nano.a(lib_a-readr.o)
 .bss           0x00000000        0x0 c:/arm toolchain/bin/../lib/gcc/arm-none-eabi/4.9.3/../../../../arm-none-eabi/lib/armv7-m\libg_nano.a(lib_a-readr.o)
 .text._read_r  0x00000000       0x24 c:/arm toolchain/bin/../lib/gcc/arm-none-eabi/4.9.3/../../../../arm-none-eabi/lib/armv7-m\libg_nano.a(lib_a-readr.o)
 .debug_frame   0x00000000       0x2c c:/arm toolchain/bin/../lib/gcc/arm-none-eabi/4.9.3/../../../../arm-none-eabi/lib/armv7-m\libg_nano.a(lib_a-readr.o)
 .ARM.attributes
                0x00000000       0x2d c:/arm toolchain/bin/../lib/gcc/arm-none-eabi/4.9.3/../../../../arm-none-eabi/lib/armv7-m\libg_nano.a(lib_a-readr.o)
 .text          0x00000000        0x0 c:/arm toolchain/bin/../lib/gcc/arm-none-eabi/4.9.3/../../../../arm-none-eabi/lib/armv7-m\libg_nano.a(lib_a-reent.o)
 .data          0x00000000        0x0 c:/arm toolchain/bin/../lib/gcc/arm-none-eabi/4.9.3/../../../../arm-none-eabi/lib/armv7-m\libg_nano.a(lib_a-reent.o)
 .bss           0x00000000        0x0 c:/arm toolchain/bin/../lib/gcc/arm-none-eabi/4.9.3/../../../../arm-none-eabi/lib/armv7-m\libg_nano.a(lib_a-reent.o)
 .text.cleanup_glue
                0x00000000       0x1a c:/arm toolchain/bin/../lib/gcc/arm-none-eabi/4.9.3/../../../../arm-none-eabi/lib/armv7-m\libg_nano.a(lib_a-reent.o)
 .text._reclaim_reent
                0x00000000       0xb4 c:/arm toolchain/bin/../lib/gcc/arm-none-eabi/4.9.3/../../../../arm-none-eabi/lib/armv7-m\libg_nano.a(lib_a-reent.o)
 .text          0x00000000        0x0 c:/arm toolchain/bin/../lib/gcc/arm-none-eabi/4.9.3/../../../../arm-none-eabi/lib/armv7-m\libg_nano.a(lib_a-sccl.o)
 .data          0x00000000        0x0 c:/arm toolchain/bin/../lib/gcc/arm-none-eabi/4.9.3/../../../../arm-none-eabi/lib/armv7-m\libg_nano.a(lib_a-sccl.o)
 .bss           0x00000000        0x0 c:/arm toolchain/bin/../lib/gcc/arm-none-eabi/4.9.3/../../../../arm-none-eabi/lib/armv7-m\libg_nano.a(lib_a-sccl.o)
 .text          0x00000000        0x0 c:/arm toolchain/bin/../lib/gcc/arm-none-eabi/4.9.3/../../../../arm-none-eabi/lib/armv7-m\libg_nano.a(lib_a-strtol.o)
 .data          0x00000000        0x0 c:/arm toolchain/bin/../lib/gcc/arm-none-eabi/4.9.3/../../../../arm-none-eabi/lib/armv7-m\libg_nano.a(lib_a-strtol.o)
 .bss           0x00000000        0x0 c:/arm toolchain/bin/../lib/gcc/arm-none-eabi/4.9.3/../../../../arm-none-eabi/lib/armv7-m\libg_nano.a(lib_a-strtol.o)
 .text.strtol   0x00000000       0x1c c:/arm toolchain/bin/../lib/gcc/arm-none-eabi/4.9.3/../../../../arm-none-eabi/lib/armv7-m\libg_nano.a(lib_a-strtol.o)
 .text          0x00000000        0x0 c:/arm toolchain/bin/../lib/gcc/arm-none-eabi/4.9.3/../../../../arm-none-eabi/lib/armv7-m\libg_nano.a(lib_a-strtoul.o)
 .data          0x00000000        0x0 c:/arm toolchain/bin/../lib/gcc/arm-none-eabi/4.9.3/../../../../arm-none-eabi/lib/armv7-m\libg_nano.a(lib_a-strtoul.o)
 .bss           0x00000000        0x0 c:/arm toolchain/bin/../lib/gcc/arm-none-eabi/4.9.3/../../../../arm-none-eabi/lib/armv7-m\libg_nano.a(lib_a-strtoul.o)
 .text.strtoul  0x00000000       0x1c c:/arm toolchain/bin/../lib/gcc/arm-none-eabi/4.9.3/../../../../arm-none-eabi/lib/armv7-m\libg_nano.a(lib_a-strtoul.o)
 .text          0x00000000        0x0 c:/arm toolchain/bin/../lib/gcc/arm-none-eabi/4.9.3/../../../../arm-none-eabi/lib/armv7-m\libg_nano.a(lib_a-ungetc.o)
 .data          0x00000000        0x0 c:/arm toolchain/bin/../lib/gcc/arm-none-eabi/4.9.3/../../../../arm-none-eabi/lib/armv7-m\libg_nano.a(lib_a-ungetc.o)
 .bss           0x00000000        0x0 c:/arm toolchain/bin/../lib/gcc/arm-none-eabi/4.9.3/../../../../arm-none-eabi/lib/armv7-m\libg_nano.a(lib_a-ungetc.o)
 .text._ungetc_r
                0x00000000       0xe4 c:/arm toolchain/bin/../lib/gcc/arm-none-eabi/4.9.3/../../../../arm-none-eabi/lib/armv7-m\libg_nano.a(lib_a-ungetc.o)
 .text.ungetc   0x00000000       0x14 c:/arm toolchain/bin/../lib/gcc/arm-none-eabi/4.9.3/../../../../arm-none-eabi/lib/armv7-m\libg_nano.a(lib_a-ungetc.o)
 .text          0x00000000        0x0 c:/arm toolchain/bin/../lib/gcc/arm-none-eabi/4.9.3/../../../../arm-none-eabi/lib/armv7-m\libg_nano.a(lib_a-ctype_.o)
 .data          0x00000000        0x0 c:/arm toolchain/bin/../lib/gcc/arm-none-eabi/4.9.3/../../../../arm-none-eabi/lib/armv7-m\libg_nano.a(lib_a-ctype_.o)
 .bss           0x00000000        0x0 c:/arm toolchain/bin/../lib/gcc/arm-none-eabi/4.9.3/../../../../arm-none-eabi/lib/armv7-m\libg_nano.a(lib_a-ctype_.o)
 .text          0x00000000        0x0 c:/arm toolchain/bin/../lib/gcc/arm-none-eabi/4.9.3/../../../../arm-none-eabi/lib/armv7-m\libg_nano.a(lib_a-fflush.o)
 .data          0x00000000        0x0 c:/arm toolchain/bin/../lib/gcc/arm-none-eabi/4.9.3/../../../../arm-none-eabi/lib/armv7-m\libg_nano.a(lib_a-fflush.o)
 .bss           0x00000000        0x0 c:/arm toolchain/bin/../lib/gcc/arm-none-eabi/4.9.3/../../../../arm-none-eabi/lib/armv7-m\libg_nano.a(lib_a-fflush.o)
 .text.__sflush_r
                0x00000000      0x106 c:/arm toolchain/bin/../lib/gcc/arm-none-eabi/4.9.3/../../../../arm-none-eabi/lib/armv7-m\libg_nano.a(lib_a-fflush.o)
 .text._fflush_r
                0x00000000       0x54 c:/arm toolchain/bin/../lib/gcc/arm-none-eabi/4.9.3/../../../../arm-none-eabi/lib/armv7-m\libg_nano.a(lib_a-fflush.o)
 .text.fflush   0x00000000       0x24 c:/arm toolchain/bin/../lib/gcc/arm-none-eabi/4.9.3/../../../../arm-none-eabi/lib/armv7-m\libg_nano.a(lib_a-fflush.o)
 .debug_frame   0x00000000       0x68 c:/arm toolchain/bin/../lib/gcc/arm-none-eabi/4.9.3/../../../../arm-none-eabi/lib/armv7-m\libg_nano.a(lib_a-fflush.o)
 .ARM.attributes
                0x00000000       0x2d c:/arm toolchain/bin/../lib/gcc/arm-none-eabi/4.9.3/../../../../arm-none-eabi/lib/armv7-m\libg_nano.a(lib_a-fflush.o)
 .text          0x00000000        0x0 c:/arm toolchain/bin/../lib/gcc/arm-none-eabi/4.9.3/../../../../arm-none-eabi/lib/armv7-m\libg_nano.a(lib_a-findfp.o)
 .data          0x00000000        0x0 c:/arm toolchain/bin/../lib/gcc/arm-none-eabi/4.9.3/../../../../arm-none-eabi/lib/armv7-m\libg_nano.a(lib_a-findfp.o)
 .bss           0x00000000        0x0 c:/arm toolchain/bin/../lib/gcc/arm-none-eabi/4.9.3/../../../../arm-none-eabi/lib/armv7-m\libg_nano.a(lib_a-findfp.o)
 .text.__fp_lock
                0x00000000        0x4 c:/arm toolchain/bin/../lib/gcc/arm-none-eabi/4.9.3/../../../../arm-none-eabi/lib/armv7-m\libg_nano.a(lib_a-findfp.o)
 .text.__fp_unlock
                0x00000000        0x4 c:/arm toolchain/bin/../lib/gcc/arm-none-eabi/4.9.3/../../../../arm-none-eabi/lib/armv7-m\libg_nano.a(lib_a-findfp.o)
 .text._cleanup_r
                0x00000000        0xc c:/arm toolchain/bin/../lib/gcc/arm-none-eabi/4.9.3/../../../../arm-none-eabi/lib/armv7-m\libg_nano.a(lib_a-findfp.o)
 .text.std.isra.0
                0x00000000       0x48 c:/arm toolchain/bin/../lib/gcc/arm-none-eabi/4.9.3/../../../../arm-none-eabi/lib/armv7-m\libg_nano.a(lib_a-findfp.o)
 .text.__sfmoreglue
                0x00000000       0x2c c:/arm toolchain/bin/../lib/gcc/arm-none-eabi/4.9.3/../../../../arm-none-eabi/lib/armv7-m\libg_nano.a(lib_a-findfp.o)
 .text._cleanup
                0x00000000        0xc c:/arm toolchain/bin/../lib/gcc/arm-none-eabi/4.9.3/../../../../arm-none-eabi/lib/armv7-m\libg_nano.a(lib_a-findfp.o)
 .text.__sinit  0x00000000       0x60 c:/arm toolchain/bin/../lib/gcc/arm-none-eabi/4.9.3/../../../../arm-none-eabi/lib/armv7-m\libg_nano.a(lib_a-findfp.o)
 .text.__sfp    0x00000000       0x74 c:/arm toolchain/bin/../lib/gcc/arm-none-eabi/4.9.3/../../../../arm-none-eabi/lib/armv7-m\libg_nano.a(lib_a-findfp.o)
 .text.__sfp_lock_acquire
                0x00000000        0x2 c:/arm toolchain/bin/../lib/gcc/arm-none-eabi/4.9.3/../../../../arm-none-eabi/lib/armv7-m\libg_nano.a(lib_a-findfp.o)
 .text.__sfp_lock_release
                0x00000000        0x2 c:/arm toolchain/bin/../lib/gcc/arm-none-eabi/4.9.3/../../../../arm-none-eabi/lib/armv7-m\libg_nano.a(lib_a-findfp.o)
 .text.__sinit_lock_acquire
                0x00000000        0x2 c:/arm toolchain/bin/../lib/gcc/arm-none-eabi/4.9.3/../../../../arm-none-eabi/lib/armv7-m\libg_nano.a(lib_a-findfp.o)
 .text.__sinit_lock_release
                0x00000000        0x2 c:/arm toolchain/bin/../lib/gcc/arm-none-eabi/4.9.3/../../../../arm-none-eabi/lib/armv7-m\libg_nano.a(lib_a-findfp.o)
 .text.__fp_lock_all
                0x00000000       0x14 c:/arm toolchain/bin/../lib/gcc/arm-none-eabi/4.9.3/../../../../arm-none-eabi/lib/armv7-m\libg_nano.a(lib_a-findfp.o)
 .text.__fp_unlock_all
                0x00000000       0x14 c:/arm toolchain/bin/../lib/gcc/arm-none-eabi/4.9.3/../../../../arm-none-eabi/lib/armv7-m\libg_nano.a(lib_a-findfp.o)
 .text          0x00000000        0x0 c:/arm toolchain/bin/../lib/gcc/arm-none-eabi/4.9.3/../../../../arm-none-eabi/lib/armv7-m\libg_nano.a(lib_a-fwalk.o)
 .data          0x00000000        0x0 c:/arm toolchain/bin/../lib/gcc/arm-none-eabi/4.9.3/../../../../arm-none-eabi/lib/armv7-m\libg_nano.a(lib_a-fwalk.o)
 .bss           0x00000000        0x0 c:/arm toolchain/bin/../lib/gcc/arm-none-eabi/4.9.3/../../../../arm-none-eabi/lib/armv7-m\libg_nano.a(lib_a-fwalk.o)
 .text._fwalk   0x00000000       0x38 c:/arm toolchain/bin/../lib/gcc/arm-none-eabi/4.9.3/../../../../arm-none-eabi/lib/armv7-m\libg_nano.a(lib_a-fwalk.o)
 .text._fwalk_reent
                0x00000000       0x3c c:/arm toolchain/bin/../lib/gcc/arm-none-eabi/4.9.3/../../../../arm-none-eabi/lib/armv7-m\libg_nano.a(lib_a-fwalk.o)
 .debug_frame   0x00000000       0x54 c:/arm toolchain/bin/../lib/gcc/arm-none-eabi/4.9.3/../../../../arm-none-eabi/lib/armv7-m\libg_nano.a(lib_a-fwalk.o)
 .ARM.attributes
                0x00000000       0x2d c:/arm toolchain/bin/../lib/gcc/arm-none-eabi/4.9.3/../../../../arm-none-eabi/lib/armv7-m\libg_nano.a(lib_a-fwalk.o)
 .text          0x00000000        0x0 c:/arm toolchain/bin/../lib/gcc/arm-none-eabi/4.9.3/../../../../arm-none-eabi/lib/armv7-m\libg_nano.a(lib_a-memchr.o)
 .data          0x00000000        0x0 c:/arm toolchain/bin/../lib/gcc/arm-none-eabi/4.9.3/../../../../arm-none-eabi/lib/armv7-m\libg_nano.a(lib_a-memchr.o)
 .bss           0x00000000        0x0 c:/arm toolchain/bin/../lib/gcc/arm-none-eabi/4.9.3/../../../../arm-none-eabi/lib/armv7-m\libg_nano.a(lib_a-memchr.o)
 .text          0x00000000        0x0 c:/arm toolchain/bin/../lib/gcc/arm-none-eabi/4.9.3/../../../../arm-none-eabi/lib/armv7-m\libg_nano.a(lib_a-memcpy.o)
 .data          0x00000000        0x0 c:/arm toolchain/bin/../lib/gcc/arm-none-eabi/4.9.3/../../../../arm-none-eabi/lib/armv7-m\libg_nano.a(lib_a-memcpy.o)
 .bss           0x00000000        0x0 c:/arm toolchain/bin/../lib/gcc/arm-none-eabi/4.9.3/../../../../arm-none-eabi/lib/armv7-m\libg_nano.a(lib_a-memcpy.o)
 .text          0x00000000        0x0 c:/arm toolchain/bin/../lib/gcc/arm-none-eabi/4.9.3/../../../../arm-none-eabi/lib/armv7-m\libg_nano.a(lib_a-memset.o)
 .data          0x00000000        0x0 c:/arm toolchain/bin/../lib/gcc/arm-none-eabi/4.9.3/../../../../arm-none-eabi/lib/armv7-m\libg_nano.a(lib_a-memset.o)
 .bss           0x00000000        0x0 c:/arm toolchain/bin/../lib/gcc/arm-none-eabi/4.9.3/../../../../arm-none-eabi/lib/armv7-m\libg_nano.a(lib_a-memset.o)
 .text.memset   0x00000000       0x10 c:/arm toolchain/bin/../lib/gcc/arm-none-eabi/4.9.3/../../../../arm-none-eabi/lib/armv7-m\libg_nano.a(lib_a-memset.o)
 .debug_frame   0x00000000       0x20 c:/arm toolchain/bin/../lib/gcc/arm-none-eabi/4.9.3/../../../../arm-none-eabi/lib/armv7-m\libg_nano.a(lib_a-memset.o)
 .ARM.attributes
                0x00000000       0x2d c:/arm toolchain/bin/../lib/gcc/arm-none-eabi/4.9.3/../../../../arm-none-eabi/lib/armv7-m\libg_nano.a(lib_a-memset.o)
 .text          0x00000000        0x0 c:/arm toolchain/bin/../lib/gcc/arm-none-eabi/4.9.3/../../../../arm-none-eabi/lib/armv7-m\libg_nano.a(lib_a-nano-freer.o)
 .data          0x00000000        0x0 c:/arm toolchain/bin/../lib/gcc/arm-none-eabi/4.9.3/../../../../arm-none-eabi/lib/armv7-m\libg_nano.a(lib_a-nano-freer.o)
 .bss           0x00000000        0x0 c:/arm toolchain/bin/../lib/gcc/arm-none-eabi/4.9.3/../../../../arm-none-eabi/lib/armv7-m\libg_nano.a(lib_a-nano-freer.o)
 .text          0x00000000        0x0 c:/arm toolchain/bin/../lib/gcc/arm-none-eabi/4.9.3/../../../../arm-none-eabi/lib/armv7-m\libg_nano.a(lib_a-nano-mallocr.o)
 .data          0x00000000        0x0 c:/arm toolchain/bin/../lib/gcc/arm-none-eabi/4.9.3/../../../../arm-none-eabi/lib/armv7-m\libg_nano.a(lib_a-nano-mallocr.o)
 .bss           0x00000000        0x0 c:/arm toolchain/bin/../lib/gcc/arm-none-eabi/4.9.3/../../../../arm-none-eabi/lib/armv7-m\libg_nano.a(lib_a-nano-mallocr.o)
 .text          0x00000000        0x0 c:/arm toolchain/bin/../lib/gcc/arm-none-eabi/4.9.3/../../../../arm-none-eabi/lib/armv7-m\libg_nano.a(lib_a-nano-reallocr.o)
 .data          0x00000000        0x0 c:/arm toolchain/bin/../lib/gcc/arm-none-eabi/4.9.3/../../../../arm-none-eabi/lib/armv7-m\libg_nano.a(lib_a-nano-reallocr.o)
 .bss           0x00000000        0x0 c:/arm toolchain/bin/../lib/gcc/arm-none-eabi/4.9.3/../../../../arm-none-eabi/lib/armv7-m\libg_nano.a(lib_a-nano-reallocr.o)
 .text          0x00000000        0x0 c:/arm toolchain/bin/../lib/gcc/arm-none-eabi/4.9.3/../../../../arm-none-eabi/lib/armv7-m\libg_nano.a(lib_a-sbrkr.o)
 .data          0x00000000        0x0 c:/arm toolchain/bin/../lib/gcc/arm-none-eabi/4.9.3/../../../../arm-none-eabi/lib/armv7-m\libg_nano.a(lib_a-sbrkr.o)
 .bss           0x00000000        0x0 c:/arm toolchain/bin/../lib/gcc/arm-none-eabi/4.9.3/../../../../arm-none-eabi/lib/armv7-m\libg_nano.a(lib_a-sbrkr.o)
 .text          0x00000000        0x0 c:/arm toolchain/bin/../lib/gcc/arm-none-eabi/4.9.3/../../../../arm-none-eabi/lib/armv7-m\libg_nano.a(lib_a-nano-msizer.o)
 .data          0x00000000        0x0 c:/arm toolchain/bin/../lib/gcc/arm-none-eabi/4.9.3/../../../../arm-none-eabi/lib/armv7-m\libg_nano.a(lib_a-nano-msizer.o)
 .bss           0x00000000        0x0 c:/arm toolchain/bin/../lib/gcc/arm-none-eabi/4.9.3/../../../../arm-none-eabi/lib/armv7-m\libg_nano.a(lib_a-nano-msizer.o)

Memory Configuration

Name             Origin             Length             Attributes
rom              0x08000000         0x00010000         xr
ram              0x20000000         0x00005000         xrw
*default*        0x00000000         0xffffffff

Linker script and memory map

                0x20005000                _eram = 0x20005000

.text           0x08000000     0x4870
 *(.isr_vector)
 .isr_vector    0x08000000      0x10c ..\obj\startup_stm32f10x_md.o
                0x08000000                g_pfnVectors
 *(.text*)
 .text.TIM_TimeBaseInit
                0x0800010c      0x1f4 ..\obj\stm32f10x_tim.o
                0x0800010c                TIM_TimeBaseInit
 .text.TIM_OC1Init
                0x08000300      0x298 ..\obj\stm32f10x_tim.o
                0x08000300                TIM_OC1Init
 .text.TIM_OC2Init
                0x08000598      0x254 ..\obj\stm32f10x_tim.o
                0x08000598                TIM_OC2Init
 .text.TIM_OC3Init
                0x080007ec      0x22c ..\obj\stm32f10x_tim.o
                0x080007ec                TIM_OC3Init
 .text.TIM_OC4Init
                0x08000a18      0x1a0 ..\obj\stm32f10x_tim.o
                0x08000a18                TIM_OC4Init
 .text.TIM_Cmd  0x08000bb8      0x128 ..\obj\stm32f10x_tim.o
                0x08000bb8                TIM_Cmd
 .text.TIM_ARRPreloadConfig
                0x08000ce0      0x128 ..\obj\stm32f10x_tim.o
                0x08000ce0                TIM_ARRPreloadConfig
 .text.TIM_OC1PreloadConfig
                0x08000e08      0x108 ..\obj\stm32f10x_tim.o
                0x08000e08                TIM_OC1PreloadConfig
 .text.TIM_OC2PreloadConfig
                0x08000f10       0xc4 ..\obj\stm32f10x_tim.o
                0x08000f10                TIM_OC2PreloadConfig
 .text.TIM_OC3PreloadConfig
                0x08000fd4       0x9c ..\obj\stm32f10x_tim.o
                0x08000fd4                TIM_OC3PreloadConfig
 .text.TIM_OC4PreloadConfig
                0x08001070       0xa0 ..\obj\stm32f10x_tim.o
                0x08001070                TIM_OC4PreloadConfig
 .text.SystemInit
                0x08001110       0x68 ..\obj\system_stm32f10x.o
                0x08001110                SystemInit
 .text.SetSysClock
                0x08001178        0xc ..\obj\system_stm32f10x.o
 .text.SetSysClockTo72
                0x08001184      0x100 ..\obj\system_stm32f10x.o
 .text.USART_Configuration
                0x08001284      0x158 ..\obj\uart.o
                0x08001284                USART_Configuration
 .text.USART1_IRQHandler
                0x080013dc      0x114 ..\obj\uart.o
                0x080013dc                USART1_IRQHandler
 .text.UART1_get_char
                0x080014f0       0x6c ..\obj\uart.o
                0x080014f0                UART1_get_char
 .text.UART1_put_char
                0x0800155c       0x90 ..\obj\uart.o
                0x0800155c                UART1_put_char
 .text.UART1_put_str
                0x080015ec       0x28 ..\obj\uart.o
                0x080015ec                UART1_put_str
 .text.buff_clear
                0x08001614       0x30 ..\obj\uart.o
                0x08001614                buff_clear
 .text.UART1_read_str
                0x08001644       0x44 ..\obj\uart.o
                0x08001644                UART1_read_str
 .text.USART3_IRQHandler
                0x08001688      0x110 ..\obj\uart.o
                0x08001688                USART3_IRQHandler
 .text.Default_Reset_Handler
                0x08001798       0x5c ..\obj\startup_stm32f10x_md.o
                0x08001798                Default_Reset_Handler
                0x08001798                Reset_Handler
 .text.Default_Handler
                0x080017f4        0x8 ..\obj\startup_stm32f10x_md.o
                0x080017f4                EXTI2_IRQHandler
                0x080017f4                DebugMon_Handler
                0x080017f4                TIM1_CC_IRQHandler
                0x080017f4                HardFault_Handler
                0x080017f4                SysTick_Handler
                0x080017f4                PVD_IRQHandler
                0x080017f4                PendSV_Handler
                0x080017f4                NMI_Handler
                0x080017f4                EXTI3_IRQHandler
                0x080017f4                EXTI0_IRQHandler
                0x080017f4                I2C2_EV_IRQHandler
                0x080017f4                UsageFault_Handler
                0x080017f4                ADC1_2_IRQHandler
                0x080017f4                SPI1_IRQHandler
                0x080017f4                TAMPER_IRQHandler
                0x080017f4                DMA1_Channel4_IRQHandler
                0x080017f4                RTC_IRQHandler
                0x080017f4                DMA1_Channel7_IRQHandler
                0x080017f4                CAN1_RX1_IRQHandler
                0x080017f4                TIM4_IRQHandler
                0x080017f4                I2C1_EV_IRQHandler
                0x080017f4                DMA1_Channel6_IRQHandler
                0x080017f4                TIM3_IRQHandler
                0x080017f4                RCC_IRQHandler
                0x080017f4                TIM1_TRG_COM_IRQHandler
                0x080017f4                DMA1_Channel1_IRQHandler
                0x080017f4                EXTI15_10_IRQHandler
                0x080017f4                EXTI9_5_IRQHandler
                0x080017f4                SPI2_IRQHandler
                0x080017f4                MemManage_Handler
                0x080017f4                SVC_Handler
                0x080017f4                DMA1_Channel5_IRQHandler
                0x080017f4                EXTI4_IRQHandler
                0x080017f4                USB_LP_CAN1_RX0_IRQHandler
                0x080017f4                USB_HP_CAN1_TX_IRQHandler
                0x080017f4                DMA1_Channel3_IRQHandler
                0x080017f4                TIM1_UP_IRQHandler
                0x080017f4                WWDG_IRQHandler
                0x080017f4                TIM2_IRQHandler
                0x080017f4                TIM1_BRK_IRQHandler
                0x080017f4                EXTI1_IRQHandler
                0x080017f4                RTCAlarm_IRQHandler
                0x080017f4                USART2_IRQHandler
                0x080017f4                I2C2_ER_IRQHandler
                0x080017f4                DMA1_Channel2_IRQHandler
                0x080017f4                CAN1_SCE_IRQHandler
                0x080017f4                FLASH_IRQHandler
                0x080017f4                BusFault_Handler
                0x080017f4                I2C1_ER_IRQHandler
                0x080017f4                USBWakeUp_IRQHandler
 .text.GPIO_Init
                0x080017fc      0x254 ..\obj\stm32f10x_gpio.o
                0x080017fc                GPIO_Init
 .text.GPIO_SetBits
                0x08001a50       0x8c ..\obj\stm32f10x_gpio.o
                0x08001a50                GPIO_SetBits
 .text.GPIO_ResetBits
                0x08001adc       0x8c ..\obj\stm32f10x_gpio.o
                0x08001adc                GPIO_ResetBits
 .text.GPIO_PinRemapConfig
                0x08001b68      0x2fc ..\obj\stm32f10x_gpio.o
                0x08001b68                GPIO_PinRemapConfig
 .text.main     0x08001e64       0x24 ..\obj\main.o
                0x08001e64                main
 .text.assert_failed
                0x08001e88        0xc ..\obj\main.o
                0x08001e88                assert_failed
 .text.RCC_GetClocksFreq
                0x08001e94      0x164 ..\obj\stm32f10x_rcc.o
                0x08001e94                RCC_GetClocksFreq
 .text.RCC_APB2PeriphClockCmd
                0x08001ff8       0x70 ..\obj\stm32f10x_rcc.o
                0x08001ff8                RCC_APB2PeriphClockCmd
 .text.RCC_APB1PeriphClockCmd
                0x08002068       0x70 ..\obj\stm32f10x_rcc.o
                0x08002068                RCC_APB1PeriphClockCmd
 .text.USART_Init
                0x080020d8      0x2b8 ..\obj\stm32f10x_usart.o
                0x080020d8                USART_Init
 .text.USART_Cmd
                0x08002390       0x9c ..\obj\stm32f10x_usart.o
                0x08002390                USART_Cmd
 .text.USART_ITConfig
                0x0800242c      0x168 ..\obj\stm32f10x_usart.o
                0x0800242c                USART_ITConfig
 .text.USART_SendData
                0x08002594       0x7c ..\obj\stm32f10x_usart.o
                0x08002594                USART_SendData
 .text.USART_ReceiveData
                0x08002610       0x68 ..\obj\stm32f10x_usart.o
                0x08002610                USART_ReceiveData
 .text.USART_GetFlagStatus
                0x08002678       0xf4 ..\obj\stm32f10x_usart.o
                0x08002678                USART_GetFlagStatus
 .text.USART_GetITStatus
                0x0800276c      0x18c ..\obj\stm32f10x_usart.o
                0x0800276c                USART_GetITStatus
 .text.GPIO_Configuration
                0x080028f8       0x60 ..\obj\peripheral.o
                0x080028f8                GPIO_Configuration
 .text.TIMERS_Configuration
                0x08002958       0x34 ..\obj\peripheral.o
                0x08002958                TIMERS_Configuration
 .text.delay_ms
                0x0800298c       0x44 ..\obj\peripheral.o
                0x0800298c                delay_ms
 .text.led_red_blink
                0x080029d0       0x50 ..\obj\peripheral.o
                0x080029d0                led_red_blink
 .text._sbrk    0x08002a20       0x40 ..\obj\syscalls.o
                0x08002a20                _sbrk
 .text.CHANNELS_Configuration
                0x08002a60      0x184 ..\obj\channels.o
                0x08002a60                CHANNELS_Configuration
 .text.ch1_puls
                0x08002be4       0x3c ..\obj\channels.o
                0x08002be4                ch1_puls
 .text.ch2_puls
                0x08002c20       0x3c ..\obj\channels.o
                0x08002c20                ch2_puls
 .text.ch3_puls
                0x08002c5c       0x3c ..\obj\channels.o
                0x08002c5c                ch3_puls
 .text.ch4_puls
                0x08002c98       0x3c ..\obj\channels.o
                0x08002c98                ch4_puls
 .text.ch5_puls
                0x08002cd4       0x38 ..\obj\channels.o
                0x08002cd4                ch5_puls
 .text.ch6_puls
                0x08002d0c       0x38 ..\obj\channels.o
                0x08002d0c                ch6_puls
 .text.ch7_puls
                0x08002d44       0x38 ..\obj\channels.o
                0x08002d44                ch7_puls
 .text.ch8_puls
                0x08002d7c       0x3c ..\obj\channels.o
                0x08002d7c                ch8_puls
 .text.NVIC_Init
                0x08002db8       0xfc ..\obj\misc.o
                0x08002db8                NVIC_Init
 .text.WIFI_Init
                0x08002eb4       0xa8 ..\obj\esp8266.o
                0x08002eb4                WIFI_Init
 .text.WIFI_command
                0x08002f5c       0x44 ..\obj\esp8266.o
                0x08002f5c                WIFI_command
 .text.WIFI_weit_connection
                0x08002fa0       0x8c ..\obj\esp8266.o
                0x08002fa0                WIFI_weit_connection
 .text.WIFI_CONNECT
                0x0800302c      0x104 ..\obj\esp8266.o
                0x0800302c                WIFI_CONNECT
 .text          0x08003130      0x370 c:/arm toolchain/bin/../lib/gcc/arm-none-eabi/4.9.3/armv7-m\libgcc.a(_arm_addsubdf3.o)
                0x08003130                __aeabi_drsub
                0x08003138                __aeabi_dsub
                0x08003138                __subdf3
                0x0800313c                __aeabi_dadd
                0x0800313c                __adddf3
                0x080033b4                __floatunsidf
                0x080033b4                __aeabi_ui2d
                0x080033d4                __floatsidf
                0x080033d4                __aeabi_i2d
                0x080033f8                __aeabi_f2d
                0x080033f8                __extendsfdf2
                0x08003434                __floatundidf
                0x08003434                __aeabi_ul2d
                0x08003444                __floatdidf
                0x08003444                __aeabi_l2d
 .text          0x080034a0      0x424 c:/arm toolchain/bin/../lib/gcc/arm-none-eabi/4.9.3/armv7-m\libgcc.a(_arm_muldivdf3.o)
                0x080034a0                __aeabi_dmul
                0x080034a0                __muldf3
                0x080036f4                __divdf3
                0x080036f4                __aeabi_ddiv
 .text          0x080038c4       0x40 c:/arm toolchain/bin/../lib/gcc/arm-none-eabi/4.9.3/armv7-m\libgcc.a(_arm_fixunsdfsi.o)
                0x080038c4                __aeabi_d2uiz
                0x080038c4                __fixunsdfsi
 .text.sscanf   0x08003904       0x54 c:/arm toolchain/bin/../lib/gcc/arm-none-eabi/4.9.3/../../../../arm-none-eabi/lib/armv7-m\libg_nano.a(lib_a-sscanf.o)
                0x08003904                siscanf
                0x08003904                sscanf
 .text.__seofread
                0x08003958        0x4 c:/arm toolchain/bin/../lib/gcc/arm-none-eabi/4.9.3/../../../../arm-none-eabi/lib/armv7-m\libg_nano.a(lib_a-stdio.o)
                0x08003958                __seofread
 .text.strlen   0x0800395c       0x10 c:/arm toolchain/bin/../lib/gcc/arm-none-eabi/4.9.3/../../../../arm-none-eabi/lib/armv7-m\libg_nano.a(lib_a-strlen.o)
                0x0800395c                strlen
 .text.strstr   0x0800396c       0x30 c:/arm toolchain/bin/../lib/gcc/arm-none-eabi/4.9.3/../../../../arm-none-eabi/lib/armv7-m\libg_nano.a(lib_a-strstr.o)
                0x0800396c                strstr
 .text._sungetc_r
                0x0800399c       0x7a c:/arm toolchain/bin/../lib/gcc/arm-none-eabi/4.9.3/../../../../arm-none-eabi/lib/armv7-m\libg_nano.a(lib_a-nano-svfscanf.o)
                0x0800399c                _sungetc_r
 .text.__ssrefill_r
                0x08003a16       0x3a c:/arm toolchain/bin/../lib/gcc/arm-none-eabi/4.9.3/../../../../arm-none-eabi/lib/armv7-m\libg_nano.a(lib_a-nano-svfscanf.o)
                0x08003a16                __ssrefill_r
 .text.__ssvfscanf_r
                0x08003a50      0x29c c:/arm toolchain/bin/../lib/gcc/arm-none-eabi/4.9.3/../../../../arm-none-eabi/lib/armv7-m\libg_nano.a(lib_a-nano-svfscanf.o)
                0x08003a50                __ssvfiscanf_r
                0x08003a50                __ssvfscanf_r
 .text._scanf_chars
                0x08003cec       0xbc c:/arm toolchain/bin/../lib/gcc/arm-none-eabi/4.9.3/../../../../arm-none-eabi/lib/armv7-m\libg_nano.a(lib_a-nano-vfscanf_i.o)
                0x08003cec                _scanf_chars
 .text._scanf_i
                0x08003da8      0x1e4 c:/arm toolchain/bin/../lib/gcc/arm-none-eabi/4.9.3/../../../../arm-none-eabi/lib/armv7-m\libg_nano.a(lib_a-nano-vfscanf_i.o)
                0x08003da8                _scanf_i
 .text.__sccl   0x08003f8c       0x62 c:/arm toolchain/bin/../lib/gcc/arm-none-eabi/4.9.3/../../../../arm-none-eabi/lib/armv7-m\libg_nano.a(lib_a-sccl.o)
                0x08003f8c                __sccl
 *fill*         0x08003fee        0x2 
 .text._strtol_r
                0x08003ff0      0x10c c:/arm toolchain/bin/../lib/gcc/arm-none-eabi/4.9.3/../../../../arm-none-eabi/lib/armv7-m\libg_nano.a(lib_a-strtol.o)
                0x08003ff0                _strtol_r
 .text._strtoul_r
                0x080040fc       0xf8 c:/arm toolchain/bin/../lib/gcc/arm-none-eabi/4.9.3/../../../../arm-none-eabi/lib/armv7-m\libg_nano.a(lib_a-strtoul.o)
                0x080040fc                _strtoul_r
 .text.__submore
                0x080041f4       0x72 c:/arm toolchain/bin/../lib/gcc/arm-none-eabi/4.9.3/../../../../arm-none-eabi/lib/armv7-m\libg_nano.a(lib_a-ungetc.o)
                0x080041f4                __submore
 .text.memchr   0x08004266       0x1c c:/arm toolchain/bin/../lib/gcc/arm-none-eabi/4.9.3/../../../../arm-none-eabi/lib/armv7-m\libg_nano.a(lib_a-memchr.o)
                0x08004266                memchr
 .text.memcpy   0x08004282       0x16 c:/arm toolchain/bin/../lib/gcc/arm-none-eabi/4.9.3/../../../../arm-none-eabi/lib/armv7-m\libg_nano.a(lib_a-memcpy.o)
                0x08004282                memcpy
 .text._free_r  0x08004298       0x88 c:/arm toolchain/bin/../lib/gcc/arm-none-eabi/4.9.3/../../../../arm-none-eabi/lib/armv7-m\libg_nano.a(lib_a-nano-freer.o)
                0x08004298                _free_r
 .text._malloc_r
                0x08004320       0xac c:/arm toolchain/bin/../lib/gcc/arm-none-eabi/4.9.3/../../../../arm-none-eabi/lib/armv7-m\libg_nano.a(lib_a-nano-mallocr.o)
                0x08004320                _malloc_r
 .text._realloc_r
                0x080043cc       0x4c c:/arm toolchain/bin/../lib/gcc/arm-none-eabi/4.9.3/../../../../arm-none-eabi/lib/armv7-m\libg_nano.a(lib_a-nano-reallocr.o)
                0x080043cc                _realloc_r
 .text._sbrk_r  0x08004418       0x20 c:/arm toolchain/bin/../lib/gcc/arm-none-eabi/4.9.3/../../../../arm-none-eabi/lib/armv7-m\libg_nano.a(lib_a-sbrkr.o)
                0x08004418                _sbrk_r
 .text._malloc_usable_size_r
                0x08004438       0x14 c:/arm toolchain/bin/../lib/gcc/arm-none-eabi/4.9.3/../../../../arm-none-eabi/lib/armv7-m\libg_nano.a(lib_a-nano-msizer.o)
                0x08004438                _malloc_usable_size_r
 *(.init)
 *(.fini)
 *crtbegin.o(.ctors)
 *crtbegin?.o(.ctors)
 *(EXCLUDE_FILE(*crtend.o *crtend?.o) .ctors)
 *(SORT(.ctors.*))
 *(.ctors)
 *crtbegin.o(.dtors)
 *crtbegin?.o(.dtors)
 *(EXCLUDE_FILE(*crtend.o *crtend?.o) .dtors)
 *(SORT(.dtors.*))
 *(.dtors)
 *(.rodata*)
 .rodata        0x0800444c       0x4c ..\obj\stm32f10x_tim.o
 .rodata        0x08004498       0x4c ..\obj\stm32f10x_gpio.o
 .rodata        0x080044e4       0x4c ..\obj\stm32f10x_rcc.o
 .rodata        0x08004530       0x4c ..\obj\stm32f10x_usart.o
 .rodata        0x0800457c       0x44 ..\obj\misc.o
 .rodata        0x080045c0      0x120 ..\obj\esp8266.o
 .rodata.str1.1
                0x080046e0        0x2 c:/arm toolchain/bin/../lib/gcc/arm-none-eabi/4.9.3/../../../../arm-none-eabi/lib/armv7-m\libg_nano.a(lib_a-impure.o)
 .rodata.str1.1
                0x080046e2        0x4 c:/arm toolchain/bin/../lib/gcc/arm-none-eabi/4.9.3/../../../../arm-none-eabi/lib/armv7-m\libg_nano.a(lib_a-nano-svfscanf.o)
 *fill*         0x080046e6        0x2 
 .rodata        0x080046e8        0xc c:/arm toolchain/bin/../lib/gcc/arm-none-eabi/4.9.3/../../../../arm-none-eabi/lib/armv7-m\libg_nano.a(lib_a-nano-vfscanf_i.o)
 .rodata.str1.1
                0x080046f4       0x1b c:/arm toolchain/bin/../lib/gcc/arm-none-eabi/4.9.3/../../../../arm-none-eabi/lib/armv7-m\libg_nano.a(lib_a-nano-vfscanf_i.o)
 .rodata._ctype_
                0x0800470f      0x101 c:/arm toolchain/bin/../lib/gcc/arm-none-eabi/4.9.3/../../../../arm-none-eabi/lib/armv7-m\libg_nano.a(lib_a-ctype_.o)
                0x0800470f                _ctype_
 .rodata.__sf_fake_stdin
                0x08004810       0x20 c:/arm toolchain/bin/../lib/gcc/arm-none-eabi/4.9.3/../../../../arm-none-eabi/lib/armv7-m\libg_nano.a(lib_a-findfp.o)
                0x08004810                __sf_fake_stdin
 .rodata.__sf_fake_stdout
                0x08004830       0x20 c:/arm toolchain/bin/../lib/gcc/arm-none-eabi/4.9.3/../../../../arm-none-eabi/lib/armv7-m\libg_nano.a(lib_a-findfp.o)
                0x08004830                __sf_fake_stdout
 .rodata.__sf_fake_stderr
                0x08004850       0x20 c:/arm toolchain/bin/../lib/gcc/arm-none-eabi/4.9.3/../../../../arm-none-eabi/lib/armv7-m\libg_nano.a(lib_a-findfp.o)
                0x08004850                __sf_fake_stderr
 *(.eh_fram e*)

.glue_7         0x08004870        0x0
 .glue_7        0x00000000        0x0 linker stubs

.glue_7t        0x08004870        0x0
 .glue_7t       0x00000000        0x0 linker stubs

.vfp11_veneer   0x08004870        0x0
 .vfp11_veneer  0x00000000        0x0 linker stubs

.v4_bx          0x08004870        0x0
 .v4_bx         0x00000000        0x0 linker stubs

.iplt           0x08004870        0x0
 .iplt          0x00000000        0x0 ..\obj\stm32f10x_tim.o

.rel.dyn        0x08004870        0x0
 .rel.iplt      0x00000000        0x0 ..\obj\stm32f10x_tim.o

.ARM.extab
 *(.ARM.extab* .gnu.linkonce.armextab.*)
                0x08004870                __exidx_start = .

.ARM.exidx
 *(.ARM.exidx* .gnu.linkonce.armexidx.*)
                0x08004870                __exidx_end = .
                0x08004870                __etext = .
                0x08004870                _sidata = __etext

.data           0x20000000       0xa8 load address 0x08004870
                0x20000000                __data_start__ = .
                0x20000000                _sdata = __data_start__
 *(vtable)
 *(.data*)
 .data          0x20000000       0x14 ..\obj\stm32f10x_rcc.o
 *fill*         0x20000014        0x4 
 .data          0x20000018        0x8 ..\obj\channels.o
                0x20000018                coeff
 .data          0x20000020       0x20 ..\obj\esp8266.o
                0x20000020                channel
 .data.impure_data
                0x20000040       0x60 c:/arm toolchain/bin/../lib/gcc/arm-none-eabi/4.9.3/../../../../arm-none-eabi/lib/armv7-m\libg_nano.a(lib_a-impure.o)
 .data._impure_ptr
                0x200000a0        0x4 c:/arm toolchain/bin/../lib/gcc/arm-none-eabi/4.9.3/../../../../arm-none-eabi/lib/armv7-m\libg_nano.a(lib_a-impure.o)
                0x200000a0                _impure_ptr
 .data.__ctype_ptr__
                0x200000a4        0x4 c:/arm toolchain/bin/../lib/gcc/arm-none-eabi/4.9.3/../../../../arm-none-eabi/lib/armv7-m\libg_nano.a(lib_a-ctype_.o)
                0x200000a4                __ctype_ptr__
                0x200000a8                . = ALIGN (0x4)
                0x200000a8                PROVIDE (__preinit_array_start, .)
 *(.preinit_array)
                0x200000a8                PROVIDE (__preinit_array_end, .)
                0x200000a8                . = ALIGN (0x4)
                0x200000a8                PROVIDE (__init_array_start, .)
 *(SORT(.init_array.*))
 *(.init_array)
                0x200000a8                PROVIDE (__init_array_end, .)
                0x200000a8                . = ALIGN (0x4)
                0x200000a8                PROVIDE (__fini_array_start, .)
 *(SORT(.fini_array.*))
 *(.fini_array)
                0x200000a8                PROVIDE (__fini_array_end, .)
 *(.jcr*)
                0x200000a8                . = ALIGN (0x4)
                0x200000a8                __data_end__ = .
                0x200000a8                _edata = __data_end__

.igot.plt       0x200000a8        0x0 load address 0x08004918
 .igot.plt      0x00000000        0x0 ..\obj\stm32f10x_tim.o

.bss            0x200000a8      0x2c8 load address 0x08004918
                0x200000a8                . = ALIGN (0x4)
                0x200000a8                __bss_start__ = .
                0x200000a8                _sbss = __bss_start__
 *(.bss*)
 .bss           0x200000a8       0x38 ..\obj\uart.o
                0x200000a8                UART1_rx_wr_index
                0x200000ac                UART1_rx_rd_index
                0x200000b0                UART1_rx_counter
                0x200000b4                UART1_rx_buffer_overflow
                0x200000b8                UART1_tx_wr_index
                0x200000bc                UART1_tx_rd_index
                0x200000c0                UART1_tx_counter
                0x200000c4                UART3_rx_wr_index
                0x200000c8                UART3_rx_rd_index
                0x200000cc                UART3_rx_counter
                0x200000d0                UART3_rx_buffer_overflow
                0x200000d4                UART3_tx_wr_index
                0x200000d8                UART3_tx_rd_index
                0x200000dc                UART3_tx_counter
 .bss           0x200000e0        0x4 ..\obj\syscalls.o
 .bss.__malloc_sbrk_start
                0x200000e4        0x4 c:/arm toolchain/bin/../lib/gcc/arm-none-eabi/4.9.3/../../../../arm-none-eabi/lib/armv7-m\libg_nano.a(lib_a-nano-mallocr.o)
                0x200000e4                __malloc_sbrk_start
 .bss.__malloc_free_list
                0x200000e8        0x4 c:/arm toolchain/bin/../lib/gcc/arm-none-eabi/4.9.3/../../../../arm-none-eabi/lib/armv7-m\libg_nano.a(lib_a-nano-mallocr.o)
                0x200000e8                __malloc_free_list
 *(COMMON)
 COMMON         0x200000ec      0x280 ..\obj\uart.o
                0x200000ec                UART1_rx_buffer
                0x2000016c                UART3_tx_buffer
                0x200001ec                UART1_tx_buffer
                0x2000026c                UART3_rx_buffer
                0x200002ec                Buffer
 COMMON         0x2000036c        0x4 c:/arm toolchain/bin/../lib/gcc/arm-none-eabi/4.9.3/../../../../arm-none-eabi/lib/armv7-m\libg_nano.a(lib_a-reent.o)
                0x2000036c                errno
                0x20000370                . = ALIGN (0x4)
                0x20000370                __bss_end__ = .
                0x20000370                _ebss = __bss_end__

.heap           0x20000370        0x0
                0x20000370                __end__ = .
                0x20000370                _end = __end__
                0x20000370                end = __end__
 *(.heap*)
                0x20000370                __HeapLimit = .

.co_stack       0x20000370      0x400 load address 0x08004be0
                0x20000370                . = ALIGN (0x8)
 *(.co_stack .co_stack.*)
 .co_stack      0x20000370      0x400 ..\obj\startup_stm32f10x_md.o
                0x20000370                pulStack
                0x20005000                __StackTop = (ORIGIN (ram) + 0x5000)
                0x20004c00                __StackLimit = (__StackTop - SIZEOF (.co_stack))
                0x20005000                PROVIDE (__stack, __StackTop)
                0x00000001                ASSERT ((__StackLimit >= __HeapLimit), region ram  overflowed with stack)
LOAD ..\obj\stm32f10x_tim.o
LOAD ..\obj\system_stm32f10x.o
LOAD ..\obj\uart.o
LOAD ..\obj\startup_stm32f10x_md.o
LOAD ..\obj\stm32f10x_gpio.o
LOAD ..\obj\main.o
LOAD ..\obj\stm32f10x_rcc.o
LOAD ..\obj\stm32f10x_usart.o
LOAD ..\obj\peripheral.o
LOAD ..\obj\syscalls.o
LOAD ..\obj\channels.o
LOAD ..\obj\misc.o
LOAD ..\obj\esp8266.o
START GROUP
LOAD c:/arm toolchain/bin/../lib/gcc/arm-none-eabi/4.9.3/armv7-m\libgcc.a
LOAD c:/arm toolchain/bin/../lib/gcc/arm-none-eabi/4.9.3/../../../../arm-none-eabi/lib/armv7-m\libg_nano.a
LOAD c:/arm toolchain/bin/../lib/gcc/arm-none-eabi/4.9.3/../../../../arm-none-eabi/lib/armv7-m\libc_nano.a
END GROUP
START GROUP
LOAD c:/arm toolchain/bin/../lib/gcc/arm-none-eabi/4.9.3/armv7-m\libgcc.a
LOAD c:/arm toolchain/bin/../lib/gcc/arm-none-eabi/4.9.3/../../../../arm-none-eabi/lib/armv7-m\libc_nano.a
END GROUP
OUTPUT(PWM1.elf elf32-littlearm)

.debug_info     0x00000000     0x5d74
 .debug_info    0x00000000     0x1c58 ..\obj\stm32f10x_tim.o
 .debug_info    0x00001c58      0x479 ..\obj\system_stm32f10x.o
 .debug_info    0x000020d1      0x8b6 ..\obj\uart.o
 .debug_info    0x00002987       0xe9 ..\obj\startup_stm32f10x_md.o
 .debug_info    0x00002a70      0x6f3 ..\obj\stm32f10x_gpio.o
 .debug_info    0x00003163      0x13b ..\obj\main.o
 .debug_info    0x0000329e      0x88d ..\obj\stm32f10x_rcc.o
 .debug_info    0x00003b2b      0x9e8 ..\obj\stm32f10x_usart.o
 .debug_info    0x00004513      0x533 ..\obj\peripheral.o
 .debug_info    0x00004a46      0x3ee ..\obj\syscalls.o
 .debug_info    0x00004e34      0x76f ..\obj\channels.o
 .debug_info    0x000055a3      0x53d ..\obj\misc.o
 .debug_info    0x00005ae0      0x294 ..\obj\esp8266.o

.debug_abbrev   0x00000000     0x1158
 .debug_abbrev  0x00000000      0x196 ..\obj\stm32f10x_tim.o
 .debug_abbrev  0x00000196      0x14c ..\obj\system_stm32f10x.o
 .debug_abbrev  0x000002e2      0x20d ..\obj\uart.o
 .debug_abbrev  0x000004ef       0xa7 ..\obj\startup_stm32f10x_md.o
 .debug_abbrev  0x00000596      0x1c8 ..\obj\stm32f10x_gpio.o
 .debug_abbrev  0x0000075e       0xbe ..\obj\main.o
 .debug_abbrev  0x0000081c      0x1b8 ..\obj\stm32f10x_rcc.o
 .debug_abbrev  0x000009d4      0x17c ..\obj\stm32f10x_usart.o
 .debug_abbrev  0x00000b50      0x14c ..\obj\peripheral.o
 .debug_abbrev  0x00000c9c       0xe2 ..\obj\syscalls.o
 .debug_abbrev  0x00000d7e      0x16f ..\obj\channels.o
 .debug_abbrev  0x00000eed      0x145 ..\obj\misc.o
 .debug_abbrev  0x00001032      0x126 ..\obj\esp8266.o

.debug_aranges  0x00000000      0x868
 .debug_aranges
                0x00000000      0x2f0 ..\obj\stm32f10x_tim.o
 .debug_aranges
                0x000002f0       0x38 ..\obj\system_stm32f10x.o
 .debug_aranges
                0x00000328       0x88 ..\obj\uart.o
 .debug_aranges
                0x000003b0       0x28 ..\obj\startup_stm32f10x_md.o
 .debug_aranges
                0x000003d8       0xa8 ..\obj\stm32f10x_gpio.o
 .debug_aranges
                0x00000480       0x28 ..\obj\main.o
 .debug_aranges
                0x000004a8      0x118 ..\obj\stm32f10x_rcc.o
 .debug_aranges
                0x000005c0      0x100 ..\obj\stm32f10x_usart.o
 .debug_aranges
                0x000006c0       0x40 ..\obj\peripheral.o
 .debug_aranges
                0x00000700       0x60 ..\obj\syscalls.o
 .debug_aranges
                0x00000760       0x88 ..\obj\channels.o
 .debug_aranges
                0x000007e8       0x40 ..\obj\misc.o
 .debug_aranges
                0x00000828       0x40 ..\obj\esp8266.o

.debug_ranges   0x00000000      0x798
 .debug_ranges  0x00000000      0x2e0 ..\obj\stm32f10x_tim.o
 .debug_ranges  0x000002e0       0x28 ..\obj\system_stm32f10x.o
 .debug_ranges  0x00000308       0x78 ..\obj\uart.o
 .debug_ranges  0x00000380       0x18 ..\obj\startup_stm32f10x_md.o
 .debug_ranges  0x00000398       0x98 ..\obj\stm32f10x_gpio.o
 .debug_ranges  0x00000430       0x18 ..\obj\main.o
 .debug_ranges  0x00000448      0x108 ..\obj\stm32f10x_rcc.o
 .debug_ranges  0x00000550       0xf0 ..\obj\stm32f10x_usart.o
 .debug_ranges  0x00000640       0x30 ..\obj\peripheral.o
 .debug_ranges  0x00000670       0x50 ..\obj\syscalls.o
 .debug_ranges  0x000006c0       0x78 ..\obj\channels.o
 .debug_ranges  0x00000738       0x30 ..\obj\misc.o
 .debug_ranges  0x00000768       0x30 ..\obj\esp8266.o

.debug_line     0x00000000     0x5196
 .debug_line    0x00000000     0x251d ..\obj\stm32f10x_tim.o
 .debug_line    0x0000251d      0x1d9 ..\obj\system_stm32f10x.o
 .debug_line    0x000026f6      0x3dc ..\obj\uart.o
 .debug_line    0x00002ad2       0xab ..\obj\startup_stm32f10x_md.o
 .debug_line    0x00002b7d      0x876 ..\obj\stm32f10x_gpio.o
 .debug_line    0x000033f3      0x146 ..\obj\main.o
 .debug_line    0x00003539      0x73a ..\obj\stm32f10x_rcc.o
 .debug_line    0x00003c73      0x9bb ..\obj\stm32f10x_usart.o
 .debug_line    0x0000462e      0x226 ..\obj\peripheral.o
 .debug_line    0x00004854      0x151 ..\obj\syscalls.o
 .debug_line    0x000049a5      0x324 ..\obj\channels.o
 .debug_line    0x00004cc9      0x28b ..\obj\misc.o
 .debug_line    0x00004f54      0x242 ..\obj\esp8266.o

.debug_str      0x00000000     0x267e
 .debug_str     0x00000000      0xd2b ..\obj\stm32f10x_tim.o
                                0xdee (size before relaxing)
 .debug_str     0x00000d2b      0x17b ..\obj\system_stm32f10x.o
                                0x300 (size before relaxing)
 .debug_str     0x00000ea6      0x76e ..\obj\uart.o
                                0x952 (size before relaxing)
 .debug_str     0x00001614       0xb9 ..\obj\startup_stm32f10x_md.o
                                0x150 (size before relaxing)
 .debug_str     0x000016cd      0x26a ..\obj\stm32f10x_gpio.o
                                0x52a (size before relaxing)
 .debug_str     0x00001937       0x9e ..\obj\main.o
                                0x1f8 (size before relaxing)
 .debug_str     0x000019d5      0x3f1 ..\obj\stm32f10x_rcc.o
                                0x62b (size before relaxing)
 .debug_str     0x00001dc6      0x3b2 ..\obj\stm32f10x_usart.o
                                0x6a1 (size before relaxing)
 .debug_str     0x00002178       0xa9 ..\obj\peripheral.o
                                0x46b (size before relaxing)
 .debug_str     0x00002221      0x164 ..\obj\syscalls.o
                                0x2ea (size before relaxing)
 .debug_str     0x00002385      0x107 ..\obj\channels.o
                                0x5b5 (size before relaxing)
 .debug_str     0x0000248c      0x162 ..\obj\misc.o
                                0x3cf (size before relaxing)
 .debug_str     0x000025ee       0x90 ..\obj\esp8266.o
                                0x29f (size before relaxing)

.comment        0x00000000       0x70
 .comment       0x00000000       0x70 ..\obj\stm32f10x_tim.o
                                 0x71 (size before relaxing)
 .comment       0x00000000       0x71 ..\obj\system_stm32f10x.o
 .comment       0x00000000       0x71 ..\obj\uart.o
 .comment       0x00000000       0x71 ..\obj\startup_stm32f10x_md.o
 .comment       0x00000000       0x71 ..\obj\stm32f10x_gpio.o
 .comment       0x00000000       0x71 ..\obj\main.o
 .comment       0x00000000       0x71 ..\obj\stm32f10x_rcc.o
 .comment       0x00000000       0x71 ..\obj\stm32f10x_usart.o
 .comment       0x00000000       0x71 ..\obj\peripheral.o
 .comment       0x00000000       0x71 ..\obj\syscalls.o
 .comment       0x00000000       0x71 ..\obj\channels.o
 .comment       0x00000000       0x71 ..\obj\misc.o
 .comment       0x00000000       0x71 ..\obj\esp8266.o

.ARM.attributes
                0x00000000       0x33
 .ARM.attributes
                0x00000000       0x33 ..\obj\stm32f10x_tim.o
 .ARM.attributes
                0x00000033       0x33 ..\obj\system_stm32f10x.o
 .ARM.attributes
                0x00000066       0x33 ..\obj\uart.o
 .ARM.attributes
                0x00000099       0x33 ..\obj\startup_stm32f10x_md.o
 .ARM.attributes
                0x000000cc       0x33 ..\obj\stm32f10x_gpio.o
 .ARM.attributes
                0x000000ff       0x33 ..\obj\main.o
 .ARM.attributes
                0x00000132       0x33 ..\obj\stm32f10x_rcc.o
 .ARM.attributes
                0x00000165       0x33 ..\obj\stm32f10x_usart.o
 .ARM.attributes
                0x00000198       0x33 ..\obj\peripheral.o
 .ARM.attributes
                0x000001cb       0x33 ..\obj\syscalls.o
 .ARM.attributes
                0x000001fe       0x33 ..\obj\channels.o
 .ARM.attributes
                0x00000231       0x33 ..\obj\misc.o
 .ARM.attributes
                0x00000264       0x33 ..\obj\esp8266.o
 .ARM.attributes
                0x00000297       0x1d c:/arm toolchain/bin/../lib/gcc/arm-none-eabi/4.9.3/armv7-m\libgcc.a(_arm_addsubdf3.o)
 .ARM.attributes
                0x000002b4       0x1d c:/arm toolchain/bin/../lib/gcc/arm-none-eabi/4.9.3/armv7-m\libgcc.a(_arm_muldivdf3.o)
 .ARM.attributes
                0x000002d1       0x1d c:/arm toolchain/bin/../lib/gcc/arm-none-eabi/4.9.3/armv7-m\libgcc.a(_arm_fixunsdfsi.o)
 .ARM.attributes
                0x000002ee       0x2d c:/arm toolchain/bin/../lib/gcc/arm-none-eabi/4.9.3/../../../../arm-none-eabi/lib/armv7-m\libg_nano.a(lib_a-sscanf.o)
 .ARM.attributes
                0x0000031b       0x2d c:/arm toolchain/bin/../lib/gcc/arm-none-eabi/4.9.3/../../../../arm-none-eabi/lib/armv7-m\libg_nano.a(lib_a-stdio.o)
 .ARM.attributes
                0x00000348       0x2d c:/arm toolchain/bin/../lib/gcc/arm-none-eabi/4.9.3/../../../../arm-none-eabi/lib/armv7-m\libg_nano.a(lib_a-strlen.o)
 .ARM.attributes
                0x00000375       0x2d c:/arm toolchain/bin/../lib/gcc/arm-none-eabi/4.9.3/../../../../arm-none-eabi/lib/armv7-m\libg_nano.a(lib_a-strstr.o)
 .ARM.attributes
                0x000003a2       0x2d c:/arm toolchain/bin/../lib/gcc/arm-none-eabi/4.9.3/../../../../arm-none-eabi/lib/armv7-m\libg_nano.a(lib_a-impure.o)
 .ARM.attributes
                0x000003cf       0x2d c:/arm toolchain/bin/../lib/gcc/arm-none-eabi/4.9.3/../../../../arm-none-eabi/lib/armv7-m\libg_nano.a(lib_a-nano-svfscanf.o)
 .ARM.attributes
                0x000003fc       0x2d c:/arm toolchain/bin/../lib/gcc/arm-none-eabi/4.9.3/../../../../arm-none-eabi/lib/armv7-m\libg_nano.a(lib_a-nano-vfscanf_i.o)
 .ARM.attributes
                0x00000429       0x2d c:/arm toolchain/bin/../lib/gcc/arm-none-eabi/4.9.3/../../../../arm-none-eabi/lib/armv7-m\libg_nano.a(lib_a-reent.o)
 .ARM.attributes
                0x00000456       0x2d c:/arm toolchain/bin/../lib/gcc/arm-none-eabi/4.9.3/../../../../arm-none-eabi/lib/armv7-m\libg_nano.a(lib_a-sccl.o)
 .ARM.attributes
                0x00000483       0x2d c:/arm toolchain/bin/../lib/gcc/arm-none-eabi/4.9.3/../../../../arm-none-eabi/lib/armv7-m\libg_nano.a(lib_a-strtol.o)
 .ARM.attributes
                0x000004b0       0x2d c:/arm toolchain/bin/../lib/gcc/arm-none-eabi/4.9.3/../../../../arm-none-eabi/lib/armv7-m\libg_nano.a(lib_a-strtoul.o)
 .ARM.attributes
                0x000004dd       0x2d c:/arm toolchain/bin/../lib/gcc/arm-none-eabi/4.9.3/../../../../arm-none-eabi/lib/armv7-m\libg_nano.a(lib_a-ungetc.o)
 .ARM.attributes
                0x0000050a       0x2d c:/arm toolchain/bin/../lib/gcc/arm-none-eabi/4.9.3/../../../../arm-none-eabi/lib/armv7-m\libg_nano.a(lib_a-ctype_.o)
 .ARM.attributes
                0x00000537       0x2d c:/arm toolchain/bin/../lib/gcc/arm-none-eabi/4.9.3/../../../../arm-none-eabi/lib/armv7-m\libg_nano.a(lib_a-findfp.o)
 .ARM.attributes
                0x00000564       0x2d c:/arm toolchain/bin/../lib/gcc/arm-none-eabi/4.9.3/../../../../arm-none-eabi/lib/armv7-m\libg_nano.a(lib_a-memchr.o)
 .ARM.attributes
                0x00000591       0x2d c:/arm toolchain/bin/../lib/gcc/arm-none-eabi/4.9.3/../../../../arm-none-eabi/lib/armv7-m\libg_nano.a(lib_a-memcpy.o)
 .ARM.attributes
                0x000005be       0x2d c:/arm toolchain/bin/../lib/gcc/arm-none-eabi/4.9.3/../../../../arm-none-eabi/lib/armv7-m\libg_nano.a(lib_a-nano-freer.o)
 .ARM.attributes
                0x000005eb       0x2d c:/arm toolchain/bin/../lib/gcc/arm-none-eabi/4.9.3/../../../../arm-none-eabi/lib/armv7-m\libg_nano.a(lib_a-nano-mallocr.o)
 .ARM.attributes
                0x00000618       0x2d c:/arm toolchain/bin/../lib/gcc/arm-none-eabi/4.9.3/../../../../arm-none-eabi/lib/armv7-m\libg_nano.a(lib_a-nano-reallocr.o)
 .ARM.attributes
                0x00000645       0x2d c:/arm toolchain/bin/../lib/gcc/arm-none-eabi/4.9.3/../../../../arm-none-eabi/lib/armv7-m\libg_nano.a(lib_a-sbrkr.o)
 .ARM.attributes
                0x00000672       0x2d c:/arm toolchain/bin/../lib/gcc/arm-none-eabi/4.9.3/../../../../arm-none-eabi/lib/armv7-m\libg_nano.a(lib_a-nano-msizer.o)

.debug_frame    0x00000000     0x274c
 .debug_frame   0x00000000      0xd10 ..\obj\stm32f10x_tim.o
 .debug_frame   0x00000d10       0x98 ..\obj\system_stm32f10x.o
 .debug_frame   0x00000da8      0x204 ..\obj\uart.o
 .debug_frame   0x00000fac       0x4c ..\obj\startup_stm32f10x_md.o
 .debug_frame   0x00000ff8      0x2a0 ..\obj\stm32f10x_gpio.o
 .debug_frame   0x00001298       0x48 ..\obj\main.o
 .debug_frame   0x000012e0      0x488 ..\obj\stm32f10x_rcc.o
 .debug_frame   0x00001768      0x430 ..\obj\stm32f10x_usart.o
 .debug_frame   0x00001b98       0xc0 ..\obj\peripheral.o
 .debug_frame   0x00001c58      0x168 ..\obj\syscalls.o
 .debug_frame   0x00001dc0      0x220 ..\obj\channels.o
 .debug_frame   0x00001fe0       0xc4 ..\obj\misc.o
 .debug_frame   0x000020a4       0xac ..\obj\esp8266.o
 .debug_frame   0x00002150       0x80 c:/arm toolchain/bin/../lib/gcc/arm-none-eabi/4.9.3/../../../../arm-none-eabi/lib/armv7-m\libg_nano.a(lib_a-sscanf.o)
 .debug_frame   0x000021d0       0x88 c:/arm toolchain/bin/../lib/gcc/arm-none-eabi/4.9.3/../../../../arm-none-eabi/lib/armv7-m\libg_nano.a(lib_a-stdio.o)
 .debug_frame   0x00002258       0x20 c:/arm toolchain/bin/../lib/gcc/arm-none-eabi/4.9.3/../../../../arm-none-eabi/lib/armv7-m\libg_nano.a(lib_a-strlen.o)
 .debug_frame   0x00002278       0x2c c:/arm toolchain/bin/../lib/gcc/arm-none-eabi/4.9.3/../../../../arm-none-eabi/lib/armv7-m\libg_nano.a(lib_a-strstr.o)
 .debug_frame   0x000022a4       0x70 c:/arm toolchain/bin/../lib/gcc/arm-none-eabi/4.9.3/../../../../arm-none-eabi/lib/armv7-m\libg_nano.a(lib_a-nano-svfscanf.o)
 .debug_frame   0x00002314       0x5c c:/arm toolchain/bin/../lib/gcc/arm-none-eabi/4.9.3/../../../../arm-none-eabi/lib/armv7-m\libg_nano.a(lib_a-nano-vfscanf_i.o)
 .debug_frame   0x00002370       0x5c c:/arm toolchain/bin/../lib/gcc/arm-none-eabi/4.9.3/../../../../arm-none-eabi/lib/armv7-m\libg_nano.a(lib_a-reent.o)
 .debug_frame   0x000023cc       0x30 c:/arm toolchain/bin/../lib/gcc/arm-none-eabi/4.9.3/../../../../arm-none-eabi/lib/armv7-m\libg_nano.a(lib_a-sccl.o)
 .debug_frame   0x000023fc       0x54 c:/arm toolchain/bin/../lib/gcc/arm-none-eabi/4.9.3/../../../../arm-none-eabi/lib/armv7-m\libg_nano.a(lib_a-strtol.o)
 .debug_frame   0x00002450       0x54 c:/arm toolchain/bin/../lib/gcc/arm-none-eabi/4.9.3/../../../../arm-none-eabi/lib/armv7-m\libg_nano.a(lib_a-strtoul.o)
 .debug_frame   0x000024a4       0x5c c:/arm toolchain/bin/../lib/gcc/arm-none-eabi/4.9.3/../../../../arm-none-eabi/lib/armv7-m\libg_nano.a(lib_a-ungetc.o)
 .debug_frame   0x00002500      0x11c c:/arm toolchain/bin/../lib/gcc/arm-none-eabi/4.9.3/../../../../arm-none-eabi/lib/armv7-m\libg_nano.a(lib_a-findfp.o)
 .debug_frame   0x0000261c       0x28 c:/arm toolchain/bin/../lib/gcc/arm-none-eabi/4.9.3/../../../../arm-none-eabi/lib/armv7-m\libg_nano.a(lib_a-memchr.o)
 .debug_frame   0x00002644       0x28 c:/arm toolchain/bin/../lib/gcc/arm-none-eabi/4.9.3/../../../../arm-none-eabi/lib/armv7-m\libg_nano.a(lib_a-memcpy.o)
 .debug_frame   0x0000266c       0x2c c:/arm toolchain/bin/../lib/gcc/arm-none-eabi/4.9.3/../../../../arm-none-eabi/lib/armv7-m\libg_nano.a(lib_a-nano-freer.o)
 .debug_frame   0x00002698       0x2c c:/arm toolchain/bin/../lib/gcc/arm-none-eabi/4.9.3/../../../../arm-none-eabi/lib/armv7-m\libg_nano.a(lib_a-nano-mallocr.o)
 .debug_frame   0x000026c4       0x3c c:/arm toolchain/bin/../lib/gcc/arm-none-eabi/4.9.3/../../../../arm-none-eabi/lib/armv7-m\libg_nano.a(lib_a-nano-reallocr.o)
 .debug_frame   0x00002700       0x2c c:/arm toolchain/bin/../lib/gcc/arm-none-eabi/4.9.3/../../../../arm-none-eabi/lib/armv7-m\libg_nano.a(lib_a-sbrkr.o)
 .debug_frame   0x0000272c       0x20 c:/arm toolchain/bin/../lib/gcc/arm-none-eabi/4.9.3/../../../../arm-none-eabi/lib/armv7-m\libg_nano.a(lib_a-nano-msizer.o)
