Archive member included because of file (symbol)

e:/arm_toolchein/bin/../lib/gcc/arm-none-eabi/4.9.3/armv7-m\libgcc.a(_arm_addsubdf3.o)
                              ..\obj\channels.o (__aeabi_i2d)
e:/arm_toolchein/bin/../lib/gcc/arm-none-eabi/4.9.3/armv7-m\libgcc.a(_arm_muldivdf3.o)
                              ..\obj\channels.o (__aeabi_dmul)
e:/arm_toolchein/bin/../lib/gcc/arm-none-eabi/4.9.3/armv7-m\libgcc.a(_arm_fixunsdfsi.o)
                              ..\obj\channels.o (__aeabi_d2uiz)
e:/arm_toolchein/bin/../lib/gcc/arm-none-eabi/4.9.3/../../../../arm-none-eabi/lib/armv7-m\libg.a(lib_a-sscanf.o)
                              ..\obj\esp8266.o (sscanf)
e:/arm_toolchein/bin/../lib/gcc/arm-none-eabi/4.9.3/../../../../arm-none-eabi/lib/armv7-m\libg.a(lib_a-stdio.o)
                              e:/arm_toolchein/bin/../lib/gcc/arm-none-eabi/4.9.3/../../../../arm-none-eabi/lib/armv7-m\libg.a(lib_a-sscanf.o) (__seofread)
e:/arm_toolchein/bin/../lib/gcc/arm-none-eabi/4.9.3/../../../../arm-none-eabi/lib/armv7-m\libg.a(lib_a-strlen.o)
                              e:/arm_toolchein/bin/../lib/gcc/arm-none-eabi/4.9.3/../../../../arm-none-eabi/lib/armv7-m\libg.a(lib_a-sscanf.o) (strlen)
e:/arm_toolchein/bin/../lib/gcc/arm-none-eabi/4.9.3/../../../../arm-none-eabi/lib/armv7-m\libg.a(lib_a-strstr.o)
                              ..\obj\esp8266.o (strstr)
e:/arm_toolchein/bin/../lib/gcc/arm-none-eabi/4.9.3/../../../../arm-none-eabi/lib/armv7-m\libg.a(lib_a-svfscanf.o)
                              e:/arm_toolchein/bin/../lib/gcc/arm-none-eabi/4.9.3/../../../../arm-none-eabi/lib/armv7-m\libg.a(lib_a-sscanf.o) (__ssvfscanf_r)
e:/arm_toolchein/bin/../lib/gcc/arm-none-eabi/4.9.3/../../../../arm-none-eabi/lib/armv7-m\libg.a(lib_a-writer.o)
                              e:/arm_toolchein/bin/../lib/gcc/arm-none-eabi/4.9.3/../../../../arm-none-eabi/lib/armv7-m\libg.a(lib_a-stdio.o) (_write_r)
e:/arm_toolchein/bin/../lib/gcc/arm-none-eabi/4.9.3/../../../../arm-none-eabi/lib/armv7-m\libg.a(lib_a-closer.o)
                              e:/arm_toolchein/bin/../lib/gcc/arm-none-eabi/4.9.3/../../../../arm-none-eabi/lib/armv7-m\libg.a(lib_a-stdio.o) (_close_r)
e:/arm_toolchein/bin/../lib/gcc/arm-none-eabi/4.9.3/../../../../arm-none-eabi/lib/armv7-m\libg.a(lib_a-ctype_.o)
                              e:/arm_toolchein/bin/../lib/gcc/arm-none-eabi/4.9.3/../../../../arm-none-eabi/lib/armv7-m\libg.a(lib_a-svfscanf.o) (__ctype_ptr__)
e:/arm_toolchein/bin/../lib/gcc/arm-none-eabi/4.9.3/../../../../arm-none-eabi/lib/armv7-m\libg.a(lib_a-impure.o)
                              e:/arm_toolchein/bin/../lib/gcc/arm-none-eabi/4.9.3/../../../../arm-none-eabi/lib/armv7-m\libg.a(lib_a-sscanf.o) (_impure_ptr)
e:/arm_toolchein/bin/../lib/gcc/arm-none-eabi/4.9.3/../../../../arm-none-eabi/lib/armv7-m\libg.a(lib_a-iswspace.o)
                              e:/arm_toolchein/bin/../lib/gcc/arm-none-eabi/4.9.3/../../../../arm-none-eabi/lib/armv7-m\libg.a(lib_a-svfscanf.o) (iswspace)
e:/arm_toolchein/bin/../lib/gcc/arm-none-eabi/4.9.3/../../../../arm-none-eabi/lib/armv7-m\libg.a(lib_a-locale.o)
                              e:/arm_toolchein/bin/../lib/gcc/arm-none-eabi/4.9.3/../../../../arm-none-eabi/lib/armv7-m\libg.a(lib_a-svfscanf.o) (__locale_mb_cur_max)
e:/arm_toolchein/bin/../lib/gcc/arm-none-eabi/4.9.3/../../../../arm-none-eabi/lib/armv7-m\libg.a(lib_a-lseekr.o)
                              e:/arm_toolchein/bin/../lib/gcc/arm-none-eabi/4.9.3/../../../../arm-none-eabi/lib/armv7-m\libg.a(lib_a-stdio.o) (_lseek_r)
e:/arm_toolchein/bin/../lib/gcc/arm-none-eabi/4.9.3/../../../../arm-none-eabi/lib/armv7-m\libg.a(lib_a-mbrtowc.o)
                              e:/arm_toolchein/bin/../lib/gcc/arm-none-eabi/4.9.3/../../../../arm-none-eabi/lib/armv7-m\libg.a(lib_a-svfscanf.o) (_mbrtowc_r)
e:/arm_toolchein/bin/../lib/gcc/arm-none-eabi/4.9.3/../../../../arm-none-eabi/lib/armv7-m\libg.a(lib_a-mbtowc_r.o)
                              e:/arm_toolchein/bin/../lib/gcc/arm-none-eabi/4.9.3/../../../../arm-none-eabi/lib/armv7-m\libg.a(lib_a-mbrtowc.o) (__mbtowc)
e:/arm_toolchein/bin/../lib/gcc/arm-none-eabi/4.9.3/../../../../arm-none-eabi/lib/armv7-m\libg.a(lib_a-memchr.o)
                              e:/arm_toolchein/bin/../lib/gcc/arm-none-eabi/4.9.3/../../../../arm-none-eabi/lib/armv7-m\libg.a(lib_a-strstr.o) (memchr)
e:/arm_toolchein/bin/../lib/gcc/arm-none-eabi/4.9.3/../../../../arm-none-eabi/lib/armv7-m\libg.a(lib_a-memcmp.o)
                              e:/arm_toolchein/bin/../lib/gcc/arm-none-eabi/4.9.3/../../../../arm-none-eabi/lib/armv7-m\libg.a(lib_a-strstr.o) (memcmp)
e:/arm_toolchein/bin/../lib/gcc/arm-none-eabi/4.9.3/../../../../arm-none-eabi/lib/armv7-m\libg.a(lib_a-memset.o)
                              e:/arm_toolchein/bin/../lib/gcc/arm-none-eabi/4.9.3/../../../../arm-none-eabi/lib/armv7-m\libg.a(lib_a-svfscanf.o) (memset)
[...]
Memory Configuration

Name             Origin             Length             Attributes
rom              0x08000000         0x00010000         xr
ram              0x20000000         0x00005000         xrw
*default*        0x00000000         0xffffffff

Linker script and memory map

                0x20005000                _eram = 0x20005000

.text           0x08000000     0xba20
 *(.isr_vector)
 .isr_vector    0x08000000      0x10c ..\obj\startup_stm32f10x_md.o
                0x08000000                g_pfnVectors
 *(.text*)
 .text.TIM_TimeBaseInit
                0x0800010c      0x1f4 ..\obj\stm32f10x_tim.o
                0x0800010c                TIM_TimeBaseInit
 .text.TIM_OC1Init
                0x08000300      0x298 ..\obj\stm32f10x_tim.o
                0x08000300                TIM_OC1Init
 .text.TIM_OC2Init
                0x08000598      0x254 ..\obj\stm32f10x_tim.o
                0x08000598                TIM_OC2Init
 .text.TIM_OC3Init
                0x080007ec      0x22c ..\obj\stm32f10x_tim.o
                0x080007ec                TIM_OC3Init
 .text.TIM_OC4Init
                0x08000a18      0x1a0 ..\obj\stm32f10x_tim.o
                0x08000a18                TIM_OC4Init
 .text.TIM_Cmd  0x08000bb8      0x128 ..\obj\stm32f10x_tim.o
                0x08000bb8                TIM_Cmd
 .text.TIM_ARRPreloadConfig
                0x08000ce0      0x128 ..\obj\stm32f10x_tim.o
                0x08000ce0                TIM_ARRPreloadConfig
 .text.TIM_OC1PreloadConfig
                0x08000e08      0x108 ..\obj\stm32f10x_tim.o
                0x08000e08                TIM_OC1PreloadConfig
 .text.TIM_OC2PreloadConfig
                0x08000f10       0xc4 ..\obj\stm32f10x_tim.o
                0x08000f10                TIM_OC2PreloadConfig
 .text.TIM_OC3PreloadConfig
                0x08000fd4       0x9c ..\obj\stm32f10x_tim.o
                0x08000fd4                TIM_OC3PreloadConfig
 .text.TIM_OC4PreloadConfig
                0x08001070       0xa0 ..\obj\stm32f10x_tim.o
                0x08001070                TIM_OC4PreloadConfig
 .text.SystemInit
                0x08001110       0x68 ..\obj\system_stm32f10x.o
                0x08001110                SystemInit
 .text.SetSysClock
                0x08001178        0xc ..\obj\system_stm32f10x.o
 .text.SetSysClockTo72
                0x08001184      0x100 ..\obj\system_stm32f10x.o
 .text.USART_Configuration
                0x08001284      0x158 ..\obj\uart.o
                0x08001284                USART_Configuration
 .text.USART1_IRQHandler
                0x080013dc      0x114 ..\obj\uart.o
                0x080013dc                USART1_IRQHandler
 .text.UART1_get_char
                0x080014f0       0x6c ..\obj\uart.o
                0x080014f0                UART1_get_char
 .text.UART1_put_char
                0x0800155c       0x90 ..\obj\uart.o
                0x0800155c                UART1_put_char
 .text.UART1_put_str
                0x080015ec       0x28 ..\obj\uart.o
                0x080015ec                UART1_put_str
 .text.buff_clear
                0x08001614       0x30 ..\obj\uart.o
                0x08001614                buff_clear
 .text.UART1_read_str
                0x08001644       0x44 ..\obj\uart.o
                0x08001644                UART1_read_str
 .text.USART3_IRQHandler
                0x08001688      0x110 ..\obj\uart.o
                0x08001688                USART3_IRQHandler
 .text.Default_Reset_Handler
                0x08001798       0x5c ..\obj\startup_stm32f10x_md.o
                0x08001798                Default_Reset_Handler
                0x08001798                Reset_Handler
 .text.Default_Handler
                0x080017f4        0x8 ..\obj\startup_stm32f10x_md.o
                0x080017f4                EXTI2_IRQHandler
                0x080017f4                DebugMon_Handler
                0x080017f4                TIM1_CC_IRQHandler
                0x080017f4                HardFault_Handler
                0x080017f4                SysTick_Handler
                0x080017f4                PVD_IRQHandler
                0x080017f4                PendSV_Handler
                0x080017f4                NMI_Handler
                0x080017f4                EXTI3_IRQHandler
                0x080017f4                EXTI0_IRQHandler
                0x080017f4                I2C2_EV_IRQHandler
                0x080017f4                UsageFault_Handler
                0x080017f4                ADC1_2_IRQHandler
                0x080017f4                SPI1_IRQHandler
                0x080017f4                TAMPER_IRQHandler
                0x080017f4                DMA1_Channel4_IRQHandler
                0x080017f4                RTC_IRQHandler
                0x080017f4                DMA1_Channel7_IRQHandler
                0x080017f4                CAN1_RX1_IRQHandler
                0x080017f4                TIM4_IRQHandler
                0x080017f4                I2C1_EV_IRQHandler
                0x080017f4                DMA1_Channel6_IRQHandler
                0x080017f4                TIM3_IRQHandler
                0x080017f4                RCC_IRQHandler
                0x080017f4                TIM1_TRG_COM_IRQHandler
                0x080017f4                DMA1_Channel1_IRQHandler
                0x080017f4                EXTI15_10_IRQHandler
                0x080017f4                EXTI9_5_IRQHandler
                0x080017f4                SPI2_IRQHandler
                0x080017f4                MemManage_Handler
                0x080017f4                SVC_Handler
                0x080017f4                DMA1_Channel5_IRQHandler
                0x080017f4                EXTI4_IRQHandler
                0x080017f4                USB_LP_CAN1_RX0_IRQHandler
                0x080017f4                USB_HP_CAN1_TX_IRQHandler
                0x080017f4                DMA1_Channel3_IRQHandler
                0x080017f4                TIM1_UP_IRQHandler
                0x080017f4                WWDG_IRQHandler
                0x080017f4                TIM2_IRQHandler
                0x080017f4                TIM1_BRK_IRQHandler
                0x080017f4                EXTI1_IRQHandler
                0x080017f4                RTCAlarm_IRQHandler
                0x080017f4                USART2_IRQHandler
                0x080017f4                I2C2_ER_IRQHandler
                0x080017f4                DMA1_Channel2_IRQHandler
                0x080017f4                CAN1_SCE_IRQHandler
                0x080017f4                FLASH_IRQHandler
                0x080017f4                BusFault_Handler
                0x080017f4                I2C1_ER_IRQHandler
                0x080017f4                USBWakeUp_IRQHandler
 .text.GPIO_Init
                0x080017fc      0x254 ..\obj\stm32f10x_gpio.o
                0x080017fc                GPIO_Init
 .text.GPIO_SetBits
                0x08001a50       0x8c ..\obj\stm32f10x_gpio.o
                0x08001a50                GPIO_SetBits
 .text.GPIO_ResetBits
                0x08001adc       0x8c ..\obj\stm32f10x_gpio.o
                0x08001adc                GPIO_ResetBits
 .text.GPIO_PinRemapConfig
                0x08001b68      0x2fc ..\obj\stm32f10x_gpio.o
                0x08001b68                GPIO_PinRemapConfig
 .text.main     0x08001e64       0x24 ..\obj\main.o
                0x08001e64                main
 .text.assert_failed
                0x08001e88        0xc ..\obj\main.o
                0x08001e88                assert_failed
 .text.RCC_GetClocksFreq
                0x08001e94      0x164 ..\obj\stm32f10x_rcc.o
                0x08001e94                RCC_GetClocksFreq
 .text.RCC_APB2PeriphClockCmd
                0x08001ff8       0x70 ..\obj\stm32f10x_rcc.o
                0x08001ff8                RCC_APB2PeriphClockCmd
 .text.RCC_APB1PeriphClockCmd
                0x08002068       0x70 ..\obj\stm32f10x_rcc.o
                0x08002068                RCC_APB1PeriphClockCmd
 .text.USART_Init
                0x080020d8      0x2b8 ..\obj\stm32f10x_usart.o
                0x080020d8                USART_Init
 .text.USART_Cmd
                0x08002390       0x9c ..\obj\stm32f10x_usart.o
                0x08002390                USART_Cmd
 .text.USART_ITConfig
                0x0800242c      0x168 ..\obj\stm32f10x_usart.o
                0x0800242c                USART_ITConfig
 .text.USART_SendData
                0x08002594       0x7c ..\obj\stm32f10x_usart.o
                0x08002594                USART_SendData
 .text.USART_ReceiveData
                0x08002610       0x68 ..\obj\stm32f10x_usart.o
                0x08002610                USART_ReceiveData
 .text.USART_GetFlagStatus
                0x08002678       0xf4 ..\obj\stm32f10x_usart.o
                0x08002678                USART_GetFlagStatus
 .text.USART_GetITStatus
                0x0800276c      0x18c ..\obj\stm32f10x_usart.o
                0x0800276c                USART_GetITStatus
 .text.GPIO_Configuration
                0x080028f8       0x60 ..\obj\peripheral.o
                0x080028f8                GPIO_Configuration
 .text.TIMERS_Configuration
                0x08002958       0x34 ..\obj\peripheral.o
                0x08002958                TIMERS_Configuration
 .text.delay_ms
                0x0800298c       0x44 ..\obj\peripheral.o
                0x0800298c                delay_ms
 .text.led_red_blink
                0x080029d0       0x50 ..\obj\peripheral.o
                0x080029d0                led_red_blink
 .text._sbrk    0x08002a20       0x40 ..\obj\syscalls.o
                0x08002a20                _sbrk
 .text.ch1_puls
                0x08002a60       0x3c ..\obj\channels.o
                0x08002a60                ch1_puls
 .text.ch2_puls
                0x08002a9c       0x3c ..\obj\channels.o
                0x08002a9c                ch2_puls
 .text.ch3_puls
                0x08002ad8       0x3c ..\obj\channels.o
                0x08002ad8                ch3_puls
 .text.ch4_puls
                0x08002b14       0x3c ..\obj\channels.o
                0x08002b14                ch4_puls
 .text.ch5_puls
                0x08002b50       0x38 ..\obj\channels.o
                0x08002b50                ch5_puls
 .text.ch6_puls
                0x08002b88       0x38 ..\obj\channels.o
                0x08002b88                ch6_puls
 .text.ch7_puls
                0x08002bc0       0x38 ..\obj\channels.o
                0x08002bc0                ch7_puls
 .text.ch8_puls
                0x08002bf8       0x3c ..\obj\channels.o
                0x08002bf8                ch8_puls
 .text.CHANNELS_Configuration1
                0x08002c34      0x184 ..\obj\channels.o
                0x08002c34                CHANNELS_Configuration1
 .text.NVIC_Init
                0x08002db8       0xfc ..\obj\misc.o
                0x08002db8                NVIC_Init
 .text.WIFI_Init
                0x08002eb4       0xa8 ..\obj\esp8266.o
                0x08002eb4                WIFI_Init
 .text.WIFI_command
                0x08002f5c       0x44 ..\obj\esp8266.o
                0x08002f5c                WIFI_command
 .text.WIFI_weit_connection
                0x08002fa0       0x8c ..\obj\esp8266.o
                0x08002fa0                WIFI_weit_connection
 .text.WIFI_CONNECT
                0x0800302c      0x104 ..\obj\esp8266.o
                0x0800302c                WIFI_CONNECT
 .text          0x08003130      0x370 e:/arm_toolchein/bin/../lib/gcc/arm-none-eabi/4.9.3/armv7-m\libgcc.a(_arm_addsubdf3.o)
                0x08003130                __aeabi_drsub
                0x08003138                __aeabi_dsub
                0x08003138                __subdf3
                0x0800313c                __aeabi_dadd
                0x0800313c                __adddf3
                0x080033b4                __floatunsidf
                0x080033b4                __aeabi_ui2d
                0x080033d4                __floatsidf
                0x080033d4                __aeabi_i2d
                0x080033f8                __aeabi_f2d
                0x080033f8                __extendsfdf2
                0x08003434                __floatundidf
                0x08003434                __aeabi_ul2d
                0x08003444                __floatdidf
                0x08003444                __aeabi_l2d
 .text          0x080034a0      0x424 e:/arm_toolchein/bin/../lib/gcc/arm-none-eabi/4.9.3/armv7-m\libgcc.a(_arm_muldivdf3.o)
                0x080034a0                __aeabi_dmul
                0x080034a0                __muldf3
                0x080036f4                __divdf3
                0x080036f4                __aeabi_ddiv
 .text          0x080038c4       0x40 e:/arm_toolchein/bin/../lib/gcc/arm-none-eabi/4.9.3/armv7-m\libgcc.a(_arm_fixunsdfsi.o)
                0x080038c4                __aeabi_d2uiz
                0x080038c4                __fixunsdfsi
 .text.sscanf   0x08003904       0x58 e:/arm_toolchein/bin/../lib/gcc/arm-none-eabi/4.9.3/../../../../arm-none-eabi/lib/armv7-m\libg.a(lib_a-sscanf.o)
                0x08003904                sscanf
 .text.__seofread
                0x0800395c        0x4 e:/arm_toolchein/bin/../lib/gcc/arm-none-eabi/4.9.3/../../../../arm-none-eabi/lib/armv7-m\libg.a(lib_a-stdio.o)
                0x0800395c                __seofread
 .text.strlen   0x08003960       0x5c e:/arm_toolchein/bin/../lib/gcc/arm-none-eabi/4.9.3/../../../../arm-none-eabi/lib/armv7-m\libg.a(lib_a-strlen.o)
                0x08003960                strlen
 .text.critical_factorization
                0x080039bc       0xb8 e:/arm_toolchein/bin/../lib/gcc/arm-none-eabi/4.9.3/../../../../arm-none-eabi/lib/armv7-m\libg.a(lib_a-strstr.o)
 .text.two_way_long_needle
                0x08003a74      0x1f8 e:/arm_toolchein/bin/../lib/gcc/arm-none-eabi/4.9.3/../../../../arm-none-eabi/lib/armv7-m\libg.a(lib_a-strstr.o)
 .text.strstr   0x08003c6c      0x220 e:/arm_toolchein/bin/../lib/gcc/arm-none-eabi/4.9.3/../../../../arm-none-eabi/lib/armv7-m\libg.a(lib_a-strstr.o)
                0x08003c6c                strstr
 .text.__ssvfscanf_r
                0x08003e8c      0xdf4 e:/arm_toolchein/bin/../lib/gcc/arm-none-eabi/4.9.3/../../../../arm-none-eabi/lib/armv7-m\libg.a(lib_a-svfscanf.o)
                0x08003e8c                __ssvfscanf_r
 .text.iswspace
                0x08004c80       0x1c e:/arm_toolchein/bin/../lib/gcc/arm-none-eabi/4.9.3/../../../../arm-none-eabi/lib/armv7-m\libg.a(lib_a-iswspace.o)
                0x08004c80                iswspace
 .text.__locale_charset
                0x08004c9c        0x8 e:/arm_toolchein/bin/../lib/gcc/arm-none-eabi/4.9.3/../../../../arm-none-eabi/lib/armv7-m\libg.a(lib_a-locale.o)
                0x08004c9c                __locale_charset
 .text.__locale_mb_cur_max
                0x08004ca4        0xc e:/arm_toolchein/bin/../lib/gcc/arm-none-eabi/4.9.3/../../../../arm-none-eabi/lib/armv7-m\libg.a(lib_a-locale.o)
                0x08004ca4                __locale_mb_cur_max
 .text._localeconv_r
                0x08004cb0        0x8 e:/arm_toolchein/bin/../lib/gcc/arm-none-eabi/4.9.3/../../../../arm-none-eabi/lib/armv7-m\libg.a(lib_a-locale.o)
                0x08004cb0                _localeconv_r
 .text._mbrtowc_r
                0x08004cb8       0x5c e:/arm_toolchein/bin/../lib/gcc/arm-none-eabi/4.9.3/../../../../arm-none-eabi/lib/armv7-m\libg.a(lib_a-mbrtowc.o)
                0x08004cb8                _mbrtowc_r
 .text.__ascii_mbtowc
                0x08004d14       0x2c e:/arm_toolchein/bin/../lib/gcc/arm-none-eabi/4.9.3/../../../../arm-none-eabi/lib/armv7-m\libg.a(lib_a-mbtowc_r.o)
                0x08004d14                __ascii_mbtowc
 .text.memchr   0x08004d40       0x94 e:/arm_toolchein/bin/../lib/gcc/arm-none-eabi/4.9.3/../../../../arm-none-eabi/lib/armv7-m\libg.a(lib_a-memchr.o)
                0x08004d40                memchr
 .text.memcmp   0x08004dd4       0x64 e:/arm_toolchein/bin/../lib/gcc/arm-none-eabi/4.9.3/../../../../arm-none-eabi/lib/armv7-m\libg.a(lib_a-memcmp.o)
                0x08004dd4                memcmp
 .text.memset   0x08004e38       0x9c e:/arm_toolchein/bin/../lib/gcc/arm-none-eabi/4.9.3/../../../../arm-none-eabi/lib/armv7-m\libg.a(lib_a-memset.o)
                0x08004e38                memset
 .text.__fpclassifyd
                0x08004ed4       0x58 e:/arm_toolchein/bin/../lib/gcc/arm-none-eabi/4.9.3/../../../../arm-none-eabi/lib/armv7-m\libg.a(lib_a-s_fpclassify.o)
                0x08004ed4                __fpclassifyd
 .text.__sccl   0x08004f2c       0x78 e:/arm_toolchein/bin/../lib/gcc/arm-none-eabi/4.9.3/../../../../arm-none-eabi/lib/armv7-m\libg.a(lib_a-sccl.o)
                0x08004f2c                __sccl
 .text.nanf     0x08004fa4        0x8 e:/arm_toolchein/bin/../lib/gcc/arm-none-eabi/4.9.3/../../../../arm-none-eabi/lib/armv7-m\libg.a(lib_a-sf_nan.o)
                0x08004fa4                nanf
 .text.sprintf  0x08004fac       0x4c e:/arm_toolchein/bin/../lib/gcc/arm-none-eabi/4.9.3/../../../../arm-none-eabi/lib/armv7-m\libg.a(lib_a-sprintf.o)
                0x08004fac                sprintf
 .text.strchr   0x08004ff8       0xcc e:/arm_toolchein/bin/../lib/gcc/arm-none-eabi/4.9.3/../../../../arm-none-eabi/lib/armv7-m\libg.a(lib_a-strchr.o)
                0x08004ff8                strchr
 .text.sulp     0x080050c4       0x44 e:/arm_toolchein/bin/../lib/gcc/arm-none-eabi/4.9.3/../../../../arm-none-eabi/lib/armv7-m\libg.a(lib_a-strtod.o)
 .text._strtod_r
                0x08005108      0xf30 e:/arm_toolchein/bin/../lib/gcc/arm-none-eabi/4.9.3/../../../../arm-none-eabi/lib/armv7-m\libg.a(lib_a-strtod.o)
                0x08005108                _strtod_r
 .text._strtol_r
                0x08006038      0x11c e:/arm_toolchein/bin/../lib/gcc/arm-none-eabi/4.9.3/../../../../arm-none-eabi/lib/armv7-m\libg.a(lib_a-strtol.o)
                0x08006038                _strtol_r
 .text._strtoll_r
                0x08006154      0x1cc e:/arm_toolchein/bin/../lib/gcc/arm-none-eabi/4.9.3/../../../../arm-none-eabi/lib/armv7-m\libg.a(lib_a-strtoll_r.o)
                0x08006154                _strtoll_r
 .text._strtoul_r
                0x08006320      0x134 e:/arm_toolchein/bin/../lib/gcc/arm-none-eabi/4.9.3/../../../../arm-none-eabi/lib/armv7-m\libg.a(lib_a-strtoul.o)
                0x08006320                _strtoul_r
 .text._strtoull_r
                0x08006454      0x1e8 e:/arm_toolchein/bin/../lib/gcc/arm-none-eabi/4.9.3/../../../../arm-none-eabi/lib/armv7-m\libg.a(lib_a-strtoull_r.o)
                0x08006454                _strtoull_r
 .text._sungetc_r
                0x0800663c       0x88 e:/arm_toolchein/bin/../lib/gcc/arm-none-eabi/4.9.3/../../../../arm-none-eabi/lib/armv7-m\libg.a(lib_a-svfiscanf.o)
                0x0800663c                _sungetc_r
 .text.__ssrefill_r
                0x080066c4       0x3c e:/arm_toolchein/bin/../lib/gcc/arm-none-eabi/4.9.3/../../../../arm-none-eabi/lib/armv7-m\libg.a(lib_a-svfiscanf.o)
                0x080066c4                __ssrefill_r
 .text._sfread_r
                0x08006700       0x80 e:/arm_toolchein/bin/../lib/gcc/arm-none-eabi/4.9.3/../../../../arm-none-eabi/lib/armv7-m\libg.a(lib_a-svfiscanf.o)
                0x08006700                _sfread_r
 .text._svfprintf_r
                0x08006780     0x14f4 e:/arm_toolchein/bin/../lib/gcc/arm-none-eabi/4.9.3/../../../../arm-none-eabi/lib/armv7-m\libg.a(lib_a-svfprintf.o)
                0x08006780                _svfprintf_r
 .text.__submore
                0x08007c74       0x7c e:/arm_toolchein/bin/../lib/gcc/arm-none-eabi/4.9.3/../../../../arm-none-eabi/lib/armv7-m\libg.a(lib_a-ungetc.o)
                0x08007c74                __submore
 .text.quorem   0x08007cf0      0x130 e:/arm_toolchein/bin/../lib/gcc/arm-none-eabi/4.9.3/../../../../arm-none-eabi/lib/armv7-m\libg.a(lib_a-dtoa.o)
 .text._dtoa_r  0x08007e20      0xea8 e:/arm_toolchein/bin/../lib/gcc/arm-none-eabi/4.9.3/../../../../arm-none-eabi/lib/armv7-m\libg.a(lib_a-dtoa.o)
                0x08007e20                _dtoa_r
 .text._malloc_trim_r
                0x08008cc8       0x9c e:/arm_toolchein/bin/../lib/gcc/arm-none-eabi/4.9.3/../../../../arm-none-eabi/lib/armv7-m\libg.a(lib_a-freer.o)
                0x08008cc8                _malloc_trim_r
 .text._free_r  0x08008d64      0x1b0 e:/arm_toolchein/bin/../lib/gcc/arm-none-eabi/4.9.3/../../../../arm-none-eabi/lib/armv7-m\libg.a(lib_a-freer.o)
                0x08008d64                _free_r
 .text.rshift   0x08008f14       0xa0 e:/arm_toolchein/bin/../lib/gcc/arm-none-eabi/4.9.3/../../../../arm-none-eabi/lib/armv7-m\libg.a(lib_a-gdtoa-gethex.o)
 .text.__gethex
                0x08008fb4      0x514 e:/arm_toolchein/bin/../lib/gcc/arm-none-eabi/4.9.3/../../../../arm-none-eabi/lib/armv7-m\libg.a(lib_a-gdtoa-gethex.o)
                0x08008fb4                __gethex
 .text.__hexnan
                0x080094c8      0x184 e:/arm_toolchein/bin/../lib/gcc/arm-none-eabi/4.9.3/../../../../arm-none-eabi/lib/armv7-m\libg.a(lib_a-gdtoa-hexnan.o)
                0x080094c8                __hexnan
 .text._malloc_r
                0x0800964c      0x50c e:/arm_toolchein/bin/../lib/gcc/arm-none-eabi/4.9.3/../../../../arm-none-eabi/lib/armv7-m\libg.a(lib_a-mallocr.o)
                0x0800964c                _malloc_r
 .text          0x08009b58       0xec e:/arm_toolchein/bin/../lib/gcc/arm-none-eabi/4.9.3/../../../../arm-none-eabi/lib/armv7-m\libg.a(lib_a-memcpy.o)
                0x08009b58                memcpy
 .text.__malloc_lock
                0x08009c44        0x4 e:/arm_toolchein/bin/../lib/gcc/arm-none-eabi/4.9.3/../../../../arm-none-eabi/lib/armv7-m\libg.a(lib_a-mlock.o)
                0x08009c44                __malloc_lock
 .text.__malloc_unlock
                0x08009c48        0x4 e:/arm_toolchein/bin/../lib/gcc/arm-none-eabi/4.9.3/../../../../arm-none-eabi/lib/armv7-m\libg.a(lib_a-mlock.o)
                0x08009c48                __malloc_unlock
 .text._Balloc  0x08009c4c       0x50 e:/arm_toolchein/bin/../lib/gcc/arm-none-eabi/4.9.3/../../../../arm-none-eabi/lib/armv7-m\libg.a(lib_a-mprec.o)
                0x08009c4c                _Balloc
 .text._Bfree   0x08009c9c       0x14 e:/arm_toolchein/bin/../lib/gcc/arm-none-eabi/4.9.3/../../../../arm-none-eabi/lib/armv7-m\libg.a(lib_a-mprec.o)
                0x08009c9c                _Bfree
 .text.__multadd
                0x08009cb0       0x84 e:/arm_toolchein/bin/../lib/gcc/arm-none-eabi/4.9.3/../../../../arm-none-eabi/lib/armv7-m\libg.a(lib_a-mprec.o)
                0x08009cb0                __multadd
 .text.__s2b    0x08009d34       0x98 e:/arm_toolchein/bin/../lib/gcc/arm-none-eabi/4.9.3/../../../../arm-none-eabi/lib/armv7-m\libg.a(lib_a-mprec.o)
                0x08009d34                __s2b
 .text.__hi0bits
                0x08009dcc       0x40 e:/arm_toolchein/bin/../lib/gcc/arm-none-eabi/4.9.3/../../../../arm-none-eabi/lib/armv7-m\libg.a(lib_a-mprec.o)
                0x08009dcc                __hi0bits
 .text.__lo0bits
                0x08009e0c       0x5c e:/arm_toolchein/bin/../lib/gcc/arm-none-eabi/4.9.3/../../../../arm-none-eabi/lib/armv7-m\libg.a(lib_a-mprec.o)
                0x08009e0c                __lo0bits
 .text.__i2b    0x08009e68       0x14 e:/arm_toolchein/bin/../lib/gcc/arm-none-eabi/4.9.3/../../../../arm-none-eabi/lib/armv7-m\libg.a(lib_a-mprec.o)
                0x08009e68                __i2b
 .text.__multiply
                0x08009e7c      0x140 e:/arm_toolchein/bin/../lib/gcc/arm-none-eabi/4.9.3/../../../../arm-none-eabi/lib/armv7-m\libg.a(lib_a-mprec.o)
                0x08009e7c                __multiply
 .text.__pow5mult
                0x08009fbc       0xa0 e:/arm_toolchein/bin/../lib/gcc/arm-none-eabi/4.9.3/../../../../arm-none-eabi/lib/armv7-m\libg.a(lib_a-mprec.o)
                0x08009fbc                __pow5mult
 .text.__lshift
                0x0800a05c       0xb0 e:/arm_toolchein/bin/../lib/gcc/arm-none-eabi/4.9.3/../../../../arm-none-eabi/lib/armv7-m\libg.a(lib_a-mprec.o)
                0x0800a05c                __lshift
 .text.__mcmp   0x0800a10c       0x48 e:/arm_toolchein/bin/../lib/gcc/arm-none-eabi/4.9.3/../../../../arm-none-eabi/lib/armv7-m\libg.a(lib_a-mprec.o)
                0x0800a10c                __mcmp
 .text.__mdiff  0x0800a154       0xe4 e:/arm_toolchein/bin/../lib/gcc/arm-none-eabi/4.9.3/../../../../arm-none-eabi/lib/armv7-m\libg.a(lib_a-mprec.o)
                0x0800a154                __mdiff
 .text.__ulp    0x0800a238       0x44 e:/arm_toolchein/bin/../lib/gcc/arm-none-eabi/4.9.3/../../../../arm-none-eabi/lib/armv7-m\libg.a(lib_a-mprec.o)
                0x0800a238                __ulp
 .text.__b2d    0x0800a27c       0xd0 e:/arm_toolchein/bin/../lib/gcc/arm-none-eabi/4.9.3/../../../../arm-none-eabi/lib/armv7-m\libg.a(lib_a-mprec.o)
                0x0800a27c                __b2d
 .text.__d2b    0x0800a34c       0xa8 e:/arm_toolchein/bin/../lib/gcc/arm-none-eabi/4.9.3/../../../../arm-none-eabi/lib/armv7-m\libg.a(lib_a-mprec.o)
                0x0800a34c                __d2b
 .text.__ratio  0x0800a3f4       0x58 e:/arm_toolchein/bin/../lib/gcc/arm-none-eabi/4.9.3/../../../../arm-none-eabi/lib/armv7-m\libg.a(lib_a-mprec.o)
                0x0800a3f4                __ratio
 .text.__copybits
                0x0800a44c       0x48 e:/arm_toolchein/bin/../lib/gcc/arm-none-eabi/4.9.3/../../../../arm-none-eabi/lib/armv7-m\libg.a(lib_a-mprec.o)
                0x0800a44c                __copybits
 .text.__any_on
                0x0800a494       0x5c e:/arm_toolchein/bin/../lib/gcc/arm-none-eabi/4.9.3/../../../../arm-none-eabi/lib/armv7-m\libg.a(lib_a-mprec.o)
                0x0800a494                __any_on
 .text._realloc_r
                0x0800a4f0      0x3e0 e:/arm_toolchein/bin/../lib/gcc/arm-none-eabi/4.9.3/../../../../arm-none-eabi/lib/armv7-m\libg.a(lib_a-reallocr.o)
                0x0800a4f0                _realloc_r
 .text._sbrk_r  0x0800a8d0       0x24 e:/arm_toolchein/bin/../lib/gcc/arm-none-eabi/4.9.3/../../../../arm-none-eabi/lib/armv7-m\libg.a(lib_a-sbrkr.o)
                0x0800a8d0                _sbrk_r
 .text.strncmp  0x0800a8f4       0x94 e:/arm_toolchein/bin/../lib/gcc/arm-none-eabi/4.9.3/../../../../arm-none-eabi/lib/armv7-m\libg.a(lib_a-strncmp.o)
                0x0800a8f4                strncmp
 .text.__ssprint_r
                0x0800a988      0x104 e:/arm_toolchein/bin/../lib/gcc/arm-none-eabi/4.9.3/../../../../arm-none-eabi/lib/armv7-m\libg.a(lib_a-svfiprintf.o)
                0x0800a988                __ssprint_r
 .text._calloc_r
                0x0800aa8c       0x60 e:/arm_toolchein/bin/../lib/gcc/arm-none-eabi/4.9.3/../../../../arm-none-eabi/lib/armv7-m\libg.a(lib_a-callocr.o)
                0x0800aa8c                _calloc_r
 .text.memmove  0x0800aaec       0xc8 e:/arm_toolchein/bin/../lib/gcc/arm-none-eabi/4.9.3/../../../../arm-none-eabi/lib/armv7-m\libg.a(lib_a-memmove.o)
                0x0800aaec                memmove
 .text          0x0800abb4      0x110 e:/arm_toolchein/bin/../lib/gcc/arm-none-eabi/4.9.3/armv7-m\libgcc.a(_arm_cmpdf2.o)
                0x0800abb4                __gtdf2
                0x0800abb4                __gedf2
                0x0800abbc                __ltdf2
                0x0800abbc                __ledf2
                0x0800abc4                __nedf2
                0x0800abc4                __eqdf2
                0x0800abc4                __cmpdf2
                0x0800ac40                __aeabi_cdrcmple
                0x0800ac50                __aeabi_cdcmpeq
                0x0800ac50                __aeabi_cdcmple
                0x0800ac60                __aeabi_dcmpeq
                0x0800ac74                __aeabi_dcmplt
                0x0800ac88                __aeabi_dcmple
                0x0800ac9c                __aeabi_dcmpge
                0x0800acb0                __aeabi_dcmpgt
 .text          0x0800acc4       0x50 e:/arm_toolchein/bin/../lib/gcc/arm-none-eabi/4.9.3/armv7-m\libgcc.a(_arm_fixdfsi.o)
                0x0800acc4                __aeabi_d2iz
                0x0800acc4                __fixdfsi
 .text          0x0800ad14       0xa0 e:/arm_toolchein/bin/../lib/gcc/arm-none-eabi/4.9.3/armv7-m\libgcc.a(_arm_truncdfsf2.o)
                0x0800ad14                __truncdfsf2
                0x0800ad14                __aeabi_d2f
 .text          0x0800adb4       0x30 e:/arm_toolchein/bin/../lib/gcc/arm-none-eabi/4.9.3/armv7-m\libgcc.a(_aeabi_uldivmod.o)
                0x0800adb4                __aeabi_uldivmod
 .text          0x0800ade4       0x60 e:/arm_toolchein/bin/../lib/gcc/arm-none-eabi/4.9.3/armv7-m\libgcc.a(bpabi.o)
                0x0800ade4                __gnu_ldivmod_helper
                0x0800ae14                __gnu_uldivmod_helper
 .text          0x0800ae44        0x4 e:/arm_toolchein/bin/../lib/gcc/arm-none-eabi/4.9.3/armv7-m\libgcc.a(_dvmd_tls.o)
                0x0800ae44                __aeabi_idiv0
                0x0800ae44                __aeabi_ldiv0
 .text          0x0800ae48      0x2ac e:/arm_toolchein/bin/../lib/gcc/arm-none-eabi/4.9.3/armv7-m\libgcc.a(_divdi3.o)
                0x0800ae48                __divdi3
 .text          0x0800b0f4      0x270 e:/arm_toolchein/bin/../lib/gcc/arm-none-eabi/4.9.3/armv7-m\libgcc.a(_udivdi3.o)
                0x0800b0f4                __udivdi3
 *(.init)
 *(.fini)
 *crtbegin.o(.ctors)
 *crtbegin?.o(.ctors)
 *(EXCLUDE_FILE(*crtend.o *crtend?.o) .ctors)
 *(SORT(.ctors.*))
 *(.ctors)
 *crtbegin.o(.dtors)
 *crtbegin?.o(.dtors)
 *(EXCLUDE_FILE(*crtend.o *crtend?.o) .dtors)
 *(SORT(.dtors.*))
 *(.dtors)
 *(.rodata*)
 .rodata        0x0800b364       0x50 ..\obj\stm32f10x_tim.o
 .rodata        0x0800b3b4       0x50 ..\obj\stm32f10x_gpio.o
 .rodata        0x0800b404       0x50 ..\obj\stm32f10x_rcc.o
 .rodata        0x0800b454       0x50 ..\obj\stm32f10x_usart.o
 .rodata        0x0800b4a4       0x48 ..\obj\misc.o
 .rodata        0x0800b4ec      0x120 ..\obj\esp8266.o
 .rodata.basefix.6867
                0x0800b60c       0x24 e:/arm_toolchein/bin/../lib/gcc/arm-none-eabi/4.9.3/../../../../arm-none-eabi/lib/armv7-m\libg.a(lib_a-svfscanf.o)
 .rodata.str1.4
                0x0800b630        0x5 e:/arm_toolchein/bin/../lib/gcc/arm-none-eabi/4.9.3/../../../../arm-none-eabi/lib/armv7-m\libg.a(lib_a-svfscanf.o)
                                  0x8 (size before relaxing)
 *fill*         0x0800b635        0x3 
 .rodata._ctype_
                0x0800b638      0x104 e:/arm_toolchein/bin/../lib/gcc/arm-none-eabi/4.9.3/../../../../arm-none-eabi/lib/armv7-m\libg.a(lib_a-ctype_.o)
                0x0800b638                _ctype_
 .rodata.str1.4
                0x0800b73c        0x2 e:/arm_toolchein/bin/../lib/gcc/arm-none-eabi/4.9.3/../../../../arm-none-eabi/lib/armv7-m\libg.a(lib_a-impure.o)
                                  0x4 (size before relaxing)
 *fill*         0x0800b73e        0x2 
 .rodata.str1.4
                0x0800b740        0xa e:/arm_toolchein/bin/../lib/gcc/arm-none-eabi/4.9.3/../../../../arm-none-eabi/lib/armv7-m\libg.a(lib_a-locale.o)
                                 0x14 (size before relaxing)
 .rodata.str1.4
                0x00000000        0x4 e:/arm_toolchein/bin/../lib/gcc/arm-none-eabi/4.9.3/../../../../arm-none-eabi/lib/armv7-m\libg.a(lib_a-mbrtowc.o)
 *fill*         0x0800b74a        0x2 
 .rodata.fpinan.5301
                0x0800b74c       0x14 e:/arm_toolchein/bin/../lib/gcc/arm-none-eabi/4.9.3/../../../../arm-none-eabi/lib/armv7-m\libg.a(lib_a-strtod.o)
 .rodata.str1.4
                0x0800b760        0xf e:/arm_toolchein/bin/../lib/gcc/arm-none-eabi/4.9.3/../../../../arm-none-eabi/lib/armv7-m\libg.a(lib_a-strtod.o)
                                 0x10 (size before relaxing)
 *fill*         0x0800b76f        0x1 
 .rodata.fpi.5265
                0x0800b770       0x14 e:/arm_toolchein/bin/../lib/gcc/arm-none-eabi/4.9.3/../../../../arm-none-eabi/lib/armv7-m\libg.a(lib_a-strtod.o)
 *fill*         0x0800b784        0x4 
 .rodata.tinytens
                0x0800b788       0x28 e:/arm_toolchein/bin/../lib/gcc/arm-none-eabi/4.9.3/../../../../arm-none-eabi/lib/armv7-m\libg.a(lib_a-strtod.o)
 .rodata.zeroes.6916
                0x0800b7b0       0x10 e:/arm_toolchein/bin/../lib/gcc/arm-none-eabi/4.9.3/../../../../arm-none-eabi/lib/armv7-m\libg.a(lib_a-svfprintf.o)
 .rodata.str1.4
                0x0800b7c0       0x42 e:/arm_toolchein/bin/../lib/gcc/arm-none-eabi/4.9.3/../../../../arm-none-eabi/lib/armv7-m\libg.a(lib_a-svfprintf.o)
                                 0x44 (size before relaxing)
 *fill*         0x0800b802        0x2 
 .rodata.blanks.6915
                0x0800b804       0x10 e:/arm_toolchein/bin/../lib/gcc/arm-none-eabi/4.9.3/../../../../arm-none-eabi/lib/armv7-m\libg.a(lib_a-svfprintf.o)
 .rodata.str1.4
                0x0800b814       0x10 e:/arm_toolchein/bin/../lib/gcc/arm-none-eabi/4.9.3/../../../../arm-none-eabi/lib/armv7-m\libg.a(lib_a-dtoa.o)
                                 0x14 (size before relaxing)
 .rodata.__hexdig
                0x0800b824      0x100 e:/arm_toolchein/bin/../lib/gcc/arm-none-eabi/4.9.3/../../../../arm-none-eabi/lib/armv7-m\libg.a(lib_a-gdtoa-gethex.o)
                0x0800b824                __hexdig
 .rodata.p05.5296
                0x0800b924        0xc e:/arm_toolchein/bin/../lib/gcc/arm-none-eabi/4.9.3/../../../../arm-none-eabi/lib/armv7-m\libg.a(lib_a-mprec.o)
 .rodata.__mprec_tens
                0x0800b930       0xc8 e:/arm_toolchein/bin/../lib/gcc/arm-none-eabi/4.9.3/../../../../arm-none-eabi/lib/armv7-m\libg.a(lib_a-mprec.o)
                0x0800b930                __mprec_tens
 .rodata.__mprec_bigtens
                0x0800b9f8       0x28 e:/arm_toolchein/bin/../lib/gcc/arm-none-eabi/4.9.3/../../../../arm-none-eabi/lib/armv7-m\libg.a(lib_a-mprec.o)
                0x0800b9f8                __mprec_bigtens
 *(.eh_fram e*)

.glue_7         0x0800ba20        0x0
 .glue_7        0x00000000        0x0 linker stubs

.glue_7t        0x0800ba20        0x0
 .glue_7t       0x00000000        0x0 linker stubs

.vfp11_veneer   0x0800ba20        0x0
 .vfp11_veneer  0x00000000        0x0 linker stubs

.v4_bx          0x0800ba20        0x0
 .v4_bx         0x00000000        0x0 linker stubs

.iplt           0x0800ba20        0x0
 .iplt          0x00000000        0x0 ..\obj\stm32f10x_tim.o

.ARM.extab
 *(.ARM.extab* .gnu.linkonce.armextab.*)
                0x0800ba20                __exidx_start = .

.ARM.exidx      0x0800ba20        0x8
 *(.ARM.exidx* .gnu.linkonce.armexidx.*)
 .ARM.exidx     0x0800ba20        0x8 e:/arm_toolchein/bin/../lib/gcc/arm-none-eabi/4.9.3/armv7-m\libgcc.a(_divdi3.o)
 .ARM.exidx     0x0800ba28        0x0 e:/arm_toolchein/bin/../lib/gcc/arm-none-eabi/4.9.3/armv7-m\libgcc.a(_udivdi3.o)
                                  0x8 (size before relaxing)
                0x0800ba28                __exidx_end = .
                0x0800ba28                __etext = .
                0x0800ba28                _sidata = __etext

.rel.dyn        0x0800ba28        0x0
 .rel.iplt      0x00000000        0x0 ..\obj\stm32f10x_tim.o

.data           0x20000000      0x8e4 load address 0x0800ba28
                0x20000000                __data_start__ = .
                0x20000000                _sdata = __data_start__
 *(vtable)
 *(.data*)
 .data          0x20000000       0x14 ..\obj\stm32f10x_rcc.o
 *fill*         0x20000014        0x4 
 .data          0x20000018        0x8 ..\obj\channels.o
                0x20000018                coeff
 .data          0x20000020       0x20 ..\obj\esp8266.o
                0x20000020                channel
 .data.__ctype_ptr__
                0x20000040        0x4 e:/arm_toolchein/bin/../lib/gcc/arm-none-eabi/4.9.3/../../../../arm-none-eabi/lib/armv7-m\libg.a(lib_a-ctype_.o)
                0x20000040                __ctype_ptr__
 *fill*         0x20000044        0x4 
 .data.impure_data
                0x20000048      0x428 e:/arm_toolchein/bin/../lib/gcc/arm-none-eabi/4.9.3/../../../../arm-none-eabi/lib/armv7-m\libg.a(lib_a-impure.o)
 .data._impure_ptr
                0x20000470        0x4 e:/arm_toolchein/bin/../lib/gcc/arm-none-eabi/4.9.3/../../../../arm-none-eabi/lib/armv7-m\libg.a(lib_a-impure.o)
                0x20000470                _impure_ptr
 .data.lconv    0x20000474       0x38 e:/arm_toolchein/bin/../lib/gcc/arm-none-eabi/4.9.3/../../../../arm-none-eabi/lib/armv7-m\libg.a(lib_a-locale.o)
 .data.lc_ctype_charset
                0x200004ac       0x20 e:/arm_toolchein/bin/../lib/gcc/arm-none-eabi/4.9.3/../../../../arm-none-eabi/lib/armv7-m\libg.a(lib_a-locale.o)
 .data.__mb_cur_max
                0x200004cc        0x4 e:/arm_toolchein/bin/../lib/gcc/arm-none-eabi/4.9.3/../../../../arm-none-eabi/lib/armv7-m\libg.a(lib_a-locale.o)
                0x200004cc                __mb_cur_max
 .data.__mbtowc
                0x200004d0        0x4 e:/arm_toolchein/bin/../lib/gcc/arm-none-eabi/4.9.3/../../../../arm-none-eabi/lib/armv7-m\libg.a(lib_a-mbtowc_r.o)
                0x200004d0                __mbtowc
 .data.__malloc_av_
                0x200004d4      0x408 e:/arm_toolchein/bin/../lib/gcc/arm-none-eabi/4.9.3/../../../../arm-none-eabi/lib/armv7-m\libg.a(lib_a-mallocr.o)
                0x200004d4                __malloc_av_
 .data.__malloc_trim_threshold
                0x200008dc        0x4 e:/arm_toolchein/bin/../lib/gcc/arm-none-eabi/4.9.3/../../../../arm-none-eabi/lib/armv7-m\libg.a(lib_a-mallocr.o)
                0x200008dc                __malloc_trim_threshold
 .data.__malloc_sbrk_base
                0x200008e0        0x4 e:/arm_toolchein/bin/../lib/gcc/arm-none-eabi/4.9.3/../../../../arm-none-eabi/lib/armv7-m\libg.a(lib_a-mallocr.o)
                0x200008e0                __malloc_sbrk_base
                0x200008e4                . = ALIGN (0x4)
                0x200008e4                PROVIDE (__preinit_array_start, .)
 *(.preinit_array)
                0x200008e4                PROVIDE (__preinit_array_end, .)
                0x200008e4                . = ALIGN (0x4)
                0x200008e4                PROVIDE (__init_array_start, .)
 *(SORT(.init_array.*))
 *(.init_array)
                0x200008e4                PROVIDE (__init_array_end, .)
                0x200008e4                . = ALIGN (0x4)
                0x200008e4                PROVIDE (__fini_array_start, .)
 *(SORT(.fini_array.*))
 *(.fini_array)
                0x200008e4                PROVIDE (__fini_array_end, .)
 *(.jcr*)
                0x200008e4                . = ALIGN (0x4)
                0x200008e4                __data_end__ = .
                0x200008e4                _edata = __data_end__

.igot.plt       0x200008e4        0x0 load address 0x0800c30c
 .igot.plt      0x00000000        0x0 ..\obj\stm32f10x_tim.o

.bss            0x200008e4      0x2f4 load address 0x0800c30c
                0x200008e4                . = ALIGN (0x4)
                0x200008e4                __bss_start__ = .
                0x200008e4                _sbss = __bss_start__
 *(.bss*)
 .bss           0x200008e4       0x38 ..\obj\uart.o
                0x200008e4                UART1_rx_wr_index
                0x200008e8                UART1_rx_rd_index
                0x200008ec                UART1_rx_counter
                0x200008f0                UART1_rx_buffer_overflow
                0x200008f4                UART1_tx_wr_index
                0x200008f8                UART1_tx_rd_index
                0x200008fc                UART1_tx_counter
                0x20000900                UART3_rx_wr_index
                0x20000904                UART3_rx_rd_index
                0x20000908                UART3_rx_counter
                0x2000090c                UART3_rx_buffer_overflow
                0x20000910                UART3_tx_wr_index
                0x20000914                UART3_tx_rd_index
                0x20000918                UART3_tx_counter
 .bss           0x2000091c        0x4 ..\obj\syscalls.o
 .bss.__malloc_max_total_mem
                0x20000920        0x4 e:/arm_toolchein/bin/../lib/gcc/arm-none-eabi/4.9.3/../../../../arm-none-eabi/lib/armv7-m\libg.a(lib_a-mallocr.o)
                0x20000920                __malloc_max_total_mem
 .bss.__malloc_max_sbrked_mem
                0x20000924        0x4 e:/arm_toolchein/bin/../lib/gcc/arm-none-eabi/4.9.3/../../../../arm-none-eabi/lib/armv7-m\libg.a(lib_a-mallocr.o)
                0x20000924                __malloc_max_sbrked_mem
 .bss.__malloc_top_pad
                0x20000928        0x4 e:/arm_toolchein/bin/../lib/gcc/arm-none-eabi/4.9.3/../../../../arm-none-eabi/lib/armv7-m\libg.a(lib_a-mallocr.o)
                0x20000928                __malloc_top_pad
 .bss.__malloc_current_mallinfo
                0x2000092c       0x28 e:/arm_toolchein/bin/../lib/gcc/arm-none-eabi/4.9.3/../../../../arm-none-eabi/lib/armv7-m\libg.a(lib_a-mallocr.o)
                0x2000092c                __malloc_current_mallinfo
 *(COMMON)
 COMMON         0x20000954      0x280 ..\obj\uart.o
                0x20000954                UART1_rx_buffer
                0x200009d4                UART3_tx_buffer
                0x20000a54                UART1_tx_buffer
                0x20000ad4                UART3_rx_buffer
                0x20000b54                Buffer
 COMMON         0x20000bd4        0x4 e:/arm_toolchein/bin/../lib/gcc/arm-none-eabi/4.9.3/../../../../arm-none-eabi/lib/armv7-m\libg.a(lib_a-reent.o)
                0x20000bd4                errno
                0x20000bd8                . = ALIGN (0x4)
                0x20000bd8                __bss_end__ = .
                0x20000bd8                _ebss = __bss_end__

.heap           0x20000bd8        0x0
                0x20000bd8                __end__ = .
                0x20000bd8                _end = __end__
                0x20000bd8                end = __end__
 *(.heap*)
                0x20000bd8                __HeapLimit = .

.co_stack       0x20000bd8      0x400 load address 0x0800c600
                0x20000bd8                . = ALIGN (0x8)
 *(.co_stack .co_stack.*)
 .co_stack      0x20000bd8      0x400 ..\obj\startup_stm32f10x_md.o
                0x20000bd8                pulStack
                0x20005000                __StackTop = (ORIGIN (ram) + 0x5000)
                0x20004c00                __StackLimit = (__StackTop - SIZEOF (.co_stack))
                0x20005000                PROVIDE (__stack, __StackTop)
                0x00000001                ASSERT ((__StackLimit >= __HeapLimit), region ram  overflowed with stack)
LOAD ..\obj\stm32f10x_tim.o
LOAD ..\obj\system_stm32f10x.o
LOAD ..\obj\uart.o
LOAD ..\obj\startup_stm32f10x_md.o
LOAD ..\obj\stm32f10x_gpio.o
LOAD ..\obj\main.o
LOAD ..\obj\stm32f10x_rcc.o
LOAD ..\obj\stm32f10x_usart.o
LOAD ..\obj\peripheral.o
LOAD ..\obj\syscalls.o
LOAD ..\obj\channels.o
LOAD ..\obj\misc.o
LOAD ..\obj\esp8266.o
START GROUP
LOAD e:/arm_toolchein/bin/../lib/gcc/arm-none-eabi/4.9.3/armv7-m\libgcc.a
LOAD e:/arm_toolchein/bin/../lib/gcc/arm-none-eabi/4.9.3/../../../../arm-none-eabi/lib/armv7-m\libg.a
LOAD e:/arm_toolchein/bin/../lib/gcc/arm-none-eabi/4.9.3/../../../../arm-none-eabi/lib/armv7-m\libc.a
END GROUP
OUTPUT(PWM1.elf elf32-littlearm)

.debug_info     0x00000000     0x5d74
 .debug_info    0x00000000     0x1c58 ..\obj\stm32f10x_tim.o
 .debug_info    0x00001c58      0x479 ..\obj\system_stm32f10x.o
 .debug_info    0x000020d1      0x8b6 ..\obj\uart.o
 .debug_info    0x00002987       0xe9 ..\obj\startup_stm32f10x_md.o
 .debug_info    0x00002a70      0x6f3 ..\obj\stm32f10x_gpio.o
 .debug_info    0x00003163      0x13b ..\obj\main.o
 .debug_info    0x0000329e      0x88d ..\obj\stm32f10x_rcc.o
 .debug_info    0x00003b2b      0x9e8 ..\obj\stm32f10x_usart.o
 .debug_info    0x00004513      0x533 ..\obj\peripheral.o
 .debug_info    0x00004a46      0x3ee ..\obj\syscalls.o
 .debug_info    0x00004e34      0x76f ..\obj\channels.o
 .debug_info    0x000055a3      0x53d ..\obj\misc.o
 .debug_info    0x00005ae0      0x294 ..\obj\esp8266.o

.debug_abbrev   0x00000000     0x1158
 .debug_abbrev  0x00000000      0x196 ..\obj\stm32f10x_tim.o
 .debug_abbrev  0x00000196      0x14c ..\obj\system_stm32f10x.o
 .debug_abbrev  0x000002e2      0x20d ..\obj\uart.o
 .debug_abbrev  0x000004ef       0xa7 ..\obj\startup_stm32f10x_md.o
 .debug_abbrev  0x00000596      0x1c8 ..\obj\stm32f10x_gpio.o
 .debug_abbrev  0x0000075e       0xbe ..\obj\main.o
 .debug_abbrev  0x0000081c      0x1b8 ..\obj\stm32f10x_rcc.o
 .debug_abbrev  0x000009d4      0x17c ..\obj\stm32f10x_usart.o
 .debug_abbrev  0x00000b50      0x14c ..\obj\peripheral.o
 .debug_abbrev  0x00000c9c       0xe2 ..\obj\syscalls.o
 .debug_abbrev  0x00000d7e      0x16f ..\obj\channels.o
 .debug_abbrev  0x00000eed      0x145 ..\obj\misc.o
 .debug_abbrev  0x00001032      0x126 ..\obj\esp8266.o

.debug_aranges  0x00000000      0x868
 .debug_aranges
                0x00000000      0x2f0 ..\obj\stm32f10x_tim.o
 .debug_aranges
                0x000002f0       0x38 ..\obj\system_stm32f10x.o
 .debug_aranges
                0x00000328       0x88 ..\obj\uart.o
 .debug_aranges
                0x000003b0       0x28 ..\obj\startup_stm32f10x_md.o
 .debug_aranges
                0x000003d8       0xa8 ..\obj\stm32f10x_gpio.o
 .debug_aranges
                0x00000480       0x28 ..\obj\main.o
 .debug_aranges
                0x000004a8      0x118 ..\obj\stm32f10x_rcc.o
 .debug_aranges
                0x000005c0      0x100 ..\obj\stm32f10x_usart.o
 .debug_aranges
                0x000006c0       0x40 ..\obj\peripheral.o
 .debug_aranges
                0x00000700       0x60 ..\obj\syscalls.o
 .debug_aranges
                0x00000760       0x88 ..\obj\channels.o
 .debug_aranges
                0x000007e8       0x40 ..\obj\misc.o
 .debug_aranges
                0x00000828       0x40 ..\obj\esp8266.o

.debug_ranges   0x00000000      0x798
 .debug_ranges  0x00000000      0x2e0 ..\obj\stm32f10x_tim.o
 .debug_ranges  0x000002e0       0x28 ..\obj\system_stm32f10x.o
 .debug_ranges  0x00000308       0x78 ..\obj\uart.o
 .debug_ranges  0x00000380       0x18 ..\obj\startup_stm32f10x_md.o
 .debug_ranges  0x00000398       0x98 ..\obj\stm32f10x_gpio.o
 .debug_ranges  0x00000430       0x18 ..\obj\main.o
 .debug_ranges  0x00000448      0x108 ..\obj\stm32f10x_rcc.o
 .debug_ranges  0x00000550       0xf0 ..\obj\stm32f10x_usart.o
 .debug_ranges  0x00000640       0x30 ..\obj\peripheral.o
 .debug_ranges  0x00000670       0x50 ..\obj\syscalls.o
 .debug_ranges  0x000006c0       0x78 ..\obj\channels.o
 .debug_ranges  0x00000738       0x30 ..\obj\misc.o
 .debug_ranges  0x00000768       0x30 ..\obj\esp8266.o

.debug_line     0x00000000     0x523a
 .debug_line    0x00000000     0x252d ..\obj\stm32f10x_tim.o
 .debug_line    0x0000252d      0x1e1 ..\obj\system_stm32f10x.o
 .debug_line    0x0000270e      0x3ec ..\obj\uart.o
 .debug_line    0x00002afa       0xaf ..\obj\startup_stm32f10x_md.o
 .debug_line    0x00002ba9      0x886 ..\obj\stm32f10x_gpio.o
 .debug_line    0x0000342f      0x14e ..\obj\main.o
 .debug_line    0x0000357d      0x74a ..\obj\stm32f10x_rcc.o
 .debug_line    0x00003cc7      0x9cb ..\obj\stm32f10x_usart.o
 .debug_line    0x00004692      0x236 ..\obj\peripheral.o
 .debug_line    0x000048c8      0x155 ..\obj\syscalls.o
 .debug_line    0x00004a1d      0x334 ..\obj\channels.o
 .debug_line    0x00004d51      0x29b ..\obj\misc.o
 .debug_line    0x00004fec      0x24e ..\obj\esp8266.o

.debug_str      0x00000000     0x26b6
 .debug_str     0x00000000      0xd2f ..\obj\stm32f10x_tim.o
                                0xdf2 (size before relaxing)
 .debug_str     0x00000d2f      0x17f ..\obj\system_stm32f10x.o
                                0x304 (size before relaxing)
 .debug_str     0x00000eae      0x772 ..\obj\uart.o
                                0x956 (size before relaxing)
 .debug_str     0x00001620       0xbd ..\obj\startup_stm32f10x_md.o
                                0x154 (size before relaxing)
 .debug_str     0x000016dd      0x26e ..\obj\stm32f10x_gpio.o
                                0x52e (size before relaxing)
 .debug_str     0x0000194b       0xa6 ..\obj\main.o
                                0x200 (size before relaxing)
 .debug_str     0x000019f1      0x3f5 ..\obj\stm32f10x_rcc.o
                                0x62f (size before relaxing)
 .debug_str     0x00001de6      0x3b6 ..\obj\stm32f10x_usart.o
                                0x6a5 (size before relaxing)
 .debug_str     0x0000219c       0xad ..\obj\peripheral.o
                                0x46f (size before relaxing)
 .debug_str     0x00002249      0x168 ..\obj\syscalls.o
                                0x2f2 (size before relaxing)
 .debug_str     0x000023b1      0x10b ..\obj\channels.o
                                0x5b9 (size before relaxing)
 .debug_str     0x000024bc      0x166 ..\obj\misc.o
                                0x3d3 (size before relaxing)
 .debug_str     0x00002622       0x94 ..\obj\esp8266.o
                                0x2a7 (size before relaxing)

.comment        0x00000000       0x70
 .comment       0x00000000       0x70 ..\obj\stm32f10x_tim.o
                                 0x71 (size before relaxing)
 .comment       0x00000000       0x71 ..\obj\system_stm32f10x.o
 .comment       0x00000000       0x71 ..\obj\uart.o
 .comment       0x00000000       0x71 ..\obj\startup_stm32f10x_md.o
 .comment       0x00000000       0x71 ..\obj\stm32f10x_gpio.o
 .comment       0x00000000       0x71 ..\obj\main.o
 .comment       0x00000000       0x71 ..\obj\stm32f10x_rcc.o
 .comment       0x00000000       0x71 ..\obj\stm32f10x_usart.o
 .comment       0x00000000       0x71 ..\obj\peripheral.o
 .comment       0x00000000       0x71 ..\obj\syscalls.o
 .comment       0x00000000       0x71 ..\obj\channels.o
 .comment       0x00000000       0x71 ..\obj\misc.o
 .comment       0x00000000       0x71 ..\obj\esp8266.o

.ARM.attributes
                0x00000000       0x31
 .ARM.attributes
                0x00000000       0x33 ..\obj\stm32f10x_tim.o
 .ARM.attributes
                0x00000033       0x33 ..\obj\system_stm32f10x.o
 .ARM.attributes
                0x00000066       0x33 ..\obj\uart.o
 .ARM.attributes
                0x00000099       0x33 ..\obj\startup_stm32f10x_md.o
 .ARM.attributes
                0x000000cc       0x33 ..\obj\stm32f10x_gpio.o
 .ARM.attributes
                0x000000ff       0x33 ..\obj\main.o
 .ARM.attributes
                0x00000132       0x33 ..\obj\stm32f10x_rcc.o
 .ARM.attributes
                0x00000165       0x33 ..\obj\stm32f10x_usart.o
 .ARM.attributes
                0x00000198       0x33 ..\obj\peripheral.o
 .ARM.attributes
                0x000001cb       0x33 ..\obj\syscalls.o
 .ARM.attributes
                0x000001fe       0x33 ..\obj\channels.o
 .ARM.attributes
                0x00000231       0x33 ..\obj\misc.o
 .ARM.attributes
                0x00000264       0x33 ..\obj\esp8266.o
 .ARM.attributes
                0x00000297       0x1d e:/arm_toolchein/bin/../lib/gcc/arm-none-eabi/4.9.3/armv7-m\libgcc.a(_arm_addsubdf3.o)
 .ARM.attributes
                0x000002b4       0x1d e:/arm_toolchein/bin/../lib/gcc/arm-none-eabi/4.9.3/armv7-m\libgcc.a(_arm_muldivdf3.o)
 .ARM.attributes
                0x000002d1       0x1d e:/arm_toolchein/bin/../lib/gcc/arm-none-eabi/4.9.3/armv7-m\libgcc.a(_arm_fixunsdfsi.o)
 .ARM.attributes
                0x000002ee       0x2d e:/arm_toolchein/bin/../lib/gcc/arm-none-eabi/4.9.3/../../../../arm-none-eabi/lib/armv7-m\libg.a(lib_a-sscanf.o)
 .ARM.attributes
                0x0000031b       0x2d e:/arm_toolchein/bin/../lib/gcc/arm-none-eabi/4.9.3/../../../../arm-none-eabi/lib/armv7-m\libg.a(lib_a-stdio.o)
 .ARM.attributes
                0x00000348       0x2d e:/arm_toolchein/bin/../lib/gcc/arm-none-eabi/4.9.3/../../../../arm-none-eabi/lib/armv7-m\libg.a(lib_a-strlen.o)
 .ARM.attributes
                0x00000375       0x2d e:/arm_toolchein/bin/../lib/gcc/arm-none-eabi/4.9.3/../../../../arm-none-eabi/lib/armv7-m\libg.a(lib_a-strstr.o)
 .ARM.attributes
                0x000003a2       0x2d e:/arm_toolchein/bin/../lib/gcc/arm-none-eabi/4.9.3/../../../../arm-none-eabi/lib/armv7-m\libg.a(lib_a-svfscanf.o)
 .ARM.attributes
                0x000003cf       0x2d e:/arm_toolchein/bin/../lib/gcc/arm-none-eabi/4.9.3/../../../../arm-none-eabi/lib/armv7-m\libg.a(lib_a-ctype_.o)
 .ARM.attributes
                0x000003fc       0x2d e:/arm_toolchein/bin/../lib/gcc/arm-none-eabi/4.9.3/../../../../arm-none-eabi/lib/armv7-m\libg.a(lib_a-impure.o)
 .ARM.attributes
                0x00000429       0x2d e:/arm_toolchein/bin/../lib/gcc/arm-none-eabi/4.9.3/../../../../arm-none-eabi/lib/armv7-m\libg.a(lib_a-iswspace.o)
 .ARM.attributes
                0x00000456       0x2d e:/arm_toolchein/bin/../lib/gcc/arm-none-eabi/4.9.3/../../../../arm-none-eabi/lib/armv7-m\libg.a(lib_a-locale.o)
 .ARM.attributes
                0x00000483       0x2d e:/arm_toolchein/bin/../lib/gcc/arm-none-eabi/4.9.3/../../../../arm-none-eabi/lib/armv7-m\libg.a(lib_a-mbrtowc.o)
 .ARM.attributes
                0x000004b0       0x2d e:/arm_toolchein/bin/../lib/gcc/arm-none-eabi/4.9.3/../../../../arm-none-eabi/lib/armv7-m\libg.a(lib_a-mbtowc_r.o)
 .ARM.attributes
                0x000004dd       0x2d e:/arm_toolchein/bin/../lib/gcc/arm-none-eabi/4.9.3/../../../../arm-none-eabi/lib/armv7-m\libg.a(lib_a-memchr.o)
 .ARM.attributes
                0x0000050a       0x2d e:/arm_toolchein/bin/../lib/gcc/arm-none-eabi/4.9.3/../../../../arm-none-eabi/lib/armv7-m\libg.a(lib_a-memcmp.o)
 .ARM.attributes
                0x00000537       0x2d e:/arm_toolchein/bin/../lib/gcc/arm-none-eabi/4.9.3/../../../../arm-none-eabi/lib/armv7-m\libg.a(lib_a-memset.o)
 .ARM.attributes
                0x00000564       0x2d e:/arm_toolchein/bin/../lib/gcc/arm-none-eabi/4.9.3/../../../../arm-none-eabi/lib/armv7-m\libg.a(lib_a-reent.o)
 .ARM.attributes
                0x00000591       0x2d e:/arm_toolchein/bin/../lib/gcc/arm-none-eabi/4.9.3/../../../../arm-none-eabi/lib/armv7-m\libg.a(lib_a-s_fpclassify.o)
 .ARM.attributes
                0x000005be       0x2d e:/arm_toolchein/bin/../lib/gcc/arm-none-eabi/4.9.3/../../../../arm-none-eabi/lib/armv7-m\libg.a(lib_a-sccl.o)
 .ARM.attributes
                0x000005eb       0x2d e:/arm_toolchein/bin/../lib/gcc/arm-none-eabi/4.9.3/../../../../arm-none-eabi/lib/armv7-m\libg.a(lib_a-sf_nan.o)
 .ARM.attributes
                0x00000618       0x2d e:/arm_toolchein/bin/../lib/gcc/arm-none-eabi/4.9.3/../../../../arm-none-eabi/lib/armv7-m\libg.a(lib_a-sprintf.o)
 .ARM.attributes
                0x00000645       0x2d e:/arm_toolchein/bin/../lib/gcc/arm-none-eabi/4.9.3/../../../../arm-none-eabi/lib/armv7-m\libg.a(lib_a-strchr.o)
 .ARM.attributes
                0x00000672       0x2d e:/arm_toolchein/bin/../lib/gcc/arm-none-eabi/4.9.3/../../../../arm-none-eabi/lib/armv7-m\libg.a(lib_a-strtod.o)
 .ARM.attributes
                0x0000069f       0x2d e:/arm_toolchein/bin/../lib/gcc/arm-none-eabi/4.9.3/../../../../arm-none-eabi/lib/armv7-m\libg.a(lib_a-strtol.o)
 .ARM.attributes
                0x000006cc       0x2d e:/arm_toolchein/bin/../lib/gcc/arm-none-eabi/4.9.3/../../../../arm-none-eabi/lib/armv7-m\libg.a(lib_a-strtoll_r.o)
 .ARM.attributes
                0x000006f9       0x2d e:/arm_toolchein/bin/../lib/gcc/arm-none-eabi/4.9.3/../../../../arm-none-eabi/lib/armv7-m\libg.a(lib_a-strtoul.o)
 .ARM.attributes
                0x00000726       0x2d e:/arm_toolchein/bin/../lib/gcc/arm-none-eabi/4.9.3/../../../../arm-none-eabi/lib/armv7-m\libg.a(lib_a-strtoull_r.o)
 .ARM.attributes
                0x00000753       0x2d e:/arm_toolchein/bin/../lib/gcc/arm-none-eabi/4.9.3/../../../../arm-none-eabi/lib/armv7-m\libg.a(lib_a-svfiscanf.o)
 .ARM.attributes
                0x00000780       0x2d e:/arm_toolchein/bin/../lib/gcc/arm-none-eabi/4.9.3/../../../../arm-none-eabi/lib/armv7-m\libg.a(lib_a-svfprintf.o)
 .ARM.attributes
                0x000007ad       0x2d e:/arm_toolchein/bin/../lib/gcc/arm-none-eabi/4.9.3/../../../../arm-none-eabi/lib/armv7-m\libg.a(lib_a-ungetc.o)
 .ARM.attributes
                0x000007da       0x2d e:/arm_toolchein/bin/../lib/gcc/arm-none-eabi/4.9.3/../../../../arm-none-eabi/lib/armv7-m\libg.a(lib_a-dtoa.o)
 .ARM.attributes
                0x00000807       0x2d e:/arm_toolchein/bin/../lib/gcc/arm-none-eabi/4.9.3/../../../../arm-none-eabi/lib/armv7-m\libg.a(lib_a-freer.o)
 .ARM.attributes
                0x00000834       0x2d e:/arm_toolchein/bin/../lib/gcc/arm-none-eabi/4.9.3/../../../../arm-none-eabi/lib/armv7-m\libg.a(lib_a-gdtoa-gethex.o)
 .ARM.attributes
                0x00000861       0x2d e:/arm_toolchein/bin/../lib/gcc/arm-none-eabi/4.9.3/../../../../arm-none-eabi/lib/armv7-m\libg.a(lib_a-gdtoa-hexnan.o)
 .ARM.attributes
                0x0000088e       0x2d e:/arm_toolchein/bin/../lib/gcc/arm-none-eabi/4.9.3/../../../../arm-none-eabi/lib/armv7-m\libg.a(lib_a-mallocr.o)
 .ARM.attributes
                0x000008bb       0x1b e:/arm_toolchein/bin/../lib/gcc/arm-none-eabi/4.9.3/../../../../arm-none-eabi/lib/armv7-m\libg.a(lib_a-memcpy.o)
 .ARM.attributes
                0x000008d6       0x2d e:/arm_toolchein/bin/../lib/gcc/arm-none-eabi/4.9.3/../../../../arm-none-eabi/lib/armv7-m\libg.a(lib_a-mlock.o)
 .ARM.attributes
                0x00000903       0x2d e:/arm_toolchein/bin/../lib/gcc/arm-none-eabi/4.9.3/../../../../arm-none-eabi/lib/armv7-m\libg.a(lib_a-mprec.o)
 .ARM.attributes
                0x00000930       0x2d e:/arm_toolchein/bin/../lib/gcc/arm-none-eabi/4.9.3/../../../../arm-none-eabi/lib/armv7-m\libg.a(lib_a-reallocr.o)
 .ARM.attributes
                0x0000095d       0x2d e:/arm_toolchein/bin/../lib/gcc/arm-none-eabi/4.9.3/../../../../arm-none-eabi/lib/armv7-m\libg.a(lib_a-sbrkr.o)
 .ARM.attributes
                0x0000098a       0x2d e:/arm_toolchein/bin/../lib/gcc/arm-none-eabi/4.9.3/../../../../arm-none-eabi/lib/armv7-m\libg.a(lib_a-strncmp.o)
 .ARM.attributes
                0x000009b7       0x2d e:/arm_toolchein/bin/../lib/gcc/arm-none-eabi/4.9.3/../../../../arm-none-eabi/lib/armv7-m\libg.a(lib_a-svfiprintf.o)
 .ARM.attributes
                0x000009e4       0x2d e:/arm_toolchein/bin/../lib/gcc/arm-none-eabi/4.9.3/../../../../arm-none-eabi/lib/armv7-m\libg.a(lib_a-callocr.o)
 .ARM.attributes
                0x00000a11       0x2d e:/arm_toolchein/bin/../lib/gcc/arm-none-eabi/4.9.3/../../../../arm-none-eabi/lib/armv7-m\libg.a(lib_a-memmove.o)
 .ARM.attributes
                0x00000a3e       0x1d e:/arm_toolchein/bin/../lib/gcc/arm-none-eabi/4.9.3/armv7-m\libgcc.a(_arm_cmpdf2.o)
 .ARM.attributes
                0x00000a5b       0x1d e:/arm_toolchein/bin/../lib/gcc/arm-none-eabi/4.9.3/armv7-m\libgcc.a(_arm_fixdfsi.o)
 .ARM.attributes
                0x00000a78       0x1d e:/arm_toolchein/bin/../lib/gcc/arm-none-eabi/4.9.3/armv7-m\libgcc.a(_arm_truncdfsf2.o)
 .ARM.attributes
                0x00000a95       0x1d e:/arm_toolchein/bin/../lib/gcc/arm-none-eabi/4.9.3/armv7-m\libgcc.a(_aeabi_uldivmod.o)
 .ARM.attributes
                0x00000ab2       0x2d e:/arm_toolchein/bin/../lib/gcc/arm-none-eabi/4.9.3/armv7-m\libgcc.a(bpabi.o)
 .ARM.attributes
                0x00000adf       0x1d e:/arm_toolchein/bin/../lib/gcc/arm-none-eabi/4.9.3/armv7-m\libgcc.a(_dvmd_tls.o)
 .ARM.attributes
                0x00000afc       0x2d e:/arm_toolchein/bin/../lib/gcc/arm-none-eabi/4.9.3/armv7-m\libgcc.a(_divdi3.o)
 .ARM.attributes
                0x00000b29       0x2d e:/arm_toolchein/bin/../lib/gcc/arm-none-eabi/4.9.3/armv7-m\libgcc.a(_udivdi3.o)

.debug_frame    0x00000000     0x31e8
 .debug_frame   0x00000000      0xd10 ..\obj\stm32f10x_tim.o
 .debug_frame   0x00000d10       0x98 ..\obj\system_stm32f10x.o
 .debug_frame   0x00000da8      0x204 ..\obj\uart.o
 .debug_frame   0x00000fac       0x4c ..\obj\startup_stm32f10x_md.o
 .debug_frame   0x00000ff8      0x2a0 ..\obj\stm32f10x_gpio.o
 .debug_frame   0x00001298       0x48 ..\obj\main.o
 .debug_frame   0x000012e0      0x488 ..\obj\stm32f10x_rcc.o
 .debug_frame   0x00001768      0x430 ..\obj\stm32f10x_usart.o
 .debug_frame   0x00001b98       0xc0 ..\obj\peripheral.o
 .debug_frame   0x00001c58      0x168 ..\obj\syscalls.o
 .debug_frame   0x00001dc0      0x220 ..\obj\channels.o
 .debug_frame   0x00001fe0       0xc4 ..\obj\misc.o
 .debug_frame   0x000020a4       0xac ..\obj\esp8266.o
 .debug_frame   0x00002150       0x88 e:/arm_toolchein/bin/../lib/gcc/arm-none-eabi/4.9.3/../../../../arm-none-eabi/lib/armv7-m\libg.a(lib_a-sscanf.o)
 .debug_frame   0x000021d8       0x88 e:/arm_toolchein/bin/../lib/gcc/arm-none-eabi/4.9.3/../../../../arm-none-eabi/lib/armv7-m\libg.a(lib_a-stdio.o)
 .debug_frame   0x00002260       0x20 e:/arm_toolchein/bin/../lib/gcc/arm-none-eabi/4.9.3/../../../../arm-none-eabi/lib/armv7-m\libg.a(lib_a-strlen.o)
 .debug_frame   0x00002280       0xd8 e:/arm_toolchein/bin/../lib/gcc/arm-none-eabi/4.9.3/../../../../arm-none-eabi/lib/armv7-m\libg.a(lib_a-strstr.o)
 .debug_frame   0x00002358       0x50 e:/arm_toolchein/bin/../lib/gcc/arm-none-eabi/4.9.3/../../../../arm-none-eabi/lib/armv7-m\libg.a(lib_a-svfscanf.o)
 .debug_frame   0x000023a8       0x20 e:/arm_toolchein/bin/../lib/gcc/arm-none-eabi/4.9.3/../../../../arm-none-eabi/lib/armv7-m\libg.a(lib_a-iswspace.o)
 .debug_frame   0x000023c8       0x9c e:/arm_toolchein/bin/../lib/gcc/arm-none-eabi/4.9.3/../../../../arm-none-eabi/lib/armv7-m\libg.a(lib_a-locale.o)
 .debug_frame   0x00002464       0x68 e:/arm_toolchein/bin/../lib/gcc/arm-none-eabi/4.9.3/../../../../arm-none-eabi/lib/armv7-m\libg.a(lib_a-mbrtowc.o)
 .debug_frame   0x000024cc       0x58 e:/arm_toolchein/bin/../lib/gcc/arm-none-eabi/4.9.3/../../../../arm-none-eabi/lib/armv7-m\libg.a(lib_a-mbtowc_r.o)
 .debug_frame   0x00002524       0x3c e:/arm_toolchein/bin/../lib/gcc/arm-none-eabi/4.9.3/../../../../arm-none-eabi/lib/armv7-m\libg.a(lib_a-memchr.o)
 .debug_frame   0x00002560       0x38 e:/arm_toolchein/bin/../lib/gcc/arm-none-eabi/4.9.3/../../../../arm-none-eabi/lib/armv7-m\libg.a(lib_a-memcmp.o)
 .debug_frame   0x00002598       0x34 e:/arm_toolchein/bin/../lib/gcc/arm-none-eabi/4.9.3/../../../../arm-none-eabi/lib/armv7-m\libg.a(lib_a-memset.o)
 .debug_frame   0x000025cc       0x58 e:/arm_toolchein/bin/../lib/gcc/arm-none-eabi/4.9.3/../../../../arm-none-eabi/lib/armv7-m\libg.a(lib_a-reent.o)
 .debug_frame   0x00002624       0x34 e:/arm_toolchein/bin/../lib/gcc/arm-none-eabi/4.9.3/../../../../arm-none-eabi/lib/armv7-m\libg.a(lib_a-s_fpclassify.o)
 .debug_frame   0x00002658       0x44 e:/arm_toolchein/bin/../lib/gcc/arm-none-eabi/4.9.3/../../../../arm-none-eabi/lib/armv7-m\libg.a(lib_a-sccl.o)
 .debug_frame   0x0000269c       0x20 e:/arm_toolchein/bin/../lib/gcc/arm-none-eabi/4.9.3/../../../../arm-none-eabi/lib/armv7-m\libg.a(lib_a-sf_nan.o)
 .debug_frame   0x000026bc       0x84 e:/arm_toolchein/bin/../lib/gcc/arm-none-eabi/4.9.3/../../../../arm-none-eabi/lib/armv7-m\libg.a(lib_a-sprintf.o)
 .debug_frame   0x00002740       0x4c e:/arm_toolchein/bin/../lib/gcc/arm-none-eabi/4.9.3/../../../../arm-none-eabi/lib/armv7-m\libg.a(lib_a-strchr.o)
 .debug_frame   0x0000278c       0x94 e:/arm_toolchein/bin/../lib/gcc/arm-none-eabi/4.9.3/../../../../arm-none-eabi/lib/armv7-m\libg.a(lib_a-strtod.o)
 .debug_frame   0x00002820       0x54 e:/arm_toolchein/bin/../lib/gcc/arm-none-eabi/4.9.3/../../../../arm-none-eabi/lib/armv7-m\libg.a(lib_a-strtol.o)
 .debug_frame   0x00002874       0x40 e:/arm_toolchein/bin/../lib/gcc/arm-none-eabi/4.9.3/../../../../arm-none-eabi/lib/armv7-m\libg.a(lib_a-strtoll_r.o)
 .debug_frame   0x000028b4       0x54 e:/arm_toolchein/bin/../lib/gcc/arm-none-eabi/4.9.3/../../../../arm-none-eabi/lib/armv7-m\libg.a(lib_a-strtoul.o)
 .debug_frame   0x00002908       0x40 e:/arm_toolchein/bin/../lib/gcc/arm-none-eabi/4.9.3/../../../../arm-none-eabi/lib/armv7-m\libg.a(lib_a-strtoull_r.o)
 .debug_frame   0x00002948       0xd8 e:/arm_toolchein/bin/../lib/gcc/arm-none-eabi/4.9.3/../../../../arm-none-eabi/lib/armv7-m\libg.a(lib_a-svfiscanf.o)
 .debug_frame   0x00002a20       0x40 e:/arm_toolchein/bin/../lib/gcc/arm-none-eabi/4.9.3/../../../../arm-none-eabi/lib/armv7-m\libg.a(lib_a-svfprintf.o)
 .debug_frame   0x00002a60       0x60 e:/arm_toolchein/bin/../lib/gcc/arm-none-eabi/4.9.3/../../../../arm-none-eabi/lib/armv7-m\libg.a(lib_a-ungetc.o)
 .debug_frame   0x00002ac0       0x84 e:/arm_toolchein/bin/../lib/gcc/arm-none-eabi/4.9.3/../../../../arm-none-eabi/lib/armv7-m\libg.a(lib_a-dtoa.o)
 .debug_frame   0x00002b44       0x74 e:/arm_toolchein/bin/../lib/gcc/arm-none-eabi/4.9.3/../../../../arm-none-eabi/lib/armv7-m\libg.a(lib_a-freer.o)
 .debug_frame   0x00002bb8       0x6c e:/arm_toolchein/bin/../lib/gcc/arm-none-eabi/4.9.3/../../../../arm-none-eabi/lib/armv7-m\libg.a(lib_a-gdtoa-gethex.o)
 .debug_frame   0x00002c24       0x4c e:/arm_toolchein/bin/../lib/gcc/arm-none-eabi/4.9.3/../../../../arm-none-eabi/lib/armv7-m\libg.a(lib_a-gdtoa-hexnan.o)
 .debug_frame   0x00002c70       0x54 e:/arm_toolchein/bin/../lib/gcc/arm-none-eabi/4.9.3/../../../../arm-none-eabi/lib/armv7-m\libg.a(lib_a-mallocr.o)
 .debug_frame   0x00002cc4       0x30 e:/arm_toolchein/bin/../lib/gcc/arm-none-eabi/4.9.3/../../../../arm-none-eabi/lib/armv7-m\libg.a(lib_a-mlock.o)
 .debug_frame   0x00002cf4      0x268 e:/arm_toolchein/bin/../lib/gcc/arm-none-eabi/4.9.3/../../../../arm-none-eabi/lib/armv7-m\libg.a(lib_a-mprec.o)
 .debug_frame   0x00002f5c       0x58 e:/arm_toolchein/bin/../lib/gcc/arm-none-eabi/4.9.3/../../../../arm-none-eabi/lib/armv7-m\libg.a(lib_a-reallocr.o)
 .debug_frame   0x00002fb4       0x2c e:/arm_toolchein/bin/../lib/gcc/arm-none-eabi/4.9.3/../../../../arm-none-eabi/lib/armv7-m\libg.a(lib_a-sbrkr.o)
 .debug_frame   0x00002fe0       0x54 e:/arm_toolchein/bin/../lib/gcc/arm-none-eabi/4.9.3/../../../../arm-none-eabi/lib/armv7-m\libg.a(lib_a-strncmp.o)
 .debug_frame   0x00003034       0x78 e:/arm_toolchein/bin/../lib/gcc/arm-none-eabi/4.9.3/../../../../arm-none-eabi/lib/armv7-m\libg.a(lib_a-svfiprintf.o)
 .debug_frame   0x000030ac       0x28 e:/arm_toolchein/bin/../lib/gcc/arm-none-eabi/4.9.3/../../../../arm-none-eabi/lib/armv7-m\libg.a(lib_a-callocr.o)
 .debug_frame   0x000030d4       0x30 e:/arm_toolchein/bin/../lib/gcc/arm-none-eabi/4.9.3/../../../../arm-none-eabi/lib/armv7-m\libg.a(lib_a-memmove.o)
 .debug_frame   0x00003104       0x28 e:/arm_toolchein/bin/../lib/gcc/arm-none-eabi/4.9.3/armv7-m\libgcc.a(_aeabi_uldivmod.o)
 .debug_frame   0x0000312c       0x54 e:/arm_toolchein/bin/../lib/gcc/arm-none-eabi/4.9.3/armv7-m\libgcc.a(bpabi.o)
 .debug_frame   0x00003180       0x34 e:/arm_toolchein/bin/../lib/gcc/arm-none-eabi/4.9.3/armv7-m\libgcc.a(_divdi3.o)
 .debug_frame   0x000031b4       0x34 e:/arm_toolchein/bin/../lib/gcc/arm-none-eabi/4.9.3/armv7-m\libgcc.a(_udivdi3.o)
