Archive member included because of file (symbol)

e:/arm_toolchein/bin/../lib/gcc/arm-none-eabi/4.9.3/armv7-m\libgcc.a(_arm_addsubdf3.o)
                              ..\obj\channels.o (__aeabi_i2d)
e:/arm_toolchein/bin/../lib/gcc/arm-none-eabi/4.9.3/armv7-m\libgcc.a(_arm_muldivdf3.o)
                              ..\obj\channels.o (__aeabi_dmul)
e:/arm_toolchein/bin/../lib/gcc/arm-none-eabi/4.9.3/armv7-m\libgcc.a(_arm_fixunsdfsi.o)
                              ..\obj\channels.o (__aeabi_d2uiz)
e:/arm_toolchein/bin/../lib/gcc/arm-none-eabi/4.9.3/../../../../arm-none-eabi/lib/armv7-m\libg_nano.a(lib_a-sscanf.o)
                              ..\obj\esp8266.o (sscanf)
e:/arm_toolchein/bin/../lib/gcc/arm-none-eabi/4.9.3/../../../../arm-none-eabi/lib/armv7-m\libg_nano.a(lib_a-stdio.o)
                              e:/arm_toolchein/bin/../lib/gcc/arm-none-eabi/4.9.3/../../../../arm-none-eabi/lib/armv7-m\libg_nano.a(lib_a-sscanf.o) (__seofread)
e:/arm_toolchein/bin/../lib/gcc/arm-none-eabi/4.9.3/../../../../arm-none-eabi/lib/armv7-m\libg_nano.a(lib_a-strlen.o)
                              e:/arm_toolchein/bin/../lib/gcc/arm-none-eabi/4.9.3/../../../../arm-none-eabi/lib/armv7-m\libg_nano.a(lib_a-sscanf.o) (strlen)
e:/arm_toolchein/bin/../lib/gcc/arm-none-eabi/4.9.3/../../../../arm-none-eabi/lib/armv7-m\libg_nano.a(lib_a-strstr.o)
                              ..\obj\esp8266.o (strstr)
e:/arm_toolchein/bin/../lib/gcc/arm-none-eabi/4.9.3/../../../../arm-none-eabi/lib/armv7-m\libg_nano.a(lib_a-writer.o)
                              e:/arm_toolchein/bin/../lib/gcc/arm-none-eabi/4.9.3/../../../../arm-none-eabi/lib/armv7-m\libg_nano.a(lib_a-stdio.o) (_write_r)
e:/arm_toolchein/bin/../lib/gcc/arm-none-eabi/4.9.3/../../../../arm-none-eabi/lib/armv7-m\libg_nano.a(lib_a-closer.o)
                              e:/arm_toolchein/bin/../lib/gcc/arm-none-eabi/4.9.3/../../../../arm-none-eabi/lib/armv7-m\libg_nano.a(lib_a-stdio.o) (_close_r)
e:/arm_toolchein/bin/../lib/gcc/arm-none-eabi/4.9.3/../../../../arm-none-eabi/lib/armv7-m\libg_nano.a(lib_a-impure.o)
                              e:/arm_toolchein/bin/../lib/gcc/arm-none-eabi/4.9.3/../../../../arm-none-eabi/lib/armv7-m\libg_nano.a(lib_a-sscanf.o) (_impure_ptr)
e:/arm_toolchein/bin/../lib/gcc/arm-none-eabi/4.9.3/../../../../arm-none-eabi/lib/armv7-m\libg_nano.a(lib_a-lseekr.o)
                              e:/arm_toolchein/bin/../lib/gcc/arm-none-eabi/4.9.3/../../../../arm-none-eabi/lib/armv7-m\libg_nano.a(lib_a-stdio.o) (_lseek_r)
e:/arm_toolchein/bin/../lib/gcc/arm-none-eabi/4.9.3/../../../../arm-none-eabi/lib/armv7-m\libg_nano.a(lib_a-nano-svfscanf.o)
                              e:/arm_toolchein/bin/../lib/gcc/arm-none-eabi/4.9.3/../../../../arm-none-eabi/lib/armv7-m\libg_nano.a(lib_a-sscanf.o) (__ssvfscanf_r)
e:/arm_toolchein/bin/../lib/gcc/arm-none-eabi/4.9.3/../../../../arm-none-eabi/lib/armv7-m\libg_nano.a(lib_a-nano-vfscanf_i.o)
                              e:/arm_toolchein/bin/../lib/gcc/arm-none-eabi/4.9.3/../../../../arm-none-eabi/lib/armv7-m\libg_nano.a(lib_a-nano-svfscanf.o) (_scanf_chars)
e:/arm_toolchein/bin/../lib/gcc/arm-none-eabi/4.9.3/../../../../arm-none-eabi/lib/armv7-m\libg_nano.a(lib_a-readr.o)
                              e:/arm_toolchein/bin/../lib/gcc/arm-none-eabi/4.9.3/../../../../arm-none-eabi/lib/armv7-m\libg_nano.a(lib_a-stdio.o) (_read_r)
e:/arm_toolchein/bin/../lib/gcc/arm-none-eabi/4.9.3/../../../../arm-none-eabi/lib/armv7-m\libg_nano.a(lib_a-reent.o)
                              e:/arm_toolchein/bin/../lib/gcc/arm-none-eabi/4.9.3/../../../../arm-none-eabi/lib/armv7-m\libg_nano.a(lib_a-writer.o) (errno)
e:/arm_toolchein/bin/../lib/gcc/arm-none-eabi/4.9.3/../../../../arm-none-eabi/lib/armv7-m\libg_nano.a(lib_a-sccl.o)
                              e:/arm_toolchein/bin/../lib/gcc/arm-none-eabi/4.9.3/../../../../arm-none-eabi/lib/armv7-m\libg_nano.a(lib_a-nano-svfscanf.o) (__sccl)
e:/arm_toolchein/bin/../lib/gcc/arm-none-eabi/4.9.3/../../../../arm-none-eabi/lib/armv7-m\libg_nano.a(lib_a-strtol.o)
                              e:/arm_toolchein/bin/../lib/gcc/arm-none-eabi/4.9.3/../../../../arm-none-eabi/lib/armv7-m\libg_nano.a(lib_a-nano-vfscanf_i.o) (_strtol_r)
e:/arm_toolchein/bin/../lib/gcc/arm-none-eabi/4.9.3/../../../../arm-none-eabi/lib/armv7-m\libg_nano.a(lib_a-strtoul.o)
                              e:/arm_toolchein/bin/../lib/gcc/arm-none-eabi/4.9.3/../../../../arm-none-eabi/lib/armv7-m\libg_nano.a(lib_a-nano-vfscanf_i.o) (_strtoul_r)
e:/arm_toolchein/bin/../lib/gcc/arm-none-eabi/4.9.3/../../../../arm-none-eabi/lib/armv7-m\libg_nano.a(lib_a-ungetc.o)
                              e:/arm_toolchein/bin/../lib/gcc/arm-none-eabi/4.9.3/../../../../arm-none-eabi/lib/armv7-m\libg_nano.a(lib_a-nano-svfscanf.o) (__submore)
e:/arm_toolchein/bin/../lib/gcc/arm-none-eabi/4.9.3/../../../../arm-none-eabi/lib/armv7-m\libg_nano.a(lib_a-ctype_.o)
                              e:/arm_toolchein/bin/../lib/gcc/arm-none-eabi/4.9.3/../../../../arm-none-eabi/lib/armv7-m\libg_nano.a(lib_a-nano-svfscanf.o) (__ctype_ptr__)
e:/arm_toolchein/bin/../lib/gcc/arm-none-eabi/4.9.3/../../../../arm-none-eabi/lib/armv7-m\libg_nano.a(lib_a-fflush.o)
                              e:/arm_toolchein/bin/../lib/gcc/arm-none-eabi/4.9.3/../../../../arm-none-eabi/lib/armv7-m\libg_nano.a(lib_a-ungetc.o) (_fflush_r)
e:/arm_toolchein/bin/../lib/gcc/arm-none-eabi/4.9.3/../../../../arm-none-eabi/lib/armv7-m\libg_nano.a(lib_a-findfp.o)
                              e:/arm_toolchein/bin/../lib/gcc/arm-none-eabi/4.9.3/../../../../arm-none-eabi/lib/armv7-m\libg_nano.a(lib_a-ungetc.o) (__sinit)
e:/arm_toolchein/bin/../lib/gcc/arm-none-eabi/4.9.3/../../../../arm-none-eabi/lib/armv7-m\libg_nano.a(lib_a-fwalk.o)
                              e:/arm_toolchein/bin/../lib/gcc/arm-none-eabi/4.9.3/../../../../arm-none-eabi/lib/armv7-m\libg_nano.a(lib_a-findfp.o) (_fwalk)
e:/arm_toolchein/bin/../lib/gcc/arm-none-eabi/4.9.3/../../../../arm-none-eabi/lib/armv7-m\libg_nano.a(lib_a-memchr.o)
                              e:/arm_toolchein/bin/../lib/gcc/arm-none-eabi/4.9.3/../../../../arm-none-eabi/lib/armv7-m\libg_nano.a(lib_a-nano-svfscanf.o) (memchr)
e:/arm_toolchein/bin/../lib/gcc/arm-none-eabi/4.9.3/../../../../arm-none-eabi/lib/armv7-m\libg_nano.a(lib_a-memcpy.o)
                              e:/arm_toolchein/bin/../lib/gcc/arm-none-eabi/4.9.3/../../../../arm-none-eabi/lib/armv7-m\libg_nano.a(lib_a-ungetc.o) (memcpy)
e:/arm_toolchein/bin/../lib/gcc/arm-none-eabi/4.9.3/../../../../arm-none-eabi/lib/armv7-m\libg_nano.a(lib_a-memset.o)
                              e:/arm_toolchein/bin/../lib/gcc/arm-none-eabi/4.9.3/../../../../arm-none-eabi/lib/armv7-m\libg_nano.a(lib_a-findfp.o) (memset)
e:/arm_toolchein/bin/../lib/gcc/arm-none-eabi/4.9.3/../../../../arm-none-eabi/lib/armv7-m\libg_nano.a(lib_a-nano-freer.o)
                              e:/arm_toolchein/bin/../lib/gcc/arm-none-eabi/4.9.3/../../../../arm-none-eabi/lib/armv7-m\libg_nano.a(lib_a-nano-svfscanf.o) (_free_r)
e:/arm_toolchein/bin/../lib/gcc/arm-none-eabi/4.9.3/../../../../arm-none-eabi/lib/armv7-m\libg_nano.a(lib_a-nano-mallocr.o)
                              e:/arm_toolchein/bin/../lib/gcc/arm-none-eabi/4.9.3/../../../../arm-none-eabi/lib/armv7-m\libg_nano.a(lib_a-ungetc.o) (_malloc_r)
e:/arm_toolchein/bin/../lib/gcc/arm-none-eabi/4.9.3/../../../../arm-none-eabi/lib/armv7-m\libg_nano.a(lib_a-nano-reallocr.o)
                              e:/arm_toolchein/bin/../lib/gcc/arm-none-eabi/4.9.3/../../../../arm-none-eabi/lib/armv7-m\libg_nano.a(lib_a-ungetc.o) (_realloc_r)
e:/arm_toolchein/bin/../lib/gcc/arm-none-eabi/4.9.3/../../../../arm-none-eabi/lib/armv7-m\libg_nano.a(lib_a-sbrkr.o)
                              e:/arm_toolchein/bin/../lib/gcc/arm-none-eabi/4.9.3/../../../../arm-none-eabi/lib/armv7-m\libg_nano.a(lib_a-nano-mallocr.o) (_sbrk_r)
e:/arm_toolchein/bin/../lib/gcc/arm-none-eabi/4.9.3/../../../../arm-none-eabi/lib/armv7-m\libg_nano.a(lib_a-nano-msizer.o)
                              e:/arm_toolchein/bin/../lib/gcc/arm-none-eabi/4.9.3/../../../../arm-none-eabi/lib/armv7-m\libg_nano.a(lib_a-nano-reallocr.o) (_malloc_usable_size_r)

Allocating common symbols
Common symbol       size              file

UART1_rx_buffer     0x80              ..\obj\uart.o
errno               0x4               e:/arm_toolchein/bin/../lib/gcc/arm-none-eabi/4.9.3/../../../../arm-none-eabi/lib/armv7-m\libg_nano.a(lib_a-reent.o)
UART3_tx_buffer     0x80              ..\obj\uart.o
UART1_tx_buffer     0x80              ..\obj\uart.o
UART3_rx_buffer     0x80              ..\obj\uart.o
Buffer              0x80              ..\obj\uart.o

Discarded input sections

 .text          0x00000000        0x0 ..\obj\stm32f10x_tim.o
 .data          0x00000000        0x0 ..\obj\stm32f10x_tim.o
 .bss           0x00000000        0x0 ..\obj\stm32f10x_tim.o
 .text.TIM_DeInit
                0x00000000      0x2c0 ..\obj\stm32f10x_tim.o
 .text.TIM_ICInit
                0x00000000      0x33c ..\obj\stm32f10x_tim.o
 .text.TIM_PWMIConfig
                0x00000000      0x12c ..\obj\stm32f10x_tim.o
 .text.TIM_BDTRConfig
                0x00000000      0x150 ..\obj\stm32f10x_tim.o
 .text.TIM_TimeBaseStructInit
                0x00000000       0x34 ..\obj\stm32f10x_tim.o
 .text.TIM_OCStructInit
                0x00000000       0x44 ..\obj\stm32f10x_tim.o
 .text.TIM_ICStructInit
                0x00000000       0x30 ..\obj\stm32f10x_tim.o
 .text.TIM_BDTRStructInit
                0x00000000       0x3c ..\obj\stm32f10x_tim.o
 .text.TIM_CtrlPWMOutputs
                0x00000000       0xa8 ..\obj\stm32f10x_tim.o
 .text.TIM_GenerateEvent
                0x00000000      0x108 ..\obj\stm32f10x_tim.o
 .text.TIM_InternalClockConfig
                0x00000000       0x94 ..\obj\stm32f10x_tim.o
 .text.TIM_ITRxExternalClockConfig
                0x00000000       0xc4 ..\obj\stm32f10x_tim.o
 .text.TIM_TIxExternalClockConfig
                0x00000000      0x118 ..\obj\stm32f10x_tim.o
 .text.TIM_ETRClockMode1Config
                0x00000000      0x100 ..\obj\stm32f10x_tim.o
 .text.TIM_ETRClockMode2Config
                0x00000000       0xe0 ..\obj\stm32f10x_tim.o
 .text.TIM_ETRConfig
                0x00000000       0xf0 ..\obj\stm32f10x_tim.o
 .text.TIM_PrescalerConfig
                0x00000000      0x110 ..\obj\stm32f10x_tim.o
 .text.TIM_CounterModeConfig
                0x00000000       0xac ..\obj\stm32f10x_tim.o
 .text.TIM_SelectInputTrigger
                0x00000000       0xe4 ..\obj\stm32f10x_tim.o
 .text.TIM_EncoderInterfaceConfig
                0x00000000      0x138 ..\obj\stm32f10x_tim.o
 .text.TIM_ForcedOC1Config
                0x00000000      0x108 ..\obj\stm32f10x_tim.o
 .text.TIM_ForcedOC2Config
                0x00000000       0xc4 ..\obj\stm32f10x_tim.o
 .text.TIM_ForcedOC3Config
                0x00000000       0x9c ..\obj\stm32f10x_tim.o
 .text.TIM_ForcedOC4Config
                0x00000000       0xa0 ..\obj\stm32f10x_tim.o
 .text.TIM_SelectCOM
                0x00000000       0x9c ..\obj\stm32f10x_tim.o
 .text.TIM_SelectCCDMA
                0x00000000       0xc8 ..\obj\stm32f10x_tim.o
 .text.TIM_CCPreloadControl
                0x00000000       0xb0 ..\obj\stm32f10x_tim.o
 .text.TIM_OC1FastConfig
                0x00000000      0x108 ..\obj\stm32f10x_tim.o
 .text.TIM_OC2FastConfig
                0x00000000       0xc4 ..\obj\stm32f10x_tim.o
 .text.TIM_OC3FastConfig
                0x00000000       0x9c ..\obj\stm32f10x_tim.o
 .text.TIM_OC4FastConfig
                0x00000000       0xa0 ..\obj\stm32f10x_tim.o
 .text.TIM_ClearOC1Ref
                0x00000000       0x9c ..\obj\stm32f10x_tim.o
 .text.TIM_ClearOC2Ref
                0x00000000       0xa0 ..\obj\stm32f10x_tim.o
 .text.TIM_ClearOC3Ref
                0x00000000       0x9c ..\obj\stm32f10x_tim.o
 .text.TIM_ClearOC4Ref
                0x00000000       0xa0 ..\obj\stm32f10x_tim.o
 .text.TIM_OC1PolarityConfig
                0x00000000      0x108 ..\obj\stm32f10x_tim.o
 .text.TIM_OC1NPolarityConfig
                0x00000000       0x94 ..\obj\stm32f10x_tim.o
 .text.TIM_OC2PolarityConfig
                0x00000000       0xc4 ..\obj\stm32f10x_tim.o
 .text.TIM_OC2NPolarityConfig
                0x00000000       0x74 ..\obj\stm32f10x_tim.o
 .text.TIM_OC3PolarityConfig
                0x00000000       0xa0 ..\obj\stm32f10x_tim.o
 .text.TIM_OC3NPolarityConfig
                0x00000000       0x74 ..\obj\stm32f10x_tim.o
 .text.TIM_OC4PolarityConfig
                0x00000000       0xa0 ..\obj\stm32f10x_tim.o
 .text.TIM_CCxCmd
                0x00000000      0x148 ..\obj\stm32f10x_tim.o
 .text.TIM_CCxNCmd
                0x00000000       0xcc ..\obj\stm32f10x_tim.o
 .text.TIM_SelectOCxM
                0x00000000      0x1c4 ..\obj\stm32f10x_tim.o
 .text.TIM_UpdateDisableConfig
                0x00000000      0x128 ..\obj\stm32f10x_tim.o
 .text.TIM_UpdateRequestConfig
                0x00000000      0x128 ..\obj\stm32f10x_tim.o
 .text.TIM_SelectHallSensor
                0x00000000       0xc8 ..\obj\stm32f10x_tim.o
 .text.TIM_SelectOnePulseMode
                0x00000000      0x120 ..\obj\stm32f10x_tim.o
 .text.TIM_SelectOutputTrigger
                0x00000000       0xfc ..\obj\stm32f10x_tim.o
 .text.TIM_SelectSlaveMode
                0x00000000       0xcc ..\obj\stm32f10x_tim.o
 .text.TIM_SelectMasterSlaveMode
                0x00000000       0xc0 ..\obj\stm32f10x_tim.o
 .text.TIM_SetCounter
                0x00000000       0xf0 ..\obj\stm32f10x_tim.o
 .text.TIM_SetAutoreload
                0x00000000       0xf0 ..\obj\stm32f10x_tim.o
 .text.TIM_SetCompare1
                0x00000000       0xd8 ..\obj\stm32f10x_tim.o
 .text.TIM_SetCompare2
                0x00000000       0x90 ..\obj\stm32f10x_tim.o
 .text.TIM_SetCompare3
                0x00000000       0x6c ..\obj\stm32f10x_tim.o
 .text.TIM_SetCompare4
                0x00000000       0x6c ..\obj\stm32f10x_tim.o
 .text.TIM_SetIC1Prescaler
                0x00000000      0x114 ..\obj\stm32f10x_tim.o
 .text.TIM_SetIC2Prescaler
                0x00000000       0xd0 ..\obj\stm32f10x_tim.o
 .text.TIM_SetIC3Prescaler
                0x00000000       0xa8 ..\obj\stm32f10x_tim.o
 .text.TIM_SetIC4Prescaler
                0x00000000       0xac ..\obj\stm32f10x_tim.o
 .text.TIM_SetClockDivision
                0x00000000      0x110 ..\obj\stm32f10x_tim.o
 .text.TIM_GetCapture1
                0x00000000       0xd4 ..\obj\stm32f10x_tim.o
 .text.TIM_GetCapture2
                0x00000000       0x8c ..\obj\stm32f10x_tim.o
 .text.TIM_GetCapture3
                0x00000000       0x68 ..\obj\stm32f10x_tim.o
 .text.TIM_GetCapture4
                0x00000000       0x6c ..\obj\stm32f10x_tim.o
 .text.TIM_GetCounter
                0x00000000       0xec ..\obj\stm32f10x_tim.o
 .text.TIM_GetPrescaler
                0x00000000       0xec ..\obj\stm32f10x_tim.o
 .text.TIM_GetFlagStatus
                0x00000000      0x164 ..\obj\stm32f10x_tim.o
 .text.TIM_GetITStatus
                0x00000000      0x160 ..\obj\stm32f10x_tim.o
 .text.TIM_ClearITPendingBit
                0x00000000      0x10c ..\obj\stm32f10x_tim.o
 .text.TI1_Config
                0x00000000       0xe0 ..\obj\stm32f10x_tim.o
 .text.TI2_Config
                0x00000000       0xf4 ..\obj\stm32f10x_tim.o
 .text.TI3_Config
                0x00000000       0xec ..\obj\stm32f10x_tim.o
 .text.TI4_Config
                0x00000000       0xf8 ..\obj\stm32f10x_tim.o
 .text          0x00000000        0x0 ..\obj\system_stm32f10x.o
 .data          0x00000000       0x14 ..\obj\system_stm32f10x.o
 .bss           0x00000000        0x0 ..\obj\system_stm32f10x.o
 .text.SystemCoreClockUpdate
                0x00000000       0xdc ..\obj\system_stm32f10x.o
 .text          0x00000000        0x0 ..\obj\uart.o
 .data          0x00000000        0x0 ..\obj\uart.o
 .text.UART1_put_int
                0x00000000       0xa0 ..\obj\uart.o
 .text.UART3_get_char
                0x00000000       0x6c ..\obj\uart.o
 .text.UART3_put_char
                0x00000000       0x90 ..\obj\uart.o
 .text.UART3_put_str
                0x00000000       0x28 ..\obj\uart.o
 .text.UART3_put_int
                0x00000000       0xa0 ..\obj\uart.o
 .text.UART3_read_str
                0x00000000       0x44 ..\obj\uart.o
 .text          0x00000000        0x0 ..\obj\startup_stm32f10x_md.o
 .data          0x00000000        0x0 ..\obj\startup_stm32f10x_md.o
 .bss           0x00000000        0x0 ..\obj\startup_stm32f10x_md.o
 .text          0x00000000        0x0 ..\obj\stm32f10x_gpio.o
 .data          0x00000000        0x0 ..\obj\stm32f10x_gpio.o
 .bss           0x00000000        0x0 ..\obj\stm32f10x_gpio.o
 .text.GPIO_DeInit
                0x00000000      0x128 ..\obj\stm32f10x_gpio.o
 .text.GPIO_AFIODeInit
                0x00000000       0x18 ..\obj\stm32f10x_gpio.o
 .text.GPIO_StructInit
                0x00000000       0x28 ..\obj\stm32f10x_gpio.o
 .text.GPIO_ReadInputData
                0x00000000       0x78 ..\obj\stm32f10x_gpio.o
 .text.GPIO_ReadOutputDataBit
                0x00000000      0x10c ..\obj\stm32f10x_gpio.o
 .text.GPIO_ReadOutputData
                0x00000000       0x78 ..\obj\stm32f10x_gpio.o
 .text.GPIO_WriteBit
                0x00000000      0x11c ..\obj\stm32f10x_gpio.o
 .text.GPIO_Write
                0x00000000       0x7c ..\obj\stm32f10x_gpio.o
 .text.GPIO_PinLockConfig
                0x00000000       0xb0 ..\obj\stm32f10x_gpio.o
 .text.GPIO_EventOutputConfig
                0x00000000       0xdc ..\obj\stm32f10x_gpio.o
 .text.GPIO_EventOutputCmd
                0x00000000       0x34 ..\obj\stm32f10x_gpio.o
 .text.GPIO_EXTILineConfig
                0x00000000      0x124 ..\obj\stm32f10x_gpio.o
 .text.GPIO_ETH_MediaInterfaceConfig
                0x00000000       0x34 ..\obj\stm32f10x_gpio.o
 .text          0x00000000        0x0 ..\obj\main.o
 .data          0x00000000        0x0 ..\obj\main.o
 .bss           0x00000000        0x0 ..\obj\main.o
 .text          0x00000000        0x0 ..\obj\CPPM.o
 .bss           0x00000000        0x0 ..\obj\CPPM.o
 .text          0x00000000        0x0 ..\obj\stm32f10x_rcc.o
 .bss           0x00000000        0x0 ..\obj\stm32f10x_rcc.o
 .text.RCC_DeInit
                0x00000000       0x5c ..\obj\stm32f10x_rcc.o
 .text.RCC_HSEConfig
                0x00000000       0x7c ..\obj\stm32f10x_rcc.o
 .text.RCC_WaitForHSEStartUp
                0x00000000       0x50 ..\obj\stm32f10x_rcc.o
 .text.RCC_AdjustHSICalibrationValue
                0x00000000       0x4c ..\obj\stm32f10x_rcc.o
 .text.RCC_HSICmd
                0x00000000       0x34 ..\obj\stm32f10x_rcc.o
 .text.RCC_PLLConfig
                0x00000000       0xdc ..\obj\stm32f10x_rcc.o
 .text.RCC_PLLCmd
                0x00000000       0x34 ..\obj\stm32f10x_rcc.o
 .text.RCC_SYSCLKConfig
                0x00000000       0x54 ..\obj\stm32f10x_rcc.o
 .text.RCC_GetSYSCLKSource
                0x00000000       0x20 ..\obj\stm32f10x_rcc.o
 .text.RCC_HCLKConfig
                0x00000000       0x78 ..\obj\stm32f10x_rcc.o
 .text.RCC_PCLK1Config
                0x00000000       0x68 ..\obj\stm32f10x_rcc.o
 .text.RCC_PCLK2Config
                0x00000000       0x68 ..\obj\stm32f10x_rcc.o
 .text.RCC_ITConfig
                0x00000000       0x7c ..\obj\stm32f10x_rcc.o
 .text.RCC_USBCLKConfig
                0x00000000       0x34 ..\obj\stm32f10x_rcc.o
 .text.RCC_ADCCLKConfig
                0x00000000       0x60 ..\obj\stm32f10x_rcc.o
 .text.RCC_LSEConfig
                0x00000000       0x5c ..\obj\stm32f10x_rcc.o
 .text.RCC_LSICmd
                0x00000000       0x34 ..\obj\stm32f10x_rcc.o
 .text.RCC_RTCCLKConfig
                0x00000000       0x44 ..\obj\stm32f10x_rcc.o
 .text.RCC_RTCCLKCmd
                0x00000000       0x34 ..\obj\stm32f10x_rcc.o
 .text.RCC_APB2PeriphResetCmd
                0x00000000       0x70 ..\obj\stm32f10x_rcc.o
 .text.RCC_APB1PeriphResetCmd
                0x00000000       0x70 ..\obj\stm32f10x_rcc.o
 .text.RCC_BackupResetCmd
                0x00000000       0x34 ..\obj\stm32f10x_rcc.o
 .text.RCC_ClockSecuritySystemCmd
                0x00000000       0x34 ..\obj\stm32f10x_rcc.o
 .text.RCC_MCOConfig
                0x00000000       0x48 ..\obj\stm32f10x_rcc.o
 .text.RCC_GetFlagStatus
                0x00000000       0xc0 ..\obj\stm32f10x_rcc.o
 .text.RCC_ClearFlag
                0x00000000       0x1c ..\obj\stm32f10x_rcc.o
 .text.RCC_GetITStatus
                0x00000000       0x64 ..\obj\stm32f10x_rcc.o
 .text.RCC_ClearITPendingBit
                0x00000000       0x38 ..\obj\stm32f10x_rcc.o
 .text          0x00000000        0x0 ..\obj\stm32f10x_exti.o
 .data          0x00000000        0x0 ..\obj\stm32f10x_exti.o
 .bss           0x00000000        0x0 ..\obj\stm32f10x_exti.o
 .text.EXTI_DeInit
                0x00000000       0x34 ..\obj\stm32f10x_exti.o
 .rodata        0x00000000       0x50 ..\obj\stm32f10x_exti.o
 .text.EXTI_Init
                0x00000000      0x150 ..\obj\stm32f10x_exti.o
 .text.EXTI_StructInit
                0x00000000       0x2c ..\obj\stm32f10x_exti.o
 .text.EXTI_GenerateSWInterrupt
                0x00000000       0x3c ..\obj\stm32f10x_exti.o
 .text.EXTI_GetFlagStatus
                0x00000000       0xcc ..\obj\stm32f10x_exti.o
 .text.EXTI_ClearFlag
                0x00000000       0x34 ..\obj\stm32f10x_exti.o
 .text.EXTI_GetITStatus
                0x00000000       0xe0 ..\obj\stm32f10x_exti.o
 .text.EXTI_ClearITPendingBit
                0x00000000       0x34 ..\obj\stm32f10x_exti.o
 .debug_info    0x00000000      0x36d ..\obj\stm32f10x_exti.o
 .debug_abbrev  0x00000000      0x16b ..\obj\stm32f10x_exti.o
 .debug_aranges
                0x00000000       0x58 ..\obj\stm32f10x_exti.o
 .debug_ranges  0x00000000       0x48 ..\obj\stm32f10x_exti.o
 .debug_line    0x00000000      0x3af ..\obj\stm32f10x_exti.o
 .debug_str     0x00000000      0x38d ..\obj\stm32f10x_exti.o
 .comment       0x00000000       0x71 ..\obj\stm32f10x_exti.o
 .debug_frame   0x00000000      0x130 ..\obj\stm32f10x_exti.o
 .ARM.attributes
                0x00000000       0x33 ..\obj\stm32f10x_exti.o
 .text          0x00000000        0x0 ..\obj\stm32f10x_usart.o
 .data          0x00000000        0x0 ..\obj\stm32f10x_usart.o
 .bss           0x00000000        0x0 ..\obj\stm32f10x_usart.o
 .text.USART_DeInit
                0x00000000       0xec ..\obj\stm32f10x_usart.o
 .text.USART_StructInit
                0x00000000       0x38 ..\obj\stm32f10x_usart.o
 .text.USART_ClockInit
                0x00000000       0xf4 ..\obj\stm32f10x_usart.o
 .text.USART_ClockStructInit
                0x00000000       0x2c ..\obj\stm32f10x_usart.o
 .text.USART_DMACmd
                0x00000000       0xc0 ..\obj\stm32f10x_usart.o
 .text.USART_SetAddress
                0x00000000       0x90 ..\obj\stm32f10x_usart.o
 .text.USART_WakeUpConfig
                0x00000000       0x94 ..\obj\stm32f10x_usart.o
 .text.USART_ReceiverWakeUpCmd
                0x00000000       0x9c ..\obj\stm32f10x_usart.o
 .text.USART_LINBreakDetectLengthConfig
                0x00000000       0x94 ..\obj\stm32f10x_usart.o
 .text.USART_LINCmd
                0x00000000       0x9c ..\obj\stm32f10x_usart.o
 .text.USART_SendBreak
                0x00000000       0x68 ..\obj\stm32f10x_usart.o
 .text.USART_SetGuardTime
                0x00000000       0x68 ..\obj\stm32f10x_usart.o
 .text.USART_SetPrescaler
                0x00000000       0x80 ..\obj\stm32f10x_usart.o
 .text.USART_SmartCardCmd
                0x00000000       0x84 ..\obj\stm32f10x_usart.o
 .text.USART_SmartCardNACKCmd
                0x00000000       0x84 ..\obj\stm32f10x_usart.o
 .text.USART_HalfDuplexCmd
                0x00000000       0x9c ..\obj\stm32f10x_usart.o
 .text.USART_OverSampling8Cmd
                0x00000000       0xa0 ..\obj\stm32f10x_usart.o
 .text.USART_OneBitMethodCmd
                0x00000000       0x9c ..\obj\stm32f10x_usart.o
 .text.USART_IrDAConfig
                0x00000000       0x94 ..\obj\stm32f10x_usart.o
 .text.USART_IrDACmd
                0x00000000       0x9c ..\obj\stm32f10x_usart.o
 .text.USART_ClearFlag
                0x00000000       0xb0 ..\obj\stm32f10x_usart.o
 .text.USART_ClearITPendingBit
                0x00000000       0xdc ..\obj\stm32f10x_usart.o
 .text          0x00000000        0x0 ..\obj\peripheral.o
 .data          0x00000000        0x0 ..\obj\peripheral.o
 .text.delay_us
                0x00000000       0x4c ..\obj\peripheral.o
 .text.led_green_blink
                0x00000000       0x54 ..\obj\peripheral.o
 .text          0x00000000        0x0 ..\obj\syscalls.o
 .data          0x00000000        0x0 ..\obj\syscalls.o
 .text.link     0x00000000       0x1c ..\obj\syscalls.o
 .text._close   0x00000000       0x18 ..\obj\syscalls.o
 .text._fstat   0x00000000       0x20 ..\obj\syscalls.o
 .text._isatty  0x00000000       0x18 ..\obj\syscalls.o
 .text._lseek   0x00000000       0x1c ..\obj\syscalls.o
 .text._read    0x00000000       0x1c ..\obj\syscalls.o
 .text._write   0x00000000       0x1c ..\obj\syscalls.o
 .text.abort    0x00000000        0x8 ..\obj\syscalls.o
 .text          0x00000000        0x0 ..\obj\stm32f10x_dma.o
 .data          0x00000000        0x0 ..\obj\stm32f10x_dma.o
 .bss           0x00000000        0x0 ..\obj\stm32f10x_dma.o
 .text.DMA_StructInit
                0x00000000       0x54 ..\obj\stm32f10x_dma.o
 .text.DMA_ITConfig
                0x00000000      0x104 ..\obj\stm32f10x_dma.o
 .text.DMA_SetCurrDataCounter
                0x00000000       0xb8 ..\obj\stm32f10x_dma.o
 .text.DMA_GetCurrDataCounter
                0x00000000       0xb4 ..\obj\stm32f10x_dma.o
 .text.DMA_GetFlagStatus
                0x00000000      0x23c ..\obj\stm32f10x_dma.o
 .text.DMA_ClearFlag
                0x00000000       0x5c ..\obj\stm32f10x_dma.o
 .text.DMA_GetITStatus
                0x00000000      0x23c ..\obj\stm32f10x_dma.o
 .text.DMA_ClearITPendingBit
                0x00000000       0x5c ..\obj\stm32f10x_dma.o
 .text          0x00000000        0x0 ..\obj\channels.o
 .bss           0x00000000        0x0 ..\obj\channels.o
 .text          0x00000000        0x0 ..\obj\misc.o
 .data          0x00000000        0x0 ..\obj\misc.o
 .bss           0x00000000        0x0 ..\obj\misc.o
 .text.NVIC_PriorityGroupConfig
                0x00000000       0x54 ..\obj\misc.o
 .text.NVIC_SetVectorTable
                0x00000000       0x58 ..\obj\misc.o
 .text.NVIC_SystemLPConfig
                0x00000000       0x70 ..\obj\misc.o
 .text.SysTick_CLKSourceConfig
                0x00000000       0x4c ..\obj\misc.o
 .text          0x00000000        0x0 ..\obj\esp8266.o
 .bss           0x00000000        0x0 ..\obj\esp8266.o
 .text.WIFI_hard_reset
                0x00000000       0x20 ..\obj\esp8266.o
 .data          0x00000000        0x0 e:/arm_toolchein/bin/../lib/gcc/arm-none-eabi/4.9.3/armv7-m\libgcc.a(_arm_addsubdf3.o)
 .bss           0x00000000        0x0 e:/arm_toolchein/bin/../lib/gcc/arm-none-eabi/4.9.3/armv7-m\libgcc.a(_arm_addsubdf3.o)
 .data          0x00000000        0x0 e:/arm_toolchein/bin/../lib/gcc/arm-none-eabi/4.9.3/armv7-m\libgcc.a(_arm_muldivdf3.o)
 .bss           0x00000000        0x0 e:/arm_toolchein/bin/../lib/gcc/arm-none-eabi/4.9.3/armv7-m\libgcc.a(_arm_muldivdf3.o)
 .data          0x00000000        0x0 e:/arm_toolchein/bin/../lib/gcc/arm-none-eabi/4.9.3/armv7-m\libgcc.a(_arm_fixunsdfsi.o)
 .bss           0x00000000        0x0 e:/arm_toolchein/bin/../lib/gcc/arm-none-eabi/4.9.3/armv7-m\libgcc.a(_arm_fixunsdfsi.o)
 .text          0x00000000        0x0 e:/arm_toolchein/bin/../lib/gcc/arm-none-eabi/4.9.3/../../../../arm-none-eabi/lib/armv7-m\libg_nano.a(lib_a-sscanf.o)
 .data          0x00000000        0x0 e:/arm_toolchein/bin/../lib/gcc/arm-none-eabi/4.9.3/../../../../arm-none-eabi/lib/armv7-m\libg_nano.a(lib_a-sscanf.o)
 .bss           0x00000000        0x0 e:/arm_toolchein/bin/../lib/gcc/arm-none-eabi/4.9.3/../../../../arm-none-eabi/lib/armv7-m\libg_nano.a(lib_a-sscanf.o)
 .text._sscanf_r
                0x00000000       0x54 e:/arm_toolchein/bin/../lib/gcc/arm-none-eabi/4.9.3/../../../../arm-none-eabi/lib/armv7-m\libg_nano.a(lib_a-sscanf.o)
 .text          0x00000000        0x0 e:/arm_toolchein/bin/../lib/gcc/arm-none-eabi/4.9.3/../../../../arm-none-eabi/lib/armv7-m\libg_nano.a(lib_a-stdio.o)
 .data          0x00000000        0x0 e:/arm_toolchein/bin/../lib/gcc/arm-none-eabi/4.9.3/../../../../arm-none-eabi/lib/armv7-m\libg_nano.a(lib_a-stdio.o)
 .bss           0x00000000        0x0 e:/arm_toolchein/bin/../lib/gcc/arm-none-eabi/4.9.3/../../../../arm-none-eabi/lib/armv7-m\libg_nano.a(lib_a-stdio.o)
 .text.__sread  0x00000000       0x22 e:/arm_toolchein/bin/../lib/gcc/arm-none-eabi/4.9.3/../../../../arm-none-eabi/lib/armv7-m\libg_nano.a(lib_a-stdio.o)
 .text.__swrite
                0x00000000       0x38 e:/arm_toolchein/bin/../lib/gcc/arm-none-eabi/4.9.3/../../../../arm-none-eabi/lib/armv7-m\libg_nano.a(lib_a-stdio.o)
 .text.__sseek  0x00000000       0x24 e:/arm_toolchein/bin/../lib/gcc/arm-none-eabi/4.9.3/../../../../arm-none-eabi/lib/armv7-m\libg_nano.a(lib_a-stdio.o)
 .text.__sclose
                0x00000000        0x8 e:/arm_toolchein/bin/../lib/gcc/arm-none-eabi/4.9.3/../../../../arm-none-eabi/lib/armv7-m\libg_nano.a(lib_a-stdio.o)
 .text          0x00000000        0x0 e:/arm_toolchein/bin/../lib/gcc/arm-none-eabi/4.9.3/../../../../arm-none-eabi/lib/armv7-m\libg_nano.a(lib_a-strlen.o)
 .data          0x00000000        0x0 e:/arm_toolchein/bin/../lib/gcc/arm-none-eabi/4.9.3/../../../../arm-none-eabi/lib/armv7-m\libg_nano.a(lib_a-strlen.o)
 .bss           0x00000000        0x0 e:/arm_toolchein/bin/../lib/gcc/arm-none-eabi/4.9.3/../../../../arm-none-eabi/lib/armv7-m\libg_nano.a(lib_a-strlen.o)
 .text          0x00000000        0x0 e:/arm_toolchein/bin/../lib/gcc/arm-none-eabi/4.9.3/../../../../arm-none-eabi/lib/armv7-m\libg_nano.a(lib_a-strstr.o)
 .data          0x00000000        0x0 e:/arm_toolchein/bin/../lib/gcc/arm-none-eabi/4.9.3/../../../../arm-none-eabi/lib/armv7-m\libg_nano.a(lib_a-strstr.o)
 .bss           0x00000000        0x0 e:/arm_toolchein/bin/../lib/gcc/arm-none-eabi/4.9.3/../../../../arm-none-eabi/lib/armv7-m\libg_nano.a(lib_a-strstr.o)
 .text          0x00000000        0x0 e:/arm_toolchein/bin/../lib/gcc/arm-none-eabi/4.9.3/../../../../arm-none-eabi/lib/armv7-m\libg_nano.a(lib_a-writer.o)
 .data          0x00000000        0x0 e:/arm_toolchein/bin/../lib/gcc/arm-none-eabi/4.9.3/../../../../arm-none-eabi/lib/armv7-m\libg_nano.a(lib_a-writer.o)
 .bss           0x00000000        0x0 e:/arm_toolchein/bin/../lib/gcc/arm-none-eabi/4.9.3/../../../../arm-none-eabi/lib/armv7-m\libg_nano.a(lib_a-writer.o)
 .text._write_r
                0x00000000       0x24 e:/arm_toolchein/bin/../lib/gcc/arm-none-eabi/4.9.3/../../../../arm-none-eabi/lib/armv7-m\libg_nano.a(lib_a-writer.o)
 .debug_frame   0x00000000       0x2c e:/arm_toolchein/bin/../lib/gcc/arm-none-eabi/4.9.3/../../../../arm-none-eabi/lib/armv7-m\libg_nano.a(lib_a-writer.o)
 .ARM.attributes
                0x00000000       0x2d e:/arm_toolchein/bin/../lib/gcc/arm-none-eabi/4.9.3/../../../../arm-none-eabi/lib/armv7-m\libg_nano.a(lib_a-writer.o)
 .text          0x00000000        0x0 e:/arm_toolchein/bin/../lib/gcc/arm-none-eabi/4.9.3/../../../../arm-none-eabi/lib/armv7-m\libg_nano.a(lib_a-closer.o)
 .data          0x00000000        0x0 e:/arm_toolchein/bin/../lib/gcc/arm-none-eabi/4.9.3/../../../../arm-none-eabi/lib/armv7-m\libg_nano.a(lib_a-closer.o)
 .bss           0x00000000        0x0 e:/arm_toolchein/bin/../lib/gcc/arm-none-eabi/4.9.3/../../../../arm-none-eabi/lib/armv7-m\libg_nano.a(lib_a-closer.o)
 .text._close_r
                0x00000000       0x20 e:/arm_toolchein/bin/../lib/gcc/arm-none-eabi/4.9.3/../../../../arm-none-eabi/lib/armv7-m\libg_nano.a(lib_a-closer.o)
 .debug_frame   0x00000000       0x2c e:/arm_toolchein/bin/../lib/gcc/arm-none-eabi/4.9.3/../../../../arm-none-eabi/lib/armv7-m\libg_nano.a(lib_a-closer.o)
 .ARM.attributes
                0x00000000       0x2d e:/arm_toolchein/bin/../lib/gcc/arm-none-eabi/4.9.3/../../../../arm-none-eabi/lib/armv7-m\libg_nano.a(lib_a-closer.o)
 .text          0x00000000        0x0 e:/arm_toolchein/bin/../lib/gcc/arm-none-eabi/4.9.3/../../../../arm-none-eabi/lib/armv7-m\libg_nano.a(lib_a-impure.o)
 .data          0x00000000        0x0 e:/arm_toolchein/bin/../lib/gcc/arm-none-eabi/4.9.3/../../../../arm-none-eabi/lib/armv7-m\libg_nano.a(lib_a-impure.o)
 .bss           0x00000000        0x0 e:/arm_toolchein/bin/../lib/gcc/arm-none-eabi/4.9.3/../../../../arm-none-eabi/lib/armv7-m\libg_nano.a(lib_a-impure.o)
 .rodata._global_impure_ptr
                0x00000000        0x4 e:/arm_toolchein/bin/../lib/gcc/arm-none-eabi/4.9.3/../../../../arm-none-eabi/lib/armv7-m\libg_nano.a(lib_a-impure.o)
 .text          0x00000000        0x0 e:/arm_toolchein/bin/../lib/gcc/arm-none-eabi/4.9.3/../../../../arm-none-eabi/lib/armv7-m\libg_nano.a(lib_a-lseekr.o)
 .data          0x00000000        0x0 e:/arm_toolchein/bin/../lib/gcc/arm-none-eabi/4.9.3/../../../../arm-none-eabi/lib/armv7-m\libg_nano.a(lib_a-lseekr.o)
 .bss           0x00000000        0x0 e:/arm_toolchein/bin/../lib/gcc/arm-none-eabi/4.9.3/../../../../arm-none-eabi/lib/armv7-m\libg_nano.a(lib_a-lseekr.o)
 .text._lseek_r
                0x00000000       0x24 e:/arm_toolchein/bin/../lib/gcc/arm-none-eabi/4.9.3/../../../../arm-none-eabi/lib/armv7-m\libg_nano.a(lib_a-lseekr.o)
 .debug_frame   0x00000000       0x2c e:/arm_toolchein/bin/../lib/gcc/arm-none-eabi/4.9.3/../../../../arm-none-eabi/lib/armv7-m\libg_nano.a(lib_a-lseekr.o)
 .ARM.attributes
                0x00000000       0x2d e:/arm_toolchein/bin/../lib/gcc/arm-none-eabi/4.9.3/../../../../arm-none-eabi/lib/armv7-m\libg_nano.a(lib_a-lseekr.o)
 .text          0x00000000        0x0 e:/arm_toolchein/bin/../lib/gcc/arm-none-eabi/4.9.3/../../../../arm-none-eabi/lib/armv7-m\libg_nano.a(lib_a-nano-svfscanf.o)
 .data          0x00000000        0x0 e:/arm_toolchein/bin/../lib/gcc/arm-none-eabi/4.9.3/../../../../arm-none-eabi/lib/armv7-m\libg_nano.a(lib_a-nano-svfscanf.o)
 .bss           0x00000000        0x0 e:/arm_toolchein/bin/../lib/gcc/arm-none-eabi/4.9.3/../../../../arm-none-eabi/lib/armv7-m\libg_nano.a(lib_a-nano-svfscanf.o)
 .text          0x00000000        0x0 e:/arm_toolchein/bin/../lib/gcc/arm-none-eabi/4.9.3/../../../../arm-none-eabi/lib/armv7-m\libg_nano.a(lib_a-nano-vfscanf_i.o)
 .data          0x00000000        0x0 e:/arm_toolchein/bin/../lib/gcc/arm-none-eabi/4.9.3/../../../../arm-none-eabi/lib/armv7-m\libg_nano.a(lib_a-nano-vfscanf_i.o)
 .bss           0x00000000        0x0 e:/arm_toolchein/bin/../lib/gcc/arm-none-eabi/4.9.3/../../../../arm-none-eabi/lib/armv7-m\libg_nano.a(lib_a-nano-vfscanf_i.o)
 .text          0x00000000        0x0 e:/arm_toolchein/bin/../lib/gcc/arm-none-eabi/4.9.3/../../../../arm-none-eabi/lib/armv7-m\libg_nano.a(lib_a-readr.o)
 .data          0x00000000        0x0 e:/arm_toolchein/bin/../lib/gcc/arm-none-eabi/4.9.3/../../../../arm-none-eabi/lib/armv7-m\libg_nano.a(lib_a-readr.o)
 .bss           0x00000000        0x0 e:/arm_toolchein/bin/../lib/gcc/arm-none-eabi/4.9.3/../../../../arm-none-eabi/lib/armv7-m\libg_nano.a(lib_a-readr.o)
 .text._read_r  0x00000000       0x24 e:/arm_toolchein/bin/../lib/gcc/arm-none-eabi/4.9.3/../../../../arm-none-eabi/lib/armv7-m\libg_nano.a(lib_a-readr.o)
 .debug_frame   0x00000000       0x2c e:/arm_toolchein/bin/../lib/gcc/arm-none-eabi/4.9.3/../../../../arm-none-eabi/lib/armv7-m\libg_nano.a(lib_a-readr.o)
 .ARM.attributes
                0x00000000       0x2d e:/arm_toolchein/bin/../lib/gcc/arm-none-eabi/4.9.3/../../../../arm-none-eabi/lib/armv7-m\libg_nano.a(lib_a-readr.o)
 .text          0x00000000        0x0 e:/arm_toolchein/bin/../lib/gcc/arm-none-eabi/4.9.3/../../../../arm-none-eabi/lib/armv7-m\libg_nano.a(lib_a-reent.o)
 .data          0x00000000        0x0 e:/arm_toolchein/bin/../lib/gcc/arm-none-eabi/4.9.3/../../../../arm-none-eabi/lib/armv7-m\libg_nano.a(lib_a-reent.o)
 .bss           0x00000000        0x0 e:/arm_toolchein/bin/../lib/gcc/arm-none-eabi/4.9.3/../../../../arm-none-eabi/lib/armv7-m\libg_nano.a(lib_a-reent.o)
 .text.cleanup_glue
                0x00000000       0x1a e:/arm_toolchein/bin/../lib/gcc/arm-none-eabi/4.9.3/../../../../arm-none-eabi/lib/armv7-m\libg_nano.a(lib_a-reent.o)
 .text._reclaim_reent
                0x00000000       0xb4 e:/arm_toolchein/bin/../lib/gcc/arm-none-eabi/4.9.3/../../../../arm-none-eabi/lib/armv7-m\libg_nano.a(lib_a-reent.o)
 .text          0x00000000        0x0 e:/arm_toolchein/bin/../lib/gcc/arm-none-eabi/4.9.3/../../../../arm-none-eabi/lib/armv7-m\libg_nano.a(lib_a-sccl.o)
 .data          0x00000000        0x0 e:/arm_toolchein/bin/../lib/gcc/arm-none-eabi/4.9.3/../../../../arm-none-eabi/lib/armv7-m\libg_nano.a(lib_a-sccl.o)
 .bss           0x00000000        0x0 e:/arm_toolchein/bin/../lib/gcc/arm-none-eabi/4.9.3/../../../../arm-none-eabi/lib/armv7-m\libg_nano.a(lib_a-sccl.o)
 .text          0x00000000        0x0 e:/arm_toolchein/bin/../lib/gcc/arm-none-eabi/4.9.3/../../../../arm-none-eabi/lib/armv7-m\libg_nano.a(lib_a-strtol.o)
 .data          0x00000000        0x0 e:/arm_toolchein/bin/../lib/gcc/arm-none-eabi/4.9.3/../../../../arm-none-eabi/lib/armv7-m\libg_nano.a(lib_a-strtol.o)
 .bss           0x00000000        0x0 e:/arm_toolchein/bin/../lib/gcc/arm-none-eabi/4.9.3/../../../../arm-none-eabi/lib/armv7-m\libg_nano.a(lib_a-strtol.o)
 .text.strtol   0x00000000       0x1c e:/arm_toolchein/bin/../lib/gcc/arm-none-eabi/4.9.3/../../../../arm-none-eabi/lib/armv7-m\libg_nano.a(lib_a-strtol.o)
 .text          0x00000000        0x0 e:/arm_toolchein/bin/../lib/gcc/arm-none-eabi/4.9.3/../../../../arm-none-eabi/lib/armv7-m\libg_nano.a(lib_a-strtoul.o)
 .data          0x00000000        0x0 e:/arm_toolchein/bin/../lib/gcc/arm-none-eabi/4.9.3/../../../../arm-none-eabi/lib/armv7-m\libg_nano.a(lib_a-strtoul.o)
 .bss           0x00000000        0x0 e:/arm_toolchein/bin/../lib/gcc/arm-none-eabi/4.9.3/../../../../arm-none-eabi/lib/armv7-m\libg_nano.a(lib_a-strtoul.o)
 .text.strtoul  0x00000000       0x1c e:/arm_toolchein/bin/../lib/gcc/arm-none-eabi/4.9.3/../../../../arm-none-eabi/lib/armv7-m\libg_nano.a(lib_a-strtoul.o)
 .text          0x00000000        0x0 e:/arm_toolchein/bin/../lib/gcc/arm-none-eabi/4.9.3/../../../../arm-none-eabi/lib/armv7-m\libg_nano.a(lib_a-ungetc.o)
 .data          0x00000000        0x0 e:/arm_toolchein/bin/../lib/gcc/arm-none-eabi/4.9.3/../../../../arm-none-eabi/lib/armv7-m\libg_nano.a(lib_a-ungetc.o)
 .bss           0x00000000        0x0 e:/arm_toolchein/bin/../lib/gcc/arm-none-eabi/4.9.3/../../../../arm-none-eabi/lib/armv7-m\libg_nano.a(lib_a-ungetc.o)
 .text._ungetc_r
                0x00000000       0xe4 e:/arm_toolchein/bin/../lib/gcc/arm-none-eabi/4.9.3/../../../../arm-none-eabi/lib/armv7-m\libg_nano.a(lib_a-ungetc.o)
 .text.ungetc   0x00000000       0x14 e:/arm_toolchein/bin/../lib/gcc/arm-none-eabi/4.9.3/../../../../arm-none-eabi/lib/armv7-m\libg_nano.a(lib_a-ungetc.o)
 .text          0x00000000        0x0 e:/arm_toolchein/bin/../lib/gcc/arm-none-eabi/4.9.3/../../../../arm-none-eabi/lib/armv7-m\libg_nano.a(lib_a-ctype_.o)
 .data          0x00000000        0x0 e:/arm_toolchein/bin/../lib/gcc/arm-none-eabi/4.9.3/../../../../arm-none-eabi/lib/armv7-m\libg_nano.a(lib_a-ctype_.o)
 .bss           0x00000000        0x0 e:/arm_toolchein/bin/../lib/gcc/arm-none-eabi/4.9.3/../../../../arm-none-eabi/lib/armv7-m\libg_nano.a(lib_a-ctype_.o)
 .text          0x00000000        0x0 e:/arm_toolchein/bin/../lib/gcc/arm-none-eabi/4.9.3/../../../../arm-none-eabi/lib/armv7-m\libg_nano.a(lib_a-fflush.o)
 .data          0x00000000        0x0 e:/arm_toolchein/bin/../lib/gcc/arm-none-eabi/4.9.3/../../../../arm-none-eabi/lib/armv7-m\libg_nano.a(lib_a-fflush.o)
 .bss           0x00000000        0x0 e:/arm_toolchein/bin/../lib/gcc/arm-none-eabi/4.9.3/../../../../arm-none-eabi/lib/armv7-m\libg_nano.a(lib_a-fflush.o)
 .text.__sflush_r
                0x00000000      0x106 e:/arm_toolchein/bin/../lib/gcc/arm-none-eabi/4.9.3/../../../../arm-none-eabi/lib/armv7-m\libg_nano.a(lib_a-fflush.o)
 .text._fflush_r
                0x00000000       0x54 e:/arm_toolchein/bin/../lib/gcc/arm-none-eabi/4.9.3/../../../../arm-none-eabi/lib/armv7-m\libg_nano.a(lib_a-fflush.o)
 .text.fflush   0x00000000       0x24 e:/arm_toolchein/bin/../lib/gcc/arm-none-eabi/4.9.3/../../../../arm-none-eabi/lib/armv7-m\libg_nano.a(lib_a-fflush.o)
 .debug_frame   0x00000000       0x68 e:/arm_toolchein/bin/../lib/gcc/arm-none-eabi/4.9.3/../../../../arm-none-eabi/lib/armv7-m\libg_nano.a(lib_a-fflush.o)
 .ARM.attributes
                0x00000000       0x2d e:/arm_toolchein/bin/../lib/gcc/arm-none-eabi/4.9.3/../../../../arm-none-eabi/lib/armv7-m\libg_nano.a(lib_a-fflush.o)
 .text          0x00000000        0x0 e:/arm_toolchein/bin/../lib/gcc/arm-none-eabi/4.9.3/../../../../arm-none-eabi/lib/armv7-m\libg_nano.a(lib_a-findfp.o)
 .data          0x00000000        0x0 e:/arm_toolchein/bin/../lib/gcc/arm-none-eabi/4.9.3/../../../../arm-none-eabi/lib/armv7-m\libg_nano.a(lib_a-findfp.o)
 .bss           0x00000000        0x0 e:/arm_toolchein/bin/../lib/gcc/arm-none-eabi/4.9.3/../../../../arm-none-eabi/lib/armv7-m\libg_nano.a(lib_a-findfp.o)
 .text.__fp_lock
                0x00000000        0x4 e:/arm_toolchein/bin/../lib/gcc/arm-none-eabi/4.9.3/../../../../arm-none-eabi/lib/armv7-m\libg_nano.a(lib_a-findfp.o)
 .text.__fp_unlock
                0x00000000        0x4 e:/arm_toolchein/bin/../lib/gcc/arm-none-eabi/4.9.3/../../../../arm-none-eabi/lib/armv7-m\libg_nano.a(lib_a-findfp.o)
 .text._cleanup_r
                0x00000000        0xc e:/arm_toolchein/bin/../lib/gcc/arm-none-eabi/4.9.3/../../../../arm-none-eabi/lib/armv7-m\libg_nano.a(lib_a-findfp.o)
 .text.std.isra.0
                0x00000000       0x48 e:/arm_toolchein/bin/../lib/gcc/arm-none-eabi/4.9.3/../../../../arm-none-eabi/lib/armv7-m\libg_nano.a(lib_a-findfp.o)
 .text.__sfmoreglue
                0x00000000       0x2c e:/arm_toolchein/bin/../lib/gcc/arm-none-eabi/4.9.3/../../../../arm-none-eabi/lib/armv7-m\libg_nano.a(lib_a-findfp.o)
 .text._cleanup
                0x00000000        0xc e:/arm_toolchein/bin/../lib/gcc/arm-none-eabi/4.9.3/../../../../arm-none-eabi/lib/armv7-m\libg_nano.a(lib_a-findfp.o)
 .text.__sinit  0x00000000       0x60 e:/arm_toolchein/bin/../lib/gcc/arm-none-eabi/4.9.3/../../../../arm-none-eabi/lib/armv7-m\libg_nano.a(lib_a-findfp.o)
 .text.__sfp    0x00000000       0x74 e:/arm_toolchein/bin/../lib/gcc/arm-none-eabi/4.9.3/../../../../arm-none-eabi/lib/armv7-m\libg_nano.a(lib_a-findfp.o)
 .text.__sfp_lock_acquire
                0x00000000        0x2 e:/arm_toolchein/bin/../lib/gcc/arm-none-eabi/4.9.3/../../../../arm-none-eabi/lib/armv7-m\libg_nano.a(lib_a-findfp.o)
 .text.__sfp_lock_release
                0x00000000        0x2 e:/arm_toolchein/bin/../lib/gcc/arm-none-eabi/4.9.3/../../../../arm-none-eabi/lib/armv7-m\libg_nano.a(lib_a-findfp.o)
 .text.__sinit_lock_acquire
                0x00000000        0x2 e:/arm_toolchein/bin/../lib/gcc/arm-none-eabi/4.9.3/../../../../arm-none-eabi/lib/armv7-m\libg_nano.a(lib_a-findfp.o)
 .text.__sinit_lock_release
                0x00000000        0x2 e:/arm_toolchein/bin/../lib/gcc/arm-none-eabi/4.9.3/../../../../arm-none-eabi/lib/armv7-m\libg_nano.a(lib_a-findfp.o)
 .text.__fp_lock_all
                0x00000000       0x14 e:/arm_toolchein/bin/../lib/gcc/arm-none-eabi/4.9.3/../../../../arm-none-eabi/lib/armv7-m\libg_nano.a(lib_a-findfp.o)
 .text.__fp_unlock_all
                0x00000000       0x14 e:/arm_toolchein/bin/../lib/gcc/arm-none-eabi/4.9.3/../../../../arm-none-eabi/lib/armv7-m\libg_nano.a(lib_a-findfp.o)
 .text          0x00000000        0x0 e:/arm_toolchein/bin/../lib/gcc/arm-none-eabi/4.9.3/../../../../arm-none-eabi/lib/armv7-m\libg_nano.a(lib_a-fwalk.o)
 .data          0x00000000        0x0 e:/arm_toolchein/bin/../lib/gcc/arm-none-eabi/4.9.3/../../../../arm-none-eabi/lib/armv7-m\libg_nano.a(lib_a-fwalk.o)
 .bss           0x00000000        0x0 e:/arm_toolchein/bin/../lib/gcc/arm-none-eabi/4.9.3/../../../../arm-none-eabi/lib/armv7-m\libg_nano.a(lib_a-fwalk.o)
 .text._fwalk   0x00000000       0x38 e:/arm_toolchein/bin/../lib/gcc/arm-none-eabi/4.9.3/../../../../arm-none-eabi/lib/armv7-m\libg_nano.a(lib_a-fwalk.o)
 .text._fwalk_reent
                0x00000000       0x3c e:/arm_toolchein/bin/../lib/gcc/arm-none-eabi/4.9.3/../../../../arm-none-eabi/lib/armv7-m\libg_nano.a(lib_a-fwalk.o)
 .debug_frame   0x00000000       0x54 e:/arm_toolchein/bin/../lib/gcc/arm-none-eabi/4.9.3/../../../../arm-none-eabi/lib/armv7-m\libg_nano.a(lib_a-fwalk.o)
 .ARM.attributes
                0x00000000       0x2d e:/arm_toolchein/bin/../lib/gcc/arm-none-eabi/4.9.3/../../../../arm-none-eabi/lib/armv7-m\libg_nano.a(lib_a-fwalk.o)
 .text          0x00000000        0x0 e:/arm_toolchein/bin/../lib/gcc/arm-none-eabi/4.9.3/../../../../arm-none-eabi/lib/armv7-m\libg_nano.a(lib_a-memchr.o)
 .data          0x00000000        0x0 e:/arm_toolchein/bin/../lib/gcc/arm-none-eabi/4.9.3/../../../../arm-none-eabi/lib/armv7-m\libg_nano.a(lib_a-memchr.o)
 .bss           0x00000000        0x0 e:/arm_toolchein/bin/../lib/gcc/arm-none-eabi/4.9.3/../../../../arm-none-eabi/lib/armv7-m\libg_nano.a(lib_a-memchr.o)
 .text          0x00000000        0x0 e:/arm_toolchein/bin/../lib/gcc/arm-none-eabi/4.9.3/../../../../arm-none-eabi/lib/armv7-m\libg_nano.a(lib_a-memcpy.o)
 .data          0x00000000        0x0 e:/arm_toolchein/bin/../lib/gcc/arm-none-eabi/4.9.3/../../../../arm-none-eabi/lib/armv7-m\libg_nano.a(lib_a-memcpy.o)
 .bss           0x00000000        0x0 e:/arm_toolchein/bin/../lib/gcc/arm-none-eabi/4.9.3/../../../../arm-none-eabi/lib/armv7-m\libg_nano.a(lib_a-memcpy.o)
 .text          0x00000000        0x0 e:/arm_toolchein/bin/../lib/gcc/arm-none-eabi/4.9.3/../../../../arm-none-eabi/lib/armv7-m\libg_nano.a(lib_a-memset.o)
 .data          0x00000000        0x0 e:/arm_toolchein/bin/../lib/gcc/arm-none-eabi/4.9.3/../../../../arm-none-eabi/lib/armv7-m\libg_nano.a(lib_a-memset.o)
 .bss           0x00000000        0x0 e:/arm_toolchein/bin/../lib/gcc/arm-none-eabi/4.9.3/../../../../arm-none-eabi/lib/armv7-m\libg_nano.a(lib_a-memset.o)
 .text.memset   0x00000000       0x10 e:/arm_toolchein/bin/../lib/gcc/arm-none-eabi/4.9.3/../../../../arm-none-eabi/lib/armv7-m\libg_nano.a(lib_a-memset.o)
 .debug_frame   0x00000000       0x20 e:/arm_toolchein/bin/../lib/gcc/arm-none-eabi/4.9.3/../../../../arm-none-eabi/lib/armv7-m\libg_nano.a(lib_a-memset.o)
 .ARM.attributes
                0x00000000       0x2d e:/arm_toolchein/bin/../lib/gcc/arm-none-eabi/4.9.3/../../../../arm-none-eabi/lib/armv7-m\libg_nano.a(lib_a-memset.o)
 .text          0x00000000        0x0 e:/arm_toolchein/bin/../lib/gcc/arm-none-eabi/4.9.3/../../../../arm-none-eabi/lib/armv7-m\libg_nano.a(lib_a-nano-freer.o)
 .data          0x00000000        0x0 e:/arm_toolchein/bin/../lib/gcc/arm-none-eabi/4.9.3/../../../../arm-none-eabi/lib/armv7-m\libg_nano.a(lib_a-nano-freer.o)
 .bss           0x00000000        0x0 e:/arm_toolchein/bin/../lib/gcc/arm-none-eabi/4.9.3/../../../../arm-none-eabi/lib/armv7-m\libg_nano.a(lib_a-nano-freer.o)
 .text          0x00000000        0x0 e:/arm_toolchein/bin/../lib/gcc/arm-none-eabi/4.9.3/../../../../arm-none-eabi/lib/armv7-m\libg_nano.a(lib_a-nano-mallocr.o)
 .data          0x00000000        0x0 e:/arm_toolchein/bin/../lib/gcc/arm-none-eabi/4.9.3/../../../../arm-none-eabi/lib/armv7-m\libg_nano.a(lib_a-nano-mallocr.o)
 .bss           0x00000000        0x0 e:/arm_toolchein/bin/../lib/gcc/arm-none-eabi/4.9.3/../../../../arm-none-eabi/lib/armv7-m\libg_nano.a(lib_a-nano-mallocr.o)
 .text          0x00000000        0x0 e:/arm_toolchein/bin/../lib/gcc/arm-none-eabi/4.9.3/../../../../arm-none-eabi/lib/armv7-m\libg_nano.a(lib_a-nano-reallocr.o)
 .data          0x00000000        0x0 e:/arm_toolchein/bin/../lib/gcc/arm-none-eabi/4.9.3/../../../../arm-none-eabi/lib/armv7-m\libg_nano.a(lib_a-nano-reallocr.o)
 .bss           0x00000000        0x0 e:/arm_toolchein/bin/../lib/gcc/arm-none-eabi/4.9.3/../../../../arm-none-eabi/lib/armv7-m\libg_nano.a(lib_a-nano-reallocr.o)
 .text          0x00000000        0x0 e:/arm_toolchein/bin/../lib/gcc/arm-none-eabi/4.9.3/../../../../arm-none-eabi/lib/armv7-m\libg_nano.a(lib_a-sbrkr.o)
 .data          0x00000000        0x0 e:/arm_toolchein/bin/../lib/gcc/arm-none-eabi/4.9.3/../../../../arm-none-eabi/lib/armv7-m\libg_nano.a(lib_a-sbrkr.o)
 .bss           0x00000000        0x0 e:/arm_toolchein/bin/../lib/gcc/arm-none-eabi/4.9.3/../../../../arm-none-eabi/lib/armv7-m\libg_nano.a(lib_a-sbrkr.o)
 .text          0x00000000        0x0 e:/arm_toolchein/bin/../lib/gcc/arm-none-eabi/4.9.3/../../../../arm-none-eabi/lib/armv7-m\libg_nano.a(lib_a-nano-msizer.o)
 .data          0x00000000        0x0 e:/arm_toolchein/bin/../lib/gcc/arm-none-eabi/4.9.3/../../../../arm-none-eabi/lib/armv7-m\libg_nano.a(lib_a-nano-msizer.o)
 .bss           0x00000000        0x0 e:/arm_toolchein/bin/../lib/gcc/arm-none-eabi/4.9.3/../../../../arm-none-eabi/lib/armv7-m\libg_nano.a(lib_a-nano-msizer.o)

Memory Configuration

Name             Origin             Length             Attributes
rom              0x08000000         0x00010000         xr
ram              0x20000000         0x00005000         xrw
*default*        0x00000000         0xffffffff

Linker script and memory map

                0x20005000                _eram = 0x20005000

.text           0x08000000     0x55e4
 *(.isr_vector)
 .isr_vector    0x08000000      0x10c ..\obj\startup_stm32f10x_md.o
                0x08000000                g_pfnVectors
 *(.text*)
 .text.TIM_TimeBaseInit
                0x0800010c      0x1f4 ..\obj\stm32f10x_tim.o
                0x0800010c                TIM_TimeBaseInit
 .text.TIM_OC1Init
                0x08000300      0x298 ..\obj\stm32f10x_tim.o
                0x08000300                TIM_OC1Init
 .text.TIM_OC2Init
                0x08000598      0x254 ..\obj\stm32f10x_tim.o
                0x08000598                TIM_OC2Init
 .text.TIM_OC3Init
                0x080007ec      0x22c ..\obj\stm32f10x_tim.o
                0x080007ec                TIM_OC3Init
 .text.TIM_OC4Init
                0x08000a18      0x1a0 ..\obj\stm32f10x_tim.o
                0x08000a18                TIM_OC4Init
 .text.TIM_Cmd  0x08000bb8      0x128 ..\obj\stm32f10x_tim.o
                0x08000bb8                TIM_Cmd
 .text.TIM_ITConfig
                0x08000ce0      0x148 ..\obj\stm32f10x_tim.o
                0x08000ce0                TIM_ITConfig
 .text.TIM_DMAConfig
                0x08000e28      0x1b0 ..\obj\stm32f10x_tim.o
                0x08000e28                TIM_DMAConfig
 .text.TIM_DMACmd
                0x08000fd8      0x104 ..\obj\stm32f10x_tim.o
                0x08000fd8                TIM_DMACmd
 .text.TIM_ARRPreloadConfig
                0x080010dc      0x128 ..\obj\stm32f10x_tim.o
                0x080010dc                TIM_ARRPreloadConfig
 .text.TIM_OC1PreloadConfig
                0x08001204      0x108 ..\obj\stm32f10x_tim.o
                0x08001204                TIM_OC1PreloadConfig
 .text.TIM_OC2PreloadConfig
                0x0800130c       0xc4 ..\obj\stm32f10x_tim.o
                0x0800130c                TIM_OC2PreloadConfig
 .text.TIM_OC3PreloadConfig
                0x080013d0       0x9c ..\obj\stm32f10x_tim.o
                0x080013d0                TIM_OC3PreloadConfig
 .text.TIM_OC4PreloadConfig
                0x0800146c       0xa0 ..\obj\stm32f10x_tim.o
                0x0800146c                TIM_OC4PreloadConfig
 .text.TIM_ClearFlag
                0x0800150c      0x10c ..\obj\stm32f10x_tim.o
                0x0800150c                TIM_ClearFlag
 .text.SystemInit
                0x08001618       0x68 ..\obj\system_stm32f10x.o
                0x08001618                SystemInit
 .text.SetSysClock
                0x08001680        0xc ..\obj\system_stm32f10x.o
 .text.SetSysClockTo72
                0x0800168c      0x100 ..\obj\system_stm32f10x.o
 .text.USART_Configuration
                0x0800178c      0x158 ..\obj\uart.o
                0x0800178c                USART_Configuration
 .text.USART1_IRQHandler
                0x080018e4      0x114 ..\obj\uart.o
                0x080018e4                USART1_IRQHandler
 .text.UART1_get_char
                0x080019f8       0x6c ..\obj\uart.o
                0x080019f8                UART1_get_char
 .text.UART1_put_char
                0x08001a64       0x90 ..\obj\uart.o
                0x08001a64                UART1_put_char
 .text.UART1_put_str
                0x08001af4       0x28 ..\obj\uart.o
                0x08001af4                UART1_put_str
 .text.buff_clear
                0x08001b1c       0x30 ..\obj\uart.o
                0x08001b1c                buff_clear
 .text.UART1_read_str
                0x08001b4c       0x44 ..\obj\uart.o
                0x08001b4c                UART1_read_str
 .text.USART3_IRQHandler
                0x08001b90      0x110 ..\obj\uart.o
                0x08001b90                USART3_IRQHandler
 .text.Default_Reset_Handler
                0x08001ca0       0x5c ..\obj\startup_stm32f10x_md.o
                0x08001ca0                Default_Reset_Handler
                0x08001ca0                Reset_Handler
 .text.Default_Handler
                0x08001cfc        0x8 ..\obj\startup_stm32f10x_md.o
                0x08001cfc                EXTI2_IRQHandler
                0x08001cfc                DebugMon_Handler
                0x08001cfc                TIM1_CC_IRQHandler
                0x08001cfc                HardFault_Handler
                0x08001cfc                SysTick_Handler
                0x08001cfc                PVD_IRQHandler
                0x08001cfc                PendSV_Handler
                0x08001cfc                NMI_Handler
                0x08001cfc                EXTI3_IRQHandler
                0x08001cfc                EXTI0_IRQHandler
                0x08001cfc                I2C2_EV_IRQHandler
                0x08001cfc                UsageFault_Handler
                0x08001cfc                ADC1_2_IRQHandler
                0x08001cfc                SPI1_IRQHandler
                0x08001cfc                TAMPER_IRQHandler
                0x08001cfc                DMA1_Channel4_IRQHandler
                0x08001cfc                RTC_IRQHandler
                0x08001cfc                DMA1_Channel7_IRQHandler
                0x08001cfc                CAN1_RX1_IRQHandler
                0x08001cfc                TIM4_IRQHandler
                0x08001cfc                I2C1_EV_IRQHandler
                0x08001cfc                DMA1_Channel6_IRQHandler
                0x08001cfc                TIM3_IRQHandler
                0x08001cfc                RCC_IRQHandler
                0x08001cfc                TIM1_TRG_COM_IRQHandler
                0x08001cfc                DMA1_Channel1_IRQHandler
                0x08001cfc                EXTI15_10_IRQHandler
                0x08001cfc                EXTI9_5_IRQHandler
                0x08001cfc                SPI2_IRQHandler
                0x08001cfc                MemManage_Handler
                0x08001cfc                SVC_Handler
                0x08001cfc                DMA1_Channel5_IRQHandler
                0x08001cfc                EXTI4_IRQHandler
                0x08001cfc                USB_LP_CAN1_RX0_IRQHandler
                0x08001cfc                USB_HP_CAN1_TX_IRQHandler
                0x08001cfc                DMA1_Channel3_IRQHandler
                0x08001cfc                TIM1_UP_IRQHandler
                0x08001cfc                WWDG_IRQHandler
                0x08001cfc                TIM1_BRK_IRQHandler
                0x08001cfc                EXTI1_IRQHandler
                0x08001cfc                RTCAlarm_IRQHandler
                0x08001cfc                USART2_IRQHandler
                0x08001cfc                I2C2_ER_IRQHandler
                0x08001cfc                DMA1_Channel2_IRQHandler
                0x08001cfc                CAN1_SCE_IRQHandler
                0x08001cfc                FLASH_IRQHandler
                0x08001cfc                BusFault_Handler
                0x08001cfc                I2C1_ER_IRQHandler
                0x08001cfc                USBWakeUp_IRQHandler
 .text.GPIO_Init
                0x08001d04      0x254 ..\obj\stm32f10x_gpio.o
                0x08001d04                GPIO_Init
 .text.GPIO_ReadInputDataBit
                0x08001f58      0x10c ..\obj\stm32f10x_gpio.o
                0x08001f58                GPIO_ReadInputDataBit
 .text.GPIO_SetBits
                0x08002064       0x8c ..\obj\stm32f10x_gpio.o
                0x08002064                GPIO_SetBits
 .text.GPIO_ResetBits
                0x080020f0       0x8c ..\obj\stm32f10x_gpio.o
                0x080020f0                GPIO_ResetBits
 .text.GPIO_PinRemapConfig
                0x0800217c      0x2fc ..\obj\stm32f10x_gpio.o
                0x0800217c                GPIO_PinRemapConfig
 .text.main     0x08002478       0x2c ..\obj\main.o
                0x08002478                main
 .text.assert_failed
                0x080024a4        0xc ..\obj\main.o
                0x080024a4                assert_failed
 .text.CPPM_Init
                0x080024b0       0x10 ..\obj\CPPM.o
                0x080024b0                CPPM_Init
 .text.CPPM_Configuration
                0x080024c0       0xc0 ..\obj\CPPM.o
                0x080024c0                CPPM_Configuration
 .text.DMA_Configuration
                0x08002580       0x6c ..\obj\CPPM.o
                0x08002580                DMA_Configuration
 .text.TIM2_IRQHandler
                0x080025ec       0x94 ..\obj\CPPM.o
                0x080025ec                TIM2_IRQHandler
 .text.RCC_GetClocksFreq
                0x08002680      0x164 ..\obj\stm32f10x_rcc.o
                0x08002680                RCC_GetClocksFreq
 .text.RCC_AHBPeriphClockCmd
                0x080027e4       0x70 ..\obj\stm32f10x_rcc.o
                0x080027e4                RCC_AHBPeriphClockCmd
 .text.RCC_APB2PeriphClockCmd
                0x08002854       0x70 ..\obj\stm32f10x_rcc.o
                0x08002854                RCC_APB2PeriphClockCmd
 .text.RCC_APB1PeriphClockCmd
                0x080028c4       0x70 ..\obj\stm32f10x_rcc.o
                0x080028c4                RCC_APB1PeriphClockCmd
 .text.USART_Init
                0x08002934      0x2b8 ..\obj\stm32f10x_usart.o
                0x08002934                USART_Init
 .text.USART_Cmd
                0x08002bec       0x9c ..\obj\stm32f10x_usart.o
                0x08002bec                USART_Cmd
 .text.USART_ITConfig
                0x08002c88      0x168 ..\obj\stm32f10x_usart.o
                0x08002c88                USART_ITConfig
 .text.USART_SendData
                0x08002df0       0x7c ..\obj\stm32f10x_usart.o
                0x08002df0                USART_SendData
 .text.USART_ReceiveData
                0x08002e6c       0x68 ..\obj\stm32f10x_usart.o
                0x08002e6c                USART_ReceiveData
 .text.USART_GetFlagStatus
                0x08002ed4       0xf4 ..\obj\stm32f10x_usart.o
                0x08002ed4                USART_GetFlagStatus
 .text.USART_GetITStatus
                0x08002fc8      0x18c ..\obj\stm32f10x_usart.o
                0x08002fc8                USART_GetITStatus
 .text.Periph_Init
                0x08003154       0x10 ..\obj\peripheral.o
                0x08003154                Periph_Init
 .text.GPIO_Configuration
                0x08003164       0x60 ..\obj\peripheral.o
                0x08003164                GPIO_Configuration
 .text.TIMERS_Configuration
                0x080031c4       0x24 ..\obj\peripheral.o
                0x080031c4                TIMERS_Configuration
 .text.delay_ms
                0x080031e8       0x4c ..\obj\peripheral.o
                0x080031e8                delay_ms
 .text.led_red_blink
                0x08003234       0x50 ..\obj\peripheral.o
                0x08003234                led_red_blink
 .text.jumper_state
                0x08003284       0x84 ..\obj\peripheral.o
                0x08003284                jumper_state
 .text._sbrk    0x08003308       0x40 ..\obj\syscalls.o
                0x08003308                _sbrk
 .text.DMA_DeInit
                0x08003348      0x1e0 ..\obj\stm32f10x_dma.o
                0x08003348                DMA_DeInit
 .text.DMA_Init
                0x08003528      0x220 ..\obj\stm32f10x_dma.o
                0x08003528                DMA_Init
 .text.DMA_Cmd  0x08003748       0xe8 ..\obj\stm32f10x_dma.o
                0x08003748                DMA_Cmd
 .text.PWM_Init
                0x08003830        0xc ..\obj\channels.o
                0x08003830                PWM_Init
 .text.PWM_Configuration
                0x0800383c      0x184 ..\obj\channels.o
                0x0800383c                PWM_Configuration
 .text.pwm_puls
                0x080039c0      0x170 ..\obj\channels.o
                0x080039c0                pwm_puls
 .text.NVIC_Init
                0x08003b30       0xfc ..\obj\misc.o
                0x08003b30                NVIC_Init
 .text.WIFI_Init
                0x08003c2c       0x7c ..\obj\esp8266.o
                0x08003c2c                WIFI_Init
 .text.WIFI_command
                0x08003ca8       0x44 ..\obj\esp8266.o
                0x08003ca8                WIFI_command
 .text.WIFI_weit_connection
                0x08003cec       0x8c ..\obj\esp8266.o
                0x08003cec                WIFI_weit_connection
 .text.WIFI_connect
                0x08003d78       0xc8 ..\obj\esp8266.o
                0x08003d78                WIFI_connect
 .text          0x08003e40      0x370 e:/arm_toolchein/bin/../lib/gcc/arm-none-eabi/4.9.3/armv7-m\libgcc.a(_arm_addsubdf3.o)
                0x08003e40                __aeabi_drsub
                0x08003e48                __aeabi_dsub
                0x08003e48                __subdf3
                0x08003e4c                __aeabi_dadd
                0x08003e4c                __adddf3
                0x080040c4                __floatunsidf
                0x080040c4                __aeabi_ui2d
                0x080040e4                __floatsidf
                0x080040e4                __aeabi_i2d
                0x08004108                __aeabi_f2d
                0x08004108                __extendsfdf2
                0x08004144                __floatundidf
                0x08004144                __aeabi_ul2d
                0x08004154                __floatdidf
                0x08004154                __aeabi_l2d
 .text          0x080041b0      0x424 e:/arm_toolchein/bin/../lib/gcc/arm-none-eabi/4.9.3/armv7-m\libgcc.a(_arm_muldivdf3.o)
                0x080041b0                __aeabi_dmul
                0x080041b0                __muldf3
                0x08004404                __divdf3
                0x08004404                __aeabi_ddiv
 .text          0x080045d4       0x40 e:/arm_toolchein/bin/../lib/gcc/arm-none-eabi/4.9.3/armv7-m\libgcc.a(_arm_fixunsdfsi.o)
                0x080045d4                __aeabi_d2uiz
                0x080045d4                __fixunsdfsi
 .text.sscanf   0x08004614       0x54 e:/arm_toolchein/bin/../lib/gcc/arm-none-eabi/4.9.3/../../../../arm-none-eabi/lib/armv7-m\libg_nano.a(lib_a-sscanf.o)
                0x08004614                siscanf
                0x08004614                sscanf
 .text.__seofread
                0x08004668        0x4 e:/arm_toolchein/bin/../lib/gcc/arm-none-eabi/4.9.3/../../../../arm-none-eabi/lib/armv7-m\libg_nano.a(lib_a-stdio.o)
                0x08004668                __seofread
 .text.strlen   0x0800466c       0x10 e:/arm_toolchein/bin/../lib/gcc/arm-none-eabi/4.9.3/../../../../arm-none-eabi/lib/armv7-m\libg_nano.a(lib_a-strlen.o)
                0x0800466c                strlen
 .text.strstr   0x0800467c       0x30 e:/arm_toolchein/bin/../lib/gcc/arm-none-eabi/4.9.3/../../../../arm-none-eabi/lib/armv7-m\libg_nano.a(lib_a-strstr.o)
                0x0800467c                strstr
 .text._sungetc_r
                0x080046ac       0x7a e:/arm_toolchein/bin/../lib/gcc/arm-none-eabi/4.9.3/../../../../arm-none-eabi/lib/armv7-m\libg_nano.a(lib_a-nano-svfscanf.o)
                0x080046ac                _sungetc_r
 .text.__ssrefill_r
                0x08004726       0x3a e:/arm_toolchein/bin/../lib/gcc/arm-none-eabi/4.9.3/../../../../arm-none-eabi/lib/armv7-m\libg_nano.a(lib_a-nano-svfscanf.o)
                0x08004726                __ssrefill_r
 .text.__ssvfscanf_r
                0x08004760      0x29c e:/arm_toolchein/bin/../lib/gcc/arm-none-eabi/4.9.3/../../../../arm-none-eabi/lib/armv7-m\libg_nano.a(lib_a-nano-svfscanf.o)
                0x08004760                __ssvfiscanf_r
                0x08004760                __ssvfscanf_r
 .text._scanf_chars
                0x080049fc       0xbc e:/arm_toolchein/bin/../lib/gcc/arm-none-eabi/4.9.3/../../../../arm-none-eabi/lib/armv7-m\libg_nano.a(lib_a-nano-vfscanf_i.o)
                0x080049fc                _scanf_chars
 .text._scanf_i
                0x08004ab8      0x1e4 e:/arm_toolchein/bin/../lib/gcc/arm-none-eabi/4.9.3/../../../../arm-none-eabi/lib/armv7-m\libg_nano.a(lib_a-nano-vfscanf_i.o)
                0x08004ab8                _scanf_i
 .text.__sccl   0x08004c9c       0x62 e:/arm_toolchein/bin/../lib/gcc/arm-none-eabi/4.9.3/../../../../arm-none-eabi/lib/armv7-m\libg_nano.a(lib_a-sccl.o)
                0x08004c9c                __sccl
 *fill*         0x08004cfe        0x2 
 .text._strtol_r
                0x08004d00      0x10c e:/arm_toolchein/bin/../lib/gcc/arm-none-eabi/4.9.3/../../../../arm-none-eabi/lib/armv7-m\libg_nano.a(lib_a-strtol.o)
                0x08004d00                _strtol_r
 .text._strtoul_r
                0x08004e0c       0xf8 e:/arm_toolchein/bin/../lib/gcc/arm-none-eabi/4.9.3/../../../../arm-none-eabi/lib/armv7-m\libg_nano.a(lib_a-strtoul.o)
                0x08004e0c                _strtoul_r
 .text.__submore
                0x08004f04       0x72 e:/arm_toolchein/bin/../lib/gcc/arm-none-eabi/4.9.3/../../../../arm-none-eabi/lib/armv7-m\libg_nano.a(lib_a-ungetc.o)
                0x08004f04                __submore
 .text.memchr   0x08004f76       0x1c e:/arm_toolchein/bin/../lib/gcc/arm-none-eabi/4.9.3/../../../../arm-none-eabi/lib/armv7-m\libg_nano.a(lib_a-memchr.o)
                0x08004f76                memchr
 .text.memcpy   0x08004f92       0x16 e:/arm_toolchein/bin/../lib/gcc/arm-none-eabi/4.9.3/../../../../arm-none-eabi/lib/armv7-m\libg_nano.a(lib_a-memcpy.o)
                0x08004f92                memcpy
 .text._free_r  0x08004fa8       0x88 e:/arm_toolchein/bin/../lib/gcc/arm-none-eabi/4.9.3/../../../../arm-none-eabi/lib/armv7-m\libg_nano.a(lib_a-nano-freer.o)
                0x08004fa8                _free_r
 .text._malloc_r
                0x08005030       0xac e:/arm_toolchein/bin/../lib/gcc/arm-none-eabi/4.9.3/../../../../arm-none-eabi/lib/armv7-m\libg_nano.a(lib_a-nano-mallocr.o)
                0x08005030                _malloc_r
 .text._realloc_r
                0x080050dc       0x4c e:/arm_toolchein/bin/../lib/gcc/arm-none-eabi/4.9.3/../../../../arm-none-eabi/lib/armv7-m\libg_nano.a(lib_a-nano-reallocr.o)
                0x080050dc                _realloc_r
 .text._sbrk_r  0x08005128       0x20 e:/arm_toolchein/bin/../lib/gcc/arm-none-eabi/4.9.3/../../../../arm-none-eabi/lib/armv7-m\libg_nano.a(lib_a-sbrkr.o)
                0x08005128                _sbrk_r
 .text._malloc_usable_size_r
                0x08005148       0x14 e:/arm_toolchein/bin/../lib/gcc/arm-none-eabi/4.9.3/../../../../arm-none-eabi/lib/armv7-m\libg_nano.a(lib_a-nano-msizer.o)
                0x08005148                _malloc_usable_size_r
 *(.init)
 *(.fini)
 *crtbegin.o(.ctors)
 *crtbegin?.o(.ctors)
 *(EXCLUDE_FILE(*crtend.o *crtend?.o) .ctors)
 *(SORT(.ctors.*))
 *(.ctors)
 *crtbegin.o(.dtors)
 *crtbegin?.o(.dtors)
 *(EXCLUDE_FILE(*crtend.o *crtend?.o) .dtors)
 *(SORT(.dtors.*))
 *(.dtors)
 *(.rodata*)
 .rodata        0x0800515c       0x50 ..\obj\stm32f10x_tim.o
 .rodata        0x080051ac       0x50 ..\obj\stm32f10x_gpio.o
 .rodata        0x080051fc       0x50 ..\obj\stm32f10x_rcc.o
 .rodata        0x0800524c       0x50 ..\obj\stm32f10x_usart.o
 .rodata        0x0800529c       0x50 ..\obj\stm32f10x_dma.o
 .rodata        0x080052ec       0x48 ..\obj\misc.o
 .rodata        0x08005334      0x120 ..\obj\esp8266.o
 .rodata.str1.1
                0x08005454        0x2 e:/arm_toolchein/bin/../lib/gcc/arm-none-eabi/4.9.3/../../../../arm-none-eabi/lib/armv7-m\libg_nano.a(lib_a-impure.o)
 .rodata.str1.1
                0x08005456        0x4 e:/arm_toolchein/bin/../lib/gcc/arm-none-eabi/4.9.3/../../../../arm-none-eabi/lib/armv7-m\libg_nano.a(lib_a-nano-svfscanf.o)
 *fill*         0x0800545a        0x2 
 .rodata        0x0800545c        0xc e:/arm_toolchein/bin/../lib/gcc/arm-none-eabi/4.9.3/../../../../arm-none-eabi/lib/armv7-m\libg_nano.a(lib_a-nano-vfscanf_i.o)
 .rodata.str1.1
                0x08005468       0x1b e:/arm_toolchein/bin/../lib/gcc/arm-none-eabi/4.9.3/../../../../arm-none-eabi/lib/armv7-m\libg_nano.a(lib_a-nano-vfscanf_i.o)
 .rodata._ctype_
                0x08005483      0x101 e:/arm_toolchein/bin/../lib/gcc/arm-none-eabi/4.9.3/../../../../arm-none-eabi/lib/armv7-m\libg_nano.a(lib_a-ctype_.o)
                0x08005483                _ctype_
 .rodata.__sf_fake_stdin
                0x08005584       0x20 e:/arm_toolchein/bin/../lib/gcc/arm-none-eabi/4.9.3/../../../../arm-none-eabi/lib/armv7-m\libg_nano.a(lib_a-findfp.o)
                0x08005584                __sf_fake_stdin
 .rodata.__sf_fake_stdout
                0x080055a4       0x20 e:/arm_toolchein/bin/../lib/gcc/arm-none-eabi/4.9.3/../../../../arm-none-eabi/lib/armv7-m\libg_nano.a(lib_a-findfp.o)
                0x080055a4                __sf_fake_stdout
 .rodata.__sf_fake_stderr
                0x080055c4       0x20 e:/arm_toolchein/bin/../lib/gcc/arm-none-eabi/4.9.3/../../../../arm-none-eabi/lib/armv7-m\libg_nano.a(lib_a-findfp.o)
                0x080055c4                __sf_fake_stderr
 *(.eh_fram e*)

.glue_7         0x080055e4        0x0
 .glue_7        0x00000000        0x0 linker stubs

.glue_7t        0x080055e4        0x0
 .glue_7t       0x00000000        0x0 linker stubs

.vfp11_veneer   0x080055e4        0x0
 .vfp11_veneer  0x00000000        0x0 linker stubs

.v4_bx          0x080055e4        0x0
 .v4_bx         0x00000000        0x0 linker stubs

.iplt           0x080055e4        0x0
 .iplt          0x00000000        0x0 ..\obj\stm32f10x_tim.o

.rel.dyn        0x080055e4        0x0
 .rel.iplt      0x00000000        0x0 ..\obj\stm32f10x_tim.o

.ARM.extab
 *(.ARM.extab* .gnu.linkonce.armextab.*)
                0x080055e4                __exidx_start = .

.ARM.exidx
 *(.ARM.exidx* .gnu.linkonce.armexidx.*)
                0x080055e4                __exidx_end = .
                0x080055e4                __etext = .
                0x080055e4                _sidata = __etext

.data           0x20000000       0xc8 load address 0x080055e4
                0x20000000                __data_start__ = .
                0x20000000                _sdata = __data_start__
 *(vtable)
 *(.data*)
 .data          0x20000000       0x24 ..\obj\CPPM.o
                0x20000000                PPM_Buffer
 .data          0x20000024       0x14 ..\obj\stm32f10x_rcc.o
 .data          0x20000038        0x8 ..\obj\channels.o
                0x20000038                coeff
 .data          0x20000040       0x20 ..\obj\esp8266.o
                0x20000040                Channel
 .data.impure_data
                0x20000060       0x60 e:/arm_toolchein/bin/../lib/gcc/arm-none-eabi/4.9.3/../../../../arm-none-eabi/lib/armv7-m\libg_nano.a(lib_a-impure.o)
 .data._impure_ptr
                0x200000c0        0x4 e:/arm_toolchein/bin/../lib/gcc/arm-none-eabi/4.9.3/../../../../arm-none-eabi/lib/armv7-m\libg_nano.a(lib_a-impure.o)
                0x200000c0                _impure_ptr
 .data.__ctype_ptr__
                0x200000c4        0x4 e:/arm_toolchein/bin/../lib/gcc/arm-none-eabi/4.9.3/../../../../arm-none-eabi/lib/armv7-m\libg_nano.a(lib_a-ctype_.o)
                0x200000c4                __ctype_ptr__
                0x200000c8                . = ALIGN (0x4)
                0x200000c8                PROVIDE (__preinit_array_start, .)
 *(.preinit_array)
                0x200000c8                PROVIDE (__preinit_array_end, .)
                0x200000c8                . = ALIGN (0x4)
                0x200000c8                PROVIDE (__init_array_start, .)
 *(SORT(.init_array.*))
 *(.init_array)
                0x200000c8                PROVIDE (__init_array_end, .)
                0x200000c8                . = ALIGN (0x4)
                0x200000c8                PROVIDE (__fini_array_start, .)
 *(SORT(.fini_array.*))
 *(.fini_array)
                0x200000c8                PROVIDE (__fini_array_end, .)
 *(.jcr*)
                0x200000c8                . = ALIGN (0x4)
                0x200000c8                __data_end__ = .
                0x200000c8                _edata = __data_end__

.igot.plt       0x200000c8        0x0 load address 0x080056ac
 .igot.plt      0x00000000        0x0 ..\obj\stm32f10x_tim.o

.bss            0x200000c8      0x2cc load address 0x080056ac
                0x200000c8                . = ALIGN (0x4)
                0x200000c8                __bss_start__ = .
                0x200000c8                _sbss = __bss_start__
 *(.bss*)
 .bss           0x200000c8       0x38 ..\obj\uart.o
                0x200000c8                UART1_rx_wr_index
                0x200000cc                UART1_rx_rd_index
                0x200000d0                UART1_rx_counter
                0x200000d4                UART1_rx_buffer_overflow
                0x200000d8                UART1_tx_wr_index
                0x200000dc                UART1_tx_rd_index
                0x200000e0                UART1_tx_counter
                0x200000e4                UART3_rx_wr_index
                0x200000e8                UART3_rx_rd_index
                0x200000ec                UART3_rx_counter
                0x200000f0                UART3_rx_buffer_overflow
                0x200000f4                UART3_tx_wr_index
                0x200000f8                UART3_tx_rd_index
                0x200000fc                UART3_tx_counter
 .bss           0x20000100        0x1 ..\obj\peripheral.o
                0x20000100                jumper
 *fill*         0x20000101        0x3 
 .bss           0x20000104        0x4 ..\obj\syscalls.o
 .bss.__malloc_sbrk_start
                0x20000108        0x4 e:/arm_toolchein/bin/../lib/gcc/arm-none-eabi/4.9.3/../../../../arm-none-eabi/lib/armv7-m\libg_nano.a(lib_a-nano-mallocr.o)
                0x20000108                __malloc_sbrk_start
 .bss.__malloc_free_list
                0x2000010c        0x4 e:/arm_toolchein/bin/../lib/gcc/arm-none-eabi/4.9.3/../../../../arm-none-eabi/lib/armv7-m\libg_nano.a(lib_a-nano-mallocr.o)
                0x2000010c                __malloc_free_list
 *(COMMON)
 COMMON         0x20000110      0x280 ..\obj\uart.o
                0x20000110                UART1_rx_buffer
                0x20000190                UART3_tx_buffer
                0x20000210                UART1_tx_buffer
                0x20000290                UART3_rx_buffer
                0x20000310                Buffer
 COMMON         0x20000390        0x4 e:/arm_toolchein/bin/../lib/gcc/arm-none-eabi/4.9.3/../../../../arm-none-eabi/lib/armv7-m\libg_nano.a(lib_a-reent.o)
                0x20000390                errno
                0x20000394                . = ALIGN (0x4)
                0x20000394                __bss_end__ = .
                0x20000394                _ebss = __bss_end__

.heap           0x20000394        0x0
                0x20000394                __end__ = .
                0x20000394                _end = __end__
                0x20000394                end = __end__
 *(.heap*)
                0x20000394                __HeapLimit = .

.co_stack       0x20000394      0x404 load address 0x08005978
                0x20000398                . = ALIGN (0x8)
 *fill*         0x20000394        0x4 
 *(.co_stack .co_stack.*)
 .co_stack      0x20000398      0x400 ..\obj\startup_stm32f10x_md.o
                0x20000398                pulStack
                0x20005000                __StackTop = (ORIGIN (ram) + 0x5000)
                0x20004bfc                __StackLimit = (__StackTop - SIZEOF (.co_stack))
                0x20005000                PROVIDE (__stack, __StackTop)
                0x00000001                ASSERT ((__StackLimit >= __HeapLimit), region ram  overflowed with stack)
LOAD ..\obj\stm32f10x_tim.o
LOAD ..\obj\system_stm32f10x.o
LOAD ..\obj\uart.o
LOAD ..\obj\startup_stm32f10x_md.o
LOAD ..\obj\stm32f10x_gpio.o
LOAD ..\obj\main.o
LOAD ..\obj\CPPM.o
LOAD ..\obj\stm32f10x_rcc.o
LOAD ..\obj\stm32f10x_exti.o
LOAD ..\obj\stm32f10x_usart.o
LOAD ..\obj\peripheral.o
LOAD ..\obj\syscalls.o
LOAD ..\obj\stm32f10x_dma.o
LOAD ..\obj\channels.o
LOAD ..\obj\misc.o
LOAD ..\obj\esp8266.o
START GROUP
LOAD e:/arm_toolchein/bin/../lib/gcc/arm-none-eabi/4.9.3/armv7-m\libgcc.a
LOAD e:/arm_toolchein/bin/../lib/gcc/arm-none-eabi/4.9.3/../../../../arm-none-eabi/lib/armv7-m\libg_nano.a
LOAD e:/arm_toolchein/bin/../lib/gcc/arm-none-eabi/4.9.3/../../../../arm-none-eabi/lib/armv7-m\libc_nano.a
END GROUP
START GROUP
LOAD e:/arm_toolchein/bin/../lib/gcc/arm-none-eabi/4.9.3/armv7-m\libgcc.a
LOAD e:/arm_toolchein/bin/../lib/gcc/arm-none-eabi/4.9.3/../../../../arm-none-eabi/lib/armv7-m\libc_nano.a
END GROUP
OUTPUT(PWM1.elf elf32-littlearm)

.debug_info     0x00000000     0x68f6
 .debug_info    0x00000000     0x1c58 ..\obj\stm32f10x_tim.o
 .debug_info    0x00001c58      0x479 ..\obj\system_stm32f10x.o
 .debug_info    0x000020d1      0x8c0 ..\obj\uart.o
 .debug_info    0x00002991       0xe9 ..\obj\startup_stm32f10x_md.o
 .debug_info    0x00002a7a      0x6f3 ..\obj\stm32f10x_gpio.o
 .debug_info    0x0000316d      0x146 ..\obj\main.o
 .debug_info    0x000032b3      0x866 ..\obj\CPPM.o
 .debug_info    0x00003b19      0x88d ..\obj\stm32f10x_rcc.o
 .debug_info    0x000043a6      0x9e8 ..\obj\stm32f10x_usart.o
 .debug_info    0x00004d8e      0x5cb ..\obj\peripheral.o
 .debug_info    0x00005359      0x3ee ..\obj\syscalls.o
 .debug_info    0x00005747      0x489 ..\obj\stm32f10x_dma.o
 .debug_info    0x00005bd0      0x5ab ..\obj\channels.o
 .debug_info    0x0000617b      0x53d ..\obj\misc.o
 .debug_info    0x000066b8      0x23e ..\obj\esp8266.o

.debug_abbrev   0x00000000     0x1467
 .debug_abbrev  0x00000000      0x196 ..\obj\stm32f10x_tim.o
 .debug_abbrev  0x00000196      0x14c ..\obj\system_stm32f10x.o
 .debug_abbrev  0x000002e2      0x216 ..\obj\uart.o
 .debug_abbrev  0x000004f8       0xa7 ..\obj\startup_stm32f10x_md.o
 .debug_abbrev  0x0000059f      0x1c8 ..\obj\stm32f10x_gpio.o
 .debug_abbrev  0x00000767       0xcf ..\obj\main.o
 .debug_abbrev  0x00000836      0x15e ..\obj\CPPM.o
 .debug_abbrev  0x00000994      0x1b8 ..\obj\stm32f10x_rcc.o
 .debug_abbrev  0x00000b4c      0x17c ..\obj\stm32f10x_usart.o
 .debug_abbrev  0x00000cc8      0x1a3 ..\obj\peripheral.o
 .debug_abbrev  0x00000e6b       0xe2 ..\obj\syscalls.o
 .debug_abbrev  0x00000f4d      0x16f ..\obj\stm32f10x_dma.o
 .debug_abbrev  0x000010bc      0x142 ..\obj\channels.o
 .debug_abbrev  0x000011fe      0x145 ..\obj\misc.o
 .debug_abbrev  0x00001343      0x124 ..\obj\esp8266.o

.debug_aranges  0x00000000      0x8d0
 .debug_aranges
                0x00000000      0x2f0 ..\obj\stm32f10x_tim.o
 .debug_aranges
                0x000002f0       0x38 ..\obj\system_stm32f10x.o
 .debug_aranges
                0x00000328       0x88 ..\obj\uart.o
 .debug_aranges
                0x000003b0       0x28 ..\obj\startup_stm32f10x_md.o
 .debug_aranges
                0x000003d8       0xa8 ..\obj\stm32f10x_gpio.o
 .debug_aranges
                0x00000480       0x28 ..\obj\main.o
 .debug_aranges
                0x000004a8       0x38 ..\obj\CPPM.o
 .debug_aranges
                0x000004e0      0x118 ..\obj\stm32f10x_rcc.o
 .debug_aranges
                0x000005f8      0x100 ..\obj\stm32f10x_usart.o
 .debug_aranges
                0x000006f8       0x58 ..\obj\peripheral.o
 .debug_aranges
                0x00000750       0x60 ..\obj\syscalls.o
 .debug_aranges
                0x000007b0       0x70 ..\obj\stm32f10x_dma.o
 .debug_aranges
                0x00000820       0x30 ..\obj\channels.o
 .debug_aranges
                0x00000850       0x40 ..\obj\misc.o
 .debug_aranges
                0x00000890       0x40 ..\obj\esp8266.o

.debug_ranges   0x00000000      0x7e0
 .debug_ranges  0x00000000      0x2e0 ..\obj\stm32f10x_tim.o
 .debug_ranges  0x000002e0       0x28 ..\obj\system_stm32f10x.o
 .debug_ranges  0x00000308       0x78 ..\obj\uart.o
 .debug_ranges  0x00000380       0x18 ..\obj\startup_stm32f10x_md.o
 .debug_ranges  0x00000398       0x98 ..\obj\stm32f10x_gpio.o
 .debug_ranges  0x00000430       0x18 ..\obj\main.o
 .debug_ranges  0x00000448       0x28 ..\obj\CPPM.o
 .debug_ranges  0x00000470      0x108 ..\obj\stm32f10x_rcc.o
 .debug_ranges  0x00000578       0xf0 ..\obj\stm32f10x_usart.o
 .debug_ranges  0x00000668       0x48 ..\obj\peripheral.o
 .debug_ranges  0x000006b0       0x50 ..\obj\syscalls.o
 .debug_ranges  0x00000700       0x60 ..\obj\stm32f10x_dma.o
 .debug_ranges  0x00000760       0x20 ..\obj\channels.o
 .debug_ranges  0x00000780       0x30 ..\obj\misc.o
 .debug_ranges  0x000007b0       0x30 ..\obj\esp8266.o

.debug_line     0x00000000     0x5b0f
 .debug_line    0x00000000     0x252d ..\obj\stm32f10x_tim.o
 .debug_line    0x0000252d      0x1e1 ..\obj\system_stm32f10x.o
 .debug_line    0x0000270e      0x3ec ..\obj\uart.o
 .debug_line    0x00002afa       0xaf ..\obj\startup_stm32f10x_md.o
 .debug_line    0x00002ba9      0x886 ..\obj\stm32f10x_gpio.o
 .debug_line    0x0000342f      0x15d ..\obj\main.o
 .debug_line    0x0000358c      0x27b ..\obj\CPPM.o
 .debug_line    0x00003807      0x74a ..\obj\stm32f10x_rcc.o
 .debug_line    0x00003f51      0x9cb ..\obj\stm32f10x_usart.o
 .debug_line    0x0000491c      0x286 ..\obj\peripheral.o
 .debug_line    0x00004ba2      0x155 ..\obj\syscalls.o
 .debug_line    0x00004cf7      0x712 ..\obj\stm32f10x_dma.o
 .debug_line    0x00005409      0x247 ..\obj\channels.o
 .debug_line    0x00005650      0x29b ..\obj\misc.o
 .debug_line    0x000058eb      0x224 ..\obj\esp8266.o

.debug_str      0x00000000     0x292b
 .debug_str     0x00000000      0xd38 ..\obj\stm32f10x_tim.o
                                0xdfb (size before relaxing)
 .debug_str     0x00000d38      0x17f ..\obj\system_stm32f10x.o
                                0x30d (size before relaxing)
 .debug_str     0x00000eb7      0x772 ..\obj\uart.o
                                0x95f (size before relaxing)
 .debug_str     0x00001629       0xbd ..\obj\startup_stm32f10x_md.o
                                0x15d (size before relaxing)
 .debug_str     0x000016e6      0x26e ..\obj\stm32f10x_gpio.o
                                0x537 (size before relaxing)
 .debug_str     0x00001954       0xad ..\obj\main.o
                                0x210 (size before relaxing)
 .debug_str     0x00001a01      0x19c ..\obj\CPPM.o
                                0xa10 (size before relaxing)
 .debug_str     0x00001b9d      0x3f5 ..\obj\stm32f10x_rcc.o
                                0x638 (size before relaxing)
 .debug_str     0x00001f92      0x3b6 ..\obj\stm32f10x_usart.o
                                0x6ae (size before relaxing)
 .debug_str     0x00002348       0xd8 ..\obj\peripheral.o
                                0x4af (size before relaxing)
 .debug_str     0x00002420      0x168 ..\obj\syscalls.o
                                0x2fb (size before relaxing)
 .debug_str     0x00002588      0x14c ..\obj\stm32f10x_dma.o
                                0x3e7 (size before relaxing)
 .debug_str     0x000026d4       0x65 ..\obj\channels.o
                                0x5a6 (size before relaxing)
 .debug_str     0x00002739      0x166 ..\obj\misc.o
                                0x3dc (size before relaxing)
 .debug_str     0x0000289f       0x8c ..\obj\esp8266.o
                                0x28a (size before relaxing)

.comment        0x00000000       0x70
 .comment       0x00000000       0x70 ..\obj\stm32f10x_tim.o
                                 0x71 (size before relaxing)
 .comment       0x00000000       0x71 ..\obj\system_stm32f10x.o
 .comment       0x00000000       0x71 ..\obj\uart.o
 .comment       0x00000000       0x71 ..\obj\startup_stm32f10x_md.o
 .comment       0x00000000       0x71 ..\obj\stm32f10x_gpio.o
 .comment       0x00000000       0x71 ..\obj\main.o
 .comment       0x00000000       0x71 ..\obj\CPPM.o
 .comment       0x00000000       0x71 ..\obj\stm32f10x_rcc.o
 .comment       0x00000000       0x71 ..\obj\stm32f10x_usart.o
 .comment       0x00000000       0x71 ..\obj\peripheral.o
 .comment       0x00000000       0x71 ..\obj\syscalls.o
 .comment       0x00000000       0x71 ..\obj\stm32f10x_dma.o
 .comment       0x00000000       0x71 ..\obj\channels.o
 .comment       0x00000000       0x71 ..\obj\misc.o
 .comment       0x00000000       0x71 ..\obj\esp8266.o

.ARM.attributes
                0x00000000       0x33
 .ARM.attributes
                0x00000000       0x33 ..\obj\stm32f10x_tim.o
 .ARM.attributes
                0x00000033       0x33 ..\obj\system_stm32f10x.o
 .ARM.attributes
                0x00000066       0x33 ..\obj\uart.o
 .ARM.attributes
                0x00000099       0x33 ..\obj\startup_stm32f10x_md.o
 .ARM.attributes
                0x000000cc       0x33 ..\obj\stm32f10x_gpio.o
 .ARM.attributes
                0x000000ff       0x33 ..\obj\main.o
 .ARM.attributes
                0x00000132       0x33 ..\obj\CPPM.o
 .ARM.attributes
                0x00000165       0x33 ..\obj\stm32f10x_rcc.o
 .ARM.attributes
                0x00000198       0x33 ..\obj\stm32f10x_usart.o
 .ARM.attributes
                0x000001cb       0x33 ..\obj\peripheral.o
 .ARM.attributes
                0x000001fe       0x33 ..\obj\syscalls.o
 .ARM.attributes
                0x00000231       0x33 ..\obj\stm32f10x_dma.o
 .ARM.attributes
                0x00000264       0x33 ..\obj\channels.o
 .ARM.attributes
                0x00000297       0x33 ..\obj\misc.o
 .ARM.attributes
                0x000002ca       0x33 ..\obj\esp8266.o
 .ARM.attributes
                0x000002fd       0x1d e:/arm_toolchein/bin/../lib/gcc/arm-none-eabi/4.9.3/armv7-m\libgcc.a(_arm_addsubdf3.o)
 .ARM.attributes
                0x0000031a       0x1d e:/arm_toolchein/bin/../lib/gcc/arm-none-eabi/4.9.3/armv7-m\libgcc.a(_arm_muldivdf3.o)
 .ARM.attributes
                0x00000337       0x1d e:/arm_toolchein/bin/../lib/gcc/arm-none-eabi/4.9.3/armv7-m\libgcc.a(_arm_fixunsdfsi.o)
 .ARM.attributes
                0x00000354       0x2d e:/arm_toolchein/bin/../lib/gcc/arm-none-eabi/4.9.3/../../../../arm-none-eabi/lib/armv7-m\libg_nano.a(lib_a-sscanf.o)
 .ARM.attributes
                0x00000381       0x2d e:/arm_toolchein/bin/../lib/gcc/arm-none-eabi/4.9.3/../../../../arm-none-eabi/lib/armv7-m\libg_nano.a(lib_a-stdio.o)
 .ARM.attributes
                0x000003ae       0x2d e:/arm_toolchein/bin/../lib/gcc/arm-none-eabi/4.9.3/../../../../arm-none-eabi/lib/armv7-m\libg_nano.a(lib_a-strlen.o)
 .ARM.attributes
                0x000003db       0x2d e:/arm_toolchein/bin/../lib/gcc/arm-none-eabi/4.9.3/../../../../arm-none-eabi/lib/armv7-m\libg_nano.a(lib_a-strstr.o)
 .ARM.attributes
                0x00000408       0x2d e:/arm_toolchein/bin/../lib/gcc/arm-none-eabi/4.9.3/../../../../arm-none-eabi/lib/armv7-m\libg_nano.a(lib_a-impure.o)
 .ARM.attributes
                0x00000435       0x2d e:/arm_toolchein/bin/../lib/gcc/arm-none-eabi/4.9.3/../../../../arm-none-eabi/lib/armv7-m\libg_nano.a(lib_a-nano-svfscanf.o)
 .ARM.attributes
                0x00000462       0x2d e:/arm_toolchein/bin/../lib/gcc/arm-none-eabi/4.9.3/../../../../arm-none-eabi/lib/armv7-m\libg_nano.a(lib_a-nano-vfscanf_i.o)
 .ARM.attributes
                0x0000048f       0x2d e:/arm_toolchein/bin/../lib/gcc/arm-none-eabi/4.9.3/../../../../arm-none-eabi/lib/armv7-m\libg_nano.a(lib_a-reent.o)
 .ARM.attributes
                0x000004bc       0x2d e:/arm_toolchein/bin/../lib/gcc/arm-none-eabi/4.9.3/../../../../arm-none-eabi/lib/armv7-m\libg_nano.a(lib_a-sccl.o)
 .ARM.attributes
                0x000004e9       0x2d e:/arm_toolchein/bin/../lib/gcc/arm-none-eabi/4.9.3/../../../../arm-none-eabi/lib/armv7-m\libg_nano.a(lib_a-strtol.o)
 .ARM.attributes
                0x00000516       0x2d e:/arm_toolchein/bin/../lib/gcc/arm-none-eabi/4.9.3/../../../../arm-none-eabi/lib/armv7-m\libg_nano.a(lib_a-strtoul.o)
 .ARM.attributes
                0x00000543       0x2d e:/arm_toolchein/bin/../lib/gcc/arm-none-eabi/4.9.3/../../../../arm-none-eabi/lib/armv7-m\libg_nano.a(lib_a-ungetc.o)
 .ARM.attributes
                0x00000570       0x2d e:/arm_toolchein/bin/../lib/gcc/arm-none-eabi/4.9.3/../../../../arm-none-eabi/lib/armv7-m\libg_nano.a(lib_a-ctype_.o)
 .ARM.attributes
                0x0000059d       0x2d e:/arm_toolchein/bin/../lib/gcc/arm-none-eabi/4.9.3/../../../../arm-none-eabi/lib/armv7-m\libg_nano.a(lib_a-findfp.o)
 .ARM.attributes
                0x000005ca       0x2d e:/arm_toolchein/bin/../lib/gcc/arm-none-eabi/4.9.3/../../../../arm-none-eabi/lib/armv7-m\libg_nano.a(lib_a-memchr.o)
 .ARM.attributes
                0x000005f7       0x2d e:/arm_toolchein/bin/../lib/gcc/arm-none-eabi/4.9.3/../../../../arm-none-eabi/lib/armv7-m\libg_nano.a(lib_a-memcpy.o)
 .ARM.attributes
                0x00000624       0x2d e:/arm_toolchein/bin/../lib/gcc/arm-none-eabi/4.9.3/../../../../arm-none-eabi/lib/armv7-m\libg_nano.a(lib_a-nano-freer.o)
 .ARM.attributes
                0x00000651       0x2d e:/arm_toolchein/bin/../lib/gcc/arm-none-eabi/4.9.3/../../../../arm-none-eabi/lib/armv7-m\libg_nano.a(lib_a-nano-mallocr.o)
 .ARM.attributes
                0x0000067e       0x2d e:/arm_toolchein/bin/../lib/gcc/arm-none-eabi/4.9.3/../../../../arm-none-eabi/lib/armv7-m\libg_nano.a(lib_a-nano-reallocr.o)
 .ARM.attributes
                0x000006ab       0x2d e:/arm_toolchein/bin/../lib/gcc/arm-none-eabi/4.9.3/../../../../arm-none-eabi/lib/armv7-m\libg_nano.a(lib_a-sbrkr.o)
 .ARM.attributes
                0x000006d8       0x2d e:/arm_toolchein/bin/../lib/gcc/arm-none-eabi/4.9.3/../../../../arm-none-eabi/lib/armv7-m\libg_nano.a(lib_a-nano-msizer.o)

.debug_frame    0x00000000     0x2844
 .debug_frame   0x00000000      0xd10 ..\obj\stm32f10x_tim.o
 .debug_frame   0x00000d10       0x98 ..\obj\system_stm32f10x.o
 .debug_frame   0x00000da8      0x204 ..\obj\uart.o
 .debug_frame   0x00000fac       0x4c ..\obj\startup_stm32f10x_md.o
 .debug_frame   0x00000ff8      0x2a0 ..\obj\stm32f10x_gpio.o
 .debug_frame   0x00001298       0x48 ..\obj\main.o
 .debug_frame   0x000012e0       0x98 ..\obj\CPPM.o
 .debug_frame   0x00001378      0x488 ..\obj\stm32f10x_rcc.o
 .debug_frame   0x00001800      0x430 ..\obj\stm32f10x_usart.o
 .debug_frame   0x00001c30      0x128 ..\obj\peripheral.o
 .debug_frame   0x00001d58      0x168 ..\obj\syscalls.o
 .debug_frame   0x00001ec0      0x1a0 ..\obj\stm32f10x_dma.o
 .debug_frame   0x00002060       0x78 ..\obj\channels.o
 .debug_frame   0x000020d8       0xc4 ..\obj\misc.o
 .debug_frame   0x0000219c       0xac ..\obj\esp8266.o
 .debug_frame   0x00002248       0x80 e:/arm_toolchein/bin/../lib/gcc/arm-none-eabi/4.9.3/../../../../arm-none-eabi/lib/armv7-m\libg_nano.a(lib_a-sscanf.o)
 .debug_frame   0x000022c8       0x88 e:/arm_toolchein/bin/../lib/gcc/arm-none-eabi/4.9.3/../../../../arm-none-eabi/lib/armv7-m\libg_nano.a(lib_a-stdio.o)
 .debug_frame   0x00002350       0x20 e:/arm_toolchein/bin/../lib/gcc/arm-none-eabi/4.9.3/../../../../arm-none-eabi/lib/armv7-m\libg_nano.a(lib_a-strlen.o)
 .debug_frame   0x00002370       0x2c e:/arm_toolchein/bin/../lib/gcc/arm-none-eabi/4.9.3/../../../../arm-none-eabi/lib/armv7-m\libg_nano.a(lib_a-strstr.o)
 .debug_frame   0x0000239c       0x70 e:/arm_toolchein/bin/../lib/gcc/arm-none-eabi/4.9.3/../../../../arm-none-eabi/lib/armv7-m\libg_nano.a(lib_a-nano-svfscanf.o)
 .debug_frame   0x0000240c       0x5c e:/arm_toolchein/bin/../lib/gcc/arm-none-eabi/4.9.3/../../../../arm-none-eabi/lib/armv7-m\libg_nano.a(lib_a-nano-vfscanf_i.o)
 .debug_frame   0x00002468       0x5c e:/arm_toolchein/bin/../lib/gcc/arm-none-eabi/4.9.3/../../../../arm-none-eabi/lib/armv7-m\libg_nano.a(lib_a-reent.o)
 .debug_frame   0x000024c4       0x30 e:/arm_toolchein/bin/../lib/gcc/arm-none-eabi/4.9.3/../../../../arm-none-eabi/lib/armv7-m\libg_nano.a(lib_a-sccl.o)
 .debug_frame   0x000024f4       0x54 e:/arm_toolchein/bin/../lib/gcc/arm-none-eabi/4.9.3/../../../../arm-none-eabi/lib/armv7-m\libg_nano.a(lib_a-strtol.o)
 .debug_frame   0x00002548       0x54 e:/arm_toolchein/bin/../lib/gcc/arm-none-eabi/4.9.3/../../../../arm-none-eabi/lib/armv7-m\libg_nano.a(lib_a-strtoul.o)
 .debug_frame   0x0000259c       0x5c e:/arm_toolchein/bin/../lib/gcc/arm-none-eabi/4.9.3/../../../../arm-none-eabi/lib/armv7-m\libg_nano.a(lib_a-ungetc.o)
 .debug_frame   0x000025f8      0x11c e:/arm_toolchein/bin/../lib/gcc/arm-none-eabi/4.9.3/../../../../arm-none-eabi/lib/armv7-m\libg_nano.a(lib_a-findfp.o)
 .debug_frame   0x00002714       0x28 e:/arm_toolchein/bin/../lib/gcc/arm-none-eabi/4.9.3/../../../../arm-none-eabi/lib/armv7-m\libg_nano.a(lib_a-memchr.o)
 .debug_frame   0x0000273c       0x28 e:/arm_toolchein/bin/../lib/gcc/arm-none-eabi/4.9.3/../../../../arm-none-eabi/lib/armv7-m\libg_nano.a(lib_a-memcpy.o)
 .debug_frame   0x00002764       0x2c e:/arm_toolchein/bin/../lib/gcc/arm-none-eabi/4.9.3/../../../../arm-none-eabi/lib/armv7-m\libg_nano.a(lib_a-nano-freer.o)
 .debug_frame   0x00002790       0x2c e:/arm_toolchein/bin/../lib/gcc/arm-none-eabi/4.9.3/../../../../arm-none-eabi/lib/armv7-m\libg_nano.a(lib_a-nano-mallocr.o)
 .debug_frame   0x000027bc       0x3c e:/arm_toolchein/bin/../lib/gcc/arm-none-eabi/4.9.3/../../../../arm-none-eabi/lib/armv7-m\libg_nano.a(lib_a-nano-reallocr.o)
 .debug_frame   0x000027f8       0x2c e:/arm_toolchein/bin/../lib/gcc/arm-none-eabi/4.9.3/../../../../arm-none-eabi/lib/armv7-m\libg_nano.a(lib_a-sbrkr.o)
 .debug_frame   0x00002824       0x20 e:/arm_toolchein/bin/../lib/gcc/arm-none-eabi/4.9.3/../../../../arm-none-eabi/lib/armv7-m\libg_nano.a(lib_a-nano-msizer.o)
