Archive member included because of file (symbol)

c:/arm toolchain/bin/../lib/gcc/arm-none-eabi/4.9.3/armv7-m\libgcc.a(_arm_addsubdf3.o)
                              ..\obj\channels.o (__aeabi_i2d)
c:/arm toolchain/bin/../lib/gcc/arm-none-eabi/4.9.3/armv7-m\libgcc.a(_arm_muldivdf3.o)
                              ..\obj\channels.o (__aeabi_dmul)
c:/arm toolchain/bin/../lib/gcc/arm-none-eabi/4.9.3/armv7-m\libgcc.a(_arm_fixunsdfsi.o)
                              ..\obj\channels.o (__aeabi_d2uiz)
c:/arm toolchain/bin/../lib/gcc/arm-none-eabi/4.9.3/../../../../arm-none-eabi/lib/armv7-m\libg.a(lib_a-sscanf.o)
                              ..\obj\esp8266.o (sscanf)
c:/arm toolchain/bin/../lib/gcc/arm-none-eabi/4.9.3/../../../../arm-none-eabi/lib/armv7-m\libg.a(lib_a-stdio.o)
                              c:/arm toolchain/bin/../lib/gcc/arm-none-eabi/4.9.3/../../../../arm-none-eabi/lib/armv7-m\libg.a(lib_a-sscanf.o) (__seofread)
c:/arm toolchain/bin/../lib/gcc/arm-none-eabi/4.9.3/../../../../arm-none-eabi/lib/armv7-m\libg.a(lib_a-strlen.o)
                              c:/arm toolchain/bin/../lib/gcc/arm-none-eabi/4.9.3/../../../../arm-none-eabi/lib/armv7-m\libg.a(lib_a-sscanf.o) (strlen)
c:/arm toolchain/bin/../lib/gcc/arm-none-eabi/4.9.3/../../../../arm-none-eabi/lib/armv7-m\libg.a(lib_a-strstr.o)
                              ..\obj\esp8266.o (strstr)
c:/arm toolchain/bin/../lib/gcc/arm-none-eabi/4.9.3/../../../../arm-none-eabi/lib/armv7-m\libg.a(lib_a-svfscanf.o)
                              c:/arm toolchain/bin/../lib/gcc/arm-none-eabi/4.9.3/../../../../arm-none-eabi/lib/armv7-m\libg.a(lib_a-sscanf.o) (__ssvfscanf_r)
c:/arm toolchain/bin/../lib/gcc/arm-none-eabi/4.9.3/../../../../arm-none-eabi/lib/armv7-m\libg.a(lib_a-writer.o)
                              c:/arm toolchain/bin/../lib/gcc/arm-none-eabi/4.9.3/../../../../arm-none-eabi/lib/armv7-m\libg.a(lib_a-stdio.o) (_write_r)
c:/arm toolchain/bin/../lib/gcc/arm-none-eabi/4.9.3/../../../../arm-none-eabi/lib/armv7-m\libg.a(lib_a-closer.o)
                              c:/arm toolchain/bin/../lib/gcc/arm-none-eabi/4.9.3/../../../../arm-none-eabi/lib/armv7-m\libg.a(lib_a-stdio.o) (_close_r)
c:/arm toolchain/bin/../lib/gcc/arm-none-eabi/4.9.3/../../../../arm-none-eabi/lib/armv7-m\libg.a(lib_a-ctype_.o)
                              c:/arm toolchain/bin/../lib/gcc/arm-none-eabi/4.9.3/../../../../arm-none-eabi/lib/armv7-m\libg.a(lib_a-svfscanf.o) (__ctype_ptr__)
c:/arm toolchain/bin/../lib/gcc/arm-none-eabi/4.9.3/../../../../arm-none-eabi/lib/armv7-m\libg.a(lib_a-impure.o)
                              c:/arm toolchain/bin/../lib/gcc/arm-none-eabi/4.9.3/../../../../arm-none-eabi/lib/armv7-m\libg.a(lib_a-sscanf.o) (_impure_ptr)
c:/arm toolchain/bin/../lib/gcc/arm-none-eabi/4.9.3/../../../../arm-none-eabi/lib/armv7-m\libg.a(lib_a-iswspace.o)
                              c:/arm toolchain/bin/../lib/gcc/arm-none-eabi/4.9.3/../../../../arm-none-eabi/lib/armv7-m\libg.a(lib_a-svfscanf.o) (iswspace)
c:/arm toolchain/bin/../lib/gcc/arm-none-eabi/4.9.3/../../../../arm-none-eabi/lib/armv7-m\libg.a(lib_a-locale.o)
                              c:/arm toolchain/bin/../lib/gcc/arm-none-eabi/4.9.3/../../../../arm-none-eabi/lib/armv7-m\libg.a(lib_a-svfscanf.o) (__locale_mb_cur_max)
c:/arm toolchain/bin/../lib/gcc/arm-none-eabi/4.9.3/../../../../arm-none-eabi/lib/armv7-m\libg.a(lib_a-lseekr.o)
                              c:/arm toolchain/bin/../lib/gcc/arm-none-eabi/4.9.3/../../../../arm-none-eabi/lib/armv7-m\libg.a(lib_a-stdio.o) (_lseek_r)
c:/arm toolchain/bin/../lib/gcc/arm-none-eabi/4.9.3/../../../../arm-none-eabi/lib/armv7-m\libg.a(lib_a-mbrtowc.o)
                              c:/arm toolchain/bin/../lib/gcc/arm-none-eabi/4.9.3/../../../../arm-none-eabi/lib/armv7-m\libg.a(lib_a-svfscanf.o) (_mbrtowc_r)
c:/arm toolchain/bin/../lib/gcc/arm-none-eabi/4.9.3/../../../../arm-none-eabi/lib/armv7-m\libg.a(lib_a-mbtowc_r.o)
                              c:/arm toolchain/bin/../lib/gcc/arm-none-eabi/4.9.3/../../../../arm-none-eabi/lib/armv7-m\libg.a(lib_a-mbrtowc.o) (__mbtowc)
c:/arm toolchain/bin/../lib/gcc/arm-none-eabi/4.9.3/../../../../arm-none-eabi/lib/armv7-m\libg.a(lib_a-memchr.o)
                              c:/arm toolchain/bin/../lib/gcc/arm-none-eabi/4.9.3/../../../../arm-none-eabi/lib/armv7-m\libg.a(lib_a-strstr.o) (memchr)
c:/arm toolchain/bin/../lib/gcc/arm-none-eabi/4.9.3/../../../../arm-none-eabi/lib/armv7-m\libg.a(lib_a-memcmp.o)
                              c:/arm toolchain/bin/../lib/gcc/arm-none-eabi/4.9.3/../../../../arm-none-eabi/lib/armv7-m\libg.a(lib_a-strstr.o) (memcmp)
c:/arm toolchain/bin/../lib/gcc/arm-none-eabi/4.9.3/../../../../arm-none-eabi/lib/armv7-m\libg.a(lib_a-memset.o)
                              c:/arm toolchain/bin/../lib/gcc/arm-none-eabi/4.9.3/../../../../arm-none-eabi/lib/armv7-m\libg.a(lib_a-svfscanf.o) (memset)
[...]
Memory Configuration

Name             Origin             Length             Attributes
rom              0x08000000         0x00010000         xr
ram              0x20000000         0x00005000         xrw
*default*        0x00000000         0xffffffff

Linker script and memory map

                0x20005000                _eram = 0x20005000

.text           0x08000000     0x2b84
 *(.isr_vector)
 .isr_vector    0x08000000      0x10c ..\obj\startup_stm32f10x_md.o
                0x08000000                g_pfnVectors
 *(.text*)
 .text.TIM_TimeBaseInit
                0x0800010c      0x1f4 ..\obj\stm32f10x_tim.o
                0x0800010c                TIM_TimeBaseInit
 .text.TIM_OC1Init
                0x08000300      0x298 ..\obj\stm32f10x_tim.o
                0x08000300                TIM_OC1Init
 .text.TIM_OC2Init
                0x08000598      0x254 ..\obj\stm32f10x_tim.o
                0x08000598                TIM_OC2Init
 .text.TIM_OC3Init
                0x080007ec      0x22c ..\obj\stm32f10x_tim.o
                0x080007ec                TIM_OC3Init
 .text.TIM_OC4Init
                0x08000a18      0x1a0 ..\obj\stm32f10x_tim.o
                0x08000a18                TIM_OC4Init
 .text.TIM_Cmd  0x08000bb8      0x128 ..\obj\stm32f10x_tim.o
                0x08000bb8                TIM_Cmd
 .text.TIM_ARRPreloadConfig
                0x08000ce0      0x128 ..\obj\stm32f10x_tim.o
                0x08000ce0                TIM_ARRPreloadConfig
 .text.TIM_OC1PreloadConfig
                0x08000e08      0x108 ..\obj\stm32f10x_tim.o
                0x08000e08                TIM_OC1PreloadConfig
 .text.TIM_OC2PreloadConfig
                0x08000f10       0xc4 ..\obj\stm32f10x_tim.o
                0x08000f10                TIM_OC2PreloadConfig
 .text.TIM_OC3PreloadConfig
                0x08000fd4       0x9c ..\obj\stm32f10x_tim.o
                0x08000fd4                TIM_OC3PreloadConfig
 .text.TIM_OC4PreloadConfig
                0x08001070       0xa0 ..\obj\stm32f10x_tim.o
                0x08001070                TIM_OC4PreloadConfig
 .text.SystemInit
                0x08001110       0x68 ..\obj\system_stm32f10x.o
                0x08001110                SystemInit
 .text.SetSysClock
                0x08001178        0xc ..\obj\system_stm32f10x.o
 .text.SetSysClockTo72
                0x08001184      0x100 ..\obj\system_stm32f10x.o
 .text.USART_Configuration
                0x08001284      0x158 ..\obj\uart.o
                0x08001284                USART_Configuration
 .text.USART1_IRQHandler
                0x080013dc      0x114 ..\obj\uart.o
                0x080013dc                USART1_IRQHandler
 .text.USART3_IRQHandler
                0x080014f0      0x110 ..\obj\uart.o
                0x080014f0                USART3_IRQHandler
 .text.Default_Reset_Handler
                0x08001600       0x5c ..\obj\startup_stm32f10x_md.o
                0x08001600                Default_Reset_Handler
                0x08001600                Reset_Handler
 .text.Default_Handler
                0x0800165c        0x8 ..\obj\startup_stm32f10x_md.o
                0x0800165c                EXTI2_IRQHandler
                0x0800165c                DebugMon_Handler
                0x0800165c                TIM1_CC_IRQHandler
                0x0800165c                HardFault_Handler
                0x0800165c                SysTick_Handler
                0x0800165c                PVD_IRQHandler
                0x0800165c                PendSV_Handler
                0x0800165c                NMI_Handler
                0x0800165c                EXTI3_IRQHandler
                0x0800165c                EXTI0_IRQHandler
                0x0800165c                I2C2_EV_IRQHandler
                0x0800165c                UsageFault_Handler
                0x0800165c                ADC1_2_IRQHandler
                0x0800165c                SPI1_IRQHandler
                0x0800165c                TAMPER_IRQHandler
                0x0800165c                DMA1_Channel4_IRQHandler
                0x0800165c                RTC_IRQHandler
                0x0800165c                DMA1_Channel7_IRQHandler
                0x0800165c                CAN1_RX1_IRQHandler
                0x0800165c                TIM4_IRQHandler
                0x0800165c                I2C1_EV_IRQHandler
                0x0800165c                DMA1_Channel6_IRQHandler
                0x0800165c                TIM3_IRQHandler
                0x0800165c                RCC_IRQHandler
                0x0800165c                TIM1_TRG_COM_IRQHandler
                0x0800165c                DMA1_Channel1_IRQHandler
                0x0800165c                EXTI15_10_IRQHandler
                0x0800165c                EXTI9_5_IRQHandler
                0x0800165c                SPI2_IRQHandler
                0x0800165c                MemManage_Handler
                0x0800165c                SVC_Handler
                0x0800165c                DMA1_Channel5_IRQHandler
                0x0800165c                EXTI4_IRQHandler
                0x0800165c                USB_LP_CAN1_RX0_IRQHandler
                0x0800165c                USB_HP_CAN1_TX_IRQHandler
                0x0800165c                DMA1_Channel3_IRQHandler
                0x0800165c                TIM1_UP_IRQHandler
                0x0800165c                WWDG_IRQHandler
                0x0800165c                TIM2_IRQHandler
                0x0800165c                TIM1_BRK_IRQHandler
                0x0800165c                EXTI1_IRQHandler
                0x0800165c                RTCAlarm_IRQHandler
                0x0800165c                USART2_IRQHandler
                0x0800165c                I2C2_ER_IRQHandler
                0x0800165c                DMA1_Channel2_IRQHandler
                0x0800165c                CAN1_SCE_IRQHandler
                0x0800165c                FLASH_IRQHandler
                0x0800165c                BusFault_Handler
                0x0800165c                I2C1_ER_IRQHandler
                0x0800165c                USBWakeUp_IRQHandler
 .text.GPIO_Init
                0x08001664      0x254 ..\obj\stm32f10x_gpio.o
                0x08001664                GPIO_Init
 .text.GPIO_SetBits
                0x080018b8       0x8c ..\obj\stm32f10x_gpio.o
                0x080018b8                GPIO_SetBits
 .text.GPIO_ResetBits
                0x08001944       0x8c ..\obj\stm32f10x_gpio.o
                0x08001944                GPIO_ResetBits
 .text.GPIO_PinRemapConfig
                0x080019d0      0x2fc ..\obj\stm32f10x_gpio.o
                0x080019d0                GPIO_PinRemapConfig
 .text.main     0x08001ccc       0x20 ..\obj\main.o
                0x08001ccc                main
 .text.assert_failed
                0x08001cec        0xc ..\obj\main.o
                0x08001cec                assert_failed
 .text.RCC_GetClocksFreq
                0x08001cf8      0x164 ..\obj\stm32f10x_rcc.o
                0x08001cf8                RCC_GetClocksFreq
 .text.RCC_APB2PeriphClockCmd
                0x08001e5c       0x70 ..\obj\stm32f10x_rcc.o
                0x08001e5c                RCC_APB2PeriphClockCmd
 .text.RCC_APB1PeriphClockCmd
                0x08001ecc       0x70 ..\obj\stm32f10x_rcc.o
                0x08001ecc                RCC_APB1PeriphClockCmd
 .text.USART_Init
                0x08001f3c      0x2b8 ..\obj\stm32f10x_usart.o
                0x08001f3c                USART_Init
 .text.USART_Cmd
                0x080021f4       0x9c ..\obj\stm32f10x_usart.o
                0x080021f4                USART_Cmd
 .text.USART_ITConfig
                0x08002290      0x168 ..\obj\stm32f10x_usart.o
                0x08002290                USART_ITConfig
 .text.USART_SendData
                0x080023f8       0x7c ..\obj\stm32f10x_usart.o
                0x080023f8                USART_SendData
 .text.USART_ReceiveData
                0x08002474       0x68 ..\obj\stm32f10x_usart.o
                0x08002474                USART_ReceiveData
 .text.USART_GetITStatus
                0x080024dc      0x18c ..\obj\stm32f10x_usart.o
                0x080024dc                USART_GetITStatus
 .text.GPIO_Configuration
                0x08002668       0x60 ..\obj\peripheral.o
                0x08002668                GPIO_Configuration
 .text.TIMERS_Configuration
                0x080026c8       0x34 ..\obj\peripheral.o
                0x080026c8                TIMERS_Configuration
 .text.delay_ms
                0x080026fc       0x44 ..\obj\peripheral.o
                0x080026fc                delay_ms
 .text.freqON   0x08002740       0x24 ..\obj\channels.o
                0x08002740                freqON
 .text.freqOFF  0x08002764       0x18 ..\obj\channels.o
                0x08002764                freqOFF
 .text.CPPM     0x0800277c       0x14 ..\obj\channels.o
                0x0800277c                CPPM
 .text.CHANNELS_Configuration1
                0x08002790      0x184 ..\obj\channels.o
                0x08002790                CHANNELS_Configuration1
 .text.NVIC_Init
                0x08002914       0xfc ..\obj\misc.o
                0x08002914                NVIC_Init
 *(.init)
 *(.fini)
 *crtbegin.o(.ctors)
 *crtbegin?.o(.ctors)
 *(EXCLUDE_FILE(*crtend.o *crtend?.o) .ctors)
 *(SORT(.ctors.*))
 *(.ctors)
 *crtbegin.o(.dtors)
 *crtbegin?.o(.dtors)
 *(EXCLUDE_FILE(*crtend.o *crtend?.o) .dtors)
 *(SORT(.dtors.*))
 *(.dtors)
 *(.rodata*)
 .rodata        0x08002a10       0x4c ..\obj\stm32f10x_tim.o
 .rodata        0x08002a5c       0x4c ..\obj\stm32f10x_gpio.o
 .rodata        0x08002aa8       0x4c ..\obj\stm32f10x_rcc.o
 .rodata        0x08002af4       0x4c ..\obj\stm32f10x_usart.o
 .rodata        0x08002b40       0x44 ..\obj\misc.o
 *(.eh_fram e*)

.glue_7         0x08002b84        0x0
 .glue_7        0x00000000        0x0 linker stubs

.glue_7t        0x08002b84        0x0
 .glue_7t       0x00000000        0x0 linker stubs

.vfp11_veneer   0x08002b84        0x0
 .vfp11_veneer  0x00000000        0x0 linker stubs

.v4_bx          0x08002b84        0x0
 .v4_bx         0x00000000        0x0 linker stubs

.iplt           0x08002b84        0x0
 .iplt          0x00000000        0x0 ..\obj\stm32f10x_tim.o

.rel.dyn        0x08002b84        0x0
 .rel.iplt      0x00000000        0x0 ..\obj\stm32f10x_tim.o

.ARM.extab
 *(.ARM.extab* .gnu.linkonce.armextab.*)
                0x08002b84                __exidx_start = .

.ARM.exidx
 *(.ARM.exidx* .gnu.linkonce.armexidx.*)
                0x08002b84                __exidx_end = .
                0x08002b84                __etext = .
                0x08002b84                _sidata = __etext

.data           0x20000000       0x14 load address 0x08002b84
                0x20000000                __data_start__ = .
                0x20000000                _sdata = __data_start__
 *(vtable)
 *(.data*)
 .data          0x20000000       0x14 ..\obj\stm32f10x_rcc.o
                0x20000014                . = ALIGN (0x4)
                0x20000014                PROVIDE (__preinit_array_start, .)
 *(.preinit_array)
                0x20000014                PROVIDE (__preinit_array_end, .)
                0x20000014                . = ALIGN (0x4)
                0x20000014                PROVIDE (__init_array_start, .)
 *(SORT(.init_array.*))
 *(.init_array)
                0x20000014                PROVIDE (__init_array_end, .)
                0x20000014                . = ALIGN (0x4)
                0x20000014                PROVIDE (__fini_array_start, .)
 *(SORT(.fini_array.*))
 *(.fini_array)
                0x20000014                PROVIDE (__fini_array_end, .)
 *(.jcr*)
                0x20000014                . = ALIGN (0x4)
                0x20000014                __data_end__ = .
                0x20000014                _edata = __data_end__

.igot.plt       0x20000014        0x0 load address 0x08002b98
 .igot.plt      0x00000000        0x0 ..\obj\stm32f10x_tim.o

.bss            0x20000014      0x2b8 load address 0x08002b98
                0x20000014                . = ALIGN (0x4)
                0x20000014                __bss_start__ = .
                0x20000014                _sbss = __bss_start__
 *(.bss*)
 .bss           0x20000014       0x38 ..\obj\uart.o
                0x20000014                UART1_rx_wr_index
                0x20000018                UART1_rx_rd_index
                0x2000001c                UART1_rx_counter
                0x20000020                UART1_rx_buffer_overflow
                0x20000024                UART1_tx_wr_index
                0x20000028                UART1_tx_rd_index
                0x2000002c                UART1_tx_counter
                0x20000030                UART3_rx_wr_index
                0x20000034                UART3_rx_rd_index
                0x20000038                UART3_rx_counter
                0x2000003c                UART3_rx_buffer_overflow
                0x20000040                UART3_tx_wr_index
                0x20000044                UART3_tx_rd_index
                0x20000048                UART3_tx_counter
 *(COMMON)
 COMMON         0x2000004c      0x280 ..\obj\uart.o
                0x2000004c                UART1_rx_buffer
                0x200000cc                UART3_tx_buffer
                0x2000014c                UART1_tx_buffer
                0x200001cc                UART3_rx_buffer
                0x2000024c                Buffer
                0x200002cc                . = ALIGN (0x4)
                0x200002cc                __bss_end__ = .
                0x200002cc                _ebss = __bss_end__

.heap           0x200002cc        0x0
                0x200002cc                __end__ = .
                0x200002cc                _end = __end__
                0x200002cc                end = __end__
 *(.heap*)
                0x200002cc                __HeapLimit = .

.co_stack       0x200002cc      0x404 load address 0x08002e50
                0x200002d0                . = ALIGN (0x8)
 *fill*         0x200002cc        0x4 
 *(.co_stack .co_stack.*)
 .co_stack      0x200002d0      0x400 ..\obj\startup_stm32f10x_md.o
                0x200002d0                pulStack
                0x20005000                __StackTop = (ORIGIN (ram) + 0x5000)
                0x20004bfc                __StackLimit = (__StackTop - SIZEOF (.co_stack))
                0x20005000                PROVIDE (__stack, __StackTop)
                0x00000001                ASSERT ((__StackLimit >= __HeapLimit), region ram  overflowed with stack)
LOAD ..\obj\stm32f10x_tim.o
LOAD ..\obj\system_stm32f10x.o
LOAD ..\obj\uart.o
LOAD ..\obj\startup_stm32f10x_md.o
LOAD ..\obj\stm32f10x_gpio.o
LOAD ..\obj\main.o
LOAD ..\obj\stm32f10x_rcc.o
LOAD ..\obj\stm32f10x_usart.o
LOAD ..\obj\peripheral.o
LOAD ..\obj\syscalls.o
LOAD ..\obj\channels.o
LOAD ..\obj\misc.o
LOAD ..\obj\esp8266.o
START GROUP
LOAD c:/arm toolchain/bin/../lib/gcc/arm-none-eabi/4.9.3/armv7-m\libgcc.a
LOAD c:/arm toolchain/bin/../lib/gcc/arm-none-eabi/4.9.3/../../../../arm-none-eabi/lib/armv7-m\libg.a
LOAD c:/arm toolchain/bin/../lib/gcc/arm-none-eabi/4.9.3/../../../../arm-none-eabi/lib/armv7-m\libc.a
END GROUP
OUTPUT(PWM1.elf elf32-littlearm)

.debug_info     0x00000000     0x570e
 .debug_info    0x00000000     0x1c58 ..\obj\stm32f10x_tim.o
 .debug_info    0x00001c58      0x479 ..\obj\system_stm32f10x.o
 .debug_info    0x000020d1      0x8b6 ..\obj\uart.o
 .debug_info    0x00002987       0xe9 ..\obj\startup_stm32f10x_md.o
 .debug_info    0x00002a70      0x6f3 ..\obj\stm32f10x_gpio.o
 .debug_info    0x00003163      0x157 ..\obj\main.o
 .debug_info    0x000032ba      0x88d ..\obj\stm32f10x_rcc.o
 .debug_info    0x00003b47      0x9e8 ..\obj\stm32f10x_usart.o
 .debug_info    0x0000452f      0x533 ..\obj\peripheral.o
 .debug_info    0x00004a62      0x76f ..\obj\channels.o
 .debug_info    0x000051d1      0x53d ..\obj\misc.o

.debug_abbrev   0x00000000      0xf71
 .debug_abbrev  0x00000000      0x196 ..\obj\stm32f10x_tim.o
 .debug_abbrev  0x00000196      0x14c ..\obj\system_stm32f10x.o
 .debug_abbrev  0x000002e2      0x20d ..\obj\uart.o
 .debug_abbrev  0x000004ef       0xa7 ..\obj\startup_stm32f10x_md.o
 .debug_abbrev  0x00000596      0x1c8 ..\obj\stm32f10x_gpio.o
 .debug_abbrev  0x0000075e       0xdf ..\obj\main.o
 .debug_abbrev  0x0000083d      0x1b8 ..\obj\stm32f10x_rcc.o
 .debug_abbrev  0x000009f5      0x17c ..\obj\stm32f10x_usart.o
 .debug_abbrev  0x00000b71      0x14c ..\obj\peripheral.o
 .debug_abbrev  0x00000cbd      0x16f ..\obj\channels.o
 .debug_abbrev  0x00000e2c      0x145 ..\obj\misc.o

.debug_aranges  0x00000000      0x7c8
 .debug_aranges
                0x00000000      0x2f0 ..\obj\stm32f10x_tim.o
 .debug_aranges
                0x000002f0       0x38 ..\obj\system_stm32f10x.o
 .debug_aranges
                0x00000328       0x88 ..\obj\uart.o
 .debug_aranges
                0x000003b0       0x28 ..\obj\startup_stm32f10x_md.o
 .debug_aranges
                0x000003d8       0xa8 ..\obj\stm32f10x_gpio.o
 .debug_aranges
                0x00000480       0x28 ..\obj\main.o
 .debug_aranges
                0x000004a8      0x118 ..\obj\stm32f10x_rcc.o
 .debug_aranges
                0x000005c0      0x100 ..\obj\stm32f10x_usart.o
 .debug_aranges
                0x000006c0       0x40 ..\obj\peripheral.o
 .debug_aranges
                0x00000700       0x88 ..\obj\channels.o
 .debug_aranges
                0x00000788       0x40 ..\obj\misc.o

.debug_ranges   0x00000000      0x718
 .debug_ranges  0x00000000      0x2e0 ..\obj\stm32f10x_tim.o
 .debug_ranges  0x000002e0       0x28 ..\obj\system_stm32f10x.o
 .debug_ranges  0x00000308       0x78 ..\obj\uart.o
 .debug_ranges  0x00000380       0x18 ..\obj\startup_stm32f10x_md.o
 .debug_ranges  0x00000398       0x98 ..\obj\stm32f10x_gpio.o
 .debug_ranges  0x00000430       0x18 ..\obj\main.o
 .debug_ranges  0x00000448      0x108 ..\obj\stm32f10x_rcc.o
 .debug_ranges  0x00000550       0xf0 ..\obj\stm32f10x_usart.o
 .debug_ranges  0x00000640       0x30 ..\obj\peripheral.o
 .debug_ranges  0x00000670       0x78 ..\obj\channels.o
 .debug_ranges  0x000006e8       0x30 ..\obj\misc.o

.debug_line     0x00000000     0x4e06
 .debug_line    0x00000000     0x251d ..\obj\stm32f10x_tim.o
 .debug_line    0x0000251d      0x1d9 ..\obj\system_stm32f10x.o
 .debug_line    0x000026f6      0x3dc ..\obj\uart.o
 .debug_line    0x00002ad2       0xab ..\obj\startup_stm32f10x_md.o
 .debug_line    0x00002b7d      0x876 ..\obj\stm32f10x_gpio.o
 .debug_line    0x000033f3      0x149 ..\obj\main.o
 .debug_line    0x0000353c      0x73a ..\obj\stm32f10x_rcc.o
 .debug_line    0x00003c76      0x9bb ..\obj\stm32f10x_usart.o
 .debug_line    0x00004631      0x226 ..\obj\peripheral.o
 .debug_line    0x00004857      0x324 ..\obj\channels.o
 .debug_line    0x00004b7b      0x28b ..\obj\misc.o

.debug_str      0x00000000     0x248f
 .debug_str     0x00000000      0xd2b ..\obj\stm32f10x_tim.o
                                0xdee (size before relaxing)
 .debug_str     0x00000d2b      0x17b ..\obj\system_stm32f10x.o
                                0x300 (size before relaxing)
 .debug_str     0x00000ea6      0x76e ..\obj\uart.o
                                0x952 (size before relaxing)
 .debug_str     0x00001614       0xb9 ..\obj\startup_stm32f10x_md.o
                                0x150 (size before relaxing)
 .debug_str     0x000016cd      0x26a ..\obj\stm32f10x_gpio.o
                                0x52a (size before relaxing)
 .debug_str     0x00001937       0xa3 ..\obj\main.o
                                0x1fd (size before relaxing)
 .debug_str     0x000019da      0x3f1 ..\obj\stm32f10x_rcc.o
                                0x62b (size before relaxing)
 .debug_str     0x00001dcb      0x3b2 ..\obj\stm32f10x_usart.o
                                0x6a1 (size before relaxing)
 .debug_str     0x0000217d       0xae ..\obj\peripheral.o
                                0x46b (size before relaxing)
 .debug_str     0x0000222b      0x102 ..\obj\channels.o
                                0x5b5 (size before relaxing)
 .debug_str     0x0000232d      0x162 ..\obj\misc.o
                                0x3cf (size before relaxing)

.comment        0x00000000       0x70
 .comment       0x00000000       0x70 ..\obj\stm32f10x_tim.o
                                 0x71 (size before relaxing)
 .comment       0x00000000       0x71 ..\obj\system_stm32f10x.o
 .comment       0x00000000       0x71 ..\obj\uart.o
 .comment       0x00000000       0x71 ..\obj\startup_stm32f10x_md.o
 .comment       0x00000000       0x71 ..\obj\stm32f10x_gpio.o
 .comment       0x00000000       0x71 ..\obj\main.o
 .comment       0x00000000       0x71 ..\obj\stm32f10x_rcc.o
 .comment       0x00000000       0x71 ..\obj\stm32f10x_usart.o
 .comment       0x00000000       0x71 ..\obj\peripheral.o
 .comment       0x00000000       0x71 ..\obj\channels.o
 .comment       0x00000000       0x71 ..\obj\misc.o

.ARM.attributes
                0x00000000       0x31
 .ARM.attributes
                0x00000000       0x33 ..\obj\stm32f10x_tim.o
 .ARM.attributes
                0x00000033       0x33 ..\obj\system_stm32f10x.o
 .ARM.attributes
                0x00000066       0x33 ..\obj\uart.o
 .ARM.attributes
                0x00000099       0x33 ..\obj\startup_stm32f10x_md.o
 .ARM.attributes
                0x000000cc       0x33 ..\obj\stm32f10x_gpio.o
 .ARM.attributes
                0x000000ff       0x33 ..\obj\main.o
 .ARM.attributes
                0x00000132       0x33 ..\obj\stm32f10x_rcc.o
 .ARM.attributes
                0x00000165       0x33 ..\obj\stm32f10x_usart.o
 .ARM.attributes
                0x00000198       0x33 ..\obj\peripheral.o
 .ARM.attributes
                0x000001cb       0x33 ..\obj\channels.o
 .ARM.attributes
                0x000001fe       0x33 ..\obj\misc.o

.debug_frame    0x00000000     0x1f3c
 .debug_frame   0x00000000      0xd10 ..\obj\stm32f10x_tim.o
 .debug_frame   0x00000d10       0x98 ..\obj\system_stm32f10x.o
 .debug_frame   0x00000da8      0x204 ..\obj\uart.o
 .debug_frame   0x00000fac       0x4c ..\obj\startup_stm32f10x_md.o
 .debug_frame   0x00000ff8      0x2a0 ..\obj\stm32f10x_gpio.o
 .debug_frame   0x00001298       0x48 ..\obj\main.o
 .debug_frame   0x000012e0      0x488 ..\obj\stm32f10x_rcc.o
 .debug_frame   0x00001768      0x430 ..\obj\stm32f10x_usart.o
 .debug_frame   0x00001b98       0xc0 ..\obj\peripheral.o
 .debug_frame   0x00001c58      0x220 ..\obj\channels.o
 .debug_frame   0x00001e78       0xc4 ..\obj\misc.o
