Archive member included because of file (symbol)

c:/arm toolchain/bin/../lib/gcc/arm-none-eabi/4.9.3/armv7-m\libgcc.a(_arm_addsubdf3.o)
                              ..\obj\channels.o (__aeabi_i2d)
c:/arm toolchain/bin/../lib/gcc/arm-none-eabi/4.9.3/armv7-m\libgcc.a(_arm_muldivdf3.o)
                              ..\obj\channels.o (__aeabi_dmul)
c:/arm toolchain/bin/../lib/gcc/arm-none-eabi/4.9.3/armv7-m\libgcc.a(_arm_fixunsdfsi.o)
                              ..\obj\channels.o (__aeabi_d2uiz)
c:/arm toolchain/bin/../lib/gcc/arm-none-eabi/4.9.3/../../../../arm-none-eabi/lib/armv7-m\libg.a(lib_a-impure.o)
                              ..\obj\printf.o (_impure_ptr)
c:/arm toolchain/bin/../lib/gcc/arm-none-eabi/4.9.3/../../../../arm-none-eabi/lib/armv7-m\libg.a(lib_a-sscanf.o)
                              ..\obj\esp8266.o (sscanf)
c:/arm toolchain/bin/../lib/gcc/arm-none-eabi/4.9.3/../../../../arm-none-eabi/lib/armv7-m\libg.a(lib_a-stdio.o)
                              c:/arm toolchain/bin/../lib/gcc/arm-none-eabi/4.9.3/../../../../arm-none-eabi/lib/armv7-m\libg.a(lib_a-sscanf.o) (__seofread)
c:/arm toolchain/bin/../lib/gcc/arm-none-eabi/4.9.3/../../../../arm-none-eabi/lib/armv7-m\libg.a(lib_a-strlen.o)
                              c:/arm toolchain/bin/../lib/gcc/arm-none-eabi/4.9.3/../../../../arm-none-eabi/lib/armv7-m\libg.a(lib_a-sscanf.o) (strlen)
c:/arm toolchain/bin/../lib/gcc/arm-none-eabi/4.9.3/../../../../arm-none-eabi/lib/armv7-m\libg.a(lib_a-strstr.o)
                              ..\obj\esp8266.o (strstr)
c:/arm toolchain/bin/../lib/gcc/arm-none-eabi/4.9.3/../../../../arm-none-eabi/lib/armv7-m\libg.a(lib_a-svfscanf.o)
                              c:/arm toolchain/bin/../lib/gcc/arm-none-eabi/4.9.3/../../../../arm-none-eabi/lib/armv7-m\libg.a(lib_a-sscanf.o) (__ssvfscanf_r)
c:/arm toolchain/bin/../lib/gcc/arm-none-eabi/4.9.3/../../../../arm-none-eabi/lib/armv7-m\libg.a(lib_a-writer.o)
                              c:/arm toolchain/bin/../lib/gcc/arm-none-eabi/4.9.3/../../../../arm-none-eabi/lib/armv7-m\libg.a(lib_a-stdio.o) (_write_r)
c:/arm toolchain/bin/../lib/gcc/arm-none-eabi/4.9.3/../../../../arm-none-eabi/lib/armv7-m\libg.a(lib_a-closer.o)
                              c:/arm toolchain/bin/../lib/gcc/arm-none-eabi/4.9.3/../../../../arm-none-eabi/lib/armv7-m\libg.a(lib_a-stdio.o) (_close_r)
c:/arm toolchain/bin/../lib/gcc/arm-none-eabi/4.9.3/../../../../arm-none-eabi/lib/armv7-m\libg.a(lib_a-ctype_.o)
                              c:/arm toolchain/bin/../lib/gcc/arm-none-eabi/4.9.3/../../../../arm-none-eabi/lib/armv7-m\libg.a(lib_a-svfscanf.o) (__ctype_ptr__)
c:/arm toolchain/bin/../lib/gcc/arm-none-eabi/4.9.3/../../../../arm-none-eabi/lib/armv7-m\libg.a(lib_a-iswspace.o)
                              c:/arm toolchain/bin/../lib/gcc/arm-none-eabi/4.9.3/../../../../arm-none-eabi/lib/armv7-m\libg.a(lib_a-svfscanf.o) (iswspace)
c:/arm toolchain/bin/../lib/gcc/arm-none-eabi/4.9.3/../../../../arm-none-eabi/lib/armv7-m\libg.a(lib_a-locale.o)
                              c:/arm toolchain/bin/../lib/gcc/arm-none-eabi/4.9.3/../../../../arm-none-eabi/lib/armv7-m\libg.a(lib_a-svfscanf.o) (__locale_mb_cur_max)
c:/arm toolchain/bin/../lib/gcc/arm-none-eabi/4.9.3/../../../../arm-none-eabi/lib/armv7-m\libg.a(lib_a-lseekr.o)
                              c:/arm toolchain/bin/../lib/gcc/arm-none-eabi/4.9.3/../../../../arm-none-eabi/lib/armv7-m\libg.a(lib_a-stdio.o) (_lseek_r)
c:/arm toolchain/bin/../lib/gcc/arm-none-eabi/4.9.3/../../../../arm-none-eabi/lib/armv7-m\libg.a(lib_a-mbrtowc.o)
                              c:/arm toolchain/bin/../lib/gcc/arm-none-eabi/4.9.3/../../../../arm-none-eabi/lib/armv7-m\libg.a(lib_a-svfscanf.o) (_mbrtowc_r)
c:/arm toolchain/bin/../lib/gcc/arm-none-eabi/4.9.3/../../../../arm-none-eabi/lib/armv7-m\libg.a(lib_a-mbtowc_r.o)
                              c:/arm toolchain/bin/../lib/gcc/arm-none-eabi/4.9.3/../../../../arm-none-eabi/lib/armv7-m\libg.a(lib_a-mbrtowc.o) (__mbtowc)
c:/arm toolchain/bin/../lib/gcc/arm-none-eabi/4.9.3/../../../../arm-none-eabi/lib/armv7-m\libg.a(lib_a-memchr.o)
                              c:/arm toolchain/bin/../lib/gcc/arm-none-eabi/4.9.3/../../../../arm-none-eabi/lib/armv7-m\libg.a(lib_a-strstr.o) (memchr)
c:/arm toolchain/bin/../lib/gcc/arm-none-eabi/4.9.3/../../../../arm-none-eabi/lib/armv7-m\libg.a(lib_a-memcmp.o)
                              c:/arm toolchain/bin/../lib/gcc/arm-none-eabi/4.9.3/../../../../arm-none-eabi/lib/armv7-m\libg.a(lib_a-strstr.o) (memcmp)
c:/arm toolchain/bin/../lib/gcc/arm-none-eabi/4.9.3/../../../../arm-none-eabi/lib/armv7-m\libg.a(lib_a-memset.o)
                              c:/arm toolchain/bin/../lib/gcc/arm-none-eabi/4.9.3/../../../../arm-none-eabi/lib/armv7-m\libg.a(lib_a-svfscanf.o) (memset)
c:/arm toolchain/bin/../lib/gcc/arm-none-eabi/4.9.3/../../../../arm-none-eabi/lib/armv7-m\libg.a(lib_a-readr.o)
[...]
Memory Configuration

Name             Origin             Length             Attributes
rom              0x08000000         0x00010000         xr
ram              0x20000000         0x00005000         xrw
*default*        0x00000000         0xffffffff

Linker script and memory map

                0x20005000                _eram = 0x20005000

.text           0x08000000     0x8348
 *(.isr_vector)
 .isr_vector    0x08000000      0x124 ..\obj\startup_stm32f10x_md_vl.o
                0x08000000                g_pfnVectors
 *(.text*)
 .text.TIM_TimeBaseInit
                0x08000124      0x15c ..\obj\stm32f10x_tim.o
                0x08000124                TIM_TimeBaseInit
 .text.TIM_OC1Init
                0x08000280      0x1a8 ..\obj\stm32f10x_tim.o
                0x08000280                TIM_OC1Init
 .text.TIM_OC2Init
                0x08000428      0x178 ..\obj\stm32f10x_tim.o
                0x08000428                TIM_OC2Init
 .text.TIM_OC3Init
                0x080005a0      0x15c ..\obj\stm32f10x_tim.o
                0x080005a0                TIM_OC3Init
 .text.TIM_OC4Init
                0x080006fc      0x108 ..\obj\stm32f10x_tim.o
                0x080006fc                TIM_OC4Init
 .text.TIM_Cmd  0x08000804       0xc8 ..\obj\stm32f10x_tim.o
                0x08000804                TIM_Cmd
 .text.TIM_ARRPreloadConfig
                0x080008cc       0xc8 ..\obj\stm32f10x_tim.o
                0x080008cc                TIM_ARRPreloadConfig
 .text.TIM_OC1PreloadConfig
                0x08000994       0xac ..\obj\stm32f10x_tim.o
                0x08000994                TIM_OC1PreloadConfig
 .text.TIM_OC2PreloadConfig
                0x08000a40       0x80 ..\obj\stm32f10x_tim.o
                0x08000a40                TIM_OC2PreloadConfig
 .text.TIM_OC3PreloadConfig
                0x08000ac0       0x64 ..\obj\stm32f10x_tim.o
                0x08000ac0                TIM_OC3PreloadConfig
 .text.TIM_OC4PreloadConfig
                0x08000b24       0x68 ..\obj\stm32f10x_tim.o
                0x08000b24                TIM_OC4PreloadConfig
 .text.Default_Handler
                0x08000b8c        0x2 ..\obj\startup_stm32f10x_md_vl.o
                0x08000b8c                EXTI2_IRQHandler
                0x08000b8c                DebugMon_Handler
                0x08000b8c                TIM1_CC_IRQHandler
                0x08000b8c                HardFault_Handler
                0x08000b8c                SysTick_Handler
                0x08000b8c                PVD_IRQHandler
                0x08000b8c                PendSV_Handler
                0x08000b8c                NMI_Handler
                0x08000b8c                EXTI3_IRQHandler
                0x08000b8c                EXTI0_IRQHandler
                0x08000b8c                I2C2_EV_IRQHandler
                0x08000b8c                TIM1_UP_TIM16_IRQHandler
                0x08000b8c                UsageFault_Handler
                0x08000b8c                SPI1_IRQHandler
                0x08000b8c                TAMPER_IRQHandler
                0x08000b8c                TIM6_DAC_IRQHandler
                0x08000b8c                DMA1_Channel4_IRQHandler
                0x08000b8c                ADC1_IRQHandler
                0x08000b8c                USART3_IRQHandler
                0x08000b8c                RTC_IRQHandler
                0x08000b8c                DMA1_Channel7_IRQHandler
                0x08000b8c                TIM4_IRQHandler
                0x08000b8c                I2C1_EV_IRQHandler
                0x08000b8c                DMA1_Channel6_IRQHandler
                0x08000b8c                TIM3_IRQHandler
                0x08000b8c                RCC_IRQHandler
                0x08000b8c                DMA1_Channel1_IRQHandler
                0x08000b8c                CEC_IRQHandler
                0x08000b8c                EXTI15_10_IRQHandler
                0x08000b8c                TIM7_IRQHandler
                0x08000b8c                EXTI9_5_IRQHandler
                0x08000b8c                SPI2_IRQHandler
                0x08000b8c                MemManage_Handler
                0x08000b8c                SVC_Handler
                0x08000b8c                DMA1_Channel5_IRQHandler
                0x08000b8c                EXTI4_IRQHandler
                0x08000b8c                TIM1_TRG_COM_TIM17_IRQHandler
                0x08000b8c                DMA1_Channel3_IRQHandler
                0x08000b8c                WWDG_IRQHandler
                0x08000b8c                TIM2_IRQHandler
                0x08000b8c                EXTI1_IRQHandler
                0x08000b8c                RTCAlarm_IRQHandler
                0x08000b8c                I2C2_ER_IRQHandler
                0x08000b8c                DMA1_Channel2_IRQHandler
                0x08000b8c                FLASH_IRQHandler
                0x08000b8c                BusFault_Handler
                0x08000b8c                I2C1_ER_IRQHandler
                0x08000b8c                TIM1_BRK_TIM15_IRQHandler
 *fill*         0x08000b8e        0x2 
 .text.Default_Reset_Handler
                0x08000b90       0x48 ..\obj\startup_stm32f10x_md_vl.o
                0x08000b90                Default_Reset_Handler
                0x08000b90                Reset_Handler
 .text.SystemInit
                0x08000bd8       0xf4 ..\obj\system_stm32f10x.o
                0x08000bd8                SystemInit
 .text.USART_Configuration
                0x08000ccc      0x158 ..\obj\uart.o
                0x08000ccc                USART_Configuration
 .text.USART1_IRQHandler
                0x08000e24       0xd0 ..\obj\uart.o
                0x08000e24                USART1_IRQHandler
 .text.buff_clear
                0x08000ef4       0x14 ..\obj\uart.o
                0x08000ef4                buff_clear
 .text.USART2_IRQHandler
                0x08000f08       0xd4 ..\obj\uart.o
                0x08000f08                USART2_IRQHandler
 .text.UART2_get_char
                0x08000fdc       0x50 ..\obj\uart.o
                0x08000fdc                UART2_get_char
 .text.UART2_put_char
                0x0800102c       0x70 ..\obj\uart.o
                0x0800102c                UART2_put_char
 .text.UART2_put_str
                0x0800109c       0x12 ..\obj\uart.o
                0x0800109c                UART2_put_str
 .text.UART2_read_str
                0x080010ae       0x24 ..\obj\uart.o
                0x080010ae                UART2_read_str
 *fill*         0x080010d2        0x2 
 .text.GPIO_Init
                0x080010d4      0x124 ..\obj\stm32f10x_gpio.o
                0x080010d4                GPIO_Init
 .text.GPIO_SetBits
                0x080011f8       0x60 ..\obj\stm32f10x_gpio.o
                0x080011f8                GPIO_SetBits
 .text.GPIO_ResetBits
                0x08001258       0x60 ..\obj\stm32f10x_gpio.o
                0x08001258                GPIO_ResetBits
 .text.startup.main
                0x080012b8       0x20 ..\obj\main.o
                0x080012b8                main
 .text.assert_failed
                0x080012d8        0x2 ..\obj\main.o
                0x080012d8                assert_failed
 .text.PutString
                0x080012da       0x18 ..\obj\printf.o
                0x080012da                PutString
 .text.PutUnsignedInt
                0x080012f2       0x46 ..\obj\printf.o
                0x080012f2                PutUnsignedInt
 .text.PutSignedInt
                0x08001338       0x6c ..\obj\printf.o
                0x08001338                PutSignedInt
 .text.PutHexa  0x080013a4       0x52 ..\obj\printf.o
                0x080013a4                PutHexa
 .text.vsnprintf
                0x080013f6       0xfc ..\obj\printf.o
                0x080013f6                vsnprintf
 .text.vsprintf
                0x080014f2       0x12 ..\obj\printf.o
                0x080014f2                vsprintf
 .text.sprintf  0x08001504       0x1a ..\obj\printf.o
                0x08001504                sprintf
 *fill*         0x0800151e        0x2 
 .text.RCC_GetClocksFreq
                0x08001520       0x84 ..\obj\stm32f10x_rcc.o
                0x08001520                RCC_GetClocksFreq
 .text.RCC_APB2PeriphClockCmd
                0x080015a4       0x48 ..\obj\stm32f10x_rcc.o
                0x080015a4                RCC_APB2PeriphClockCmd
 .text.RCC_APB1PeriphClockCmd
                0x080015ec       0x48 ..\obj\stm32f10x_rcc.o
                0x080015ec                RCC_APB1PeriphClockCmd
 .text.USART_Init
                0x08001634      0x178 ..\obj\stm32f10x_usart.o
                0x08001634                USART_Init
 .text.USART_Cmd
                0x080017ac       0x68 ..\obj\stm32f10x_usart.o
                0x080017ac                USART_Cmd
 .text.USART_ITConfig
                0x08001814       0xec ..\obj\stm32f10x_usart.o
                0x08001814                USART_ITConfig
 .text.USART_SendData
                0x08001900       0x58 ..\obj\stm32f10x_usart.o
                0x08001900                USART_SendData
 .text.USART_ReceiveData
                0x08001958       0x44 ..\obj\stm32f10x_usart.o
                0x08001958                USART_ReceiveData
 .text.USART_GetFlagStatus
                0x0800199c       0xa0 ..\obj\stm32f10x_usart.o
                0x0800199c                USART_GetFlagStatus
 .text.USART_GetITStatus
                0x08001a3c       0xe8 ..\obj\stm32f10x_usart.o
                0x08001a3c                USART_GetITStatus
 .text.GPIO_Configuration
                0x08001b24       0x30 ..\obj\peripheral.o
                0x08001b24                GPIO_Configuration
 .text.TIMERS_Configuration
                0x08001b54       0x2c ..\obj\peripheral.o
                0x08001b54                TIMERS_Configuration
 .text.delay_ms
                0x08001b80       0x22 ..\obj\peripheral.o
                0x08001b80                delay_ms
 *fill*         0x08001ba2        0x2 
 .text.led_green_blink
                0x08001ba4       0x38 ..\obj\peripheral.o
                0x08001ba4                led_green_blink
 .text._sbrk    0x08001bdc       0x1c ..\obj\syscalls.o
                0x08001bdc                _sbrk
 .text.CHANNELS_Configuration
                0x08001bf8      0x168 ..\obj\channels.o
                0x08001bf8                CHANNELS_Configuration
 .text.ch1_puls
                0x08001d60       0x24 ..\obj\channels.o
                0x08001d60                ch1_puls
 .text.ch2_puls
                0x08001d84       0x24 ..\obj\channels.o
                0x08001d84                ch2_puls
 .text.ch3_puls
                0x08001da8       0x24 ..\obj\channels.o
                0x08001da8                ch3_puls
 .text.ch4_puls
                0x08001dcc       0x28 ..\obj\channels.o
                0x08001dcc                ch4_puls
 .text.ch5_puls
                0x08001df4       0x24 ..\obj\channels.o
                0x08001df4                ch5_puls
 .text.ch6_puls
                0x08001e18       0x24 ..\obj\channels.o
                0x08001e18                ch6_puls
 .text.ch7_puls
                0x08001e3c       0x24 ..\obj\channels.o
                0x08001e3c                ch7_puls
 .text.ch8_puls
                0x08001e60       0x28 ..\obj\channels.o
                0x08001e60                ch8_puls
 .text.NVIC_Init
                0x08001e88       0x9c ..\obj\misc.o
                0x08001e88                NVIC_Init
 .text.WIFI_command
                0x08001f24       0x2c ..\obj\esp8266.o
                0x08001f24                WIFI_command
 .text.WIFI_Init
                0x08001f50       0x9c ..\obj\esp8266.o
                0x08001f50                WIFI_Init
 .text.WIFI_CONNECT
                0x08001fec       0xc4 ..\obj\esp8266.o
                0x08001fec                WIFI_CONNECT
 .text.WIFI_weit_connection
                0x080020b0       0x68 ..\obj\esp8266.o
                0x080020b0                WIFI_weit_connection
 .text          0x08002118      0x370 c:/arm toolchain/bin/../lib/gcc/arm-none-eabi/4.9.3/armv7-m\libgcc.a(_arm_addsubdf3.o)
                0x08002118                __aeabi_drsub
                0x08002120                __aeabi_dsub
                0x08002120                __subdf3
                0x08002124                __aeabi_dadd
                0x08002124                __adddf3
                0x0800239c                __floatunsidf
                0x0800239c                __aeabi_ui2d
                0x080023bc                __floatsidf
                0x080023bc                __aeabi_i2d
                0x080023e0                __aeabi_f2d
                0x080023e0                __extendsfdf2
                0x0800241c                __floatundidf
                0x0800241c                __aeabi_ul2d
                0x0800242c                __floatdidf
                0x0800242c                __aeabi_l2d
 .text          0x08002488      0x424 c:/arm toolchain/bin/../lib/gcc/arm-none-eabi/4.9.3/armv7-m\libgcc.a(_arm_muldivdf3.o)
                0x08002488                __aeabi_dmul
                0x08002488                __muldf3
                0x080026dc                __divdf3
                0x080026dc                __aeabi_ddiv
 .text          0x080028ac       0x40 c:/arm toolchain/bin/../lib/gcc/arm-none-eabi/4.9.3/armv7-m\libgcc.a(_arm_fixunsdfsi.o)
                0x080028ac                __aeabi_d2uiz
                0x080028ac                __fixunsdfsi
 .text.sscanf   0x080028ec       0x58 c:/arm toolchain/bin/../lib/gcc/arm-none-eabi/4.9.3/../../../../arm-none-eabi/lib/armv7-m\libg.a(lib_a-sscanf.o)
                0x080028ec                sscanf
 .text.__seofread
                0x08002944        0x4 c:/arm toolchain/bin/../lib/gcc/arm-none-eabi/4.9.3/../../../../arm-none-eabi/lib/armv7-m\libg.a(lib_a-stdio.o)
                0x08002944                __seofread
 .text.strlen   0x08002948       0x5c c:/arm toolchain/bin/../lib/gcc/arm-none-eabi/4.9.3/../../../../arm-none-eabi/lib/armv7-m\libg.a(lib_a-strlen.o)
                0x08002948                strlen
 .text.critical_factorization
                0x080029a4       0xb8 c:/arm toolchain/bin/../lib/gcc/arm-none-eabi/4.9.3/../../../../arm-none-eabi/lib/armv7-m\libg.a(lib_a-strstr.o)
 .text.two_way_long_needle
                0x08002a5c      0x1f8 c:/arm toolchain/bin/../lib/gcc/arm-none-eabi/4.9.3/../../../../arm-none-eabi/lib/armv7-m\libg.a(lib_a-strstr.o)
 .text.strstr   0x08002c54      0x220 c:/arm toolchain/bin/../lib/gcc/arm-none-eabi/4.9.3/../../../../arm-none-eabi/lib/armv7-m\libg.a(lib_a-strstr.o)
                0x08002c54                strstr
 .text.__ssvfscanf_r
                0x08002e74      0xdf4 c:/arm toolchain/bin/../lib/gcc/arm-none-eabi/4.9.3/../../../../arm-none-eabi/lib/armv7-m\libg.a(lib_a-svfscanf.o)
                0x08002e74                __ssvfscanf_r
 .text.iswspace
                0x08003c68       0x1c c:/arm toolchain/bin/../lib/gcc/arm-none-eabi/4.9.3/../../../../arm-none-eabi/lib/armv7-m\libg.a(lib_a-iswspace.o)
                0x08003c68                iswspace
 .text.__locale_charset
                0x08003c84        0x8 c:/arm toolchain/bin/../lib/gcc/arm-none-eabi/4.9.3/../../../../arm-none-eabi/lib/armv7-m\libg.a(lib_a-locale.o)
                0x08003c84                __locale_charset
 .text.__locale_mb_cur_max
                0x08003c8c        0xc c:/arm toolchain/bin/../lib/gcc/arm-none-eabi/4.9.3/../../../../arm-none-eabi/lib/armv7-m\libg.a(lib_a-locale.o)
                0x08003c8c                __locale_mb_cur_max
 .text._localeconv_r
                0x08003c98        0x8 c:/arm toolchain/bin/../lib/gcc/arm-none-eabi/4.9.3/../../../../arm-none-eabi/lib/armv7-m\libg.a(lib_a-locale.o)
                0x08003c98                _localeconv_r
 .text._mbrtowc_r
                0x08003ca0       0x5c c:/arm toolchain/bin/../lib/gcc/arm-none-eabi/4.9.3/../../../../arm-none-eabi/lib/armv7-m\libg.a(lib_a-mbrtowc.o)
                0x08003ca0                _mbrtowc_r
 .text.__ascii_mbtowc
                0x08003cfc       0x2c c:/arm toolchain/bin/../lib/gcc/arm-none-eabi/4.9.3/../../../../arm-none-eabi/lib/armv7-m\libg.a(lib_a-mbtowc_r.o)
                0x08003cfc                __ascii_mbtowc
 .text.memchr   0x08003d28       0x94 c:/arm toolchain/bin/../lib/gcc/arm-none-eabi/4.9.3/../../../../arm-none-eabi/lib/armv7-m\libg.a(lib_a-memchr.o)
                0x08003d28                memchr
 .text.memcmp   0x08003dbc       0x64 c:/arm toolchain/bin/../lib/gcc/arm-none-eabi/4.9.3/../../../../arm-none-eabi/lib/armv7-m\libg.a(lib_a-memcmp.o)
                0x08003dbc                memcmp
 .text.memset   0x08003e20       0x9c c:/arm toolchain/bin/../lib/gcc/arm-none-eabi/4.9.3/../../../../arm-none-eabi/lib/armv7-m\libg.a(lib_a-memset.o)
                0x08003e20                memset
 .text.__fpclassifyd
                0x08003ebc       0x58 c:/arm toolchain/bin/../lib/gcc/arm-none-eabi/4.9.3/../../../../arm-none-eabi/lib/armv7-m\libg.a(lib_a-s_fpclassify.o)
                0x08003ebc                __fpclassifyd
 .text.__sccl   0x08003f14       0x78 c:/arm toolchain/bin/../lib/gcc/arm-none-eabi/4.9.3/../../../../arm-none-eabi/lib/armv7-m\libg.a(lib_a-sccl.o)
                0x08003f14                __sccl
 .text.nanf     0x08003f8c        0x8 c:/arm toolchain/bin/../lib/gcc/arm-none-eabi/4.9.3/../../../../arm-none-eabi/lib/armv7-m\libg.a(lib_a-sf_nan.o)
                0x08003f8c                nanf
 .text.strchr   0x08003f94       0xcc c:/arm toolchain/bin/../lib/gcc/arm-none-eabi/4.9.3/../../../../arm-none-eabi/lib/armv7-m\libg.a(lib_a-strchr.o)
                0x08003f94                strchr
 .text.sulp     0x08004060       0x44 c:/arm toolchain/bin/../lib/gcc/arm-none-eabi/4.9.3/../../../../arm-none-eabi/lib/armv7-m\libg.a(lib_a-strtod.o)
 *fill*         0x080040a4        0x4 
 .text._strtod_r
                0x080040a8      0xf30 c:/arm toolchain/bin/../lib/gcc/arm-none-eabi/4.9.3/../../../../arm-none-eabi/lib/armv7-m\libg.a(lib_a-strtod.o)
                0x080040a8                _strtod_r
 .text._strtol_r
                0x08004fd8      0x11c c:/arm toolchain/bin/../lib/gcc/arm-none-eabi/4.9.3/../../../../arm-none-eabi/lib/armv7-m\libg.a(lib_a-strtol.o)
                0x08004fd8                _strtol_r
 .text._strtoll_r
                0x080050f4      0x1cc c:/arm toolchain/bin/../lib/gcc/arm-none-eabi/4.9.3/../../../../arm-none-eabi/lib/armv7-m\libg.a(lib_a-strtoll_r.o)
                0x080050f4                _strtoll_r
 .text._strtoul_r
                0x080052c0      0x134 c:/arm toolchain/bin/../lib/gcc/arm-none-eabi/4.9.3/../../../../arm-none-eabi/lib/armv7-m\libg.a(lib_a-strtoul.o)
                0x080052c0                _strtoul_r
 .text._strtoull_r
                0x080053f4      0x1e8 c:/arm toolchain/bin/../lib/gcc/arm-none-eabi/4.9.3/../../../../arm-none-eabi/lib/armv7-m\libg.a(lib_a-strtoull_r.o)
                0x080053f4                _strtoull_r
 .text._sungetc_r
                0x080055dc       0x88 c:/arm toolchain/bin/../lib/gcc/arm-none-eabi/4.9.3/../../../../arm-none-eabi/lib/armv7-m\libg.a(lib_a-svfiscanf.o)
                0x080055dc                _sungetc_r
 .text.__ssrefill_r
                0x08005664       0x3c c:/arm toolchain/bin/../lib/gcc/arm-none-eabi/4.9.3/../../../../arm-none-eabi/lib/armv7-m\libg.a(lib_a-svfiscanf.o)
                0x08005664                __ssrefill_r
 .text._sfread_r
                0x080056a0       0x80 c:/arm toolchain/bin/../lib/gcc/arm-none-eabi/4.9.3/../../../../arm-none-eabi/lib/armv7-m\libg.a(lib_a-svfiscanf.o)
                0x080056a0                _sfread_r
 .text.__submore
                0x08005720       0x7c c:/arm toolchain/bin/../lib/gcc/arm-none-eabi/4.9.3/../../../../arm-none-eabi/lib/armv7-m\libg.a(lib_a-ungetc.o)
                0x08005720                __submore
 .text._malloc_trim_r
                0x0800579c       0x9c c:/arm toolchain/bin/../lib/gcc/arm-none-eabi/4.9.3/../../../../arm-none-eabi/lib/armv7-m\libg.a(lib_a-freer.o)
                0x0800579c                _malloc_trim_r
 .text._free_r  0x08005838      0x1b0 c:/arm toolchain/bin/../lib/gcc/arm-none-eabi/4.9.3/../../../../arm-none-eabi/lib/armv7-m\libg.a(lib_a-freer.o)
                0x08005838                _free_r
 .text.rshift   0x080059e8       0xa0 c:/arm toolchain/bin/../lib/gcc/arm-none-eabi/4.9.3/../../../../arm-none-eabi/lib/armv7-m\libg.a(lib_a-gdtoa-gethex.o)
 .text.__gethex
                0x08005a88      0x514 c:/arm toolchain/bin/../lib/gcc/arm-none-eabi/4.9.3/../../../../arm-none-eabi/lib/armv7-m\libg.a(lib_a-gdtoa-gethex.o)
                0x08005a88                __gethex
 .text.__hexnan
                0x08005f9c      0x184 c:/arm toolchain/bin/../lib/gcc/arm-none-eabi/4.9.3/../../../../arm-none-eabi/lib/armv7-m\libg.a(lib_a-gdtoa-hexnan.o)
                0x08005f9c                __hexnan
 .text._malloc_r
                0x08006120      0x50c c:/arm toolchain/bin/../lib/gcc/arm-none-eabi/4.9.3/../../../../arm-none-eabi/lib/armv7-m\libg.a(lib_a-mallocr.o)
                0x08006120                _malloc_r
 .text          0x0800662c       0xec c:/arm toolchain/bin/../lib/gcc/arm-none-eabi/4.9.3/../../../../arm-none-eabi/lib/armv7-m\libg.a(lib_a-memcpy.o)
                0x0800662c                memcpy
 .text.__malloc_lock
                0x08006718        0x4 c:/arm toolchain/bin/../lib/gcc/arm-none-eabi/4.9.3/../../../../arm-none-eabi/lib/armv7-m\libg.a(lib_a-mlock.o)
                0x08006718                __malloc_lock
 .text.__malloc_unlock
                0x0800671c        0x4 c:/arm toolchain/bin/../lib/gcc/arm-none-eabi/4.9.3/../../../../arm-none-eabi/lib/armv7-m\libg.a(lib_a-mlock.o)
                0x0800671c                __malloc_unlock
 .text._Balloc  0x08006720       0x50 c:/arm toolchain/bin/../lib/gcc/arm-none-eabi/4.9.3/../../../../arm-none-eabi/lib/armv7-m\libg.a(lib_a-mprec.o)
                0x08006720                _Balloc
 .text._Bfree   0x08006770       0x14 c:/arm toolchain/bin/../lib/gcc/arm-none-eabi/4.9.3/../../../../arm-none-eabi/lib/armv7-m\libg.a(lib_a-mprec.o)
                0x08006770                _Bfree
 .text.__multadd
                0x08006784       0x84 c:/arm toolchain/bin/../lib/gcc/arm-none-eabi/4.9.3/../../../../arm-none-eabi/lib/armv7-m\libg.a(lib_a-mprec.o)
                0x08006784                __multadd
 .text.__s2b    0x08006808       0x98 c:/arm toolchain/bin/../lib/gcc/arm-none-eabi/4.9.3/../../../../arm-none-eabi/lib/armv7-m\libg.a(lib_a-mprec.o)
                0x08006808                __s2b
 .text.__hi0bits
                0x080068a0       0x40 c:/arm toolchain/bin/../lib/gcc/arm-none-eabi/4.9.3/../../../../arm-none-eabi/lib/armv7-m\libg.a(lib_a-mprec.o)
                0x080068a0                __hi0bits
 .text.__lo0bits
                0x080068e0       0x5c c:/arm toolchain/bin/../lib/gcc/arm-none-eabi/4.9.3/../../../../arm-none-eabi/lib/armv7-m\libg.a(lib_a-mprec.o)
                0x080068e0                __lo0bits
 .text.__i2b    0x0800693c       0x14 c:/arm toolchain/bin/../lib/gcc/arm-none-eabi/4.9.3/../../../../arm-none-eabi/lib/armv7-m\libg.a(lib_a-mprec.o)
                0x0800693c                __i2b
 .text.__multiply
                0x08006950      0x140 c:/arm toolchain/bin/../lib/gcc/arm-none-eabi/4.9.3/../../../../arm-none-eabi/lib/armv7-m\libg.a(lib_a-mprec.o)
                0x08006950                __multiply
 .text.__pow5mult
                0x08006a90       0xa0 c:/arm toolchain/bin/../lib/gcc/arm-none-eabi/4.9.3/../../../../arm-none-eabi/lib/armv7-m\libg.a(lib_a-mprec.o)
                0x08006a90                __pow5mult
 .text.__lshift
                0x08006b30       0xb0 c:/arm toolchain/bin/../lib/gcc/arm-none-eabi/4.9.3/../../../../arm-none-eabi/lib/armv7-m\libg.a(lib_a-mprec.o)
                0x08006b30                __lshift
 .text.__mcmp   0x08006be0       0x48 c:/arm toolchain/bin/../lib/gcc/arm-none-eabi/4.9.3/../../../../arm-none-eabi/lib/armv7-m\libg.a(lib_a-mprec.o)
                0x08006be0                __mcmp
 .text.__mdiff  0x08006c28       0xe4 c:/arm toolchain/bin/../lib/gcc/arm-none-eabi/4.9.3/../../../../arm-none-eabi/lib/armv7-m\libg.a(lib_a-mprec.o)
                0x08006c28                __mdiff
 .text.__ulp    0x08006d0c       0x44 c:/arm toolchain/bin/../lib/gcc/arm-none-eabi/4.9.3/../../../../arm-none-eabi/lib/armv7-m\libg.a(lib_a-mprec.o)
                0x08006d0c                __ulp
 .text.__b2d    0x08006d50       0xd0 c:/arm toolchain/bin/../lib/gcc/arm-none-eabi/4.9.3/../../../../arm-none-eabi/lib/armv7-m\libg.a(lib_a-mprec.o)
                0x08006d50                __b2d
 .text.__d2b    0x08006e20       0xa8 c:/arm toolchain/bin/../lib/gcc/arm-none-eabi/4.9.3/../../../../arm-none-eabi/lib/armv7-m\libg.a(lib_a-mprec.o)
                0x08006e20                __d2b
 .text.__ratio  0x08006ec8       0x58 c:/arm toolchain/bin/../lib/gcc/arm-none-eabi/4.9.3/../../../../arm-none-eabi/lib/armv7-m\libg.a(lib_a-mprec.o)
                0x08006ec8                __ratio
 .text.__copybits
                0x08006f20       0x48 c:/arm toolchain/bin/../lib/gcc/arm-none-eabi/4.9.3/../../../../arm-none-eabi/lib/armv7-m\libg.a(lib_a-mprec.o)
                0x08006f20                __copybits
 .text.__any_on
                0x08006f68       0x5c c:/arm toolchain/bin/../lib/gcc/arm-none-eabi/4.9.3/../../../../arm-none-eabi/lib/armv7-m\libg.a(lib_a-mprec.o)
                0x08006f68                __any_on
 .text._realloc_r
                0x08006fc4      0x3e0 c:/arm toolchain/bin/../lib/gcc/arm-none-eabi/4.9.3/../../../../arm-none-eabi/lib/armv7-m\libg.a(lib_a-reallocr.o)
                0x08006fc4                _realloc_r
 .text._sbrk_r  0x080073a4       0x24 c:/arm toolchain/bin/../lib/gcc/arm-none-eabi/4.9.3/../../../../arm-none-eabi/lib/armv7-m\libg.a(lib_a-sbrkr.o)
                0x080073a4                _sbrk_r
 .text.strncmp  0x080073c8       0x94 c:/arm toolchain/bin/../lib/gcc/arm-none-eabi/4.9.3/../../../../arm-none-eabi/lib/armv7-m\libg.a(lib_a-strncmp.o)
                0x080073c8                strncmp
 .text._calloc_r
                0x0800745c       0x60 c:/arm toolchain/bin/../lib/gcc/arm-none-eabi/4.9.3/../../../../arm-none-eabi/lib/armv7-m\libg.a(lib_a-callocr.o)
                0x0800745c                _calloc_r
 .text.memmove  0x080074bc       0xc8 c:/arm toolchain/bin/../lib/gcc/arm-none-eabi/4.9.3/../../../../arm-none-eabi/lib/armv7-m\libg.a(lib_a-memmove.o)
                0x080074bc                memmove
 .text          0x08007584      0x110 c:/arm toolchain/bin/../lib/gcc/arm-none-eabi/4.9.3/armv7-m\libgcc.a(_arm_cmpdf2.o)
                0x08007584                __gtdf2
                0x08007584                __gedf2
                0x0800758c                __ltdf2
                0x0800758c                __ledf2
                0x08007594                __nedf2
                0x08007594                __eqdf2
                0x08007594                __cmpdf2
                0x08007610                __aeabi_cdrcmple
                0x08007620                __aeabi_cdcmpeq
                0x08007620                __aeabi_cdcmple
                0x08007630                __aeabi_dcmpeq
                0x08007644                __aeabi_dcmplt
                0x08007658                __aeabi_dcmple
                0x0800766c                __aeabi_dcmpge
                0x08007680                __aeabi_dcmpgt
 .text          0x08007694       0x50 c:/arm toolchain/bin/../lib/gcc/arm-none-eabi/4.9.3/armv7-m\libgcc.a(_arm_fixdfsi.o)
                0x08007694                __aeabi_d2iz
                0x08007694                __fixdfsi
 .text          0x080076e4       0xa0 c:/arm toolchain/bin/../lib/gcc/arm-none-eabi/4.9.3/armv7-m\libgcc.a(_arm_truncdfsf2.o)
                0x080076e4                __truncdfsf2
                0x080076e4                __aeabi_d2f
 .text          0x08007784       0x30 c:/arm toolchain/bin/../lib/gcc/arm-none-eabi/4.9.3/armv7-m\libgcc.a(_aeabi_uldivmod.o)
                0x08007784                __aeabi_uldivmod
 .text          0x080077b4       0x60 c:/arm toolchain/bin/../lib/gcc/arm-none-eabi/4.9.3/armv7-m\libgcc.a(bpabi.o)
                0x080077b4                __gnu_ldivmod_helper
                0x080077e4                __gnu_uldivmod_helper
 .text          0x08007814        0x4 c:/arm toolchain/bin/../lib/gcc/arm-none-eabi/4.9.3/armv7-m\libgcc.a(_dvmd_tls.o)
                0x08007814                __aeabi_idiv0
                0x08007814                __aeabi_ldiv0
 .text          0x08007818      0x2ac c:/arm toolchain/bin/../lib/gcc/arm-none-eabi/4.9.3/armv7-m\libgcc.a(_divdi3.o)
                0x08007818                __divdi3
 .text          0x08007ac4      0x270 c:/arm toolchain/bin/../lib/gcc/arm-none-eabi/4.9.3/armv7-m\libgcc.a(_udivdi3.o)
                0x08007ac4                __udivdi3
 *(.init)
 *(.fini)
 *crtbegin.o(.ctors)
 *crtbegin?.o(.ctors)
 *(EXCLUDE_FILE(*crtend.o *crtend?.o) .ctors)
 *(SORT(.ctors.*))
 *(.ctors)
 *crtbegin.o(.dtors)
 *crtbegin?.o(.dtors)
 *(EXCLUDE_FILE(*crtend.o *crtend?.o) .dtors)
 *(SORT(.dtors.*))
 *(.dtors)
 *(.rodata*)
 .rodata.str1.1
                0x08007d34       0x4a ..\obj\stm32f10x_tim.o
 .rodata.str1.1
                0x08007d7e       0x4b ..\obj\stm32f10x_gpio.o
 .rodata.str1.1
                0x08007dc9       0x4a ..\obj\stm32f10x_rcc.o
 .rodata.str1.1
                0x08007e13       0x4c ..\obj\stm32f10x_usart.o
 .rodata.str1.1
                0x08007e5f       0x41 ..\obj\misc.o
 .rodata.str1.1
                0x08007ea0      0x105 ..\obj\esp8266.o
 *fill*         0x08007fa5        0x3 
 .rodata.str1.4
                0x08007fa8        0x2 c:/arm toolchain/bin/../lib/gcc/arm-none-eabi/4.9.3/../../../../arm-none-eabi/lib/armv7-m\libg.a(lib_a-impure.o)
                                  0x4 (size before relaxing)
 *fill*         0x08007faa        0x2 
 .rodata.basefix.6867
                0x08007fac       0x24 c:/arm toolchain/bin/../lib/gcc/arm-none-eabi/4.9.3/../../../../arm-none-eabi/lib/armv7-m\libg.a(lib_a-svfscanf.o)
 .rodata.str1.4
                0x08007fd0        0x5 c:/arm toolchain/bin/../lib/gcc/arm-none-eabi/4.9.3/../../../../arm-none-eabi/lib/armv7-m\libg.a(lib_a-svfscanf.o)
                                  0x8 (size before relaxing)
 *fill*         0x08007fd5        0x3 
 .rodata._ctype_
                0x08007fd8      0x104 c:/arm toolchain/bin/../lib/gcc/arm-none-eabi/4.9.3/../../../../arm-none-eabi/lib/armv7-m\libg.a(lib_a-ctype_.o)
                0x08007fd8                _ctype_
 .rodata.str1.4
                0x080080dc        0xa c:/arm toolchain/bin/../lib/gcc/arm-none-eabi/4.9.3/../../../../arm-none-eabi/lib/armv7-m\libg.a(lib_a-locale.o)
                                 0x14 (size before relaxing)
 .rodata.str1.4
                0x00000000        0x4 c:/arm toolchain/bin/../lib/gcc/arm-none-eabi/4.9.3/../../../../arm-none-eabi/lib/armv7-m\libg.a(lib_a-mbrtowc.o)
 *fill*         0x080080e6        0x2 
 .rodata.fpinan.5301
                0x080080e8       0x14 c:/arm toolchain/bin/../lib/gcc/arm-none-eabi/4.9.3/../../../../arm-none-eabi/lib/armv7-m\libg.a(lib_a-strtod.o)
 .rodata.str1.4
                0x080080fc       0x10 c:/arm toolchain/bin/../lib/gcc/arm-none-eabi/4.9.3/../../../../arm-none-eabi/lib/armv7-m\libg.a(lib_a-strtod.o)
 .rodata.fpi.5265
                0x0800810c       0x14 c:/arm toolchain/bin/../lib/gcc/arm-none-eabi/4.9.3/../../../../arm-none-eabi/lib/armv7-m\libg.a(lib_a-strtod.o)
 .rodata.tinytens
                0x08008120       0x28 c:/arm toolchain/bin/../lib/gcc/arm-none-eabi/4.9.3/../../../../arm-none-eabi/lib/armv7-m\libg.a(lib_a-strtod.o)
 .rodata.__hexdig
                0x08008148      0x100 c:/arm toolchain/bin/../lib/gcc/arm-none-eabi/4.9.3/../../../../arm-none-eabi/lib/armv7-m\libg.a(lib_a-gdtoa-gethex.o)
                0x08008148                __hexdig
 .rodata.p05.5296
                0x08008248        0xc c:/arm toolchain/bin/../lib/gcc/arm-none-eabi/4.9.3/../../../../arm-none-eabi/lib/armv7-m\libg.a(lib_a-mprec.o)
 *fill*         0x08008254        0x4 
 .rodata.__mprec_tens
                0x08008258       0xc8 c:/arm toolchain/bin/../lib/gcc/arm-none-eabi/4.9.3/../../../../arm-none-eabi/lib/armv7-m\libg.a(lib_a-mprec.o)
                0x08008258                __mprec_tens
 .rodata.__mprec_bigtens
                0x08008320       0x28 c:/arm toolchain/bin/../lib/gcc/arm-none-eabi/4.9.3/../../../../arm-none-eabi/lib/armv7-m\libg.a(lib_a-mprec.o)
                0x08008320                __mprec_bigtens
 *(.eh_fram e*)

.glue_7         0x08008348        0x0
 .glue_7        0x00000000        0x0 linker stubs

.glue_7t        0x08008348        0x0
 .glue_7t       0x00000000        0x0 linker stubs

.vfp11_veneer   0x08008348        0x0
 .vfp11_veneer  0x00000000        0x0 linker stubs

.v4_bx          0x08008348        0x0
 .v4_bx         0x00000000        0x0 linker stubs

.iplt           0x08008348        0x0
 .iplt          0x00000000        0x0 ..\obj\stm32f10x_tim.o

.ARM.extab
 *(.ARM.extab* .gnu.linkonce.armextab.*)
                0x08008348                __exidx_start = .

.ARM.exidx      0x08008348        0x8
 *(.ARM.exidx* .gnu.linkonce.armexidx.*)
 .ARM.exidx     0x08008348        0x8 c:/arm toolchain/bin/../lib/gcc/arm-none-eabi/4.9.3/armv7-m\libgcc.a(_divdi3.o)
 .ARM.exidx     0x08008350        0x0 c:/arm toolchain/bin/../lib/gcc/arm-none-eabi/4.9.3/armv7-m\libgcc.a(_udivdi3.o)
                                  0x8 (size before relaxing)
                0x08008350                __exidx_end = .
                0x08008350                __etext = .
                0x08008350                _sidata = __etext

.rel.dyn        0x08008350        0x0
 .rel.iplt      0x00000000        0x0 ..\obj\stm32f10x_tim.o

.data           0x20000000      0x8e0 load address 0x08008350
                0x20000000                __data_start__ = .
                0x20000000                _sdata = __data_start__
 *(vtable)
 *(.data*)
 .data          0x20000000       0x14 ..\obj\stm32f10x_rcc.o
 *fill*         0x20000014        0x4 
 .data          0x20000018        0x8 ..\obj\channels.o
                0x20000018                coeff
 .data          0x20000020       0x20 ..\obj\esp8266.o
                0x20000020                ch1
                0x20000024                ch2
                0x20000028                ch3
                0x2000002c                ch4
                0x20000030                ch5
                0x20000034                ch6
                0x20000038                ch7
                0x2000003c                ch8
 .data.impure_data
                0x20000040      0x428 c:/arm toolchain/bin/../lib/gcc/arm-none-eabi/4.9.3/../../../../arm-none-eabi/lib/armv7-m\libg.a(lib_a-impure.o)
 .data._impure_ptr
                0x20000468        0x4 c:/arm toolchain/bin/../lib/gcc/arm-none-eabi/4.9.3/../../../../arm-none-eabi/lib/armv7-m\libg.a(lib_a-impure.o)
                0x20000468                _impure_ptr
 .data.__ctype_ptr__
                0x2000046c        0x4 c:/arm toolchain/bin/../lib/gcc/arm-none-eabi/4.9.3/../../../../arm-none-eabi/lib/armv7-m\libg.a(lib_a-ctype_.o)
                0x2000046c                __ctype_ptr__
 .data.lconv    0x20000470       0x38 c:/arm toolchain/bin/../lib/gcc/arm-none-eabi/4.9.3/../../../../arm-none-eabi/lib/armv7-m\libg.a(lib_a-locale.o)
 .data.lc_ctype_charset
                0x200004a8       0x20 c:/arm toolchain/bin/../lib/gcc/arm-none-eabi/4.9.3/../../../../arm-none-eabi/lib/armv7-m\libg.a(lib_a-locale.o)
 .data.__mb_cur_max
                0x200004c8        0x4 c:/arm toolchain/bin/../lib/gcc/arm-none-eabi/4.9.3/../../../../arm-none-eabi/lib/armv7-m\libg.a(lib_a-locale.o)
                0x200004c8                __mb_cur_max
 .data.__mbtowc
                0x200004cc        0x4 c:/arm toolchain/bin/../lib/gcc/arm-none-eabi/4.9.3/../../../../arm-none-eabi/lib/armv7-m\libg.a(lib_a-mbtowc_r.o)
                0x200004cc                __mbtowc
 .data.__malloc_av_
                0x200004d0      0x408 c:/arm toolchain/bin/../lib/gcc/arm-none-eabi/4.9.3/../../../../arm-none-eabi/lib/armv7-m\libg.a(lib_a-mallocr.o)
                0x200004d0                __malloc_av_
 .data.__malloc_trim_threshold
                0x200008d8        0x4 c:/arm toolchain/bin/../lib/gcc/arm-none-eabi/4.9.3/../../../../arm-none-eabi/lib/armv7-m\libg.a(lib_a-mallocr.o)
                0x200008d8                __malloc_trim_threshold
 .data.__malloc_sbrk_base
                0x200008dc        0x4 c:/arm toolchain/bin/../lib/gcc/arm-none-eabi/4.9.3/../../../../arm-none-eabi/lib/armv7-m\libg.a(lib_a-mallocr.o)
                0x200008dc                __malloc_sbrk_base
                0x200008e0                . = ALIGN (0x4)
                0x200008e0                PROVIDE (__preinit_array_start, .)
 *(.preinit_array)
                0x200008e0                PROVIDE (__preinit_array_end, .)
                0x200008e0                . = ALIGN (0x4)
                0x200008e0                PROVIDE (__init_array_start, .)
 *(SORT(.init_array.*))
 *(.init_array)
                0x200008e0                PROVIDE (__init_array_end, .)
                0x200008e0                . = ALIGN (0x4)
                0x200008e0                PROVIDE (__fini_array_start, .)
 *(SORT(.fini_array.*))
 *(.fini_array)
                0x200008e0                PROVIDE (__fini_array_end, .)
 *(.jcr*)
                0x200008e0                . = ALIGN (0x4)
                0x200008e0                __data_end__ = .
                0x200008e0                _edata = __data_end__

.igot.plt       0x200008e0        0x0 load address 0x08008c30
 .igot.plt      0x00000000        0x0 ..\obj\stm32f10x_tim.o

.bss            0x200008e0      0x2f4 load address 0x08008c30
                0x200008e0                . = ALIGN (0x4)
                0x200008e0                __bss_start__ = .
                0x200008e0                _sbss = __bss_start__
 *(.bss*)
 .bss           0x200008e0       0x38 ..\obj\uart.o
                0x200008e0                UART1_rx_wr_index
                0x200008e4                UART1_rx_counter
                0x200008e8                UART1_rx_buffer_overflow
                0x200008ec                UART1_tx_counter
                0x200008f0                UART1_tx_rd_index
                0x200008f4                UART1_rx_rd_index
                0x200008f8                UART1_tx_wr_index
                0x200008fc                UART2_rx_wr_index
                0x20000900                UART2_rx_counter
                0x20000904                UART2_rx_buffer_overflow
                0x20000908                UART2_tx_counter
                0x2000090c                UART2_tx_rd_index
                0x20000910                UART2_rx_rd_index
                0x20000914                UART2_tx_wr_index
 .bss           0x20000918        0x4 ..\obj\syscalls.o
 .bss.__malloc_max_total_mem
                0x2000091c        0x4 c:/arm toolchain/bin/../lib/gcc/arm-none-eabi/4.9.3/../../../../arm-none-eabi/lib/armv7-m\libg.a(lib_a-mallocr.o)
                0x2000091c                __malloc_max_total_mem
 .bss.__malloc_max_sbrked_mem
                0x20000920        0x4 c:/arm toolchain/bin/../lib/gcc/arm-none-eabi/4.9.3/../../../../arm-none-eabi/lib/armv7-m\libg.a(lib_a-mallocr.o)
                0x20000920                __malloc_max_sbrked_mem
 .bss.__malloc_top_pad
                0x20000924        0x4 c:/arm toolchain/bin/../lib/gcc/arm-none-eabi/4.9.3/../../../../arm-none-eabi/lib/armv7-m\libg.a(lib_a-mallocr.o)
                0x20000924                __malloc_top_pad
 .bss.__malloc_current_mallinfo
                0x20000928       0x28 c:/arm toolchain/bin/../lib/gcc/arm-none-eabi/4.9.3/../../../../arm-none-eabi/lib/armv7-m\libg.a(lib_a-mallocr.o)
                0x20000928                __malloc_current_mallinfo
 *(COMMON)
 COMMON         0x20000950      0x280 ..\obj\uart.o
                0x20000950                UART2_rx_buffer
                0x200009d0                UART1_rx_buffer
                0x20000a50                UART2_tx_buffer
                0x20000ad0                UART1_tx_buffer
                0x20000b50                Buffer
 COMMON         0x20000bd0        0x4 c:/arm toolchain/bin/../lib/gcc/arm-none-eabi/4.9.3/../../../../arm-none-eabi/lib/armv7-m\libg.a(lib_a-reent.o)
                0x20000bd0                errno
                0x20000bd4                . = ALIGN (0x4)
                0x20000bd4                __bss_end__ = .
                0x20000bd4                _ebss = __bss_end__

.heap           0x20000bd4        0x0
                0x20000bd4                __end__ = .
                0x20000bd4                _end = __end__
                0x20000bd4                end = __end__
 *(.heap*)
                0x20000bd4                __HeapLimit = .

.co_stack       0x20000bd4      0x404 load address 0x08008f24
                0x20000bd8                . = ALIGN (0x8)
 *fill*         0x20000bd4        0x4 
 *(.co_stack .co_stack.*)
 .co_stack      0x20000bd8      0x400 ..\obj\startup_stm32f10x_md_vl.o
                0x20000bd8                pulStack
                0x20005000                __StackTop = (ORIGIN (ram) + 0x5000)
                0x20004bfc                __StackLimit = (__StackTop - SIZEOF (.co_stack))
                0x20005000                PROVIDE (__stack, __StackTop)
                0x00000001                ASSERT ((__StackLimit >= __HeapLimit), region ram  overflowed with stack)
LOAD ..\obj\stm32f10x_tim.o
LOAD ..\obj\startup_stm32f10x_md_vl.o
LOAD ..\obj\system_stm32f10x.o
LOAD ..\obj\uart.o
LOAD ..\obj\stm32f10x_gpio.o
LOAD ..\obj\main.o
LOAD ..\obj\printf.o
LOAD ..\obj\stm32f10x_rcc.o
LOAD ..\obj\stm32f10x_usart.o
LOAD ..\obj\peripheral.o
LOAD ..\obj\syscalls.o
LOAD ..\obj\channels.o
LOAD ..\obj\misc.o
LOAD ..\obj\esp8266.o
START GROUP
LOAD c:/arm toolchain/bin/../lib/gcc/arm-none-eabi/4.9.3/armv7-m\libgcc.a
LOAD c:/arm toolchain/bin/../lib/gcc/arm-none-eabi/4.9.3/../../../../arm-none-eabi/lib/armv7-m\libg.a
LOAD c:/arm toolchain/bin/../lib/gcc/arm-none-eabi/4.9.3/../../../../arm-none-eabi/lib/armv7-m\libc.a
END GROUP
OUTPUT(PWM1.elf elf32-littlearm)

.debug_info     0x00000000     0xacb2
 .debug_info    0x00000000     0x37df ..\obj\stm32f10x_tim.o
 .debug_info    0x000037df      0x112 ..\obj\startup_stm32f10x_md_vl.o
 .debug_info    0x000038f1      0x4a1 ..\obj\system_stm32f10x.o
 .debug_info    0x00003d92      0xff3 ..\obj\uart.o
 .debug_info    0x00004d85      0xb5e ..\obj\stm32f10x_gpio.o
 .debug_info    0x000058e3      0x1ae ..\obj\main.o
 .debug_info    0x00005a91     0x112c ..\obj\printf.o
 .debug_info    0x00006bbd      0xc8f ..\obj\stm32f10x_rcc.o
 .debug_info    0x0000784c     0x11ea ..\obj\stm32f10x_usart.o
 .debug_info    0x00008a36      0x628 ..\obj\peripheral.o
 .debug_info    0x0000905e      0x3ed ..\obj\syscalls.o
 .debug_info    0x0000944b      0xa72 ..\obj\channels.o
 .debug_info    0x00009ebd      0x654 ..\obj\misc.o
 .debug_info    0x0000a511      0x7a1 ..\obj\esp8266.o

.debug_abbrev   0x00000000     0x189a
 .debug_abbrev  0x00000000      0x278 ..\obj\stm32f10x_tim.o
 .debug_abbrev  0x00000278       0xfc ..\obj\startup_stm32f10x_md_vl.o
 .debug_abbrev  0x00000374      0x16c ..\obj\system_stm32f10x.o
 .debug_abbrev  0x000004e0      0x2b5 ..\obj\uart.o
 .debug_abbrev  0x00000795      0x212 ..\obj\stm32f10x_gpio.o
 .debug_abbrev  0x000009a7       0xdc ..\obj\main.o
 .debug_abbrev  0x00000a83      0x345 ..\obj\printf.o
 .debug_abbrev  0x00000dc8      0x1fa ..\obj\stm32f10x_rcc.o
 .debug_abbrev  0x00000fc2      0x209 ..\obj\stm32f10x_usart.o
 .debug_abbrev  0x000011cb      0x172 ..\obj\peripheral.o
 .debug_abbrev  0x0000133d       0xf1 ..\obj\syscalls.o
 .debug_abbrev  0x0000142e      0x17f ..\obj\channels.o
 .debug_abbrev  0x000015ad      0x183 ..\obj\misc.o
 .debug_abbrev  0x00001730      0x16a ..\obj\esp8266.o

.debug_loc      0x00000000     0x5d90
 .debug_loc     0x00000000     0x2bf5 ..\obj\stm32f10x_tim.o
 .debug_loc     0x00002bf5       0x2b ..\obj\startup_stm32f10x_md_vl.o
 .debug_loc     0x00002c20       0x99 ..\obj\system_stm32f10x.o
 .debug_loc     0x00002cb9      0x320 ..\obj\uart.o
 .debug_loc     0x00002fd9      0x85c ..\obj\stm32f10x_gpio.o
 .debug_loc     0x00003835      0xa9f ..\obj\printf.o
 .debug_loc     0x000042d4      0x91f ..\obj\stm32f10x_rcc.o
 .debug_loc     0x00004bf3      0xcbb ..\obj\stm32f10x_usart.o
 .debug_loc     0x000058ae       0x6e ..\obj\peripheral.o
 .debug_loc     0x0000591c      0x113 ..\obj\syscalls.o
 .debug_loc     0x00005a2f      0x108 ..\obj\channels.o
 .debug_loc     0x00005b37      0x20c ..\obj\misc.o
 .debug_loc     0x00005d43       0x4d ..\obj\esp8266.o

.debug_aranges  0x00000000      0x8b0
 .debug_aranges
                0x00000000      0x2e0 ..\obj\stm32f10x_tim.o
 .debug_aranges
                0x000002e0       0x28 ..\obj\startup_stm32f10x_md_vl.o
 .debug_aranges
                0x00000308       0x28 ..\obj\system_stm32f10x.o
 .debug_aranges
                0x00000330       0x88 ..\obj\uart.o
 .debug_aranges
                0x000003b8       0xa8 ..\obj\stm32f10x_gpio.o
 .debug_aranges
                0x00000460       0x28 ..\obj\main.o
 .debug_aranges
                0x00000488       0xa0 ..\obj\printf.o
 .debug_aranges
                0x00000528      0x118 ..\obj\stm32f10x_rcc.o
 .debug_aranges
                0x00000640      0x100 ..\obj\stm32f10x_usart.o
 .debug_aranges
                0x00000740       0x38 ..\obj\peripheral.o
 .debug_aranges
                0x00000778       0x60 ..\obj\syscalls.o
 .debug_aranges
                0x000007d8       0x60 ..\obj\channels.o
 .debug_aranges
                0x00000838       0x40 ..\obj\misc.o
 .debug_aranges
                0x00000878       0x38 ..\obj\esp8266.o

.debug_ranges   0x00000000      0x838
 .debug_ranges  0x00000000      0x320 ..\obj\stm32f10x_tim.o
 .debug_ranges  0x00000320       0x18 ..\obj\startup_stm32f10x_md_vl.o
 .debug_ranges  0x00000338       0x30 ..\obj\system_stm32f10x.o
 .debug_ranges  0x00000368       0x78 ..\obj\uart.o
 .debug_ranges  0x000003e0       0x98 ..\obj\stm32f10x_gpio.o
 .debug_ranges  0x00000478       0x18 ..\obj\main.o
 .debug_ranges  0x00000490       0x90 ..\obj\printf.o
 .debug_ranges  0x00000520      0x108 ..\obj\stm32f10x_rcc.o
 .debug_ranges  0x00000628       0xf0 ..\obj\stm32f10x_usart.o
 .debug_ranges  0x00000718       0x28 ..\obj\peripheral.o
 .debug_ranges  0x00000740       0x50 ..\obj\syscalls.o
 .debug_ranges  0x00000790       0x50 ..\obj\channels.o
 .debug_ranges  0x000007e0       0x30 ..\obj\misc.o
 .debug_ranges  0x00000810       0x28 ..\obj\esp8266.o

.debug_line     0x00000000     0x5108
 .debug_line    0x00000000     0x2353 ..\obj\stm32f10x_tim.o
 .debug_line    0x00002353       0xac ..\obj\startup_stm32f10x_md_vl.o
 .debug_line    0x000023ff      0x194 ..\obj\system_stm32f10x.o
 .debug_line    0x00002593      0x410 ..\obj\uart.o
 .debug_line    0x000029a3      0x786 ..\obj\stm32f10x_gpio.o
 .debug_line    0x00003129      0x1c0 ..\obj\main.o
 .debug_line    0x000032e9      0x320 ..\obj\printf.o
 .debug_line    0x00003609      0x66b ..\obj\stm32f10x_rcc.o
 .debug_line    0x00003c74      0x9c6 ..\obj\stm32f10x_usart.o
 .debug_line    0x0000463a      0x21b ..\obj\peripheral.o
 .debug_line    0x00004855      0x14b ..\obj\syscalls.o
 .debug_line    0x000049a0      0x2b0 ..\obj\channels.o
 .debug_line    0x00004c50      0x29d ..\obj\misc.o
 .debug_line    0x00004eed      0x21b ..\obj\esp8266.o

.debug_str      0x00000000     0x2aca
 .debug_str     0x00000000      0xd67 ..\obj\stm32f10x_tim.o
                                0xe2a (size before relaxing)
 .debug_str     0x00000d67       0xcc ..\obj\startup_stm32f10x_md_vl.o
                                0x163 (size before relaxing)
 .debug_str     0x00000e33      0x170 ..\obj\system_stm32f10x.o
                                0x300 (size before relaxing)
 .debug_str     0x00000fa3      0x831 ..\obj\uart.o
                                0xa2f (size before relaxing)
 .debug_str     0x000017d4      0x244 ..\obj\stm32f10x_gpio.o
                                0x54f (size before relaxing)
 .debug_str     0x00001a18       0xe4 ..\obj\main.o
                                0x275 (size before relaxing)
 .debug_str     0x00001afc      0x4bf ..\obj\printf.o
                                0x679 (size before relaxing)
 .debug_str     0x00001fbb      0x395 ..\obj\stm32f10x_rcc.o
                                0x639 (size before relaxing)
 .debug_str     0x00002350      0x347 ..\obj\stm32f10x_usart.o
                                0x6ef (size before relaxing)
 .debug_str     0x00002697       0x73 ..\obj\peripheral.o
                                0x4c1 (size before relaxing)
 .debug_str     0x0000270a      0x149 ..\obj\syscalls.o
                                0x2ea (size before relaxing)
 .debug_str     0x00002853       0xb8 ..\obj\channels.o
                                0x677 (size before relaxing)
 .debug_str     0x0000290b      0x158 ..\obj\misc.o
                                0x3dd (size before relaxing)
 .debug_str     0x00002a63       0x67 ..\obj\esp8266.o
                                0x2c6 (size before relaxing)

.comment        0x00000000       0x70
 .comment       0x00000000       0x70 ..\obj\stm32f10x_tim.o
                                 0x71 (size before relaxing)
 .comment       0x00000000       0x71 ..\obj\startup_stm32f10x_md_vl.o
 .comment       0x00000000       0x71 ..\obj\system_stm32f10x.o
 .comment       0x00000000       0x71 ..\obj\uart.o
 .comment       0x00000000       0x71 ..\obj\stm32f10x_gpio.o
 .comment       0x00000000       0x71 ..\obj\main.o
 .comment       0x00000000       0x71 ..\obj\printf.o
 .comment       0x00000000       0x71 ..\obj\stm32f10x_rcc.o
 .comment       0x00000000       0x71 ..\obj\stm32f10x_usart.o
 .comment       0x00000000       0x71 ..\obj\peripheral.o
 .comment       0x00000000       0x71 ..\obj\syscalls.o
 .comment       0x00000000       0x71 ..\obj\channels.o
 .comment       0x00000000       0x71 ..\obj\misc.o
 .comment       0x00000000       0x71 ..\obj\esp8266.o

.ARM.attributes
                0x00000000       0x31
 .ARM.attributes
                0x00000000       0x33 ..\obj\stm32f10x_tim.o
 .ARM.attributes
                0x00000033       0x33 ..\obj\startup_stm32f10x_md_vl.o
 .ARM.attributes
                0x00000066       0x33 ..\obj\system_stm32f10x.o
 .ARM.attributes
                0x00000099       0x33 ..\obj\uart.o
 .ARM.attributes
                0x000000cc       0x33 ..\obj\stm32f10x_gpio.o
 .ARM.attributes
                0x000000ff       0x33 ..\obj\main.o
 .ARM.attributes
                0x00000132       0x33 ..\obj\printf.o
 .ARM.attributes
                0x00000165       0x33 ..\obj\stm32f10x_rcc.o
 .ARM.attributes
                0x00000198       0x33 ..\obj\stm32f10x_usart.o
 .ARM.attributes
                0x000001cb       0x33 ..\obj\peripheral.o
 .ARM.attributes
                0x000001fe       0x33 ..\obj\syscalls.o
 .ARM.attributes
                0x00000231       0x33 ..\obj\channels.o
 .ARM.attributes
                0x00000264       0x33 ..\obj\misc.o
 .ARM.attributes
                0x00000297       0x33 ..\obj\esp8266.o
 .ARM.attributes
                0x000002ca       0x1d c:/arm toolchain/bin/../lib/gcc/arm-none-eabi/4.9.3/armv7-m\libgcc.a(_arm_addsubdf3.o)
 .ARM.attributes
                0x000002e7       0x1d c:/arm toolchain/bin/../lib/gcc/arm-none-eabi/4.9.3/armv7-m\libgcc.a(_arm_muldivdf3.o)
 .ARM.attributes
                0x00000304       0x1d c:/arm toolchain/bin/../lib/gcc/arm-none-eabi/4.9.3/armv7-m\libgcc.a(_arm_fixunsdfsi.o)
 .ARM.attributes
                0x00000321       0x2d c:/arm toolchain/bin/../lib/gcc/arm-none-eabi/4.9.3/../../../../arm-none-eabi/lib/armv7-m\libg.a(lib_a-impure.o)
 .ARM.attributes
                0x0000034e       0x2d c:/arm toolchain/bin/../lib/gcc/arm-none-eabi/4.9.3/../../../../arm-none-eabi/lib/armv7-m\libg.a(lib_a-sscanf.o)
 .ARM.attributes
                0x0000037b       0x2d c:/arm toolchain/bin/../lib/gcc/arm-none-eabi/4.9.3/../../../../arm-none-eabi/lib/armv7-m\libg.a(lib_a-stdio.o)
 .ARM.attributes
                0x000003a8       0x2d c:/arm toolchain/bin/../lib/gcc/arm-none-eabi/4.9.3/../../../../arm-none-eabi/lib/armv7-m\libg.a(lib_a-strlen.o)
 .ARM.attributes
                0x000003d5       0x2d c:/arm toolchain/bin/../lib/gcc/arm-none-eabi/4.9.3/../../../../arm-none-eabi/lib/armv7-m\libg.a(lib_a-strstr.o)
 .ARM.attributes
                0x00000402       0x2d c:/arm toolchain/bin/../lib/gcc/arm-none-eabi/4.9.3/../../../../arm-none-eabi/lib/armv7-m\libg.a(lib_a-svfscanf.o)
 .ARM.attributes
                0x0000042f       0x2d c:/arm toolchain/bin/../lib/gcc/arm-none-eabi/4.9.3/../../../../arm-none-eabi/lib/armv7-m\libg.a(lib_a-ctype_.o)
 .ARM.attributes
                0x0000045c       0x2d c:/arm toolchain/bin/../lib/gcc/arm-none-eabi/4.9.3/../../../../arm-none-eabi/lib/armv7-m\libg.a(lib_a-iswspace.o)
 .ARM.attributes
                0x00000489       0x2d c:/arm toolchain/bin/../lib/gcc/arm-none-eabi/4.9.3/../../../../arm-none-eabi/lib/armv7-m\libg.a(lib_a-locale.o)
 .ARM.attributes
                0x000004b6       0x2d c:/arm toolchain/bin/../lib/gcc/arm-none-eabi/4.9.3/../../../../arm-none-eabi/lib/armv7-m\libg.a(lib_a-mbrtowc.o)
 .ARM.attributes
                0x000004e3       0x2d c:/arm toolchain/bin/../lib/gcc/arm-none-eabi/4.9.3/../../../../arm-none-eabi/lib/armv7-m\libg.a(lib_a-mbtowc_r.o)
 .ARM.attributes
                0x00000510       0x2d c:/arm toolchain/bin/../lib/gcc/arm-none-eabi/4.9.3/../../../../arm-none-eabi/lib/armv7-m\libg.a(lib_a-memchr.o)
 .ARM.attributes
                0x0000053d       0x2d c:/arm toolchain/bin/../lib/gcc/arm-none-eabi/4.9.3/../../../../arm-none-eabi/lib/armv7-m\libg.a(lib_a-memcmp.o)
 .ARM.attributes
                0x0000056a       0x2d c:/arm toolchain/bin/../lib/gcc/arm-none-eabi/4.9.3/../../../../arm-none-eabi/lib/armv7-m\libg.a(lib_a-memset.o)
 .ARM.attributes
                0x00000597       0x2d c:/arm toolchain/bin/../lib/gcc/arm-none-eabi/4.9.3/../../../../arm-none-eabi/lib/armv7-m\libg.a(lib_a-reent.o)
 .ARM.attributes
                0x000005c4       0x2d c:/arm toolchain/bin/../lib/gcc/arm-none-eabi/4.9.3/../../../../arm-none-eabi/lib/armv7-m\libg.a(lib_a-s_fpclassify.o)
 .ARM.attributes
                0x000005f1       0x2d c:/arm toolchain/bin/../lib/gcc/arm-none-eabi/4.9.3/../../../../arm-none-eabi/lib/armv7-m\libg.a(lib_a-sccl.o)
 .ARM.attributes
                0x0000061e       0x2d c:/arm toolchain/bin/../lib/gcc/arm-none-eabi/4.9.3/../../../../arm-none-eabi/lib/armv7-m\libg.a(lib_a-sf_nan.o)
 .ARM.attributes
                0x0000064b       0x2d c:/arm toolchain/bin/../lib/gcc/arm-none-eabi/4.9.3/../../../../arm-none-eabi/lib/armv7-m\libg.a(lib_a-strchr.o)
 .ARM.attributes
                0x00000678       0x2d c:/arm toolchain/bin/../lib/gcc/arm-none-eabi/4.9.3/../../../../arm-none-eabi/lib/armv7-m\libg.a(lib_a-strtod.o)
 .ARM.attributes
                0x000006a5       0x2d c:/arm toolchain/bin/../lib/gcc/arm-none-eabi/4.9.3/../../../../arm-none-eabi/lib/armv7-m\libg.a(lib_a-strtol.o)
 .ARM.attributes
                0x000006d2       0x2d c:/arm toolchain/bin/../lib/gcc/arm-none-eabi/4.9.3/../../../../arm-none-eabi/lib/armv7-m\libg.a(lib_a-strtoll_r.o)
 .ARM.attributes
                0x000006ff       0x2d c:/arm toolchain/bin/../lib/gcc/arm-none-eabi/4.9.3/../../../../arm-none-eabi/lib/armv7-m\libg.a(lib_a-strtoul.o)
 .ARM.attributes
                0x0000072c       0x2d c:/arm toolchain/bin/../lib/gcc/arm-none-eabi/4.9.3/../../../../arm-none-eabi/lib/armv7-m\libg.a(lib_a-strtoull_r.o)
 .ARM.attributes
                0x00000759       0x2d c:/arm toolchain/bin/../lib/gcc/arm-none-eabi/4.9.3/../../../../arm-none-eabi/lib/armv7-m\libg.a(lib_a-svfiscanf.o)
 .ARM.attributes
                0x00000786       0x2d c:/arm toolchain/bin/../lib/gcc/arm-none-eabi/4.9.3/../../../../arm-none-eabi/lib/armv7-m\libg.a(lib_a-ungetc.o)
 .ARM.attributes
                0x000007b3       0x2d c:/arm toolchain/bin/../lib/gcc/arm-none-eabi/4.9.3/../../../../arm-none-eabi/lib/armv7-m\libg.a(lib_a-freer.o)
 .ARM.attributes
                0x000007e0       0x2d c:/arm toolchain/bin/../lib/gcc/arm-none-eabi/4.9.3/../../../../arm-none-eabi/lib/armv7-m\libg.a(lib_a-gdtoa-gethex.o)
 .ARM.attributes
                0x0000080d       0x2d c:/arm toolchain/bin/../lib/gcc/arm-none-eabi/4.9.3/../../../../arm-none-eabi/lib/armv7-m\libg.a(lib_a-gdtoa-hexnan.o)
 .ARM.attributes
                0x0000083a       0x2d c:/arm toolchain/bin/../lib/gcc/arm-none-eabi/4.9.3/../../../../arm-none-eabi/lib/armv7-m\libg.a(lib_a-mallocr.o)
 .ARM.attributes
                0x00000867       0x1b c:/arm toolchain/bin/../lib/gcc/arm-none-eabi/4.9.3/../../../../arm-none-eabi/lib/armv7-m\libg.a(lib_a-memcpy.o)
 .ARM.attributes
                0x00000882       0x2d c:/arm toolchain/bin/../lib/gcc/arm-none-eabi/4.9.3/../../../../arm-none-eabi/lib/armv7-m\libg.a(lib_a-mlock.o)
 .ARM.attributes
                0x000008af       0x2d c:/arm toolchain/bin/../lib/gcc/arm-none-eabi/4.9.3/../../../../arm-none-eabi/lib/armv7-m\libg.a(lib_a-mprec.o)
 .ARM.attributes
                0x000008dc       0x2d c:/arm toolchain/bin/../lib/gcc/arm-none-eabi/4.9.3/../../../../arm-none-eabi/lib/armv7-m\libg.a(lib_a-reallocr.o)
 .ARM.attributes
                0x00000909       0x2d c:/arm toolchain/bin/../lib/gcc/arm-none-eabi/4.9.3/../../../../arm-none-eabi/lib/armv7-m\libg.a(lib_a-sbrkr.o)
 .ARM.attributes
                0x00000936       0x2d c:/arm toolchain/bin/../lib/gcc/arm-none-eabi/4.9.3/../../../../arm-none-eabi/lib/armv7-m\libg.a(lib_a-strncmp.o)
 .ARM.attributes
                0x00000963       0x2d c:/arm toolchain/bin/../lib/gcc/arm-none-eabi/4.9.3/../../../../arm-none-eabi/lib/armv7-m\libg.a(lib_a-callocr.o)
 .ARM.attributes
                0x00000990       0x2d c:/arm toolchain/bin/../lib/gcc/arm-none-eabi/4.9.3/../../../../arm-none-eabi/lib/armv7-m\libg.a(lib_a-memmove.o)
 .ARM.attributes
                0x000009bd       0x1d c:/arm toolchain/bin/../lib/gcc/arm-none-eabi/4.9.3/armv7-m\libgcc.a(_arm_cmpdf2.o)
 .ARM.attributes
                0x000009da       0x1d c:/arm toolchain/bin/../lib/gcc/arm-none-eabi/4.9.3/armv7-m\libgcc.a(_arm_fixdfsi.o)
 .ARM.attributes
                0x000009f7       0x1d c:/arm toolchain/bin/../lib/gcc/arm-none-eabi/4.9.3/armv7-m\libgcc.a(_arm_truncdfsf2.o)
 .ARM.attributes
                0x00000a14       0x1d c:/arm toolchain/bin/../lib/gcc/arm-none-eabi/4.9.3/armv7-m\libgcc.a(_aeabi_uldivmod.o)
 .ARM.attributes
                0x00000a31       0x2d c:/arm toolchain/bin/../lib/gcc/arm-none-eabi/4.9.3/armv7-m\libgcc.a(bpabi.o)
 .ARM.attributes
                0x00000a5e       0x1d c:/arm toolchain/bin/../lib/gcc/arm-none-eabi/4.9.3/armv7-m\libgcc.a(_dvmd_tls.o)
 .ARM.attributes
                0x00000a7b       0x2d c:/arm toolchain/bin/../lib/gcc/arm-none-eabi/4.9.3/armv7-m\libgcc.a(_divdi3.o)
 .ARM.attributes
                0x00000aa8       0x2d c:/arm toolchain/bin/../lib/gcc/arm-none-eabi/4.9.3/armv7-m\libgcc.a(_udivdi3.o)

.debug_frame    0x00000000     0x28fc
 .debug_frame   0x00000000      0xa0c ..\obj\stm32f10x_tim.o
 .debug_frame   0x00000a0c       0x3c ..\obj\startup_stm32f10x_md_vl.o
 .debug_frame   0x00000a48       0x3c ..\obj\system_stm32f10x.o
 .debug_frame   0x00000a84      0x1f4 ..\obj\uart.o
 .debug_frame   0x00000c78      0x1f8 ..\obj\stm32f10x_gpio.o
 .debug_frame   0x00000e70       0x38 ..\obj\main.o
 .debug_frame   0x00000ea8      0x200 ..\obj\printf.o
 .debug_frame   0x000010a8      0x314 ..\obj\stm32f10x_rcc.o
 .debug_frame   0x000013bc      0x334 ..\obj\stm32f10x_usart.o
 .debug_frame   0x000016f0       0x70 ..\obj\peripheral.o
 .debug_frame   0x00001760       0xa0 ..\obj\syscalls.o
 .debug_frame   0x00001800       0xfc ..\obj\channels.o
 .debug_frame   0x000018fc       0x90 ..\obj\misc.o
 .debug_frame   0x0000198c       0x98 ..\obj\esp8266.o
 .debug_frame   0x00001a24       0x88 c:/arm toolchain/bin/../lib/gcc/arm-none-eabi/4.9.3/../../../../arm-none-eabi/lib/armv7-m\libg.a(lib_a-sscanf.o)
 .debug_frame   0x00001aac       0x88 c:/arm toolchain/bin/../lib/gcc/arm-none-eabi/4.9.3/../../../../arm-none-eabi/lib/armv7-m\libg.a(lib_a-stdio.o)
 .debug_frame   0x00001b34       0x20 c:/arm toolchain/bin/../lib/gcc/arm-none-eabi/4.9.3/../../../../arm-none-eabi/lib/armv7-m\libg.a(lib_a-strlen.o)
 .debug_frame   0x00001b54       0xd8 c:/arm toolchain/bin/../lib/gcc/arm-none-eabi/4.9.3/../../../../arm-none-eabi/lib/armv7-m\libg.a(lib_a-strstr.o)
 .debug_frame   0x00001c2c       0x50 c:/arm toolchain/bin/../lib/gcc/arm-none-eabi/4.9.3/../../../../arm-none-eabi/lib/armv7-m\libg.a(lib_a-svfscanf.o)
 .debug_frame   0x00001c7c       0x20 c:/arm toolchain/bin/../lib/gcc/arm-none-eabi/4.9.3/../../../../arm-none-eabi/lib/armv7-m\libg.a(lib_a-iswspace.o)
 .debug_frame   0x00001c9c       0x9c c:/arm toolchain/bin/../lib/gcc/arm-none-eabi/4.9.3/../../../../arm-none-eabi/lib/armv7-m\libg.a(lib_a-locale.o)
 .debug_frame   0x00001d38       0x68 c:/arm toolchain/bin/../lib/gcc/arm-none-eabi/4.9.3/../../../../arm-none-eabi/lib/armv7-m\libg.a(lib_a-mbrtowc.o)
 .debug_frame   0x00001da0       0x58 c:/arm toolchain/bin/../lib/gcc/arm-none-eabi/4.9.3/../../../../arm-none-eabi/lib/armv7-m\libg.a(lib_a-mbtowc_r.o)
 .debug_frame   0x00001df8       0x3c c:/arm toolchain/bin/../lib/gcc/arm-none-eabi/4.9.3/../../../../arm-none-eabi/lib/armv7-m\libg.a(lib_a-memchr.o)
 .debug_frame   0x00001e34       0x38 c:/arm toolchain/bin/../lib/gcc/arm-none-eabi/4.9.3/../../../../arm-none-eabi/lib/armv7-m\libg.a(lib_a-memcmp.o)
 .debug_frame   0x00001e6c       0x34 c:/arm toolchain/bin/../lib/gcc/arm-none-eabi/4.9.3/../../../../arm-none-eabi/lib/armv7-m\libg.a(lib_a-memset.o)
 .debug_frame   0x00001ea0       0x58 c:/arm toolchain/bin/../lib/gcc/arm-none-eabi/4.9.3/../../../../arm-none-eabi/lib/armv7-m\libg.a(lib_a-reent.o)
 .debug_frame   0x00001ef8       0x34 c:/arm toolchain/bin/../lib/gcc/arm-none-eabi/4.9.3/../../../../arm-none-eabi/lib/armv7-m\libg.a(lib_a-s_fpclassify.o)
 .debug_frame   0x00001f2c       0x44 c:/arm toolchain/bin/../lib/gcc/arm-none-eabi/4.9.3/../../../../arm-none-eabi/lib/armv7-m\libg.a(lib_a-sccl.o)
 .debug_frame   0x00001f70       0x20 c:/arm toolchain/bin/../lib/gcc/arm-none-eabi/4.9.3/../../../../arm-none-eabi/lib/armv7-m\libg.a(lib_a-sf_nan.o)
 .debug_frame   0x00001f90       0x4c c:/arm toolchain/bin/../lib/gcc/arm-none-eabi/4.9.3/../../../../arm-none-eabi/lib/armv7-m\libg.a(lib_a-strchr.o)
 .debug_frame   0x00001fdc       0x94 c:/arm toolchain/bin/../lib/gcc/arm-none-eabi/4.9.3/../../../../arm-none-eabi/lib/armv7-m\libg.a(lib_a-strtod.o)
 .debug_frame   0x00002070       0x54 c:/arm toolchain/bin/../lib/gcc/arm-none-eabi/4.9.3/../../../../arm-none-eabi/lib/armv7-m\libg.a(lib_a-strtol.o)
 .debug_frame   0x000020c4       0x40 c:/arm toolchain/bin/../lib/gcc/arm-none-eabi/4.9.3/../../../../arm-none-eabi/lib/armv7-m\libg.a(lib_a-strtoll_r.o)
 .debug_frame   0x00002104       0x54 c:/arm toolchain/bin/../lib/gcc/arm-none-eabi/4.9.3/../../../../arm-none-eabi/lib/armv7-m\libg.a(lib_a-strtoul.o)
 .debug_frame   0x00002158       0x40 c:/arm toolchain/bin/../lib/gcc/arm-none-eabi/4.9.3/../../../../arm-none-eabi/lib/armv7-m\libg.a(lib_a-strtoull_r.o)
 .debug_frame   0x00002198       0xd8 c:/arm toolchain/bin/../lib/gcc/arm-none-eabi/4.9.3/../../../../arm-none-eabi/lib/armv7-m\libg.a(lib_a-svfiscanf.o)
 .debug_frame   0x00002270       0x60 c:/arm toolchain/bin/../lib/gcc/arm-none-eabi/4.9.3/../../../../arm-none-eabi/lib/armv7-m\libg.a(lib_a-ungetc.o)
 .debug_frame   0x000022d0       0x74 c:/arm toolchain/bin/../lib/gcc/arm-none-eabi/4.9.3/../../../../arm-none-eabi/lib/armv7-m\libg.a(lib_a-freer.o)
 .debug_frame   0x00002344       0x6c c:/arm toolchain/bin/../lib/gcc/arm-none-eabi/4.9.3/../../../../arm-none-eabi/lib/armv7-m\libg.a(lib_a-gdtoa-gethex.o)
 .debug_frame   0x000023b0       0x4c c:/arm toolchain/bin/../lib/gcc/arm-none-eabi/4.9.3/../../../../arm-none-eabi/lib/armv7-m\libg.a(lib_a-gdtoa-hexnan.o)
 .debug_frame   0x000023fc       0x54 c:/arm toolchain/bin/../lib/gcc/arm-none-eabi/4.9.3/../../../../arm-none-eabi/lib/armv7-m\libg.a(lib_a-mallocr.o)
 .debug_frame   0x00002450       0x30 c:/arm toolchain/bin/../lib/gcc/arm-none-eabi/4.9.3/../../../../arm-none-eabi/lib/armv7-m\libg.a(lib_a-mlock.o)
 .debug_frame   0x00002480      0x268 c:/arm toolchain/bin/../lib/gcc/arm-none-eabi/4.9.3/../../../../arm-none-eabi/lib/armv7-m\libg.a(lib_a-mprec.o)
 .debug_frame   0x000026e8       0x58 c:/arm toolchain/bin/../lib/gcc/arm-none-eabi/4.9.3/../../../../arm-none-eabi/lib/armv7-m\libg.a(lib_a-reallocr.o)
 .debug_frame   0x00002740       0x2c c:/arm toolchain/bin/../lib/gcc/arm-none-eabi/4.9.3/../../../../arm-none-eabi/lib/armv7-m\libg.a(lib_a-sbrkr.o)
 .debug_frame   0x0000276c       0x54 c:/arm toolchain/bin/../lib/gcc/arm-none-eabi/4.9.3/../../../../arm-none-eabi/lib/armv7-m\libg.a(lib_a-strncmp.o)
 .debug_frame   0x000027c0       0x28 c:/arm toolchain/bin/../lib/gcc/arm-none-eabi/4.9.3/../../../../arm-none-eabi/lib/armv7-m\libg.a(lib_a-callocr.o)
 .debug_frame   0x000027e8       0x30 c:/arm toolchain/bin/../lib/gcc/arm-none-eabi/4.9.3/../../../../arm-none-eabi/lib/armv7-m\libg.a(lib_a-memmove.o)
 .debug_frame   0x00002818       0x28 c:/arm toolchain/bin/../lib/gcc/arm-none-eabi/4.9.3/armv7-m\libgcc.a(_aeabi_uldivmod.o)
 .debug_frame   0x00002840       0x54 c:/arm toolchain/bin/../lib/gcc/arm-none-eabi/4.9.3/armv7-m\libgcc.a(bpabi.o)
 .debug_frame   0x00002894       0x34 c:/arm toolchain/bin/../lib/gcc/arm-none-eabi/4.9.3/armv7-m\libgcc.a(_divdi3.o)
 .debug_frame   0x000028c8       0x34 c:/arm toolchain/bin/../lib/gcc/arm-none-eabi/4.9.3/armv7-m\libgcc.a(_udivdi3.o)
