Archive member included because of file (symbol)

c:/arm toolchain/bin/../lib/gcc/arm-none-eabi/4.9.3/armv7-m\libgcc.a(_arm_addsubdf3.o)
                              ..\obj\channels.o (__aeabi_i2d)
c:/arm toolchain/bin/../lib/gcc/arm-none-eabi/4.9.3/armv7-m\libgcc.a(_arm_muldivdf3.o)
                              ..\obj\channels.o (__aeabi_dmul)
c:/arm toolchain/bin/../lib/gcc/arm-none-eabi/4.9.3/armv7-m\libgcc.a(_arm_fixunsdfsi.o)
                              ..\obj\channels.o (__aeabi_d2uiz)
c:/arm toolchain/bin/../lib/gcc/arm-none-eabi/4.9.3/../../../../arm-none-eabi/lib/armv7-m\libg.a(lib_a-sscanf.o)
                              ..\obj\esp8266.o (sscanf)
c:/arm toolchain/bin/../lib/gcc/arm-none-eabi/4.9.3/../../../../arm-none-eabi/lib/armv7-m\libg.a(lib_a-stdio.o)
                              c:/arm toolchain/bin/../lib/gcc/arm-none-eabi/4.9.3/../../../../arm-none-eabi/lib/armv7-m\libg.a(lib_a-sscanf.o) (__seofread)
c:/arm toolchain/bin/../lib/gcc/arm-none-eabi/4.9.3/../../../../arm-none-eabi/lib/armv7-m\libg.a(lib_a-strlen.o)
                              c:/arm toolchain/bin/../lib/gcc/arm-none-eabi/4.9.3/../../../../arm-none-eabi/lib/armv7-m\libg.a(lib_a-sscanf.o) (strlen)
c:/arm toolchain/bin/../lib/gcc/arm-none-eabi/4.9.3/../../../../arm-none-eabi/lib/armv7-m\libg.a(lib_a-strstr.o)
                              ..\obj\esp8266.o (strstr)
c:/arm toolchain/bin/../lib/gcc/arm-none-eabi/4.9.3/../../../../arm-none-eabi/lib/armv7-m\libg.a(lib_a-svfscanf.o)
                              c:/arm toolchain/bin/../lib/gcc/arm-none-eabi/4.9.3/../../../../arm-none-eabi/lib/armv7-m\libg.a(lib_a-sscanf.o) (__ssvfscanf_r)
c:/arm toolchain/bin/../lib/gcc/arm-none-eabi/4.9.3/../../../../arm-none-eabi/lib/armv7-m\libg.a(lib_a-writer.o)
                              c:/arm toolchain/bin/../lib/gcc/arm-none-eabi/4.9.3/../../../../arm-none-eabi/lib/armv7-m\libg.a(lib_a-stdio.o) (_write_r)
c:/arm toolchain/bin/../lib/gcc/arm-none-eabi/4.9.3/../../../../arm-none-eabi/lib/armv7-m\libg.a(lib_a-closer.o)
                              c:/arm toolchain/bin/../lib/gcc/arm-none-eabi/4.9.3/../../../../arm-none-eabi/lib/armv7-m\libg.a(lib_a-stdio.o) (_close_r)
c:/arm toolchain/bin/../lib/gcc/arm-none-eabi/4.9.3/../../../../arm-none-eabi/lib/armv7-m\libg.a(lib_a-ctype_.o)
                              c:/arm toolchain/bin/../lib/gcc/arm-none-eabi/4.9.3/../../../../arm-none-eabi/lib/armv7-m\libg.a(lib_a-svfscanf.o) (__ctype_ptr__)
c:/arm toolchain/bin/../lib/gcc/arm-none-eabi/4.9.3/../../../../arm-none-eabi/lib/armv7-m\libg.a(lib_a-impure.o)
                              c:/arm toolchain/bin/../lib/gcc/arm-none-eabi/4.9.3/../../../../arm-none-eabi/lib/armv7-m\libg.a(lib_a-sscanf.o) (_impure_ptr)
c:/arm toolchain/bin/../lib/gcc/arm-none-eabi/4.9.3/../../../../arm-none-eabi/lib/armv7-m\libg.a(lib_a-iswspace.o)
                              c:/arm toolchain/bin/../lib/gcc/arm-none-eabi/4.9.3/../../../../arm-none-eabi/lib/armv7-m\libg.a(lib_a-svfscanf.o) (iswspace)
c:/arm toolchain/bin/../lib/gcc/arm-none-eabi/4.9.3/../../../../arm-none-eabi/lib/armv7-m\libg.a(lib_a-locale.o)
                              c:/arm toolchain/bin/../lib/gcc/arm-none-eabi/4.9.3/../../../../arm-none-eabi/lib/armv7-m\libg.a(lib_a-svfscanf.o) (__locale_mb_cur_max)
c:/arm toolchain/bin/../lib/gcc/arm-none-eabi/4.9.3/../../../../arm-none-eabi/lib/armv7-m\libg.a(lib_a-lseekr.o)
                              c:/arm toolchain/bin/../lib/gcc/arm-none-eabi/4.9.3/../../../../arm-none-eabi/lib/armv7-m\libg.a(lib_a-stdio.o) (_lseek_r)
c:/arm toolchain/bin/../lib/gcc/arm-none-eabi/4.9.3/../../../../arm-none-eabi/lib/armv7-m\libg.a(lib_a-mbrtowc.o)
                              c:/arm toolchain/bin/../lib/gcc/arm-none-eabi/4.9.3/../../../../arm-none-eabi/lib/armv7-m\libg.a(lib_a-svfscanf.o) (_mbrtowc_r)
c:/arm toolchain/bin/../lib/gcc/arm-none-eabi/4.9.3/../../../../arm-none-eabi/lib/armv7-m\libg.a(lib_a-mbtowc_r.o)
                              c:/arm toolchain/bin/../lib/gcc/arm-none-eabi/4.9.3/../../../../arm-none-eabi/lib/armv7-m\libg.a(lib_a-mbrtowc.o) (__mbtowc)
c:/arm toolchain/bin/../lib/gcc/arm-none-eabi/4.9.3/../../../../arm-none-eabi/lib/armv7-m\libg.a(lib_a-memchr.o)
                              c:/arm toolchain/bin/../lib/gcc/arm-none-eabi/4.9.3/../../../../arm-none-eabi/lib/armv7-m\libg.a(lib_a-strstr.o) (memchr)
c:/arm toolchain/bin/../lib/gcc/arm-none-eabi/4.9.3/../../../../arm-none-eabi/lib/armv7-m\libg.a(lib_a-memcmp.o)
                              c:/arm toolchain/bin/../lib/gcc/arm-none-eabi/4.9.3/../../../../arm-none-eabi/lib/armv7-m\libg.a(lib_a-strstr.o) (memcmp)
c:/arm toolchain/bin/../lib/gcc/arm-none-eabi/4.9.3/../../../../arm-none-eabi/lib/armv7-m\libg.a(lib_a-memset.o)
                              c:/arm toolchain/bin/../lib/gcc/arm-none-eabi/4.9.3/../../../../arm-none-eabi/lib/armv7-m\libg.a(lib_a-svfscanf.o) (memset)
[...]
Memory Configuration

Name             Origin             Length             Attributes
rom              0x08000000         0x00010000         xr
ram              0x20000000         0x00005000         xrw
*default*        0x00000000         0xffffffff

Linker script and memory map

                0x20005000                _eram = 0x20005000

.text           0x08000000     0xba50
 *(.isr_vector)
 .isr_vector    0x08000000      0x10c ..\obj\startup_stm32f10x_md.o
                0x08000000                g_pfnVectors
 *(.text*)
 .text.TIM_TimeBaseInit
                0x0800010c      0x1f4 ..\obj\stm32f10x_tim.o
                0x0800010c                TIM_TimeBaseInit
 .text.TIM_OC1Init
                0x08000300      0x298 ..\obj\stm32f10x_tim.o
                0x08000300                TIM_OC1Init
 .text.TIM_OC2Init
                0x08000598      0x254 ..\obj\stm32f10x_tim.o
                0x08000598                TIM_OC2Init
 .text.TIM_OC3Init
                0x080007ec      0x22c ..\obj\stm32f10x_tim.o
                0x080007ec                TIM_OC3Init
 .text.TIM_OC4Init
                0x08000a18      0x1a0 ..\obj\stm32f10x_tim.o
                0x08000a18                TIM_OC4Init
 .text.TIM_Cmd  0x08000bb8      0x128 ..\obj\stm32f10x_tim.o
                0x08000bb8                TIM_Cmd
 .text.TIM_ARRPreloadConfig
                0x08000ce0      0x128 ..\obj\stm32f10x_tim.o
                0x08000ce0                TIM_ARRPreloadConfig
 .text.TIM_OC1PreloadConfig
                0x08000e08      0x108 ..\obj\stm32f10x_tim.o
                0x08000e08                TIM_OC1PreloadConfig
 .text.TIM_OC2PreloadConfig
                0x08000f10       0xc4 ..\obj\stm32f10x_tim.o
                0x08000f10                TIM_OC2PreloadConfig
 .text.TIM_OC3PreloadConfig
                0x08000fd4       0x9c ..\obj\stm32f10x_tim.o
                0x08000fd4                TIM_OC3PreloadConfig
 .text.TIM_OC4PreloadConfig
                0x08001070       0xa0 ..\obj\stm32f10x_tim.o
                0x08001070                TIM_OC4PreloadConfig
 .text.SystemInit
                0x08001110       0x68 ..\obj\system_stm32f10x.o
                0x08001110                SystemInit
 .text.SetSysClock
                0x08001178        0xc ..\obj\system_stm32f10x.o
 .text.SetSysClockTo72
                0x08001184      0x100 ..\obj\system_stm32f10x.o
 .text.USART_Configuration
                0x08001284      0x158 ..\obj\uart.o
                0x08001284                USART_Configuration
 .text.USART1_IRQHandler
                0x080013dc      0x114 ..\obj\uart.o
                0x080013dc                USART1_IRQHandler
 .text.UART1_get_char
                0x080014f0       0x6c ..\obj\uart.o
                0x080014f0                UART1_get_char
 .text.UART1_put_char
                0x0800155c       0x90 ..\obj\uart.o
                0x0800155c                UART1_put_char
 .text.UART1_put_str
                0x080015ec       0x28 ..\obj\uart.o
                0x080015ec                UART1_put_str
 .text.buff_clear
                0x08001614       0x30 ..\obj\uart.o
                0x08001614                buff_clear
 .text.UART1_read_str
                0x08001644       0x44 ..\obj\uart.o
                0x08001644                UART1_read_str
 .text.USART3_IRQHandler
                0x08001688      0x114 ..\obj\uart.o
                0x08001688                USART3_IRQHandler
 .text.Default_Reset_Handler
                0x0800179c       0x5c ..\obj\startup_stm32f10x_md.o
                0x0800179c                Default_Reset_Handler
                0x0800179c                Reset_Handler
 .text.Default_Handler
                0x080017f8        0x8 ..\obj\startup_stm32f10x_md.o
                0x080017f8                EXTI2_IRQHandler
                0x080017f8                DebugMon_Handler
                0x080017f8                TIM1_CC_IRQHandler
                0x080017f8                HardFault_Handler
                0x080017f8                SysTick_Handler
                0x080017f8                PVD_IRQHandler
                0x080017f8                PendSV_Handler
                0x080017f8                NMI_Handler
                0x080017f8                EXTI3_IRQHandler
                0x080017f8                EXTI0_IRQHandler
                0x080017f8                I2C2_EV_IRQHandler
                0x080017f8                UsageFault_Handler
                0x080017f8                ADC1_2_IRQHandler
                0x080017f8                SPI1_IRQHandler
                0x080017f8                TAMPER_IRQHandler
                0x080017f8                DMA1_Channel4_IRQHandler
                0x080017f8                RTC_IRQHandler
                0x080017f8                DMA1_Channel7_IRQHandler
                0x080017f8                CAN1_RX1_IRQHandler
                0x080017f8                TIM4_IRQHandler
                0x080017f8                I2C1_EV_IRQHandler
                0x080017f8                DMA1_Channel6_IRQHandler
                0x080017f8                TIM3_IRQHandler
                0x080017f8                RCC_IRQHandler
                0x080017f8                TIM1_TRG_COM_IRQHandler
                0x080017f8                DMA1_Channel1_IRQHandler
                0x080017f8                EXTI15_10_IRQHandler
                0x080017f8                EXTI9_5_IRQHandler
                0x080017f8                SPI2_IRQHandler
                0x080017f8                MemManage_Handler
                0x080017f8                SVC_Handler
                0x080017f8                DMA1_Channel5_IRQHandler
                0x080017f8                EXTI4_IRQHandler
                0x080017f8                USB_LP_CAN1_RX0_IRQHandler
                0x080017f8                USB_HP_CAN1_TX_IRQHandler
                0x080017f8                DMA1_Channel3_IRQHandler
                0x080017f8                TIM1_UP_IRQHandler
                0x080017f8                WWDG_IRQHandler
                0x080017f8                TIM2_IRQHandler
                0x080017f8                TIM1_BRK_IRQHandler
                0x080017f8                EXTI1_IRQHandler
                0x080017f8                RTCAlarm_IRQHandler
                0x080017f8                USART2_IRQHandler
                0x080017f8                I2C2_ER_IRQHandler
                0x080017f8                DMA1_Channel2_IRQHandler
                0x080017f8                CAN1_SCE_IRQHandler
                0x080017f8                FLASH_IRQHandler
                0x080017f8                BusFault_Handler
                0x080017f8                I2C1_ER_IRQHandler
                0x080017f8                USBWakeUp_IRQHandler
 .text.GPIO_Init
                0x08001800      0x254 ..\obj\stm32f10x_gpio.o
                0x08001800                GPIO_Init
 .text.GPIO_SetBits
                0x08001a54       0x8c ..\obj\stm32f10x_gpio.o
                0x08001a54                GPIO_SetBits
 .text.GPIO_ResetBits
                0x08001ae0       0x8c ..\obj\stm32f10x_gpio.o
                0x08001ae0                GPIO_ResetBits
 .text.GPIO_PinRemapConfig
                0x08001b6c      0x2fc ..\obj\stm32f10x_gpio.o
                0x08001b6c                GPIO_PinRemapConfig
 .text.main     0x08001e68       0x34 ..\obj\main.o
                0x08001e68                main
 .text.assert_failed
                0x08001e9c        0xc ..\obj\main.o
                0x08001e9c                assert_failed
 .text.RCC_GetClocksFreq
                0x08001ea8      0x164 ..\obj\stm32f10x_rcc.o
                0x08001ea8                RCC_GetClocksFreq
 .text.RCC_APB2PeriphClockCmd
                0x0800200c       0x70 ..\obj\stm32f10x_rcc.o
                0x0800200c                RCC_APB2PeriphClockCmd
 .text.RCC_APB1PeriphClockCmd
                0x0800207c       0x70 ..\obj\stm32f10x_rcc.o
                0x0800207c                RCC_APB1PeriphClockCmd
 .text.USART_Init
                0x080020ec      0x2b8 ..\obj\stm32f10x_usart.o
                0x080020ec                USART_Init
 .text.USART_Cmd
                0x080023a4       0x9c ..\obj\stm32f10x_usart.o
                0x080023a4                USART_Cmd
 .text.USART_ITConfig
                0x08002440      0x168 ..\obj\stm32f10x_usart.o
                0x08002440                USART_ITConfig
 .text.USART_SendData
                0x080025a8       0x7c ..\obj\stm32f10x_usart.o
                0x080025a8                USART_SendData
 .text.USART_ReceiveData
                0x08002624       0x68 ..\obj\stm32f10x_usart.o
                0x08002624                USART_ReceiveData
 .text.USART_GetFlagStatus
                0x0800268c       0xf4 ..\obj\stm32f10x_usart.o
                0x0800268c                USART_GetFlagStatus
 .text.USART_GetITStatus
                0x08002780      0x18c ..\obj\stm32f10x_usart.o
                0x08002780                USART_GetITStatus
 .text.GPIO_Configuration
                0x0800290c       0x60 ..\obj\peripheral.o
                0x0800290c                GPIO_Configuration
 .text.TIMERS_Configuration
                0x0800296c       0x38 ..\obj\peripheral.o
                0x0800296c                TIMERS_Configuration
 .text.delay_ms
                0x080029a4       0x4c ..\obj\peripheral.o
                0x080029a4                delay_ms
 .text.led_green_blink
                0x080029f0       0x50 ..\obj\peripheral.o
                0x080029f0                led_green_blink
 .text._sbrk    0x08002a40       0x40 ..\obj\syscalls.o
                0x08002a40                _sbrk
 .text.CHANNELS_Configuration
                0x08002a80      0x170 ..\obj\channels.o
                0x08002a80                CHANNELS_Configuration
 .text.ch1_puls
                0x08002bf0       0x40 ..\obj\channels.o
                0x08002bf0                ch1_puls
 .text.ch2_puls
                0x08002c30       0x40 ..\obj\channels.o
                0x08002c30                ch2_puls
 .text.ch3_puls
                0x08002c70       0x40 ..\obj\channels.o
                0x08002c70                ch3_puls
 .text.ch4_puls
                0x08002cb0       0x40 ..\obj\channels.o
                0x08002cb0                ch4_puls
 .text.ch5_puls
                0x08002cf0       0x40 ..\obj\channels.o
                0x08002cf0                ch5_puls
 .text.ch6_puls
                0x08002d30       0x40 ..\obj\channels.o
                0x08002d30                ch6_puls
 .text.ch7_puls
                0x08002d70       0x40 ..\obj\channels.o
                0x08002d70                ch7_puls
 .text.ch8_puls
                0x08002db0       0x40 ..\obj\channels.o
                0x08002db0                ch8_puls
 .text.NVIC_Init
                0x08002df0       0xfc ..\obj\misc.o
                0x08002df0                NVIC_Init
 .text.WIFI_Init
                0x08002eec       0x9c ..\obj\esp8266.o
                0x08002eec                WIFI_Init
 .text.WIFI_command
                0x08002f88       0x44 ..\obj\esp8266.o
                0x08002f88                WIFI_command
 .text.WIFI_weit_connection
                0x08002fcc       0x8c ..\obj\esp8266.o
                0x08002fcc                WIFI_weit_connection
 .text.WIFI_CONNECT
                0x08003058      0x104 ..\obj\esp8266.o
                0x08003058                WIFI_CONNECT
 .text          0x0800315c      0x370 c:/arm toolchain/bin/../lib/gcc/arm-none-eabi/4.9.3/armv7-m\libgcc.a(_arm_addsubdf3.o)
                0x0800315c                __aeabi_drsub
                0x08003164                __aeabi_dsub
                0x08003164                __subdf3
                0x08003168                __aeabi_dadd
                0x08003168                __adddf3
                0x080033e0                __floatunsidf
                0x080033e0                __aeabi_ui2d
                0x08003400                __floatsidf
                0x08003400                __aeabi_i2d
                0x08003424                __aeabi_f2d
                0x08003424                __extendsfdf2
                0x08003460                __floatundidf
                0x08003460                __aeabi_ul2d
                0x08003470                __floatdidf
                0x08003470                __aeabi_l2d
 .text          0x080034cc      0x424 c:/arm toolchain/bin/../lib/gcc/arm-none-eabi/4.9.3/armv7-m\libgcc.a(_arm_muldivdf3.o)
                0x080034cc                __aeabi_dmul
                0x080034cc                __muldf3
                0x08003720                __divdf3
                0x08003720                __aeabi_ddiv
 .text          0x080038f0       0x40 c:/arm toolchain/bin/../lib/gcc/arm-none-eabi/4.9.3/armv7-m\libgcc.a(_arm_fixunsdfsi.o)
                0x080038f0                __aeabi_d2uiz
                0x080038f0                __fixunsdfsi
 .text.sscanf   0x08003930       0x58 c:/arm toolchain/bin/../lib/gcc/arm-none-eabi/4.9.3/../../../../arm-none-eabi/lib/armv7-m\libg.a(lib_a-sscanf.o)
                0x08003930                sscanf
 .text.__seofread
                0x08003988        0x4 c:/arm toolchain/bin/../lib/gcc/arm-none-eabi/4.9.3/../../../../arm-none-eabi/lib/armv7-m\libg.a(lib_a-stdio.o)
                0x08003988                __seofread
 .text.strlen   0x0800398c       0x5c c:/arm toolchain/bin/../lib/gcc/arm-none-eabi/4.9.3/../../../../arm-none-eabi/lib/armv7-m\libg.a(lib_a-strlen.o)
                0x0800398c                strlen
 .text.critical_factorization
                0x080039e8       0xb8 c:/arm toolchain/bin/../lib/gcc/arm-none-eabi/4.9.3/../../../../arm-none-eabi/lib/armv7-m\libg.a(lib_a-strstr.o)
 .text.two_way_long_needle
                0x08003aa0      0x1f8 c:/arm toolchain/bin/../lib/gcc/arm-none-eabi/4.9.3/../../../../arm-none-eabi/lib/armv7-m\libg.a(lib_a-strstr.o)
 .text.strstr   0x08003c98      0x220 c:/arm toolchain/bin/../lib/gcc/arm-none-eabi/4.9.3/../../../../arm-none-eabi/lib/armv7-m\libg.a(lib_a-strstr.o)
                0x08003c98                strstr
 .text.__ssvfscanf_r
                0x08003eb8      0xdf4 c:/arm toolchain/bin/../lib/gcc/arm-none-eabi/4.9.3/../../../../arm-none-eabi/lib/armv7-m\libg.a(lib_a-svfscanf.o)
                0x08003eb8                __ssvfscanf_r
 .text.iswspace
                0x08004cac       0x1c c:/arm toolchain/bin/../lib/gcc/arm-none-eabi/4.9.3/../../../../arm-none-eabi/lib/armv7-m\libg.a(lib_a-iswspace.o)
                0x08004cac                iswspace
 .text.__locale_charset
                0x08004cc8        0x8 c:/arm toolchain/bin/../lib/gcc/arm-none-eabi/4.9.3/../../../../arm-none-eabi/lib/armv7-m\libg.a(lib_a-locale.o)
                0x08004cc8                __locale_charset
 .text.__locale_mb_cur_max
                0x08004cd0        0xc c:/arm toolchain/bin/../lib/gcc/arm-none-eabi/4.9.3/../../../../arm-none-eabi/lib/armv7-m\libg.a(lib_a-locale.o)
                0x08004cd0                __locale_mb_cur_max
 .text._localeconv_r
                0x08004cdc        0x8 c:/arm toolchain/bin/../lib/gcc/arm-none-eabi/4.9.3/../../../../arm-none-eabi/lib/armv7-m\libg.a(lib_a-locale.o)
                0x08004cdc                _localeconv_r
 .text._mbrtowc_r
                0x08004ce4       0x5c c:/arm toolchain/bin/../lib/gcc/arm-none-eabi/4.9.3/../../../../arm-none-eabi/lib/armv7-m\libg.a(lib_a-mbrtowc.o)
                0x08004ce4                _mbrtowc_r
 .text.__ascii_mbtowc
                0x08004d40       0x2c c:/arm toolchain/bin/../lib/gcc/arm-none-eabi/4.9.3/../../../../arm-none-eabi/lib/armv7-m\libg.a(lib_a-mbtowc_r.o)
                0x08004d40                __ascii_mbtowc
 .text.memchr   0x08004d6c       0x94 c:/arm toolchain/bin/../lib/gcc/arm-none-eabi/4.9.3/../../../../arm-none-eabi/lib/armv7-m\libg.a(lib_a-memchr.o)
                0x08004d6c                memchr
 .text.memcmp   0x08004e00       0x64 c:/arm toolchain/bin/../lib/gcc/arm-none-eabi/4.9.3/../../../../arm-none-eabi/lib/armv7-m\libg.a(lib_a-memcmp.o)
                0x08004e00                memcmp
 .text.memset   0x08004e64       0x9c c:/arm toolchain/bin/../lib/gcc/arm-none-eabi/4.9.3/../../../../arm-none-eabi/lib/armv7-m\libg.a(lib_a-memset.o)
                0x08004e64                memset
 .text.__fpclassifyd
                0x08004f00       0x58 c:/arm toolchain/bin/../lib/gcc/arm-none-eabi/4.9.3/../../../../arm-none-eabi/lib/armv7-m\libg.a(lib_a-s_fpclassify.o)
                0x08004f00                __fpclassifyd
 .text.__sccl   0x08004f58       0x78 c:/arm toolchain/bin/../lib/gcc/arm-none-eabi/4.9.3/../../../../arm-none-eabi/lib/armv7-m\libg.a(lib_a-sccl.o)
                0x08004f58                __sccl
 .text.nanf     0x08004fd0        0x8 c:/arm toolchain/bin/../lib/gcc/arm-none-eabi/4.9.3/../../../../arm-none-eabi/lib/armv7-m\libg.a(lib_a-sf_nan.o)
                0x08004fd0                nanf
 .text.sprintf  0x08004fd8       0x4c c:/arm toolchain/bin/../lib/gcc/arm-none-eabi/4.9.3/../../../../arm-none-eabi/lib/armv7-m\libg.a(lib_a-sprintf.o)
                0x08004fd8                sprintf
 .text.strchr   0x08005024       0xcc c:/arm toolchain/bin/../lib/gcc/arm-none-eabi/4.9.3/../../../../arm-none-eabi/lib/armv7-m\libg.a(lib_a-strchr.o)
                0x08005024                strchr
 .text.sulp     0x080050f0       0x44 c:/arm toolchain/bin/../lib/gcc/arm-none-eabi/4.9.3/../../../../arm-none-eabi/lib/armv7-m\libg.a(lib_a-strtod.o)
 *fill*         0x08005134        0x4 
 .text._strtod_r
                0x08005138      0xf30 c:/arm toolchain/bin/../lib/gcc/arm-none-eabi/4.9.3/../../../../arm-none-eabi/lib/armv7-m\libg.a(lib_a-strtod.o)
                0x08005138                _strtod_r
 .text._strtol_r
                0x08006068      0x11c c:/arm toolchain/bin/../lib/gcc/arm-none-eabi/4.9.3/../../../../arm-none-eabi/lib/armv7-m\libg.a(lib_a-strtol.o)
                0x08006068                _strtol_r
 .text._strtoll_r
                0x08006184      0x1cc c:/arm toolchain/bin/../lib/gcc/arm-none-eabi/4.9.3/../../../../arm-none-eabi/lib/armv7-m\libg.a(lib_a-strtoll_r.o)
                0x08006184                _strtoll_r
 .text._strtoul_r
                0x08006350      0x134 c:/arm toolchain/bin/../lib/gcc/arm-none-eabi/4.9.3/../../../../arm-none-eabi/lib/armv7-m\libg.a(lib_a-strtoul.o)
                0x08006350                _strtoul_r
 .text._strtoull_r
                0x08006484      0x1e8 c:/arm toolchain/bin/../lib/gcc/arm-none-eabi/4.9.3/../../../../arm-none-eabi/lib/armv7-m\libg.a(lib_a-strtoull_r.o)
                0x08006484                _strtoull_r
 .text._sungetc_r
                0x0800666c       0x88 c:/arm toolchain/bin/../lib/gcc/arm-none-eabi/4.9.3/../../../../arm-none-eabi/lib/armv7-m\libg.a(lib_a-svfiscanf.o)
                0x0800666c                _sungetc_r
 .text.__ssrefill_r
                0x080066f4       0x3c c:/arm toolchain/bin/../lib/gcc/arm-none-eabi/4.9.3/../../../../arm-none-eabi/lib/armv7-m\libg.a(lib_a-svfiscanf.o)
                0x080066f4                __ssrefill_r
 .text._sfread_r
                0x08006730       0x80 c:/arm toolchain/bin/../lib/gcc/arm-none-eabi/4.9.3/../../../../arm-none-eabi/lib/armv7-m\libg.a(lib_a-svfiscanf.o)
                0x08006730                _sfread_r
 .text._svfprintf_r
                0x080067b0     0x14f4 c:/arm toolchain/bin/../lib/gcc/arm-none-eabi/4.9.3/../../../../arm-none-eabi/lib/armv7-m\libg.a(lib_a-svfprintf.o)
                0x080067b0                _svfprintf_r
 .text.__submore
                0x08007ca4       0x7c c:/arm toolchain/bin/../lib/gcc/arm-none-eabi/4.9.3/../../../../arm-none-eabi/lib/armv7-m\libg.a(lib_a-ungetc.o)
                0x08007ca4                __submore
 .text.quorem   0x08007d20      0x130 c:/arm toolchain/bin/../lib/gcc/arm-none-eabi/4.9.3/../../../../arm-none-eabi/lib/armv7-m\libg.a(lib_a-dtoa.o)
 .text._dtoa_r  0x08007e50      0xea8 c:/arm toolchain/bin/../lib/gcc/arm-none-eabi/4.9.3/../../../../arm-none-eabi/lib/armv7-m\libg.a(lib_a-dtoa.o)
                0x08007e50                _dtoa_r
 .text._malloc_trim_r
                0x08008cf8       0x9c c:/arm toolchain/bin/../lib/gcc/arm-none-eabi/4.9.3/../../../../arm-none-eabi/lib/armv7-m\libg.a(lib_a-freer.o)
                0x08008cf8                _malloc_trim_r
 .text._free_r  0x08008d94      0x1b0 c:/arm toolchain/bin/../lib/gcc/arm-none-eabi/4.9.3/../../../../arm-none-eabi/lib/armv7-m\libg.a(lib_a-freer.o)
                0x08008d94                _free_r
 .text.rshift   0x08008f44       0xa0 c:/arm toolchain/bin/../lib/gcc/arm-none-eabi/4.9.3/../../../../arm-none-eabi/lib/armv7-m\libg.a(lib_a-gdtoa-gethex.o)
 .text.__gethex
                0x08008fe4      0x514 c:/arm toolchain/bin/../lib/gcc/arm-none-eabi/4.9.3/../../../../arm-none-eabi/lib/armv7-m\libg.a(lib_a-gdtoa-gethex.o)
                0x08008fe4                __gethex
 .text.__hexnan
                0x080094f8      0x184 c:/arm toolchain/bin/../lib/gcc/arm-none-eabi/4.9.3/../../../../arm-none-eabi/lib/armv7-m\libg.a(lib_a-gdtoa-hexnan.o)
                0x080094f8                __hexnan
 .text._malloc_r
                0x0800967c      0x50c c:/arm toolchain/bin/../lib/gcc/arm-none-eabi/4.9.3/../../../../arm-none-eabi/lib/armv7-m\libg.a(lib_a-mallocr.o)
                0x0800967c                _malloc_r
 .text          0x08009b88       0xec c:/arm toolchain/bin/../lib/gcc/arm-none-eabi/4.9.3/../../../../arm-none-eabi/lib/armv7-m\libg.a(lib_a-memcpy.o)
                0x08009b88                memcpy
 .text.__malloc_lock
                0x08009c74        0x4 c:/arm toolchain/bin/../lib/gcc/arm-none-eabi/4.9.3/../../../../arm-none-eabi/lib/armv7-m\libg.a(lib_a-mlock.o)
                0x08009c74                __malloc_lock
 .text.__malloc_unlock
                0x08009c78        0x4 c:/arm toolchain/bin/../lib/gcc/arm-none-eabi/4.9.3/../../../../arm-none-eabi/lib/armv7-m\libg.a(lib_a-mlock.o)
                0x08009c78                __malloc_unlock
 .text._Balloc  0x08009c7c       0x50 c:/arm toolchain/bin/../lib/gcc/arm-none-eabi/4.9.3/../../../../arm-none-eabi/lib/armv7-m\libg.a(lib_a-mprec.o)
                0x08009c7c                _Balloc
 .text._Bfree   0x08009ccc       0x14 c:/arm toolchain/bin/../lib/gcc/arm-none-eabi/4.9.3/../../../../arm-none-eabi/lib/armv7-m\libg.a(lib_a-mprec.o)
                0x08009ccc                _Bfree
 .text.__multadd
                0x08009ce0       0x84 c:/arm toolchain/bin/../lib/gcc/arm-none-eabi/4.9.3/../../../../arm-none-eabi/lib/armv7-m\libg.a(lib_a-mprec.o)
                0x08009ce0                __multadd
 .text.__s2b    0x08009d64       0x98 c:/arm toolchain/bin/../lib/gcc/arm-none-eabi/4.9.3/../../../../arm-none-eabi/lib/armv7-m\libg.a(lib_a-mprec.o)
                0x08009d64                __s2b
 .text.__hi0bits
                0x08009dfc       0x40 c:/arm toolchain/bin/../lib/gcc/arm-none-eabi/4.9.3/../../../../arm-none-eabi/lib/armv7-m\libg.a(lib_a-mprec.o)
                0x08009dfc                __hi0bits
 .text.__lo0bits
                0x08009e3c       0x5c c:/arm toolchain/bin/../lib/gcc/arm-none-eabi/4.9.3/../../../../arm-none-eabi/lib/armv7-m\libg.a(lib_a-mprec.o)
                0x08009e3c                __lo0bits
 .text.__i2b    0x08009e98       0x14 c:/arm toolchain/bin/../lib/gcc/arm-none-eabi/4.9.3/../../../../arm-none-eabi/lib/armv7-m\libg.a(lib_a-mprec.o)
                0x08009e98                __i2b
 .text.__multiply
                0x08009eac      0x140 c:/arm toolchain/bin/../lib/gcc/arm-none-eabi/4.9.3/../../../../arm-none-eabi/lib/armv7-m\libg.a(lib_a-mprec.o)
                0x08009eac                __multiply
 .text.__pow5mult
                0x08009fec       0xa0 c:/arm toolchain/bin/../lib/gcc/arm-none-eabi/4.9.3/../../../../arm-none-eabi/lib/armv7-m\libg.a(lib_a-mprec.o)
                0x08009fec                __pow5mult
 .text.__lshift
                0x0800a08c       0xb0 c:/arm toolchain/bin/../lib/gcc/arm-none-eabi/4.9.3/../../../../arm-none-eabi/lib/armv7-m\libg.a(lib_a-mprec.o)
                0x0800a08c                __lshift
 .text.__mcmp   0x0800a13c       0x48 c:/arm toolchain/bin/../lib/gcc/arm-none-eabi/4.9.3/../../../../arm-none-eabi/lib/armv7-m\libg.a(lib_a-mprec.o)
                0x0800a13c                __mcmp
 .text.__mdiff  0x0800a184       0xe4 c:/arm toolchain/bin/../lib/gcc/arm-none-eabi/4.9.3/../../../../arm-none-eabi/lib/armv7-m\libg.a(lib_a-mprec.o)
                0x0800a184                __mdiff
 .text.__ulp    0x0800a268       0x44 c:/arm toolchain/bin/../lib/gcc/arm-none-eabi/4.9.3/../../../../arm-none-eabi/lib/armv7-m\libg.a(lib_a-mprec.o)
                0x0800a268                __ulp
 .text.__b2d    0x0800a2ac       0xd0 c:/arm toolchain/bin/../lib/gcc/arm-none-eabi/4.9.3/../../../../arm-none-eabi/lib/armv7-m\libg.a(lib_a-mprec.o)
                0x0800a2ac                __b2d
 .text.__d2b    0x0800a37c       0xa8 c:/arm toolchain/bin/../lib/gcc/arm-none-eabi/4.9.3/../../../../arm-none-eabi/lib/armv7-m\libg.a(lib_a-mprec.o)
                0x0800a37c                __d2b
 .text.__ratio  0x0800a424       0x58 c:/arm toolchain/bin/../lib/gcc/arm-none-eabi/4.9.3/../../../../arm-none-eabi/lib/armv7-m\libg.a(lib_a-mprec.o)
                0x0800a424                __ratio
 .text.__copybits
                0x0800a47c       0x48 c:/arm toolchain/bin/../lib/gcc/arm-none-eabi/4.9.3/../../../../arm-none-eabi/lib/armv7-m\libg.a(lib_a-mprec.o)
                0x0800a47c                __copybits
 .text.__any_on
                0x0800a4c4       0x5c c:/arm toolchain/bin/../lib/gcc/arm-none-eabi/4.9.3/../../../../arm-none-eabi/lib/armv7-m\libg.a(lib_a-mprec.o)
                0x0800a4c4                __any_on
 .text._realloc_r
                0x0800a520      0x3e0 c:/arm toolchain/bin/../lib/gcc/arm-none-eabi/4.9.3/../../../../arm-none-eabi/lib/armv7-m\libg.a(lib_a-reallocr.o)
                0x0800a520                _realloc_r
 .text._sbrk_r  0x0800a900       0x24 c:/arm toolchain/bin/../lib/gcc/arm-none-eabi/4.9.3/../../../../arm-none-eabi/lib/armv7-m\libg.a(lib_a-sbrkr.o)
                0x0800a900                _sbrk_r
 .text.strncmp  0x0800a924       0x94 c:/arm toolchain/bin/../lib/gcc/arm-none-eabi/4.9.3/../../../../arm-none-eabi/lib/armv7-m\libg.a(lib_a-strncmp.o)
                0x0800a924                strncmp
 .text.__ssprint_r
                0x0800a9b8      0x104 c:/arm toolchain/bin/../lib/gcc/arm-none-eabi/4.9.3/../../../../arm-none-eabi/lib/armv7-m\libg.a(lib_a-svfiprintf.o)
                0x0800a9b8                __ssprint_r
 .text._calloc_r
                0x0800aabc       0x60 c:/arm toolchain/bin/../lib/gcc/arm-none-eabi/4.9.3/../../../../arm-none-eabi/lib/armv7-m\libg.a(lib_a-callocr.o)
                0x0800aabc                _calloc_r
 .text.memmove  0x0800ab1c       0xc8 c:/arm toolchain/bin/../lib/gcc/arm-none-eabi/4.9.3/../../../../arm-none-eabi/lib/armv7-m\libg.a(lib_a-memmove.o)
                0x0800ab1c                memmove
 .text          0x0800abe4      0x110 c:/arm toolchain/bin/../lib/gcc/arm-none-eabi/4.9.3/armv7-m\libgcc.a(_arm_cmpdf2.o)
                0x0800abe4                __gtdf2
                0x0800abe4                __gedf2
                0x0800abec                __ltdf2
                0x0800abec                __ledf2
                0x0800abf4                __nedf2
                0x0800abf4                __eqdf2
                0x0800abf4                __cmpdf2
                0x0800ac70                __aeabi_cdrcmple
                0x0800ac80                __aeabi_cdcmpeq
                0x0800ac80                __aeabi_cdcmple
                0x0800ac90                __aeabi_dcmpeq
                0x0800aca4                __aeabi_dcmplt
                0x0800acb8                __aeabi_dcmple
                0x0800accc                __aeabi_dcmpge
                0x0800ace0                __aeabi_dcmpgt
 .text          0x0800acf4       0x50 c:/arm toolchain/bin/../lib/gcc/arm-none-eabi/4.9.3/armv7-m\libgcc.a(_arm_fixdfsi.o)
                0x0800acf4                __aeabi_d2iz
                0x0800acf4                __fixdfsi
 .text          0x0800ad44       0xa0 c:/arm toolchain/bin/../lib/gcc/arm-none-eabi/4.9.3/armv7-m\libgcc.a(_arm_truncdfsf2.o)
                0x0800ad44                __truncdfsf2
                0x0800ad44                __aeabi_d2f
 .text          0x0800ade4       0x30 c:/arm toolchain/bin/../lib/gcc/arm-none-eabi/4.9.3/armv7-m\libgcc.a(_aeabi_uldivmod.o)
                0x0800ade4                __aeabi_uldivmod
 .text          0x0800ae14       0x60 c:/arm toolchain/bin/../lib/gcc/arm-none-eabi/4.9.3/armv7-m\libgcc.a(bpabi.o)
                0x0800ae14                __gnu_ldivmod_helper
                0x0800ae44                __gnu_uldivmod_helper
 .text          0x0800ae74        0x4 c:/arm toolchain/bin/../lib/gcc/arm-none-eabi/4.9.3/armv7-m\libgcc.a(_dvmd_tls.o)
                0x0800ae74                __aeabi_idiv0
                0x0800ae74                __aeabi_ldiv0
 .text          0x0800ae78      0x2ac c:/arm toolchain/bin/../lib/gcc/arm-none-eabi/4.9.3/armv7-m\libgcc.a(_divdi3.o)
                0x0800ae78                __divdi3
 .text          0x0800b124      0x270 c:/arm toolchain/bin/../lib/gcc/arm-none-eabi/4.9.3/armv7-m\libgcc.a(_udivdi3.o)
                0x0800b124                __udivdi3
 *(.init)
 *(.fini)
 *crtbegin.o(.ctors)
 *crtbegin?.o(.ctors)
 *(EXCLUDE_FILE(*crtend.o *crtend?.o) .ctors)
 *(SORT(.ctors.*))
 *(.ctors)
 *crtbegin.o(.dtors)
 *crtbegin?.o(.dtors)
 *(EXCLUDE_FILE(*crtend.o *crtend?.o) .dtors)
 *(SORT(.dtors.*))
 *(.dtors)
 *(.rodata*)
 .rodata        0x0800b394       0x4c ..\obj\stm32f10x_tim.o
 .rodata        0x0800b3e0       0x4c ..\obj\stm32f10x_gpio.o
 .rodata        0x0800b42c       0x14 ..\obj\main.o
 .rodata        0x0800b440       0x4c ..\obj\stm32f10x_rcc.o
 .rodata        0x0800b48c       0x4c ..\obj\stm32f10x_usart.o
 .rodata        0x0800b4d8       0x44 ..\obj\misc.o
 .rodata        0x0800b51c      0x120 ..\obj\esp8266.o
 .rodata.basefix.6867
                0x0800b63c       0x24 c:/arm toolchain/bin/../lib/gcc/arm-none-eabi/4.9.3/../../../../arm-none-eabi/lib/armv7-m\libg.a(lib_a-svfscanf.o)
 .rodata.str1.4
                0x0800b660        0x5 c:/arm toolchain/bin/../lib/gcc/arm-none-eabi/4.9.3/../../../../arm-none-eabi/lib/armv7-m\libg.a(lib_a-svfscanf.o)
                                  0x8 (size before relaxing)
 *fill*         0x0800b665        0x3 
 .rodata._ctype_
                0x0800b668      0x104 c:/arm toolchain/bin/../lib/gcc/arm-none-eabi/4.9.3/../../../../arm-none-eabi/lib/armv7-m\libg.a(lib_a-ctype_.o)
                0x0800b668                _ctype_
 .rodata.str1.4
                0x0800b76c        0x2 c:/arm toolchain/bin/../lib/gcc/arm-none-eabi/4.9.3/../../../../arm-none-eabi/lib/armv7-m\libg.a(lib_a-impure.o)
                                  0x4 (size before relaxing)
 *fill*         0x0800b76e        0x2 
 .rodata.str1.4
                0x0800b770        0xa c:/arm toolchain/bin/../lib/gcc/arm-none-eabi/4.9.3/../../../../arm-none-eabi/lib/armv7-m\libg.a(lib_a-locale.o)
                                 0x14 (size before relaxing)
 .rodata.str1.4
                0x00000000        0x4 c:/arm toolchain/bin/../lib/gcc/arm-none-eabi/4.9.3/../../../../arm-none-eabi/lib/armv7-m\libg.a(lib_a-mbrtowc.o)
 *fill*         0x0800b77a        0x2 
 .rodata.fpinan.5301
                0x0800b77c       0x14 c:/arm toolchain/bin/../lib/gcc/arm-none-eabi/4.9.3/../../../../arm-none-eabi/lib/armv7-m\libg.a(lib_a-strtod.o)
 .rodata.str1.4
                0x0800b790        0xf c:/arm toolchain/bin/../lib/gcc/arm-none-eabi/4.9.3/../../../../arm-none-eabi/lib/armv7-m\libg.a(lib_a-strtod.o)
                                 0x10 (size before relaxing)
 *fill*         0x0800b79f        0x1 
 .rodata.fpi.5265
                0x0800b7a0       0x14 c:/arm toolchain/bin/../lib/gcc/arm-none-eabi/4.9.3/../../../../arm-none-eabi/lib/armv7-m\libg.a(lib_a-strtod.o)
 *fill*         0x0800b7b4        0x4 
 .rodata.tinytens
                0x0800b7b8       0x28 c:/arm toolchain/bin/../lib/gcc/arm-none-eabi/4.9.3/../../../../arm-none-eabi/lib/armv7-m\libg.a(lib_a-strtod.o)
 .rodata.zeroes.6916
                0x0800b7e0       0x10 c:/arm toolchain/bin/../lib/gcc/arm-none-eabi/4.9.3/../../../../arm-none-eabi/lib/armv7-m\libg.a(lib_a-svfprintf.o)
 .rodata.str1.4
                0x0800b7f0       0x42 c:/arm toolchain/bin/../lib/gcc/arm-none-eabi/4.9.3/../../../../arm-none-eabi/lib/armv7-m\libg.a(lib_a-svfprintf.o)
                                 0x44 (size before relaxing)
 *fill*         0x0800b832        0x2 
 .rodata.blanks.6915
                0x0800b834       0x10 c:/arm toolchain/bin/../lib/gcc/arm-none-eabi/4.9.3/../../../../arm-none-eabi/lib/armv7-m\libg.a(lib_a-svfprintf.o)
 .rodata.str1.4
                0x0800b844       0x10 c:/arm toolchain/bin/../lib/gcc/arm-none-eabi/4.9.3/../../../../arm-none-eabi/lib/armv7-m\libg.a(lib_a-dtoa.o)
                                 0x14 (size before relaxing)
 .rodata.__hexdig
                0x0800b854      0x100 c:/arm toolchain/bin/../lib/gcc/arm-none-eabi/4.9.3/../../../../arm-none-eabi/lib/armv7-m\libg.a(lib_a-gdtoa-gethex.o)
                0x0800b854                __hexdig
 .rodata.p05.5296
                0x0800b954        0xc c:/arm toolchain/bin/../lib/gcc/arm-none-eabi/4.9.3/../../../../arm-none-eabi/lib/armv7-m\libg.a(lib_a-mprec.o)
 .rodata.__mprec_tens
                0x0800b960       0xc8 c:/arm toolchain/bin/../lib/gcc/arm-none-eabi/4.9.3/../../../../arm-none-eabi/lib/armv7-m\libg.a(lib_a-mprec.o)
                0x0800b960                __mprec_tens
 .rodata.__mprec_bigtens
                0x0800ba28       0x28 c:/arm toolchain/bin/../lib/gcc/arm-none-eabi/4.9.3/../../../../arm-none-eabi/lib/armv7-m\libg.a(lib_a-mprec.o)
                0x0800ba28                __mprec_bigtens
 *(.eh_fram e*)

.glue_7         0x0800ba50        0x0
 .glue_7        0x00000000        0x0 linker stubs

.glue_7t        0x0800ba50        0x0
 .glue_7t       0x00000000        0x0 linker stubs

.vfp11_veneer   0x0800ba50        0x0
 .vfp11_veneer  0x00000000        0x0 linker stubs

.v4_bx          0x0800ba50        0x0
 .v4_bx         0x00000000        0x0 linker stubs

.iplt           0x0800ba50        0x0
 .iplt          0x00000000        0x0 ..\obj\stm32f10x_tim.o

.ARM.extab
 *(.ARM.extab* .gnu.linkonce.armextab.*)
                0x0800ba50                __exidx_start = .

.ARM.exidx      0x0800ba50        0x8
 *(.ARM.exidx* .gnu.linkonce.armexidx.*)
 .ARM.exidx     0x0800ba50        0x8 c:/arm toolchain/bin/../lib/gcc/arm-none-eabi/4.9.3/armv7-m\libgcc.a(_divdi3.o)
 .ARM.exidx     0x0800ba58        0x0 c:/arm toolchain/bin/../lib/gcc/arm-none-eabi/4.9.3/armv7-m\libgcc.a(_udivdi3.o)
                                  0x8 (size before relaxing)
                0x0800ba58                __exidx_end = .
                0x0800ba58                __etext = .
                0x0800ba58                _sidata = __etext

.rel.dyn        0x0800ba58        0x0
 .rel.iplt      0x00000000        0x0 ..\obj\stm32f10x_tim.o

.data           0x20000000      0x8e4 load address 0x0800ba58
                0x20000000                __data_start__ = .
                0x20000000                _sdata = __data_start__
 *(vtable)
 *(.data*)
 .data          0x20000000       0x14 ..\obj\stm32f10x_rcc.o
 *fill*         0x20000014        0x4 
 .data          0x20000018        0x8 ..\obj\channels.o
                0x20000018                coeff
 .data          0x20000020       0x20 ..\obj\esp8266.o
                0x20000020                ch1
                0x20000024                ch2
                0x20000028                ch3
                0x2000002c                ch4
                0x20000030                ch5
                0x20000034                ch6
                0x20000038                ch7
                0x2000003c                ch8
 .data.__ctype_ptr__
                0x20000040        0x4 c:/arm toolchain/bin/../lib/gcc/arm-none-eabi/4.9.3/../../../../arm-none-eabi/lib/armv7-m\libg.a(lib_a-ctype_.o)
                0x20000040                __ctype_ptr__
 *fill*         0x20000044        0x4 
 .data.impure_data
                0x20000048      0x428 c:/arm toolchain/bin/../lib/gcc/arm-none-eabi/4.9.3/../../../../arm-none-eabi/lib/armv7-m\libg.a(lib_a-impure.o)
 .data._impure_ptr
                0x20000470        0x4 c:/arm toolchain/bin/../lib/gcc/arm-none-eabi/4.9.3/../../../../arm-none-eabi/lib/armv7-m\libg.a(lib_a-impure.o)
                0x20000470                _impure_ptr
 .data.lconv    0x20000474       0x38 c:/arm toolchain/bin/../lib/gcc/arm-none-eabi/4.9.3/../../../../arm-none-eabi/lib/armv7-m\libg.a(lib_a-locale.o)
 .data.lc_ctype_charset
                0x200004ac       0x20 c:/arm toolchain/bin/../lib/gcc/arm-none-eabi/4.9.3/../../../../arm-none-eabi/lib/armv7-m\libg.a(lib_a-locale.o)
 .data.__mb_cur_max
                0x200004cc        0x4 c:/arm toolchain/bin/../lib/gcc/arm-none-eabi/4.9.3/../../../../arm-none-eabi/lib/armv7-m\libg.a(lib_a-locale.o)
                0x200004cc                __mb_cur_max
 .data.__mbtowc
                0x200004d0        0x4 c:/arm toolchain/bin/../lib/gcc/arm-none-eabi/4.9.3/../../../../arm-none-eabi/lib/armv7-m\libg.a(lib_a-mbtowc_r.o)
                0x200004d0                __mbtowc
 .data.__malloc_av_
                0x200004d4      0x408 c:/arm toolchain/bin/../lib/gcc/arm-none-eabi/4.9.3/../../../../arm-none-eabi/lib/armv7-m\libg.a(lib_a-mallocr.o)
                0x200004d4                __malloc_av_
 .data.__malloc_trim_threshold
                0x200008dc        0x4 c:/arm toolchain/bin/../lib/gcc/arm-none-eabi/4.9.3/../../../../arm-none-eabi/lib/armv7-m\libg.a(lib_a-mallocr.o)
                0x200008dc                __malloc_trim_threshold
 .data.__malloc_sbrk_base
                0x200008e0        0x4 c:/arm toolchain/bin/../lib/gcc/arm-none-eabi/4.9.3/../../../../arm-none-eabi/lib/armv7-m\libg.a(lib_a-mallocr.o)
                0x200008e0                __malloc_sbrk_base
                0x200008e4                . = ALIGN (0x4)
                0x200008e4                PROVIDE (__preinit_array_start, .)
 *(.preinit_array)
                0x200008e4                PROVIDE (__preinit_array_end, .)
                0x200008e4                . = ALIGN (0x4)
                0x200008e4                PROVIDE (__init_array_start, .)
 *(SORT(.init_array.*))
 *(.init_array)
                0x200008e4                PROVIDE (__init_array_end, .)
                0x200008e4                . = ALIGN (0x4)
                0x200008e4                PROVIDE (__fini_array_start, .)
 *(SORT(.fini_array.*))
 *(.fini_array)
                0x200008e4                PROVIDE (__fini_array_end, .)
 *(.jcr*)
                0x200008e4                . = ALIGN (0x4)
                0x200008e4                __data_end__ = .
                0x200008e4                _edata = __data_end__

.igot.plt       0x200008e4        0x0 load address 0x0800c33c
 .igot.plt      0x00000000        0x0 ..\obj\stm32f10x_tim.o

.bss            0x200008e4      0x2f4 load address 0x0800c33c
                0x200008e4                . = ALIGN (0x4)
                0x200008e4                __bss_start__ = .
                0x200008e4                _sbss = __bss_start__
 *(.bss*)
 .bss           0x200008e4       0x38 ..\obj\uart.o
                0x200008e4                UART1_rx_wr_index
                0x200008e8                UART1_rx_rd_index
                0x200008ec                UART1_rx_counter
                0x200008f0                UART1_rx_buffer_overflow
                0x200008f4                UART1_tx_wr_index
                0x200008f8                UART1_tx_rd_index
                0x200008fc                UART1_tx_counter
                0x20000900                UART3_rx_wr_index
                0x20000904                UART3_rx_rd_index
                0x20000908                UART3_rx_counter
                0x2000090c                UART3_rx_buffer_overflow
                0x20000910                UART3_tx_wr_index
                0x20000914                UART3_tx_rd_index
                0x20000918                UART3_tx_counter
 .bss           0x2000091c        0x4 ..\obj\syscalls.o
 .bss.__malloc_max_total_mem
                0x20000920        0x4 c:/arm toolchain/bin/../lib/gcc/arm-none-eabi/4.9.3/../../../../arm-none-eabi/lib/armv7-m\libg.a(lib_a-mallocr.o)
                0x20000920                __malloc_max_total_mem
 .bss.__malloc_max_sbrked_mem
                0x20000924        0x4 c:/arm toolchain/bin/../lib/gcc/arm-none-eabi/4.9.3/../../../../arm-none-eabi/lib/armv7-m\libg.a(lib_a-mallocr.o)
                0x20000924                __malloc_max_sbrked_mem
 .bss.__malloc_top_pad
                0x20000928        0x4 c:/arm toolchain/bin/../lib/gcc/arm-none-eabi/4.9.3/../../../../arm-none-eabi/lib/armv7-m\libg.a(lib_a-mallocr.o)
                0x20000928                __malloc_top_pad
 .bss.__malloc_current_mallinfo
                0x2000092c       0x28 c:/arm toolchain/bin/../lib/gcc/arm-none-eabi/4.9.3/../../../../arm-none-eabi/lib/armv7-m\libg.a(lib_a-mallocr.o)
                0x2000092c                __malloc_current_mallinfo
 *(COMMON)
 COMMON         0x20000954      0x280 ..\obj\uart.o
                0x20000954                UART1_rx_buffer
                0x200009d4                UART3_tx_buffer
                0x20000a54                UART1_tx_buffer
                0x20000ad4                UART3_rx_buffer
                0x20000b54                Buffer
 COMMON         0x20000bd4        0x4 c:/arm toolchain/bin/../lib/gcc/arm-none-eabi/4.9.3/../../../../arm-none-eabi/lib/armv7-m\libg.a(lib_a-reent.o)
                0x20000bd4                errno
                0x20000bd8                . = ALIGN (0x4)
                0x20000bd8                __bss_end__ = .
                0x20000bd8                _ebss = __bss_end__

.heap           0x20000bd8        0x0
                0x20000bd8                __end__ = .
                0x20000bd8                _end = __end__
                0x20000bd8                end = __end__
 *(.heap*)
                0x20000bd8                __HeapLimit = .

.co_stack       0x20000bd8      0x400 load address 0x0800c630
                0x20000bd8                . = ALIGN (0x8)
 *(.co_stack .co_stack.*)
 .co_stack      0x20000bd8      0x400 ..\obj\startup_stm32f10x_md.o
                0x20000bd8                pulStack
                0x20005000                __StackTop = (ORIGIN (ram) + 0x5000)
                0x20004c00                __StackLimit = (__StackTop - SIZEOF (.co_stack))
                0x20005000                PROVIDE (__stack, __StackTop)
                0x00000001                ASSERT ((__StackLimit >= __HeapLimit), region ram  overflowed with stack)
LOAD ..\obj\stm32f10x_tim.o
LOAD ..\obj\system_stm32f10x.o
LOAD ..\obj\uart.o
LOAD ..\obj\startup_stm32f10x_md.o
LOAD ..\obj\stm32f10x_gpio.o
LOAD ..\obj\main.o
LOAD ..\obj\stm32f10x_rcc.o
LOAD ..\obj\stm32f10x_usart.o
LOAD ..\obj\peripheral.o
LOAD ..\obj\syscalls.o
LOAD ..\obj\channels.o
LOAD ..\obj\misc.o
LOAD ..\obj\esp8266.o
START GROUP
LOAD c:/arm toolchain/bin/../lib/gcc/arm-none-eabi/4.9.3/armv7-m\libgcc.a
LOAD c:/arm toolchain/bin/../lib/gcc/arm-none-eabi/4.9.3/../../../../arm-none-eabi/lib/armv7-m\libg.a
LOAD c:/arm toolchain/bin/../lib/gcc/arm-none-eabi/4.9.3/../../../../arm-none-eabi/lib/armv7-m\libc.a
END GROUP
OUTPUT(PWM1.elf elf32-littlearm)

.debug_info     0x00000000     0x5be0
 .debug_info    0x00000000     0x1c58 ..\obj\stm32f10x_tim.o
 .debug_info    0x00001c58      0x479 ..\obj\system_stm32f10x.o
 .debug_info    0x000020d1      0x8b6 ..\obj\uart.o
 .debug_info    0x00002987       0xe9 ..\obj\startup_stm32f10x_md.o
 .debug_info    0x00002a70      0x6f3 ..\obj\stm32f10x_gpio.o
 .debug_info    0x00003163      0x13b ..\obj\main.o
 .debug_info    0x0000329e      0x88d ..\obj\stm32f10x_rcc.o
 .debug_info    0x00003b2b      0x9e8 ..\obj\stm32f10x_usart.o
 .debug_info    0x00004513      0x4f5 ..\obj\peripheral.o
 .debug_info    0x00004a08      0x3ee ..\obj\syscalls.o
 .debug_info    0x00004df6      0x665 ..\obj\channels.o
 .debug_info    0x0000545b      0x53d ..\obj\misc.o
 .debug_info    0x00005998      0x248 ..\obj\esp8266.o

.debug_abbrev   0x00000000     0x10cf
 .debug_abbrev  0x00000000      0x196 ..\obj\stm32f10x_tim.o
 .debug_abbrev  0x00000196      0x14c ..\obj\system_stm32f10x.o
 .debug_abbrev  0x000002e2      0x20d ..\obj\uart.o
 .debug_abbrev  0x000004ef       0xa7 ..\obj\startup_stm32f10x_md.o
 .debug_abbrev  0x00000596      0x1c8 ..\obj\stm32f10x_gpio.o
 .debug_abbrev  0x0000075e       0xbe ..\obj\main.o
 .debug_abbrev  0x0000081c      0x1b8 ..\obj\stm32f10x_rcc.o
 .debug_abbrev  0x000009d4      0x17c ..\obj\stm32f10x_usart.o
 .debug_abbrev  0x00000b50      0x14c ..\obj\peripheral.o
 .debug_abbrev  0x00000c9c       0xe2 ..\obj\syscalls.o
 .debug_abbrev  0x00000d7e      0x10d ..\obj\channels.o
 .debug_abbrev  0x00000e8b      0x145 ..\obj\misc.o
 .debug_abbrev  0x00000fd0       0xff ..\obj\esp8266.o

.debug_aranges  0x00000000      0x830
 .debug_aranges
                0x00000000      0x2f0 ..\obj\stm32f10x_tim.o
 .debug_aranges
                0x000002f0       0x38 ..\obj\system_stm32f10x.o
 .debug_aranges
                0x00000328       0x88 ..\obj\uart.o
 .debug_aranges
                0x000003b0       0x28 ..\obj\startup_stm32f10x_md.o
 .debug_aranges
                0x000003d8       0xa8 ..\obj\stm32f10x_gpio.o
 .debug_aranges
                0x00000480       0x28 ..\obj\main.o
 .debug_aranges
                0x000004a8      0x118 ..\obj\stm32f10x_rcc.o
 .debug_aranges
                0x000005c0      0x100 ..\obj\stm32f10x_usart.o
 .debug_aranges
                0x000006c0       0x38 ..\obj\peripheral.o
 .debug_aranges
                0x000006f8       0x60 ..\obj\syscalls.o
 .debug_aranges
                0x00000758       0x60 ..\obj\channels.o
 .debug_aranges
                0x000007b8       0x40 ..\obj\misc.o
 .debug_aranges
                0x000007f8       0x38 ..\obj\esp8266.o

.debug_ranges   0x00000000      0x760
 .debug_ranges  0x00000000      0x2e0 ..\obj\stm32f10x_tim.o
 .debug_ranges  0x000002e0       0x28 ..\obj\system_stm32f10x.o
 .debug_ranges  0x00000308       0x78 ..\obj\uart.o
 .debug_ranges  0x00000380       0x18 ..\obj\startup_stm32f10x_md.o
 .debug_ranges  0x00000398       0x98 ..\obj\stm32f10x_gpio.o
 .debug_ranges  0x00000430       0x18 ..\obj\main.o
 .debug_ranges  0x00000448      0x108 ..\obj\stm32f10x_rcc.o
 .debug_ranges  0x00000550       0xf0 ..\obj\stm32f10x_usart.o
 .debug_ranges  0x00000640       0x28 ..\obj\peripheral.o
 .debug_ranges  0x00000668       0x50 ..\obj\syscalls.o
 .debug_ranges  0x000006b8       0x50 ..\obj\channels.o
 .debug_ranges  0x00000708       0x30 ..\obj\misc.o
 .debug_ranges  0x00000738       0x28 ..\obj\esp8266.o

.debug_line     0x00000000     0x5097
 .debug_line    0x00000000     0x251d ..\obj\stm32f10x_tim.o
 .debug_line    0x0000251d      0x1d9 ..\obj\system_stm32f10x.o
 .debug_line    0x000026f6      0x3dc ..\obj\uart.o
 .debug_line    0x00002ad2       0xab ..\obj\startup_stm32f10x_md.o
 .debug_line    0x00002b7d      0x876 ..\obj\stm32f10x_gpio.o
 .debug_line    0x000033f3      0x150 ..\obj\main.o
 .debug_line    0x00003543      0x73a ..\obj\stm32f10x_rcc.o
 .debug_line    0x00003c7d      0x9bb ..\obj\stm32f10x_usart.o
 .debug_line    0x00004638      0x20c ..\obj\peripheral.o
 .debug_line    0x00004844      0x151 ..\obj\syscalls.o
 .debug_line    0x00004995      0x292 ..\obj\channels.o
 .debug_line    0x00004c27      0x28b ..\obj\misc.o
 .debug_line    0x00004eb2      0x1e5 ..\obj\esp8266.o

.debug_str      0x00000000     0x2620
 .debug_str     0x00000000      0xd2b ..\obj\stm32f10x_tim.o
                                0xdee (size before relaxing)
 .debug_str     0x00000d2b      0x17b ..\obj\system_stm32f10x.o
                                0x300 (size before relaxing)
 .debug_str     0x00000ea6      0x76e ..\obj\uart.o
                                0x952 (size before relaxing)
 .debug_str     0x00001614       0xb9 ..\obj\startup_stm32f10x_md.o
                                0x150 (size before relaxing)
 .debug_str     0x000016cd      0x26a ..\obj\stm32f10x_gpio.o
                                0x52a (size before relaxing)
 .debug_str     0x00001937       0x9e ..\obj\main.o
                                0x1f8 (size before relaxing)
 .debug_str     0x000019d5      0x3f1 ..\obj\stm32f10x_rcc.o
                                0x62b (size before relaxing)
 .debug_str     0x00001dc6      0x3b2 ..\obj\stm32f10x_usart.o
                                0x6a1 (size before relaxing)
 .debug_str     0x00002178       0x9b ..\obj\peripheral.o
                                0x45d (size before relaxing)
 .debug_str     0x00002213      0x164 ..\obj\syscalls.o
                                0x2ea (size before relaxing)
 .debug_str     0x00002377       0xcf ..\obj\channels.o
                                0x57d (size before relaxing)
 .debug_str     0x00002446      0x162 ..\obj\misc.o
                                0x3cf (size before relaxing)
 .debug_str     0x000025a8       0x78 ..\obj\esp8266.o
                                0x248 (size before relaxing)

.comment        0x00000000       0x70
 .comment       0x00000000       0x70 ..\obj\stm32f10x_tim.o
                                 0x71 (size before relaxing)
 .comment       0x00000000       0x71 ..\obj\system_stm32f10x.o
 .comment       0x00000000       0x71 ..\obj\uart.o
 .comment       0x00000000       0x71 ..\obj\startup_stm32f10x_md.o
 .comment       0x00000000       0x71 ..\obj\stm32f10x_gpio.o
 .comment       0x00000000       0x71 ..\obj\main.o
 .comment       0x00000000       0x71 ..\obj\stm32f10x_rcc.o
 .comment       0x00000000       0x71 ..\obj\stm32f10x_usart.o
 .comment       0x00000000       0x71 ..\obj\peripheral.o
 .comment       0x00000000       0x71 ..\obj\syscalls.o
 .comment       0x00000000       0x71 ..\obj\channels.o
 .comment       0x00000000       0x71 ..\obj\misc.o
 .comment       0x00000000       0x71 ..\obj\esp8266.o

.ARM.attributes
                0x00000000       0x31
 .ARM.attributes
                0x00000000       0x33 ..\obj\stm32f10x_tim.o
 .ARM.attributes
                0x00000033       0x33 ..\obj\system_stm32f10x.o
 .ARM.attributes
                0x00000066       0x33 ..\obj\uart.o
 .ARM.attributes
                0x00000099       0x33 ..\obj\startup_stm32f10x_md.o
 .ARM.attributes
                0x000000cc       0x33 ..\obj\stm32f10x_gpio.o
 .ARM.attributes
                0x000000ff       0x33 ..\obj\main.o
 .ARM.attributes
                0x00000132       0x33 ..\obj\stm32f10x_rcc.o
 .ARM.attributes
                0x00000165       0x33 ..\obj\stm32f10x_usart.o
 .ARM.attributes
                0x00000198       0x33 ..\obj\peripheral.o
 .ARM.attributes
                0x000001cb       0x33 ..\obj\syscalls.o
 .ARM.attributes
                0x000001fe       0x33 ..\obj\channels.o
 .ARM.attributes
                0x00000231       0x33 ..\obj\misc.o
 .ARM.attributes
                0x00000264       0x33 ..\obj\esp8266.o
 .ARM.attributes
                0x00000297       0x1d c:/arm toolchain/bin/../lib/gcc/arm-none-eabi/4.9.3/armv7-m\libgcc.a(_arm_addsubdf3.o)
 .ARM.attributes
                0x000002b4       0x1d c:/arm toolchain/bin/../lib/gcc/arm-none-eabi/4.9.3/armv7-m\libgcc.a(_arm_muldivdf3.o)
 .ARM.attributes
                0x000002d1       0x1d c:/arm toolchain/bin/../lib/gcc/arm-none-eabi/4.9.3/armv7-m\libgcc.a(_arm_fixunsdfsi.o)
 .ARM.attributes
                0x000002ee       0x2d c:/arm toolchain/bin/../lib/gcc/arm-none-eabi/4.9.3/../../../../arm-none-eabi/lib/armv7-m\libg.a(lib_a-sscanf.o)
 .ARM.attributes
                0x0000031b       0x2d c:/arm toolchain/bin/../lib/gcc/arm-none-eabi/4.9.3/../../../../arm-none-eabi/lib/armv7-m\libg.a(lib_a-stdio.o)
 .ARM.attributes
                0x00000348       0x2d c:/arm toolchain/bin/../lib/gcc/arm-none-eabi/4.9.3/../../../../arm-none-eabi/lib/armv7-m\libg.a(lib_a-strlen.o)
 .ARM.attributes
                0x00000375       0x2d c:/arm toolchain/bin/../lib/gcc/arm-none-eabi/4.9.3/../../../../arm-none-eabi/lib/armv7-m\libg.a(lib_a-strstr.o)
 .ARM.attributes
                0x000003a2       0x2d c:/arm toolchain/bin/../lib/gcc/arm-none-eabi/4.9.3/../../../../arm-none-eabi/lib/armv7-m\libg.a(lib_a-svfscanf.o)
 .ARM.attributes
                0x000003cf       0x2d c:/arm toolchain/bin/../lib/gcc/arm-none-eabi/4.9.3/../../../../arm-none-eabi/lib/armv7-m\libg.a(lib_a-ctype_.o)
 .ARM.attributes
                0x000003fc       0x2d c:/arm toolchain/bin/../lib/gcc/arm-none-eabi/4.9.3/../../../../arm-none-eabi/lib/armv7-m\libg.a(lib_a-impure.o)
 .ARM.attributes
                0x00000429       0x2d c:/arm toolchain/bin/../lib/gcc/arm-none-eabi/4.9.3/../../../../arm-none-eabi/lib/armv7-m\libg.a(lib_a-iswspace.o)
 .ARM.attributes
                0x00000456       0x2d c:/arm toolchain/bin/../lib/gcc/arm-none-eabi/4.9.3/../../../../arm-none-eabi/lib/armv7-m\libg.a(lib_a-locale.o)
 .ARM.attributes
                0x00000483       0x2d c:/arm toolchain/bin/../lib/gcc/arm-none-eabi/4.9.3/../../../../arm-none-eabi/lib/armv7-m\libg.a(lib_a-mbrtowc.o)
 .ARM.attributes
                0x000004b0       0x2d c:/arm toolchain/bin/../lib/gcc/arm-none-eabi/4.9.3/../../../../arm-none-eabi/lib/armv7-m\libg.a(lib_a-mbtowc_r.o)
 .ARM.attributes
                0x000004dd       0x2d c:/arm toolchain/bin/../lib/gcc/arm-none-eabi/4.9.3/../../../../arm-none-eabi/lib/armv7-m\libg.a(lib_a-memchr.o)
 .ARM.attributes
                0x0000050a       0x2d c:/arm toolchain/bin/../lib/gcc/arm-none-eabi/4.9.3/../../../../arm-none-eabi/lib/armv7-m\libg.a(lib_a-memcmp.o)
 .ARM.attributes
                0x00000537       0x2d c:/arm toolchain/bin/../lib/gcc/arm-none-eabi/4.9.3/../../../../arm-none-eabi/lib/armv7-m\libg.a(lib_a-memset.o)
 .ARM.attributes
                0x00000564       0x2d c:/arm toolchain/bin/../lib/gcc/arm-none-eabi/4.9.3/../../../../arm-none-eabi/lib/armv7-m\libg.a(lib_a-reent.o)
 .ARM.attributes
                0x00000591       0x2d c:/arm toolchain/bin/../lib/gcc/arm-none-eabi/4.9.3/../../../../arm-none-eabi/lib/armv7-m\libg.a(lib_a-s_fpclassify.o)
 .ARM.attributes
                0x000005be       0x2d c:/arm toolchain/bin/../lib/gcc/arm-none-eabi/4.9.3/../../../../arm-none-eabi/lib/armv7-m\libg.a(lib_a-sccl.o)
 .ARM.attributes
                0x000005eb       0x2d c:/arm toolchain/bin/../lib/gcc/arm-none-eabi/4.9.3/../../../../arm-none-eabi/lib/armv7-m\libg.a(lib_a-sf_nan.o)
 .ARM.attributes
                0x00000618       0x2d c:/arm toolchain/bin/../lib/gcc/arm-none-eabi/4.9.3/../../../../arm-none-eabi/lib/armv7-m\libg.a(lib_a-sprintf.o)
 .ARM.attributes
                0x00000645       0x2d c:/arm toolchain/bin/../lib/gcc/arm-none-eabi/4.9.3/../../../../arm-none-eabi/lib/armv7-m\libg.a(lib_a-strchr.o)
 .ARM.attributes
                0x00000672       0x2d c:/arm toolchain/bin/../lib/gcc/arm-none-eabi/4.9.3/../../../../arm-none-eabi/lib/armv7-m\libg.a(lib_a-strtod.o)
 .ARM.attributes
                0x0000069f       0x2d c:/arm toolchain/bin/../lib/gcc/arm-none-eabi/4.9.3/../../../../arm-none-eabi/lib/armv7-m\libg.a(lib_a-strtol.o)
 .ARM.attributes
                0x000006cc       0x2d c:/arm toolchain/bin/../lib/gcc/arm-none-eabi/4.9.3/../../../../arm-none-eabi/lib/armv7-m\libg.a(lib_a-strtoll_r.o)
 .ARM.attributes
                0x000006f9       0x2d c:/arm toolchain/bin/../lib/gcc/arm-none-eabi/4.9.3/../../../../arm-none-eabi/lib/armv7-m\libg.a(lib_a-strtoul.o)
 .ARM.attributes
                0x00000726       0x2d c:/arm toolchain/bin/../lib/gcc/arm-none-eabi/4.9.3/../../../../arm-none-eabi/lib/armv7-m\libg.a(lib_a-strtoull_r.o)
 .ARM.attributes
                0x00000753       0x2d c:/arm toolchain/bin/../lib/gcc/arm-none-eabi/4.9.3/../../../../arm-none-eabi/lib/armv7-m\libg.a(lib_a-svfiscanf.o)
 .ARM.attributes
                0x00000780       0x2d c:/arm toolchain/bin/../lib/gcc/arm-none-eabi/4.9.3/../../../../arm-none-eabi/lib/armv7-m\libg.a(lib_a-svfprintf.o)
 .ARM.attributes
                0x000007ad       0x2d c:/arm toolchain/bin/../lib/gcc/arm-none-eabi/4.9.3/../../../../arm-none-eabi/lib/armv7-m\libg.a(lib_a-ungetc.o)
 .ARM.attributes
                0x000007da       0x2d c:/arm toolchain/bin/../lib/gcc/arm-none-eabi/4.9.3/../../../../arm-none-eabi/lib/armv7-m\libg.a(lib_a-dtoa.o)
 .ARM.attributes
                0x00000807       0x2d c:/arm toolchain/bin/../lib/gcc/arm-none-eabi/4.9.3/../../../../arm-none-eabi/lib/armv7-m\libg.a(lib_a-freer.o)
 .ARM.attributes
                0x00000834       0x2d c:/arm toolchain/bin/../lib/gcc/arm-none-eabi/4.9.3/../../../../arm-none-eabi/lib/armv7-m\libg.a(lib_a-gdtoa-gethex.o)
 .ARM.attributes
                0x00000861       0x2d c:/arm toolchain/bin/../lib/gcc/arm-none-eabi/4.9.3/../../../../arm-none-eabi/lib/armv7-m\libg.a(lib_a-gdtoa-hexnan.o)
 .ARM.attributes
                0x0000088e       0x2d c:/arm toolchain/bin/../lib/gcc/arm-none-eabi/4.9.3/../../../../arm-none-eabi/lib/armv7-m\libg.a(lib_a-mallocr.o)
 .ARM.attributes
                0x000008bb       0x1b c:/arm toolchain/bin/../lib/gcc/arm-none-eabi/4.9.3/../../../../arm-none-eabi/lib/armv7-m\libg.a(lib_a-memcpy.o)
 .ARM.attributes
                0x000008d6       0x2d c:/arm toolchain/bin/../lib/gcc/arm-none-eabi/4.9.3/../../../../arm-none-eabi/lib/armv7-m\libg.a(lib_a-mlock.o)
 .ARM.attributes
                0x00000903       0x2d c:/arm toolchain/bin/../lib/gcc/arm-none-eabi/4.9.3/../../../../arm-none-eabi/lib/armv7-m\libg.a(lib_a-mprec.o)
 .ARM.attributes
                0x00000930       0x2d c:/arm toolchain/bin/../lib/gcc/arm-none-eabi/4.9.3/../../../../arm-none-eabi/lib/armv7-m\libg.a(lib_a-reallocr.o)
 .ARM.attributes
                0x0000095d       0x2d c:/arm toolchain/bin/../lib/gcc/arm-none-eabi/4.9.3/../../../../arm-none-eabi/lib/armv7-m\libg.a(lib_a-sbrkr.o)
 .ARM.attributes
                0x0000098a       0x2d c:/arm toolchain/bin/../lib/gcc/arm-none-eabi/4.9.3/../../../../arm-none-eabi/lib/armv7-m\libg.a(lib_a-strncmp.o)
 .ARM.attributes
                0x000009b7       0x2d c:/arm toolchain/bin/../lib/gcc/arm-none-eabi/4.9.3/../../../../arm-none-eabi/lib/armv7-m\libg.a(lib_a-svfiprintf.o)
 .ARM.attributes
                0x000009e4       0x2d c:/arm toolchain/bin/../lib/gcc/arm-none-eabi/4.9.3/../../../../arm-none-eabi/lib/armv7-m\libg.a(lib_a-callocr.o)
 .ARM.attributes
                0x00000a11       0x2d c:/arm toolchain/bin/../lib/gcc/arm-none-eabi/4.9.3/../../../../arm-none-eabi/lib/armv7-m\libg.a(lib_a-memmove.o)
 .ARM.attributes
                0x00000a3e       0x1d c:/arm toolchain/bin/../lib/gcc/arm-none-eabi/4.9.3/armv7-m\libgcc.a(_arm_cmpdf2.o)
 .ARM.attributes
                0x00000a5b       0x1d c:/arm toolchain/bin/../lib/gcc/arm-none-eabi/4.9.3/armv7-m\libgcc.a(_arm_fixdfsi.o)
 .ARM.attributes
                0x00000a78       0x1d c:/arm toolchain/bin/../lib/gcc/arm-none-eabi/4.9.3/armv7-m\libgcc.a(_arm_truncdfsf2.o)
 .ARM.attributes
                0x00000a95       0x1d c:/arm toolchain/bin/../lib/gcc/arm-none-eabi/4.9.3/armv7-m\libgcc.a(_aeabi_uldivmod.o)
 .ARM.attributes
                0x00000ab2       0x2d c:/arm toolchain/bin/../lib/gcc/arm-none-eabi/4.9.3/armv7-m\libgcc.a(bpabi.o)
 .ARM.attributes
                0x00000adf       0x1d c:/arm toolchain/bin/../lib/gcc/arm-none-eabi/4.9.3/armv7-m\libgcc.a(_dvmd_tls.o)
 .ARM.attributes
                0x00000afc       0x2d c:/arm toolchain/bin/../lib/gcc/arm-none-eabi/4.9.3/armv7-m\libgcc.a(_divdi3.o)
 .ARM.attributes
                0x00000b29       0x2d c:/arm toolchain/bin/../lib/gcc/arm-none-eabi/4.9.3/armv7-m\libgcc.a(_udivdi3.o)

.debug_frame    0x00000000     0x30fc
 .debug_frame   0x00000000      0xd10 ..\obj\stm32f10x_tim.o
 .debug_frame   0x00000d10       0x98 ..\obj\system_stm32f10x.o
 .debug_frame   0x00000da8      0x204 ..\obj\uart.o
 .debug_frame   0x00000fac       0x4c ..\obj\startup_stm32f10x_md.o
 .debug_frame   0x00000ff8      0x2a0 ..\obj\stm32f10x_gpio.o
 .debug_frame   0x00001298       0x48 ..\obj\main.o
 .debug_frame   0x000012e0      0x488 ..\obj\stm32f10x_rcc.o
 .debug_frame   0x00001768      0x430 ..\obj\stm32f10x_usart.o
 .debug_frame   0x00001b98       0x9c ..\obj\peripheral.o
 .debug_frame   0x00001c34      0x168 ..\obj\syscalls.o
 .debug_frame   0x00001d9c      0x174 ..\obj\channels.o
 .debug_frame   0x00001f10       0xc4 ..\obj\misc.o
 .debug_frame   0x00001fd4       0x90 ..\obj\esp8266.o
 .debug_frame   0x00002064       0x88 c:/arm toolchain/bin/../lib/gcc/arm-none-eabi/4.9.3/../../../../arm-none-eabi/lib/armv7-m\libg.a(lib_a-sscanf.o)
 .debug_frame   0x000020ec       0x88 c:/arm toolchain/bin/../lib/gcc/arm-none-eabi/4.9.3/../../../../arm-none-eabi/lib/armv7-m\libg.a(lib_a-stdio.o)
 .debug_frame   0x00002174       0x20 c:/arm toolchain/bin/../lib/gcc/arm-none-eabi/4.9.3/../../../../arm-none-eabi/lib/armv7-m\libg.a(lib_a-strlen.o)
 .debug_frame   0x00002194       0xd8 c:/arm toolchain/bin/../lib/gcc/arm-none-eabi/4.9.3/../../../../arm-none-eabi/lib/armv7-m\libg.a(lib_a-strstr.o)
 .debug_frame   0x0000226c       0x50 c:/arm toolchain/bin/../lib/gcc/arm-none-eabi/4.9.3/../../../../arm-none-eabi/lib/armv7-m\libg.a(lib_a-svfscanf.o)
 .debug_frame   0x000022bc       0x20 c:/arm toolchain/bin/../lib/gcc/arm-none-eabi/4.9.3/../../../../arm-none-eabi/lib/armv7-m\libg.a(lib_a-iswspace.o)
 .debug_frame   0x000022dc       0x9c c:/arm toolchain/bin/../lib/gcc/arm-none-eabi/4.9.3/../../../../arm-none-eabi/lib/armv7-m\libg.a(lib_a-locale.o)
 .debug_frame   0x00002378       0x68 c:/arm toolchain/bin/../lib/gcc/arm-none-eabi/4.9.3/../../../../arm-none-eabi/lib/armv7-m\libg.a(lib_a-mbrtowc.o)
 .debug_frame   0x000023e0       0x58 c:/arm toolchain/bin/../lib/gcc/arm-none-eabi/4.9.3/../../../../arm-none-eabi/lib/armv7-m\libg.a(lib_a-mbtowc_r.o)
 .debug_frame   0x00002438       0x3c c:/arm toolchain/bin/../lib/gcc/arm-none-eabi/4.9.3/../../../../arm-none-eabi/lib/armv7-m\libg.a(lib_a-memchr.o)
 .debug_frame   0x00002474       0x38 c:/arm toolchain/bin/../lib/gcc/arm-none-eabi/4.9.3/../../../../arm-none-eabi/lib/armv7-m\libg.a(lib_a-memcmp.o)
 .debug_frame   0x000024ac       0x34 c:/arm toolchain/bin/../lib/gcc/arm-none-eabi/4.9.3/../../../../arm-none-eabi/lib/armv7-m\libg.a(lib_a-memset.o)
 .debug_frame   0x000024e0       0x58 c:/arm toolchain/bin/../lib/gcc/arm-none-eabi/4.9.3/../../../../arm-none-eabi/lib/armv7-m\libg.a(lib_a-reent.o)
 .debug_frame   0x00002538       0x34 c:/arm toolchain/bin/../lib/gcc/arm-none-eabi/4.9.3/../../../../arm-none-eabi/lib/armv7-m\libg.a(lib_a-s_fpclassify.o)
 .debug_frame   0x0000256c       0x44 c:/arm toolchain/bin/../lib/gcc/arm-none-eabi/4.9.3/../../../../arm-none-eabi/lib/armv7-m\libg.a(lib_a-sccl.o)
 .debug_frame   0x000025b0       0x20 c:/arm toolchain/bin/../lib/gcc/arm-none-eabi/4.9.3/../../../../arm-none-eabi/lib/armv7-m\libg.a(lib_a-sf_nan.o)
 .debug_frame   0x000025d0       0x84 c:/arm toolchain/bin/../lib/gcc/arm-none-eabi/4.9.3/../../../../arm-none-eabi/lib/armv7-m\libg.a(lib_a-sprintf.o)
 .debug_frame   0x00002654       0x4c c:/arm toolchain/bin/../lib/gcc/arm-none-eabi/4.9.3/../../../../arm-none-eabi/lib/armv7-m\libg.a(lib_a-strchr.o)
 .debug_frame   0x000026a0       0x94 c:/arm toolchain/bin/../lib/gcc/arm-none-eabi/4.9.3/../../../../arm-none-eabi/lib/armv7-m\libg.a(lib_a-strtod.o)
 .debug_frame   0x00002734       0x54 c:/arm toolchain/bin/../lib/gcc/arm-none-eabi/4.9.3/../../../../arm-none-eabi/lib/armv7-m\libg.a(lib_a-strtol.o)
 .debug_frame   0x00002788       0x40 c:/arm toolchain/bin/../lib/gcc/arm-none-eabi/4.9.3/../../../../arm-none-eabi/lib/armv7-m\libg.a(lib_a-strtoll_r.o)
 .debug_frame   0x000027c8       0x54 c:/arm toolchain/bin/../lib/gcc/arm-none-eabi/4.9.3/../../../../arm-none-eabi/lib/armv7-m\libg.a(lib_a-strtoul.o)
 .debug_frame   0x0000281c       0x40 c:/arm toolchain/bin/../lib/gcc/arm-none-eabi/4.9.3/../../../../arm-none-eabi/lib/armv7-m\libg.a(lib_a-strtoull_r.o)
 .debug_frame   0x0000285c       0xd8 c:/arm toolchain/bin/../lib/gcc/arm-none-eabi/4.9.3/../../../../arm-none-eabi/lib/armv7-m\libg.a(lib_a-svfiscanf.o)
 .debug_frame   0x00002934       0x40 c:/arm toolchain/bin/../lib/gcc/arm-none-eabi/4.9.3/../../../../arm-none-eabi/lib/armv7-m\libg.a(lib_a-svfprintf.o)
 .debug_frame   0x00002974       0x60 c:/arm toolchain/bin/../lib/gcc/arm-none-eabi/4.9.3/../../../../arm-none-eabi/lib/armv7-m\libg.a(lib_a-ungetc.o)
 .debug_frame   0x000029d4       0x84 c:/arm toolchain/bin/../lib/gcc/arm-none-eabi/4.9.3/../../../../arm-none-eabi/lib/armv7-m\libg.a(lib_a-dtoa.o)
 .debug_frame   0x00002a58       0x74 c:/arm toolchain/bin/../lib/gcc/arm-none-eabi/4.9.3/../../../../arm-none-eabi/lib/armv7-m\libg.a(lib_a-freer.o)
 .debug_frame   0x00002acc       0x6c c:/arm toolchain/bin/../lib/gcc/arm-none-eabi/4.9.3/../../../../arm-none-eabi/lib/armv7-m\libg.a(lib_a-gdtoa-gethex.o)
 .debug_frame   0x00002b38       0x4c c:/arm toolchain/bin/../lib/gcc/arm-none-eabi/4.9.3/../../../../arm-none-eabi/lib/armv7-m\libg.a(lib_a-gdtoa-hexnan.o)
 .debug_frame   0x00002b84       0x54 c:/arm toolchain/bin/../lib/gcc/arm-none-eabi/4.9.3/../../../../arm-none-eabi/lib/armv7-m\libg.a(lib_a-mallocr.o)
 .debug_frame   0x00002bd8       0x30 c:/arm toolchain/bin/../lib/gcc/arm-none-eabi/4.9.3/../../../../arm-none-eabi/lib/armv7-m\libg.a(lib_a-mlock.o)
 .debug_frame   0x00002c08      0x268 c:/arm toolchain/bin/../lib/gcc/arm-none-eabi/4.9.3/../../../../arm-none-eabi/lib/armv7-m\libg.a(lib_a-mprec.o)
 .debug_frame   0x00002e70       0x58 c:/arm toolchain/bin/../lib/gcc/arm-none-eabi/4.9.3/../../../../arm-none-eabi/lib/armv7-m\libg.a(lib_a-reallocr.o)
 .debug_frame   0x00002ec8       0x2c c:/arm toolchain/bin/../lib/gcc/arm-none-eabi/4.9.3/../../../../arm-none-eabi/lib/armv7-m\libg.a(lib_a-sbrkr.o)
 .debug_frame   0x00002ef4       0x54 c:/arm toolchain/bin/../lib/gcc/arm-none-eabi/4.9.3/../../../../arm-none-eabi/lib/armv7-m\libg.a(lib_a-strncmp.o)
 .debug_frame   0x00002f48       0x78 c:/arm toolchain/bin/../lib/gcc/arm-none-eabi/4.9.3/../../../../arm-none-eabi/lib/armv7-m\libg.a(lib_a-svfiprintf.o)
 .debug_frame   0x00002fc0       0x28 c:/arm toolchain/bin/../lib/gcc/arm-none-eabi/4.9.3/../../../../arm-none-eabi/lib/armv7-m\libg.a(lib_a-callocr.o)
 .debug_frame   0x00002fe8       0x30 c:/arm toolchain/bin/../lib/gcc/arm-none-eabi/4.9.3/../../../../arm-none-eabi/lib/armv7-m\libg.a(lib_a-memmove.o)
 .debug_frame   0x00003018       0x28 c:/arm toolchain/bin/../lib/gcc/arm-none-eabi/4.9.3/armv7-m\libgcc.a(_aeabi_uldivmod.o)
 .debug_frame   0x00003040       0x54 c:/arm toolchain/bin/../lib/gcc/arm-none-eabi/4.9.3/armv7-m\libgcc.a(bpabi.o)
 .debug_frame   0x00003094       0x34 c:/arm toolchain/bin/../lib/gcc/arm-none-eabi/4.9.3/armv7-m\libgcc.a(_divdi3.o)
 .debug_frame   0x000030c8       0x34 c:/arm toolchain/bin/../lib/gcc/arm-none-eabi/4.9.3/armv7-m\libgcc.a(_udivdi3.o)
