Archive member included because of file (symbol)

c:/arm toolchain/bin/../lib/gcc/arm-none-eabi/4.9.3/armv7-m\libgcc.a(_arm_addsubdf3.o)
                              ..\obj\channels.o (__aeabi_i2d)
c:/arm toolchain/bin/../lib/gcc/arm-none-eabi/4.9.3/armv7-m\libgcc.a(_arm_muldivdf3.o)
                              ..\obj\channels.o (__aeabi_dmul)
c:/arm toolchain/bin/../lib/gcc/arm-none-eabi/4.9.3/armv7-m\libgcc.a(_arm_fixunsdfsi.o)
                              ..\obj\channels.o (__aeabi_d2uiz)
c:/arm toolchain/bin/../lib/gcc/arm-none-eabi/4.9.3/../../../../arm-none-eabi/lib/armv7-m\libg.a(lib_a-sscanf.o)
                              ..\obj\esp8266.o (sscanf)
c:/arm toolchain/bin/../lib/gcc/arm-none-eabi/4.9.3/../../../../arm-none-eabi/lib/armv7-m\libg.a(lib_a-stdio.o)
                              c:/arm toolchain/bin/../lib/gcc/arm-none-eabi/4.9.3/../../../../arm-none-eabi/lib/armv7-m\libg.a(lib_a-sscanf.o) (__seofread)
c:/arm toolchain/bin/../lib/gcc/arm-none-eabi/4.9.3/../../../../arm-none-eabi/lib/armv7-m\libg.a(lib_a-strlen.o)
                              c:/arm toolchain/bin/../lib/gcc/arm-none-eabi/4.9.3/../../../../arm-none-eabi/lib/armv7-m\libg.a(lib_a-sscanf.o) (strlen)
c:/arm toolchain/bin/../lib/gcc/arm-none-eabi/4.9.3/../../../../arm-none-eabi/lib/armv7-m\libg.a(lib_a-strstr.o)
                              ..\obj\esp8266.o (strstr)
c:/arm toolchain/bin/../lib/gcc/arm-none-eabi/4.9.3/../../../../arm-none-eabi/lib/armv7-m\libg.a(lib_a-svfscanf.o)
                              c:/arm toolchain/bin/../lib/gcc/arm-none-eabi/4.9.3/../../../../arm-none-eabi/lib/armv7-m\libg.a(lib_a-sscanf.o) (__ssvfscanf_r)
c:/arm toolchain/bin/../lib/gcc/arm-none-eabi/4.9.3/../../../../arm-none-eabi/lib/armv7-m\libg.a(lib_a-writer.o)
                              c:/arm toolchain/bin/../lib/gcc/arm-none-eabi/4.9.3/../../../../arm-none-eabi/lib/armv7-m\libg.a(lib_a-stdio.o) (_write_r)
c:/arm toolchain/bin/../lib/gcc/arm-none-eabi/4.9.3/../../../../arm-none-eabi/lib/armv7-m\libg.a(lib_a-closer.o)
                              c:/arm toolchain/bin/../lib/gcc/arm-none-eabi/4.9.3/../../../../arm-none-eabi/lib/armv7-m\libg.a(lib_a-stdio.o) (_close_r)
c:/arm toolchain/bin/../lib/gcc/arm-none-eabi/4.9.3/../../../../arm-none-eabi/lib/armv7-m\libg.a(lib_a-ctype_.o)
                              c:/arm toolchain/bin/../lib/gcc/arm-none-eabi/4.9.3/../../../../arm-none-eabi/lib/armv7-m\libg.a(lib_a-svfscanf.o) (__ctype_ptr__)
c:/arm toolchain/bin/../lib/gcc/arm-none-eabi/4.9.3/../../../../arm-none-eabi/lib/armv7-m\libg.a(lib_a-impure.o)
                              c:/arm toolchain/bin/../lib/gcc/arm-none-eabi/4.9.3/../../../../arm-none-eabi/lib/armv7-m\libg.a(lib_a-sscanf.o) (_impure_ptr)
c:/arm toolchain/bin/../lib/gcc/arm-none-eabi/4.9.3/../../../../arm-none-eabi/lib/armv7-m\libg.a(lib_a-iswspace.o)
                              c:/arm toolchain/bin/../lib/gcc/arm-none-eabi/4.9.3/../../../../arm-none-eabi/lib/armv7-m\libg.a(lib_a-svfscanf.o) (iswspace)
c:/arm toolchain/bin/../lib/gcc/arm-none-eabi/4.9.3/../../../../arm-none-eabi/lib/armv7-m\libg.a(lib_a-locale.o)
                              c:/arm toolchain/bin/../lib/gcc/arm-none-eabi/4.9.3/../../../../arm-none-eabi/lib/armv7-m\libg.a(lib_a-svfscanf.o) (__locale_mb_cur_max)
c:/arm toolchain/bin/../lib/gcc/arm-none-eabi/4.9.3/../../../../arm-none-eabi/lib/armv7-m\libg.a(lib_a-lseekr.o)
                              c:/arm toolchain/bin/../lib/gcc/arm-none-eabi/4.9.3/../../../../arm-none-eabi/lib/armv7-m\libg.a(lib_a-stdio.o) (_lseek_r)
c:/arm toolchain/bin/../lib/gcc/arm-none-eabi/4.9.3/../../../../arm-none-eabi/lib/armv7-m\libg.a(lib_a-mbrtowc.o)
                              c:/arm toolchain/bin/../lib/gcc/arm-none-eabi/4.9.3/../../../../arm-none-eabi/lib/armv7-m\libg.a(lib_a-svfscanf.o) (_mbrtowc_r)
c:/arm toolchain/bin/../lib/gcc/arm-none-eabi/4.9.3/../../../../arm-none-eabi/lib/armv7-m\libg.a(lib_a-mbtowc_r.o)
                              c:/arm toolchain/bin/../lib/gcc/arm-none-eabi/4.9.3/../../../../arm-none-eabi/lib/armv7-m\libg.a(lib_a-mbrtowc.o) (__mbtowc)
c:/arm toolchain/bin/../lib/gcc/arm-none-eabi/4.9.3/../../../../arm-none-eabi/lib/armv7-m\libg.a(lib_a-memchr.o)
                              c:/arm toolchain/bin/../lib/gcc/arm-none-eabi/4.9.3/../../../../arm-none-eabi/lib/armv7-m\libg.a(lib_a-strstr.o) (memchr)
c:/arm toolchain/bin/../lib/gcc/arm-none-eabi/4.9.3/../../../../arm-none-eabi/lib/armv7-m\libg.a(lib_a-memcmp.o)
                              c:/arm toolchain/bin/../lib/gcc/arm-none-eabi/4.9.3/../../../../arm-none-eabi/lib/armv7-m\libg.a(lib_a-strstr.o) (memcmp)
c:/arm toolchain/bin/../lib/gcc/arm-none-eabi/4.9.3/../../../../arm-none-eabi/lib/armv7-m\libg.a(lib_a-memset.o)
                              c:/arm toolchain/bin/../lib/gcc/arm-none-eabi/4.9.3/../../../../arm-none-eabi/lib/armv7-m\libg.a(lib_a-svfscanf.o) (memset)
c:/arm toolchain/bin/../lib/gcc/arm-none-eabi/4.9.3/../../../../arm-none-eabi/lib/armv7-m\libg.a(lib_a-readr.o)
[...]
Memory Configuration

Name             Origin             Length             Attributes
rom              0x08000000         0x00010000         xr
ram              0x20000000         0x00005000         xrw
*default*        0x00000000         0xffffffff

Linker script and memory map

                0x20005000                _eram = 0x20005000

.text           0x08000000     0xa770
 *(.isr_vector)
 .isr_vector    0x08000000      0x10c ..\obj\startup_stm32f10x_md.o
                0x08000000                g_pfnVectors
 *(.text*)
 .text.TIM_TimeBaseInit
                0x0800010c      0x15c ..\obj\stm32f10x_tim.o
                0x0800010c                TIM_TimeBaseInit
 .text.TIM_OC1Init
                0x08000268      0x1a8 ..\obj\stm32f10x_tim.o
                0x08000268                TIM_OC1Init
 .text.TIM_OC2Init
                0x08000410      0x178 ..\obj\stm32f10x_tim.o
                0x08000410                TIM_OC2Init
 .text.TIM_OC3Init
                0x08000588      0x15c ..\obj\stm32f10x_tim.o
                0x08000588                TIM_OC3Init
 .text.TIM_OC4Init
                0x080006e4      0x108 ..\obj\stm32f10x_tim.o
                0x080006e4                TIM_OC4Init
 .text.TIM_Cmd  0x080007ec       0xc8 ..\obj\stm32f10x_tim.o
                0x080007ec                TIM_Cmd
 .text.TIM_ARRPreloadConfig
                0x080008b4       0xc8 ..\obj\stm32f10x_tim.o
                0x080008b4                TIM_ARRPreloadConfig
 .text.TIM_OC1PreloadConfig
                0x0800097c       0xac ..\obj\stm32f10x_tim.o
                0x0800097c                TIM_OC1PreloadConfig
 .text.TIM_OC2PreloadConfig
                0x08000a28       0x80 ..\obj\stm32f10x_tim.o
                0x08000a28                TIM_OC2PreloadConfig
 .text.TIM_OC3PreloadConfig
                0x08000aa8       0x64 ..\obj\stm32f10x_tim.o
                0x08000aa8                TIM_OC3PreloadConfig
 .text.TIM_OC4PreloadConfig
                0x08000b0c       0x68 ..\obj\stm32f10x_tim.o
                0x08000b0c                TIM_OC4PreloadConfig
 .text.SystemInit
                0x08000b74       0xf4 ..\obj\system_stm32f10x.o
                0x08000b74                SystemInit
 .text.USART_Configuration
                0x08000c68      0x158 ..\obj\uart.o
                0x08000c68                USART_Configuration
 .text.USART1_IRQHandler
                0x08000dc0       0xd0 ..\obj\uart.o
                0x08000dc0                USART1_IRQHandler
 .text.buff_clear
                0x08000e90       0x14 ..\obj\uart.o
                0x08000e90                buff_clear
 .text.USART2_IRQHandler
                0x08000ea4       0xd4 ..\obj\uart.o
                0x08000ea4                USART2_IRQHandler
 .text.UART2_get_char
                0x08000f78       0x50 ..\obj\uart.o
                0x08000f78                UART2_get_char
 .text.UART2_put_char
                0x08000fc8       0x70 ..\obj\uart.o
                0x08000fc8                UART2_put_char
 .text.UART2_put_str
                0x08001038       0x12 ..\obj\uart.o
                0x08001038                UART2_put_str
 .text.UART2_read_str
                0x0800104a       0x24 ..\obj\uart.o
                0x0800104a                UART2_read_str
 .text.Default_Handler
                0x0800106e        0x2 ..\obj\startup_stm32f10x_md.o
                0x0800106e                EXTI2_IRQHandler
                0x0800106e                DebugMon_Handler
                0x0800106e                TIM1_CC_IRQHandler
                0x0800106e                HardFault_Handler
                0x0800106e                SysTick_Handler
                0x0800106e                PVD_IRQHandler
                0x0800106e                PendSV_Handler
                0x0800106e                NMI_Handler
                0x0800106e                EXTI3_IRQHandler
                0x0800106e                EXTI0_IRQHandler
                0x0800106e                I2C2_EV_IRQHandler
                0x0800106e                UsageFault_Handler
                0x0800106e                ADC1_2_IRQHandler
                0x0800106e                SPI1_IRQHandler
                0x0800106e                TAMPER_IRQHandler
                0x0800106e                DMA1_Channel4_IRQHandler
                0x0800106e                USART3_IRQHandler
                0x0800106e                RTC_IRQHandler
                0x0800106e                DMA1_Channel7_IRQHandler
                0x0800106e                CAN1_RX1_IRQHandler
                0x0800106e                TIM4_IRQHandler
                0x0800106e                I2C1_EV_IRQHandler
                0x0800106e                DMA1_Channel6_IRQHandler
                0x0800106e                TIM3_IRQHandler
                0x0800106e                RCC_IRQHandler
                0x0800106e                TIM1_TRG_COM_IRQHandler
                0x0800106e                DMA1_Channel1_IRQHandler
                0x0800106e                EXTI15_10_IRQHandler
                0x0800106e                EXTI9_5_IRQHandler
                0x0800106e                SPI2_IRQHandler
                0x0800106e                MemManage_Handler
                0x0800106e                SVC_Handler
                0x0800106e                DMA1_Channel5_IRQHandler
                0x0800106e                EXTI4_IRQHandler
                0x0800106e                USB_LP_CAN1_RX0_IRQHandler
                0x0800106e                USB_HP_CAN1_TX_IRQHandler
                0x0800106e                DMA1_Channel3_IRQHandler
                0x0800106e                TIM1_UP_IRQHandler
                0x0800106e                WWDG_IRQHandler
                0x0800106e                TIM2_IRQHandler
                0x0800106e                TIM1_BRK_IRQHandler
                0x0800106e                EXTI1_IRQHandler
                0x0800106e                RTCAlarm_IRQHandler
                0x0800106e                I2C2_ER_IRQHandler
                0x0800106e                DMA1_Channel2_IRQHandler
                0x0800106e                CAN1_SCE_IRQHandler
                0x0800106e                FLASH_IRQHandler
                0x0800106e                BusFault_Handler
                0x0800106e                I2C1_ER_IRQHandler
                0x0800106e                USBWakeUp_IRQHandler
 .text.Default_Reset_Handler
                0x08001070       0x48 ..\obj\startup_stm32f10x_md.o
                0x08001070                Default_Reset_Handler
                0x08001070                Reset_Handler
 .text.GPIO_Init
                0x080010b8      0x124 ..\obj\stm32f10x_gpio.o
                0x080010b8                GPIO_Init
 .text.GPIO_SetBits
                0x080011dc       0x60 ..\obj\stm32f10x_gpio.o
                0x080011dc                GPIO_SetBits
 .text.GPIO_ResetBits
                0x0800123c       0x60 ..\obj\stm32f10x_gpio.o
                0x0800123c                GPIO_ResetBits
 .text.startup.main
                0x0800129c       0x20 ..\obj\main.o
                0x0800129c                main
 .text.assert_failed
                0x080012bc        0x2 ..\obj\main.o
                0x080012bc                assert_failed
 *fill*         0x080012be        0x2 
 .text.RCC_GetClocksFreq
                0x080012c0       0x84 ..\obj\stm32f10x_rcc.o
                0x080012c0                RCC_GetClocksFreq
 .text.RCC_APB2PeriphClockCmd
                0x08001344       0x48 ..\obj\stm32f10x_rcc.o
                0x08001344                RCC_APB2PeriphClockCmd
 .text.RCC_APB1PeriphClockCmd
                0x0800138c       0x48 ..\obj\stm32f10x_rcc.o
                0x0800138c                RCC_APB1PeriphClockCmd
 .text.USART_Init
                0x080013d4      0x178 ..\obj\stm32f10x_usart.o
                0x080013d4                USART_Init
 .text.USART_Cmd
                0x0800154c       0x68 ..\obj\stm32f10x_usart.o
                0x0800154c                USART_Cmd
 .text.USART_ITConfig
                0x080015b4       0xec ..\obj\stm32f10x_usart.o
                0x080015b4                USART_ITConfig
 .text.USART_SendData
                0x080016a0       0x58 ..\obj\stm32f10x_usart.o
                0x080016a0                USART_SendData
 .text.USART_ReceiveData
                0x080016f8       0x44 ..\obj\stm32f10x_usart.o
                0x080016f8                USART_ReceiveData
 .text.USART_GetFlagStatus
                0x0800173c       0xa0 ..\obj\stm32f10x_usart.o
                0x0800173c                USART_GetFlagStatus
 .text.USART_GetITStatus
                0x080017dc       0xe8 ..\obj\stm32f10x_usart.o
                0x080017dc                USART_GetITStatus
 .text.GPIO_Configuration
                0x080018c4       0x30 ..\obj\peripheral.o
                0x080018c4                GPIO_Configuration
 .text.TIMERS_Configuration
                0x080018f4       0x2c ..\obj\peripheral.o
                0x080018f4                TIMERS_Configuration
 .text.delay_ms
                0x08001920       0x22 ..\obj\peripheral.o
                0x08001920                delay_ms
 *fill*         0x08001942        0x2 
 .text.led_green_blink
                0x08001944       0x38 ..\obj\peripheral.o
                0x08001944                led_green_blink
 .text._sbrk    0x0800197c       0x1c ..\obj\syscalls.o
                0x0800197c                _sbrk
 .text.CHANNELS_Configuration
                0x08001998      0x168 ..\obj\channels.o
                0x08001998                CHANNELS_Configuration
 .text.ch1_puls
                0x08001b00       0x24 ..\obj\channels.o
                0x08001b00                ch1_puls
 .text.ch2_puls
                0x08001b24       0x24 ..\obj\channels.o
                0x08001b24                ch2_puls
 .text.ch3_puls
                0x08001b48       0x24 ..\obj\channels.o
                0x08001b48                ch3_puls
 .text.ch4_puls
                0x08001b6c       0x28 ..\obj\channels.o
                0x08001b6c                ch4_puls
 .text.ch5_puls
                0x08001b94       0x24 ..\obj\channels.o
                0x08001b94                ch5_puls
 .text.ch6_puls
                0x08001bb8       0x24 ..\obj\channels.o
                0x08001bb8                ch6_puls
 .text.ch7_puls
                0x08001bdc       0x24 ..\obj\channels.o
                0x08001bdc                ch7_puls
 .text.ch8_puls
                0x08001c00       0x28 ..\obj\channels.o
                0x08001c00                ch8_puls
 .text.NVIC_Init
                0x08001c28       0x9c ..\obj\misc.o
                0x08001c28                NVIC_Init
 .text.WIFI_command
                0x08001cc4       0x2c ..\obj\esp8266.o
                0x08001cc4                WIFI_command
 .text.WIFI_Init
                0x08001cf0       0x9c ..\obj\esp8266.o
                0x08001cf0                WIFI_Init
 .text.WIFI_CONNECT
                0x08001d8c       0xc4 ..\obj\esp8266.o
                0x08001d8c                WIFI_CONNECT
 .text.WIFI_weit_connection
                0x08001e50       0x68 ..\obj\esp8266.o
                0x08001e50                WIFI_weit_connection
 .text          0x08001eb8      0x370 c:/arm toolchain/bin/../lib/gcc/arm-none-eabi/4.9.3/armv7-m\libgcc.a(_arm_addsubdf3.o)
                0x08001eb8                __aeabi_drsub
                0x08001ec0                __aeabi_dsub
                0x08001ec0                __subdf3
                0x08001ec4                __aeabi_dadd
                0x08001ec4                __adddf3
                0x0800213c                __floatunsidf
                0x0800213c                __aeabi_ui2d
                0x0800215c                __floatsidf
                0x0800215c                __aeabi_i2d
                0x08002180                __aeabi_f2d
                0x08002180                __extendsfdf2
                0x080021bc                __floatundidf
                0x080021bc                __aeabi_ul2d
                0x080021cc                __floatdidf
                0x080021cc                __aeabi_l2d
 .text          0x08002228      0x424 c:/arm toolchain/bin/../lib/gcc/arm-none-eabi/4.9.3/armv7-m\libgcc.a(_arm_muldivdf3.o)
                0x08002228                __aeabi_dmul
                0x08002228                __muldf3
                0x0800247c                __divdf3
                0x0800247c                __aeabi_ddiv
 .text          0x0800264c       0x40 c:/arm toolchain/bin/../lib/gcc/arm-none-eabi/4.9.3/armv7-m\libgcc.a(_arm_fixunsdfsi.o)
                0x0800264c                __aeabi_d2uiz
                0x0800264c                __fixunsdfsi
 .text.sscanf   0x0800268c       0x58 c:/arm toolchain/bin/../lib/gcc/arm-none-eabi/4.9.3/../../../../arm-none-eabi/lib/armv7-m\libg.a(lib_a-sscanf.o)
                0x0800268c                sscanf
 .text.__seofread
                0x080026e4        0x4 c:/arm toolchain/bin/../lib/gcc/arm-none-eabi/4.9.3/../../../../arm-none-eabi/lib/armv7-m\libg.a(lib_a-stdio.o)
                0x080026e4                __seofread
 .text.strlen   0x080026e8       0x5c c:/arm toolchain/bin/../lib/gcc/arm-none-eabi/4.9.3/../../../../arm-none-eabi/lib/armv7-m\libg.a(lib_a-strlen.o)
                0x080026e8                strlen
 .text.critical_factorization
                0x08002744       0xb8 c:/arm toolchain/bin/../lib/gcc/arm-none-eabi/4.9.3/../../../../arm-none-eabi/lib/armv7-m\libg.a(lib_a-strstr.o)
 .text.two_way_long_needle
                0x080027fc      0x1f8 c:/arm toolchain/bin/../lib/gcc/arm-none-eabi/4.9.3/../../../../arm-none-eabi/lib/armv7-m\libg.a(lib_a-strstr.o)
 .text.strstr   0x080029f4      0x220 c:/arm toolchain/bin/../lib/gcc/arm-none-eabi/4.9.3/../../../../arm-none-eabi/lib/armv7-m\libg.a(lib_a-strstr.o)
                0x080029f4                strstr
 .text.__ssvfscanf_r
                0x08002c14      0xdf4 c:/arm toolchain/bin/../lib/gcc/arm-none-eabi/4.9.3/../../../../arm-none-eabi/lib/armv7-m\libg.a(lib_a-svfscanf.o)
                0x08002c14                __ssvfscanf_r
 .text.iswspace
                0x08003a08       0x1c c:/arm toolchain/bin/../lib/gcc/arm-none-eabi/4.9.3/../../../../arm-none-eabi/lib/armv7-m\libg.a(lib_a-iswspace.o)
                0x08003a08                iswspace
 .text.__locale_charset
                0x08003a24        0x8 c:/arm toolchain/bin/../lib/gcc/arm-none-eabi/4.9.3/../../../../arm-none-eabi/lib/armv7-m\libg.a(lib_a-locale.o)
                0x08003a24                __locale_charset
 .text.__locale_mb_cur_max
                0x08003a2c        0xc c:/arm toolchain/bin/../lib/gcc/arm-none-eabi/4.9.3/../../../../arm-none-eabi/lib/armv7-m\libg.a(lib_a-locale.o)
                0x08003a2c                __locale_mb_cur_max
 .text._localeconv_r
                0x08003a38        0x8 c:/arm toolchain/bin/../lib/gcc/arm-none-eabi/4.9.3/../../../../arm-none-eabi/lib/armv7-m\libg.a(lib_a-locale.o)
                0x08003a38                _localeconv_r
 .text._mbrtowc_r
                0x08003a40       0x5c c:/arm toolchain/bin/../lib/gcc/arm-none-eabi/4.9.3/../../../../arm-none-eabi/lib/armv7-m\libg.a(lib_a-mbrtowc.o)
                0x08003a40                _mbrtowc_r
 .text.__ascii_mbtowc
                0x08003a9c       0x2c c:/arm toolchain/bin/../lib/gcc/arm-none-eabi/4.9.3/../../../../arm-none-eabi/lib/armv7-m\libg.a(lib_a-mbtowc_r.o)
                0x08003a9c                __ascii_mbtowc
 .text.memchr   0x08003ac8       0x94 c:/arm toolchain/bin/../lib/gcc/arm-none-eabi/4.9.3/../../../../arm-none-eabi/lib/armv7-m\libg.a(lib_a-memchr.o)
                0x08003ac8                memchr
 .text.memcmp   0x08003b5c       0x64 c:/arm toolchain/bin/../lib/gcc/arm-none-eabi/4.9.3/../../../../arm-none-eabi/lib/armv7-m\libg.a(lib_a-memcmp.o)
                0x08003b5c                memcmp
 .text.memset   0x08003bc0       0x9c c:/arm toolchain/bin/../lib/gcc/arm-none-eabi/4.9.3/../../../../arm-none-eabi/lib/armv7-m\libg.a(lib_a-memset.o)
                0x08003bc0                memset
 .text.__fpclassifyd
                0x08003c5c       0x58 c:/arm toolchain/bin/../lib/gcc/arm-none-eabi/4.9.3/../../../../arm-none-eabi/lib/armv7-m\libg.a(lib_a-s_fpclassify.o)
                0x08003c5c                __fpclassifyd
 .text.__sccl   0x08003cb4       0x78 c:/arm toolchain/bin/../lib/gcc/arm-none-eabi/4.9.3/../../../../arm-none-eabi/lib/armv7-m\libg.a(lib_a-sccl.o)
                0x08003cb4                __sccl
 .text.nanf     0x08003d2c        0x8 c:/arm toolchain/bin/../lib/gcc/arm-none-eabi/4.9.3/../../../../arm-none-eabi/lib/armv7-m\libg.a(lib_a-sf_nan.o)
                0x08003d2c                nanf
 .text.sprintf  0x08003d34       0x4c c:/arm toolchain/bin/../lib/gcc/arm-none-eabi/4.9.3/../../../../arm-none-eabi/lib/armv7-m\libg.a(lib_a-sprintf.o)
                0x08003d34                sprintf
 .text.strchr   0x08003d80       0xcc c:/arm toolchain/bin/../lib/gcc/arm-none-eabi/4.9.3/../../../../arm-none-eabi/lib/armv7-m\libg.a(lib_a-strchr.o)
                0x08003d80                strchr
 .text.sulp     0x08003e4c       0x44 c:/arm toolchain/bin/../lib/gcc/arm-none-eabi/4.9.3/../../../../arm-none-eabi/lib/armv7-m\libg.a(lib_a-strtod.o)
 .text._strtod_r
                0x08003e90      0xf30 c:/arm toolchain/bin/../lib/gcc/arm-none-eabi/4.9.3/../../../../arm-none-eabi/lib/armv7-m\libg.a(lib_a-strtod.o)
                0x08003e90                _strtod_r
 .text._strtol_r
                0x08004dc0      0x11c c:/arm toolchain/bin/../lib/gcc/arm-none-eabi/4.9.3/../../../../arm-none-eabi/lib/armv7-m\libg.a(lib_a-strtol.o)
                0x08004dc0                _strtol_r
 .text._strtoll_r
                0x08004edc      0x1cc c:/arm toolchain/bin/../lib/gcc/arm-none-eabi/4.9.3/../../../../arm-none-eabi/lib/armv7-m\libg.a(lib_a-strtoll_r.o)
                0x08004edc                _strtoll_r
 .text._strtoul_r
                0x080050a8      0x134 c:/arm toolchain/bin/../lib/gcc/arm-none-eabi/4.9.3/../../../../arm-none-eabi/lib/armv7-m\libg.a(lib_a-strtoul.o)
                0x080050a8                _strtoul_r
 .text._strtoull_r
                0x080051dc      0x1e8 c:/arm toolchain/bin/../lib/gcc/arm-none-eabi/4.9.3/../../../../arm-none-eabi/lib/armv7-m\libg.a(lib_a-strtoull_r.o)
                0x080051dc                _strtoull_r
 .text._sungetc_r
                0x080053c4       0x88 c:/arm toolchain/bin/../lib/gcc/arm-none-eabi/4.9.3/../../../../arm-none-eabi/lib/armv7-m\libg.a(lib_a-svfiscanf.o)
                0x080053c4                _sungetc_r
 .text.__ssrefill_r
                0x0800544c       0x3c c:/arm toolchain/bin/../lib/gcc/arm-none-eabi/4.9.3/../../../../arm-none-eabi/lib/armv7-m\libg.a(lib_a-svfiscanf.o)
                0x0800544c                __ssrefill_r
 .text._sfread_r
                0x08005488       0x80 c:/arm toolchain/bin/../lib/gcc/arm-none-eabi/4.9.3/../../../../arm-none-eabi/lib/armv7-m\libg.a(lib_a-svfiscanf.o)
                0x08005488                _sfread_r
 .text._svfprintf_r
                0x08005508     0x14f4 c:/arm toolchain/bin/../lib/gcc/arm-none-eabi/4.9.3/../../../../arm-none-eabi/lib/armv7-m\libg.a(lib_a-svfprintf.o)
                0x08005508                _svfprintf_r
 .text.__submore
                0x080069fc       0x7c c:/arm toolchain/bin/../lib/gcc/arm-none-eabi/4.9.3/../../../../arm-none-eabi/lib/armv7-m\libg.a(lib_a-ungetc.o)
                0x080069fc                __submore
 .text.quorem   0x08006a78      0x130 c:/arm toolchain/bin/../lib/gcc/arm-none-eabi/4.9.3/../../../../arm-none-eabi/lib/armv7-m\libg.a(lib_a-dtoa.o)
 .text._dtoa_r  0x08006ba8      0xea8 c:/arm toolchain/bin/../lib/gcc/arm-none-eabi/4.9.3/../../../../arm-none-eabi/lib/armv7-m\libg.a(lib_a-dtoa.o)
                0x08006ba8                _dtoa_r
 .text._malloc_trim_r
                0x08007a50       0x9c c:/arm toolchain/bin/../lib/gcc/arm-none-eabi/4.9.3/../../../../arm-none-eabi/lib/armv7-m\libg.a(lib_a-freer.o)
                0x08007a50                _malloc_trim_r
 .text._free_r  0x08007aec      0x1b0 c:/arm toolchain/bin/../lib/gcc/arm-none-eabi/4.9.3/../../../../arm-none-eabi/lib/armv7-m\libg.a(lib_a-freer.o)
                0x08007aec                _free_r
 .text.rshift   0x08007c9c       0xa0 c:/arm toolchain/bin/../lib/gcc/arm-none-eabi/4.9.3/../../../../arm-none-eabi/lib/armv7-m\libg.a(lib_a-gdtoa-gethex.o)
 .text.__gethex
                0x08007d3c      0x514 c:/arm toolchain/bin/../lib/gcc/arm-none-eabi/4.9.3/../../../../arm-none-eabi/lib/armv7-m\libg.a(lib_a-gdtoa-gethex.o)
                0x08007d3c                __gethex
 .text.__hexnan
                0x08008250      0x184 c:/arm toolchain/bin/../lib/gcc/arm-none-eabi/4.9.3/../../../../arm-none-eabi/lib/armv7-m\libg.a(lib_a-gdtoa-hexnan.o)
                0x08008250                __hexnan
 .text._malloc_r
                0x080083d4      0x50c c:/arm toolchain/bin/../lib/gcc/arm-none-eabi/4.9.3/../../../../arm-none-eabi/lib/armv7-m\libg.a(lib_a-mallocr.o)
                0x080083d4                _malloc_r
 .text          0x080088e0       0xec c:/arm toolchain/bin/../lib/gcc/arm-none-eabi/4.9.3/../../../../arm-none-eabi/lib/armv7-m\libg.a(lib_a-memcpy.o)
                0x080088e0                memcpy
 .text.__malloc_lock
                0x080089cc        0x4 c:/arm toolchain/bin/../lib/gcc/arm-none-eabi/4.9.3/../../../../arm-none-eabi/lib/armv7-m\libg.a(lib_a-mlock.o)
                0x080089cc                __malloc_lock
 .text.__malloc_unlock
                0x080089d0        0x4 c:/arm toolchain/bin/../lib/gcc/arm-none-eabi/4.9.3/../../../../arm-none-eabi/lib/armv7-m\libg.a(lib_a-mlock.o)
                0x080089d0                __malloc_unlock
 .text._Balloc  0x080089d4       0x50 c:/arm toolchain/bin/../lib/gcc/arm-none-eabi/4.9.3/../../../../arm-none-eabi/lib/armv7-m\libg.a(lib_a-mprec.o)
                0x080089d4                _Balloc
 .text._Bfree   0x08008a24       0x14 c:/arm toolchain/bin/../lib/gcc/arm-none-eabi/4.9.3/../../../../arm-none-eabi/lib/armv7-m\libg.a(lib_a-mprec.o)
                0x08008a24                _Bfree
 .text.__multadd
                0x08008a38       0x84 c:/arm toolchain/bin/../lib/gcc/arm-none-eabi/4.9.3/../../../../arm-none-eabi/lib/armv7-m\libg.a(lib_a-mprec.o)
                0x08008a38                __multadd
 .text.__s2b    0x08008abc       0x98 c:/arm toolchain/bin/../lib/gcc/arm-none-eabi/4.9.3/../../../../arm-none-eabi/lib/armv7-m\libg.a(lib_a-mprec.o)
                0x08008abc                __s2b
 .text.__hi0bits
                0x08008b54       0x40 c:/arm toolchain/bin/../lib/gcc/arm-none-eabi/4.9.3/../../../../arm-none-eabi/lib/armv7-m\libg.a(lib_a-mprec.o)
                0x08008b54                __hi0bits
 .text.__lo0bits
                0x08008b94       0x5c c:/arm toolchain/bin/../lib/gcc/arm-none-eabi/4.9.3/../../../../arm-none-eabi/lib/armv7-m\libg.a(lib_a-mprec.o)
                0x08008b94                __lo0bits
 .text.__i2b    0x08008bf0       0x14 c:/arm toolchain/bin/../lib/gcc/arm-none-eabi/4.9.3/../../../../arm-none-eabi/lib/armv7-m\libg.a(lib_a-mprec.o)
                0x08008bf0                __i2b
 .text.__multiply
                0x08008c04      0x140 c:/arm toolchain/bin/../lib/gcc/arm-none-eabi/4.9.3/../../../../arm-none-eabi/lib/armv7-m\libg.a(lib_a-mprec.o)
                0x08008c04                __multiply
 .text.__pow5mult
                0x08008d44       0xa0 c:/arm toolchain/bin/../lib/gcc/arm-none-eabi/4.9.3/../../../../arm-none-eabi/lib/armv7-m\libg.a(lib_a-mprec.o)
                0x08008d44                __pow5mult
 .text.__lshift
                0x08008de4       0xb0 c:/arm toolchain/bin/../lib/gcc/arm-none-eabi/4.9.3/../../../../arm-none-eabi/lib/armv7-m\libg.a(lib_a-mprec.o)
                0x08008de4                __lshift
 .text.__mcmp   0x08008e94       0x48 c:/arm toolchain/bin/../lib/gcc/arm-none-eabi/4.9.3/../../../../arm-none-eabi/lib/armv7-m\libg.a(lib_a-mprec.o)
                0x08008e94                __mcmp
 .text.__mdiff  0x08008edc       0xe4 c:/arm toolchain/bin/../lib/gcc/arm-none-eabi/4.9.3/../../../../arm-none-eabi/lib/armv7-m\libg.a(lib_a-mprec.o)
                0x08008edc                __mdiff
 .text.__ulp    0x08008fc0       0x44 c:/arm toolchain/bin/../lib/gcc/arm-none-eabi/4.9.3/../../../../arm-none-eabi/lib/armv7-m\libg.a(lib_a-mprec.o)
                0x08008fc0                __ulp
 .text.__b2d    0x08009004       0xd0 c:/arm toolchain/bin/../lib/gcc/arm-none-eabi/4.9.3/../../../../arm-none-eabi/lib/armv7-m\libg.a(lib_a-mprec.o)
                0x08009004                __b2d
 .text.__d2b    0x080090d4       0xa8 c:/arm toolchain/bin/../lib/gcc/arm-none-eabi/4.9.3/../../../../arm-none-eabi/lib/armv7-m\libg.a(lib_a-mprec.o)
                0x080090d4                __d2b
 .text.__ratio  0x0800917c       0x58 c:/arm toolchain/bin/../lib/gcc/arm-none-eabi/4.9.3/../../../../arm-none-eabi/lib/armv7-m\libg.a(lib_a-mprec.o)
                0x0800917c                __ratio
 .text.__copybits
                0x080091d4       0x48 c:/arm toolchain/bin/../lib/gcc/arm-none-eabi/4.9.3/../../../../arm-none-eabi/lib/armv7-m\libg.a(lib_a-mprec.o)
                0x080091d4                __copybits
 .text.__any_on
                0x0800921c       0x5c c:/arm toolchain/bin/../lib/gcc/arm-none-eabi/4.9.3/../../../../arm-none-eabi/lib/armv7-m\libg.a(lib_a-mprec.o)
                0x0800921c                __any_on
 .text._realloc_r
                0x08009278      0x3e0 c:/arm toolchain/bin/../lib/gcc/arm-none-eabi/4.9.3/../../../../arm-none-eabi/lib/armv7-m\libg.a(lib_a-reallocr.o)
                0x08009278                _realloc_r
 .text._sbrk_r  0x08009658       0x24 c:/arm toolchain/bin/../lib/gcc/arm-none-eabi/4.9.3/../../../../arm-none-eabi/lib/armv7-m\libg.a(lib_a-sbrkr.o)
                0x08009658                _sbrk_r
 .text.strncmp  0x0800967c       0x94 c:/arm toolchain/bin/../lib/gcc/arm-none-eabi/4.9.3/../../../../arm-none-eabi/lib/armv7-m\libg.a(lib_a-strncmp.o)
                0x0800967c                strncmp
 .text.__ssprint_r
                0x08009710      0x104 c:/arm toolchain/bin/../lib/gcc/arm-none-eabi/4.9.3/../../../../arm-none-eabi/lib/armv7-m\libg.a(lib_a-svfiprintf.o)
                0x08009710                __ssprint_r
 .text._calloc_r
                0x08009814       0x60 c:/arm toolchain/bin/../lib/gcc/arm-none-eabi/4.9.3/../../../../arm-none-eabi/lib/armv7-m\libg.a(lib_a-callocr.o)
                0x08009814                _calloc_r
 .text.memmove  0x08009874       0xc8 c:/arm toolchain/bin/../lib/gcc/arm-none-eabi/4.9.3/../../../../arm-none-eabi/lib/armv7-m\libg.a(lib_a-memmove.o)
                0x08009874                memmove
 .text          0x0800993c      0x110 c:/arm toolchain/bin/../lib/gcc/arm-none-eabi/4.9.3/armv7-m\libgcc.a(_arm_cmpdf2.o)
                0x0800993c                __gtdf2
                0x0800993c                __gedf2
                0x08009944                __ltdf2
                0x08009944                __ledf2
                0x0800994c                __nedf2
                0x0800994c                __eqdf2
                0x0800994c                __cmpdf2
                0x080099c8                __aeabi_cdrcmple
                0x080099d8                __aeabi_cdcmpeq
                0x080099d8                __aeabi_cdcmple
                0x080099e8                __aeabi_dcmpeq
                0x080099fc                __aeabi_dcmplt
                0x08009a10                __aeabi_dcmple
                0x08009a24                __aeabi_dcmpge
                0x08009a38                __aeabi_dcmpgt
 .text          0x08009a4c       0x50 c:/arm toolchain/bin/../lib/gcc/arm-none-eabi/4.9.3/armv7-m\libgcc.a(_arm_fixdfsi.o)
                0x08009a4c                __aeabi_d2iz
                0x08009a4c                __fixdfsi
 .text          0x08009a9c       0xa0 c:/arm toolchain/bin/../lib/gcc/arm-none-eabi/4.9.3/armv7-m\libgcc.a(_arm_truncdfsf2.o)
                0x08009a9c                __truncdfsf2
                0x08009a9c                __aeabi_d2f
 .text          0x08009b3c       0x30 c:/arm toolchain/bin/../lib/gcc/arm-none-eabi/4.9.3/armv7-m\libgcc.a(_aeabi_uldivmod.o)
                0x08009b3c                __aeabi_uldivmod
 .text          0x08009b6c       0x60 c:/arm toolchain/bin/../lib/gcc/arm-none-eabi/4.9.3/armv7-m\libgcc.a(bpabi.o)
                0x08009b6c                __gnu_ldivmod_helper
                0x08009b9c                __gnu_uldivmod_helper
 .text          0x08009bcc        0x4 c:/arm toolchain/bin/../lib/gcc/arm-none-eabi/4.9.3/armv7-m\libgcc.a(_dvmd_tls.o)
                0x08009bcc                __aeabi_idiv0
                0x08009bcc                __aeabi_ldiv0
 .text          0x08009bd0      0x2ac c:/arm toolchain/bin/../lib/gcc/arm-none-eabi/4.9.3/armv7-m\libgcc.a(_divdi3.o)
                0x08009bd0                __divdi3
 .text          0x08009e7c      0x270 c:/arm toolchain/bin/../lib/gcc/arm-none-eabi/4.9.3/armv7-m\libgcc.a(_udivdi3.o)
                0x08009e7c                __udivdi3
 *(.init)
 *(.fini)
 *crtbegin.o(.ctors)
 *crtbegin?.o(.ctors)
 *(EXCLUDE_FILE(*crtend.o *crtend?.o) .ctors)
 *(SORT(.ctors.*))
 *(.ctors)
 *crtbegin.o(.dtors)
 *crtbegin?.o(.dtors)
 *(EXCLUDE_FILE(*crtend.o *crtend?.o) .dtors)
 *(SORT(.dtors.*))
 *(.dtors)
 *(.rodata*)
 .rodata.str1.1
                0x0800a0ec       0x4a ..\obj\stm32f10x_tim.o
 .rodata.str1.1
                0x0800a136       0x4b ..\obj\stm32f10x_gpio.o
 .rodata.str1.1
                0x0800a181       0x4a ..\obj\stm32f10x_rcc.o
 .rodata.str1.1
                0x0800a1cb       0x4c ..\obj\stm32f10x_usart.o
 .rodata.str1.1
                0x0800a217       0x41 ..\obj\misc.o
 .rodata.str1.1
                0x0800a258      0x105 ..\obj\esp8266.o
 *fill*         0x0800a35d        0x3 
 .rodata.basefix.6867
                0x0800a360       0x24 c:/arm toolchain/bin/../lib/gcc/arm-none-eabi/4.9.3/../../../../arm-none-eabi/lib/armv7-m\libg.a(lib_a-svfscanf.o)
 .rodata.str1.4
                0x0800a384        0x5 c:/arm toolchain/bin/../lib/gcc/arm-none-eabi/4.9.3/../../../../arm-none-eabi/lib/armv7-m\libg.a(lib_a-svfscanf.o)
                                  0x8 (size before relaxing)
 *fill*         0x0800a389        0x3 
 .rodata._ctype_
                0x0800a38c      0x104 c:/arm toolchain/bin/../lib/gcc/arm-none-eabi/4.9.3/../../../../arm-none-eabi/lib/armv7-m\libg.a(lib_a-ctype_.o)
                0x0800a38c                _ctype_
 .rodata.str1.4
                0x0800a490        0x2 c:/arm toolchain/bin/../lib/gcc/arm-none-eabi/4.9.3/../../../../arm-none-eabi/lib/armv7-m\libg.a(lib_a-impure.o)
                                  0x4 (size before relaxing)
 *fill*         0x0800a492        0x2 
 .rodata.str1.4
                0x0800a494        0xa c:/arm toolchain/bin/../lib/gcc/arm-none-eabi/4.9.3/../../../../arm-none-eabi/lib/armv7-m\libg.a(lib_a-locale.o)
                                 0x14 (size before relaxing)
 .rodata.str1.4
                0x00000000        0x4 c:/arm toolchain/bin/../lib/gcc/arm-none-eabi/4.9.3/../../../../arm-none-eabi/lib/armv7-m\libg.a(lib_a-mbrtowc.o)
 *fill*         0x0800a49e        0x2 
 .rodata.fpinan.5301
                0x0800a4a0       0x14 c:/arm toolchain/bin/../lib/gcc/arm-none-eabi/4.9.3/../../../../arm-none-eabi/lib/armv7-m\libg.a(lib_a-strtod.o)
 .rodata.str1.4
                0x0800a4b4        0xf c:/arm toolchain/bin/../lib/gcc/arm-none-eabi/4.9.3/../../../../arm-none-eabi/lib/armv7-m\libg.a(lib_a-strtod.o)
                                 0x10 (size before relaxing)
 *fill*         0x0800a4c3        0x1 
 .rodata.fpi.5265
                0x0800a4c4       0x14 c:/arm toolchain/bin/../lib/gcc/arm-none-eabi/4.9.3/../../../../arm-none-eabi/lib/armv7-m\libg.a(lib_a-strtod.o)
 .rodata.tinytens
                0x0800a4d8       0x28 c:/arm toolchain/bin/../lib/gcc/arm-none-eabi/4.9.3/../../../../arm-none-eabi/lib/armv7-m\libg.a(lib_a-strtod.o)
 .rodata.zeroes.6916
                0x0800a500       0x10 c:/arm toolchain/bin/../lib/gcc/arm-none-eabi/4.9.3/../../../../arm-none-eabi/lib/armv7-m\libg.a(lib_a-svfprintf.o)
 .rodata.str1.4
                0x0800a510       0x42 c:/arm toolchain/bin/../lib/gcc/arm-none-eabi/4.9.3/../../../../arm-none-eabi/lib/armv7-m\libg.a(lib_a-svfprintf.o)
                                 0x44 (size before relaxing)
 *fill*         0x0800a552        0x2 
 .rodata.blanks.6915
                0x0800a554       0x10 c:/arm toolchain/bin/../lib/gcc/arm-none-eabi/4.9.3/../../../../arm-none-eabi/lib/armv7-m\libg.a(lib_a-svfprintf.o)
 .rodata.str1.4
                0x0800a564       0x10 c:/arm toolchain/bin/../lib/gcc/arm-none-eabi/4.9.3/../../../../arm-none-eabi/lib/armv7-m\libg.a(lib_a-dtoa.o)
                                 0x14 (size before relaxing)
 .rodata.__hexdig
                0x0800a574      0x100 c:/arm toolchain/bin/../lib/gcc/arm-none-eabi/4.9.3/../../../../arm-none-eabi/lib/armv7-m\libg.a(lib_a-gdtoa-gethex.o)
                0x0800a574                __hexdig
 .rodata.p05.5296
                0x0800a674        0xc c:/arm toolchain/bin/../lib/gcc/arm-none-eabi/4.9.3/../../../../arm-none-eabi/lib/armv7-m\libg.a(lib_a-mprec.o)
 .rodata.__mprec_tens
                0x0800a680       0xc8 c:/arm toolchain/bin/../lib/gcc/arm-none-eabi/4.9.3/../../../../arm-none-eabi/lib/armv7-m\libg.a(lib_a-mprec.o)
                0x0800a680                __mprec_tens
 .rodata.__mprec_bigtens
                0x0800a748       0x28 c:/arm toolchain/bin/../lib/gcc/arm-none-eabi/4.9.3/../../../../arm-none-eabi/lib/armv7-m\libg.a(lib_a-mprec.o)
                0x0800a748                __mprec_bigtens
 *(.eh_fram e*)

.glue_7         0x0800a770        0x0
 .glue_7        0x00000000        0x0 linker stubs

.glue_7t        0x0800a770        0x0
 .glue_7t       0x00000000        0x0 linker stubs

.vfp11_veneer   0x0800a770        0x0
 .vfp11_veneer  0x00000000        0x0 linker stubs

.v4_bx          0x0800a770        0x0
 .v4_bx         0x00000000        0x0 linker stubs

.iplt           0x0800a770        0x0
 .iplt          0x00000000        0x0 ..\obj\stm32f10x_tim.o

.ARM.extab
 *(.ARM.extab* .gnu.linkonce.armextab.*)
                0x0800a770                __exidx_start = .

.ARM.exidx      0x0800a770        0x8
 *(.ARM.exidx* .gnu.linkonce.armexidx.*)
 .ARM.exidx     0x0800a770        0x8 c:/arm toolchain/bin/../lib/gcc/arm-none-eabi/4.9.3/armv7-m\libgcc.a(_divdi3.o)
 .ARM.exidx     0x0800a778        0x0 c:/arm toolchain/bin/../lib/gcc/arm-none-eabi/4.9.3/armv7-m\libgcc.a(_udivdi3.o)
                                  0x8 (size before relaxing)
                0x0800a778                __exidx_end = .
                0x0800a778                __etext = .
                0x0800a778                _sidata = __etext

.rel.dyn        0x0800a778        0x0
 .rel.iplt      0x00000000        0x0 ..\obj\stm32f10x_tim.o

.data           0x20000000      0x8e4 load address 0x0800a778
                0x20000000                __data_start__ = .
                0x20000000                _sdata = __data_start__
 *(vtable)
 *(.data*)
 .data          0x20000000       0x14 ..\obj\stm32f10x_rcc.o
 *fill*         0x20000014        0x4 
 .data          0x20000018        0x8 ..\obj\channels.o
                0x20000018                coeff
 .data          0x20000020       0x20 ..\obj\esp8266.o
                0x20000020                ch1
                0x20000024                ch2
                0x20000028                ch3
                0x2000002c                ch4
                0x20000030                ch5
                0x20000034                ch6
                0x20000038                ch7
                0x2000003c                ch8
 .data.__ctype_ptr__
                0x20000040        0x4 c:/arm toolchain/bin/../lib/gcc/arm-none-eabi/4.9.3/../../../../arm-none-eabi/lib/armv7-m\libg.a(lib_a-ctype_.o)
                0x20000040                __ctype_ptr__
 *fill*         0x20000044        0x4 
 .data.impure_data
                0x20000048      0x428 c:/arm toolchain/bin/../lib/gcc/arm-none-eabi/4.9.3/../../../../arm-none-eabi/lib/armv7-m\libg.a(lib_a-impure.o)
 .data._impure_ptr
                0x20000470        0x4 c:/arm toolchain/bin/../lib/gcc/arm-none-eabi/4.9.3/../../../../arm-none-eabi/lib/armv7-m\libg.a(lib_a-impure.o)
                0x20000470                _impure_ptr
 .data.lconv    0x20000474       0x38 c:/arm toolchain/bin/../lib/gcc/arm-none-eabi/4.9.3/../../../../arm-none-eabi/lib/armv7-m\libg.a(lib_a-locale.o)
 .data.lc_ctype_charset
                0x200004ac       0x20 c:/arm toolchain/bin/../lib/gcc/arm-none-eabi/4.9.3/../../../../arm-none-eabi/lib/armv7-m\libg.a(lib_a-locale.o)
 .data.__mb_cur_max
                0x200004cc        0x4 c:/arm toolchain/bin/../lib/gcc/arm-none-eabi/4.9.3/../../../../arm-none-eabi/lib/armv7-m\libg.a(lib_a-locale.o)
                0x200004cc                __mb_cur_max
 .data.__mbtowc
                0x200004d0        0x4 c:/arm toolchain/bin/../lib/gcc/arm-none-eabi/4.9.3/../../../../arm-none-eabi/lib/armv7-m\libg.a(lib_a-mbtowc_r.o)
                0x200004d0                __mbtowc
 .data.__malloc_av_
                0x200004d4      0x408 c:/arm toolchain/bin/../lib/gcc/arm-none-eabi/4.9.3/../../../../arm-none-eabi/lib/armv7-m\libg.a(lib_a-mallocr.o)
                0x200004d4                __malloc_av_
 .data.__malloc_trim_threshold
                0x200008dc        0x4 c:/arm toolchain/bin/../lib/gcc/arm-none-eabi/4.9.3/../../../../arm-none-eabi/lib/armv7-m\libg.a(lib_a-mallocr.o)
                0x200008dc                __malloc_trim_threshold
 .data.__malloc_sbrk_base
                0x200008e0        0x4 c:/arm toolchain/bin/../lib/gcc/arm-none-eabi/4.9.3/../../../../arm-none-eabi/lib/armv7-m\libg.a(lib_a-mallocr.o)
                0x200008e0                __malloc_sbrk_base
                0x200008e4                . = ALIGN (0x4)
                0x200008e4                PROVIDE (__preinit_array_start, .)
 *(.preinit_array)
                0x200008e4                PROVIDE (__preinit_array_end, .)
                0x200008e4                . = ALIGN (0x4)
                0x200008e4                PROVIDE (__init_array_start, .)
 *(SORT(.init_array.*))
 *(.init_array)
                0x200008e4                PROVIDE (__init_array_end, .)
                0x200008e4                . = ALIGN (0x4)
                0x200008e4                PROVIDE (__fini_array_start, .)
 *(SORT(.fini_array.*))
 *(.fini_array)
                0x200008e4                PROVIDE (__fini_array_end, .)
 *(.jcr*)
                0x200008e4                . = ALIGN (0x4)
                0x200008e4                __data_end__ = .
                0x200008e4                _edata = __data_end__

.igot.plt       0x200008e4        0x0 load address 0x0800b05c
 .igot.plt      0x00000000        0x0 ..\obj\stm32f10x_tim.o

.bss            0x200008e4      0x2f4 load address 0x0800b05c
                0x200008e4                . = ALIGN (0x4)
                0x200008e4                __bss_start__ = .
                0x200008e4                _sbss = __bss_start__
 *(.bss*)
 .bss           0x200008e4       0x38 ..\obj\uart.o
                0x200008e4                UART1_rx_wr_index
                0x200008e8                UART1_rx_counter
                0x200008ec                UART1_rx_buffer_overflow
                0x200008f0                UART1_tx_counter
                0x200008f4                UART1_tx_rd_index
                0x200008f8                UART1_rx_rd_index
                0x200008fc                UART1_tx_wr_index
                0x20000900                UART2_rx_wr_index
                0x20000904                UART2_rx_counter
                0x20000908                UART2_rx_buffer_overflow
                0x2000090c                UART2_tx_counter
                0x20000910                UART2_tx_rd_index
                0x20000914                UART2_rx_rd_index
                0x20000918                UART2_tx_wr_index
 .bss           0x2000091c        0x4 ..\obj\syscalls.o
 .bss.__malloc_max_total_mem
                0x20000920        0x4 c:/arm toolchain/bin/../lib/gcc/arm-none-eabi/4.9.3/../../../../arm-none-eabi/lib/armv7-m\libg.a(lib_a-mallocr.o)
                0x20000920                __malloc_max_total_mem
 .bss.__malloc_max_sbrked_mem
                0x20000924        0x4 c:/arm toolchain/bin/../lib/gcc/arm-none-eabi/4.9.3/../../../../arm-none-eabi/lib/armv7-m\libg.a(lib_a-mallocr.o)
                0x20000924                __malloc_max_sbrked_mem
 .bss.__malloc_top_pad
                0x20000928        0x4 c:/arm toolchain/bin/../lib/gcc/arm-none-eabi/4.9.3/../../../../arm-none-eabi/lib/armv7-m\libg.a(lib_a-mallocr.o)
                0x20000928                __malloc_top_pad
 .bss.__malloc_current_mallinfo
                0x2000092c       0x28 c:/arm toolchain/bin/../lib/gcc/arm-none-eabi/4.9.3/../../../../arm-none-eabi/lib/armv7-m\libg.a(lib_a-mallocr.o)
                0x2000092c                __malloc_current_mallinfo
 *(COMMON)
 COMMON         0x20000954      0x280 ..\obj\uart.o
                0x20000954                UART2_rx_buffer
                0x200009d4                UART1_rx_buffer
                0x20000a54                UART2_tx_buffer
                0x20000ad4                UART1_tx_buffer
                0x20000b54                Buffer
 COMMON         0x20000bd4        0x4 c:/arm toolchain/bin/../lib/gcc/arm-none-eabi/4.9.3/../../../../arm-none-eabi/lib/armv7-m\libg.a(lib_a-reent.o)
                0x20000bd4                errno
                0x20000bd8                . = ALIGN (0x4)
                0x20000bd8                __bss_end__ = .
                0x20000bd8                _ebss = __bss_end__

.heap           0x20000bd8        0x0
                0x20000bd8                __end__ = .
                0x20000bd8                _end = __end__
                0x20000bd8                end = __end__
 *(.heap*)
                0x20000bd8                __HeapLimit = .

.co_stack       0x20000bd8      0x400 load address 0x0800b350
                0x20000bd8                . = ALIGN (0x8)
 *(.co_stack .co_stack.*)
 .co_stack      0x20000bd8      0x400 ..\obj\startup_stm32f10x_md.o
                0x20000bd8                pulStack
                0x20005000                __StackTop = (ORIGIN (ram) + 0x5000)
                0x20004c00                __StackLimit = (__StackTop - SIZEOF (.co_stack))
                0x20005000                PROVIDE (__stack, __StackTop)
                0x00000001                ASSERT ((__StackLimit >= __HeapLimit), region ram  overflowed with stack)
LOAD ..\obj\stm32f10x_tim.o
LOAD ..\obj\system_stm32f10x.o
LOAD ..\obj\uart.o
LOAD ..\obj\startup_stm32f10x_md.o
LOAD ..\obj\stm32f10x_gpio.o
LOAD ..\obj\main.o
LOAD ..\obj\stm32f10x_rcc.o
LOAD ..\obj\stm32f10x_usart.o
LOAD ..\obj\peripheral.o
LOAD ..\obj\syscalls.o
LOAD ..\obj\channels.o
LOAD ..\obj\misc.o
LOAD ..\obj\esp8266.o
START GROUP
LOAD c:/arm toolchain/bin/../lib/gcc/arm-none-eabi/4.9.3/armv7-m\libgcc.a
LOAD c:/arm toolchain/bin/../lib/gcc/arm-none-eabi/4.9.3/../../../../arm-none-eabi/lib/armv7-m\libg.a
LOAD c:/arm toolchain/bin/../lib/gcc/arm-none-eabi/4.9.3/../../../../arm-none-eabi/lib/armv7-m\libc.a
END GROUP
OUTPUT(PWM1.elf elf32-littlearm)

.debug_info     0x00000000     0x9b86
 .debug_info    0x00000000     0x37df ..\obj\stm32f10x_tim.o
 .debug_info    0x000037df      0x4a1 ..\obj\system_stm32f10x.o
 .debug_info    0x00003c80      0xff3 ..\obj\uart.o
 .debug_info    0x00004c73      0x112 ..\obj\startup_stm32f10x_md.o
 .debug_info    0x00004d85      0xb5e ..\obj\stm32f10x_gpio.o
 .debug_info    0x000058e3      0x1ae ..\obj\main.o
 .debug_info    0x00005a91      0xc8f ..\obj\stm32f10x_rcc.o
 .debug_info    0x00006720     0x11ea ..\obj\stm32f10x_usart.o
 .debug_info    0x0000790a      0x628 ..\obj\peripheral.o
 .debug_info    0x00007f32      0x3ed ..\obj\syscalls.o
 .debug_info    0x0000831f      0xa72 ..\obj\channels.o
 .debug_info    0x00008d91      0x654 ..\obj\misc.o
 .debug_info    0x000093e5      0x7a1 ..\obj\esp8266.o

.debug_abbrev   0x00000000     0x1555
 .debug_abbrev  0x00000000      0x278 ..\obj\stm32f10x_tim.o
 .debug_abbrev  0x00000278      0x16c ..\obj\system_stm32f10x.o
 .debug_abbrev  0x000003e4      0x2b5 ..\obj\uart.o
 .debug_abbrev  0x00000699       0xfc ..\obj\startup_stm32f10x_md.o
 .debug_abbrev  0x00000795      0x212 ..\obj\stm32f10x_gpio.o
 .debug_abbrev  0x000009a7       0xdc ..\obj\main.o
 .debug_abbrev  0x00000a83      0x1fa ..\obj\stm32f10x_rcc.o
 .debug_abbrev  0x00000c7d      0x209 ..\obj\stm32f10x_usart.o
 .debug_abbrev  0x00000e86      0x172 ..\obj\peripheral.o
 .debug_abbrev  0x00000ff8       0xf1 ..\obj\syscalls.o
 .debug_abbrev  0x000010e9      0x17f ..\obj\channels.o
 .debug_abbrev  0x00001268      0x183 ..\obj\misc.o
 .debug_abbrev  0x000013eb      0x16a ..\obj\esp8266.o

.debug_loc      0x00000000     0x52f1
 .debug_loc     0x00000000     0x2bf5 ..\obj\stm32f10x_tim.o
 .debug_loc     0x00002bf5       0x99 ..\obj\system_stm32f10x.o
 .debug_loc     0x00002c8e      0x320 ..\obj\uart.o
 .debug_loc     0x00002fae       0x2b ..\obj\startup_stm32f10x_md.o
 .debug_loc     0x00002fd9      0x85c ..\obj\stm32f10x_gpio.o
 .debug_loc     0x00003835      0x91f ..\obj\stm32f10x_rcc.o
 .debug_loc     0x00004154      0xcbb ..\obj\stm32f10x_usart.o
 .debug_loc     0x00004e0f       0x6e ..\obj\peripheral.o
 .debug_loc     0x00004e7d      0x113 ..\obj\syscalls.o
 .debug_loc     0x00004f90      0x108 ..\obj\channels.o
 .debug_loc     0x00005098      0x20c ..\obj\misc.o
 .debug_loc     0x000052a4       0x4d ..\obj\esp8266.o

.debug_aranges  0x00000000      0x810
 .debug_aranges
                0x00000000      0x2e0 ..\obj\stm32f10x_tim.o
 .debug_aranges
                0x000002e0       0x28 ..\obj\system_stm32f10x.o
 .debug_aranges
                0x00000308       0x88 ..\obj\uart.o
 .debug_aranges
                0x00000390       0x28 ..\obj\startup_stm32f10x_md.o
 .debug_aranges
                0x000003b8       0xa8 ..\obj\stm32f10x_gpio.o
 .debug_aranges
                0x00000460       0x28 ..\obj\main.o
 .debug_aranges
                0x00000488      0x118 ..\obj\stm32f10x_rcc.o
 .debug_aranges
                0x000005a0      0x100 ..\obj\stm32f10x_usart.o
 .debug_aranges
                0x000006a0       0x38 ..\obj\peripheral.o
 .debug_aranges
                0x000006d8       0x60 ..\obj\syscalls.o
 .debug_aranges
                0x00000738       0x60 ..\obj\channels.o
 .debug_aranges
                0x00000798       0x40 ..\obj\misc.o
 .debug_aranges
                0x000007d8       0x38 ..\obj\esp8266.o

.debug_ranges   0x00000000      0x7a8
 .debug_ranges  0x00000000      0x320 ..\obj\stm32f10x_tim.o
 .debug_ranges  0x00000320       0x30 ..\obj\system_stm32f10x.o
 .debug_ranges  0x00000350       0x78 ..\obj\uart.o
 .debug_ranges  0x000003c8       0x18 ..\obj\startup_stm32f10x_md.o
 .debug_ranges  0x000003e0       0x98 ..\obj\stm32f10x_gpio.o
 .debug_ranges  0x00000478       0x18 ..\obj\main.o
 .debug_ranges  0x00000490      0x108 ..\obj\stm32f10x_rcc.o
 .debug_ranges  0x00000598       0xf0 ..\obj\stm32f10x_usart.o
 .debug_ranges  0x00000688       0x28 ..\obj\peripheral.o
 .debug_ranges  0x000006b0       0x50 ..\obj\syscalls.o
 .debug_ranges  0x00000700       0x50 ..\obj\channels.o
 .debug_ranges  0x00000750       0x30 ..\obj\misc.o
 .debug_ranges  0x00000780       0x28 ..\obj\esp8266.o

.debug_line     0x00000000     0x4de5
 .debug_line    0x00000000     0x2353 ..\obj\stm32f10x_tim.o
 .debug_line    0x00002353      0x194 ..\obj\system_stm32f10x.o
 .debug_line    0x000024e7      0x410 ..\obj\uart.o
 .debug_line    0x000028f7       0xa9 ..\obj\startup_stm32f10x_md.o
 .debug_line    0x000029a0      0x786 ..\obj\stm32f10x_gpio.o
 .debug_line    0x00003126      0x1c0 ..\obj\main.o
 .debug_line    0x000032e6      0x66b ..\obj\stm32f10x_rcc.o
 .debug_line    0x00003951      0x9c6 ..\obj\stm32f10x_usart.o
 .debug_line    0x00004317      0x21b ..\obj\peripheral.o
 .debug_line    0x00004532      0x14b ..\obj\syscalls.o
 .debug_line    0x0000467d      0x2b0 ..\obj\channels.o
 .debug_line    0x0000492d      0x29d ..\obj\misc.o
 .debug_line    0x00004bca      0x21b ..\obj\esp8266.o

.debug_str      0x00000000     0x262e
 .debug_str     0x00000000      0xd67 ..\obj\stm32f10x_tim.o
                                0xe2a (size before relaxing)
 .debug_str     0x00000d67      0x17b ..\obj\system_stm32f10x.o
                                0x300 (size before relaxing)
 .debug_str     0x00000ee2      0x837 ..\obj\uart.o
                                0xa2f (size before relaxing)
 .debug_str     0x00001719       0xbe ..\obj\startup_stm32f10x_md.o
                                0x160 (size before relaxing)
 .debug_str     0x000017d7      0x244 ..\obj\stm32f10x_gpio.o
                                0x54f (size before relaxing)
 .debug_str     0x00001a1b       0xe9 ..\obj\main.o
                                0x275 (size before relaxing)
 .debug_str     0x00001b04      0x395 ..\obj\stm32f10x_rcc.o
                                0x639 (size before relaxing)
 .debug_str     0x00001e99      0x347 ..\obj\stm32f10x_usart.o
                                0x6ef (size before relaxing)
 .debug_str     0x000021e0       0x73 ..\obj\peripheral.o
                                0x4c1 (size before relaxing)
 .debug_str     0x00002253      0x164 ..\obj\syscalls.o
                                0x2ea (size before relaxing)
 .debug_str     0x000023b7       0xb8 ..\obj\channels.o
                                0x677 (size before relaxing)
 .debug_str     0x0000246f      0x158 ..\obj\misc.o
                                0x3dd (size before relaxing)
 .debug_str     0x000025c7       0x67 ..\obj\esp8266.o
                                0x2c6 (size before relaxing)

.comment        0x00000000       0x70
 .comment       0x00000000       0x70 ..\obj\stm32f10x_tim.o
                                 0x71 (size before relaxing)
 .comment       0x00000000       0x71 ..\obj\system_stm32f10x.o
 .comment       0x00000000       0x71 ..\obj\uart.o
 .comment       0x00000000       0x71 ..\obj\startup_stm32f10x_md.o
 .comment       0x00000000       0x71 ..\obj\stm32f10x_gpio.o
 .comment       0x00000000       0x71 ..\obj\main.o
 .comment       0x00000000       0x71 ..\obj\stm32f10x_rcc.o
 .comment       0x00000000       0x71 ..\obj\stm32f10x_usart.o
 .comment       0x00000000       0x71 ..\obj\peripheral.o
 .comment       0x00000000       0x71 ..\obj\syscalls.o
 .comment       0x00000000       0x71 ..\obj\channels.o
 .comment       0x00000000       0x71 ..\obj\misc.o
 .comment       0x00000000       0x71 ..\obj\esp8266.o

.ARM.attributes
                0x00000000       0x31
 .ARM.attributes
                0x00000000       0x33 ..\obj\stm32f10x_tim.o
 .ARM.attributes
                0x00000033       0x33 ..\obj\system_stm32f10x.o
 .ARM.attributes
                0x00000066       0x33 ..\obj\uart.o
 .ARM.attributes
                0x00000099       0x33 ..\obj\startup_stm32f10x_md.o
 .ARM.attributes
                0x000000cc       0x33 ..\obj\stm32f10x_gpio.o
 .ARM.attributes
                0x000000ff       0x33 ..\obj\main.o
 .ARM.attributes
                0x00000132       0x33 ..\obj\stm32f10x_rcc.o
 .ARM.attributes
                0x00000165       0x33 ..\obj\stm32f10x_usart.o
 .ARM.attributes
                0x00000198       0x33 ..\obj\peripheral.o
 .ARM.attributes
                0x000001cb       0x33 ..\obj\syscalls.o
 .ARM.attributes
                0x000001fe       0x33 ..\obj\channels.o
 .ARM.attributes
                0x00000231       0x33 ..\obj\misc.o
 .ARM.attributes
                0x00000264       0x33 ..\obj\esp8266.o
 .ARM.attributes
                0x00000297       0x1d c:/arm toolchain/bin/../lib/gcc/arm-none-eabi/4.9.3/armv7-m\libgcc.a(_arm_addsubdf3.o)
 .ARM.attributes
                0x000002b4       0x1d c:/arm toolchain/bin/../lib/gcc/arm-none-eabi/4.9.3/armv7-m\libgcc.a(_arm_muldivdf3.o)
 .ARM.attributes
                0x000002d1       0x1d c:/arm toolchain/bin/../lib/gcc/arm-none-eabi/4.9.3/armv7-m\libgcc.a(_arm_fixunsdfsi.o)
 .ARM.attributes
                0x000002ee       0x2d c:/arm toolchain/bin/../lib/gcc/arm-none-eabi/4.9.3/../../../../arm-none-eabi/lib/armv7-m\libg.a(lib_a-sscanf.o)
 .ARM.attributes
                0x0000031b       0x2d c:/arm toolchain/bin/../lib/gcc/arm-none-eabi/4.9.3/../../../../arm-none-eabi/lib/armv7-m\libg.a(lib_a-stdio.o)
 .ARM.attributes
                0x00000348       0x2d c:/arm toolchain/bin/../lib/gcc/arm-none-eabi/4.9.3/../../../../arm-none-eabi/lib/armv7-m\libg.a(lib_a-strlen.o)
 .ARM.attributes
                0x00000375       0x2d c:/arm toolchain/bin/../lib/gcc/arm-none-eabi/4.9.3/../../../../arm-none-eabi/lib/armv7-m\libg.a(lib_a-strstr.o)
 .ARM.attributes
                0x000003a2       0x2d c:/arm toolchain/bin/../lib/gcc/arm-none-eabi/4.9.3/../../../../arm-none-eabi/lib/armv7-m\libg.a(lib_a-svfscanf.o)
 .ARM.attributes
                0x000003cf       0x2d c:/arm toolchain/bin/../lib/gcc/arm-none-eabi/4.9.3/../../../../arm-none-eabi/lib/armv7-m\libg.a(lib_a-ctype_.o)
 .ARM.attributes
                0x000003fc       0x2d c:/arm toolchain/bin/../lib/gcc/arm-none-eabi/4.9.3/../../../../arm-none-eabi/lib/armv7-m\libg.a(lib_a-impure.o)
 .ARM.attributes
                0x00000429       0x2d c:/arm toolchain/bin/../lib/gcc/arm-none-eabi/4.9.3/../../../../arm-none-eabi/lib/armv7-m\libg.a(lib_a-iswspace.o)
 .ARM.attributes
                0x00000456       0x2d c:/arm toolchain/bin/../lib/gcc/arm-none-eabi/4.9.3/../../../../arm-none-eabi/lib/armv7-m\libg.a(lib_a-locale.o)
 .ARM.attributes
                0x00000483       0x2d c:/arm toolchain/bin/../lib/gcc/arm-none-eabi/4.9.3/../../../../arm-none-eabi/lib/armv7-m\libg.a(lib_a-mbrtowc.o)
 .ARM.attributes
                0x000004b0       0x2d c:/arm toolchain/bin/../lib/gcc/arm-none-eabi/4.9.3/../../../../arm-none-eabi/lib/armv7-m\libg.a(lib_a-mbtowc_r.o)
 .ARM.attributes
                0x000004dd       0x2d c:/arm toolchain/bin/../lib/gcc/arm-none-eabi/4.9.3/../../../../arm-none-eabi/lib/armv7-m\libg.a(lib_a-memchr.o)
 .ARM.attributes
                0x0000050a       0x2d c:/arm toolchain/bin/../lib/gcc/arm-none-eabi/4.9.3/../../../../arm-none-eabi/lib/armv7-m\libg.a(lib_a-memcmp.o)
 .ARM.attributes
                0x00000537       0x2d c:/arm toolchain/bin/../lib/gcc/arm-none-eabi/4.9.3/../../../../arm-none-eabi/lib/armv7-m\libg.a(lib_a-memset.o)
 .ARM.attributes
                0x00000564       0x2d c:/arm toolchain/bin/../lib/gcc/arm-none-eabi/4.9.3/../../../../arm-none-eabi/lib/armv7-m\libg.a(lib_a-reent.o)
 .ARM.attributes
                0x00000591       0x2d c:/arm toolchain/bin/../lib/gcc/arm-none-eabi/4.9.3/../../../../arm-none-eabi/lib/armv7-m\libg.a(lib_a-s_fpclassify.o)
 .ARM.attributes
                0x000005be       0x2d c:/arm toolchain/bin/../lib/gcc/arm-none-eabi/4.9.3/../../../../arm-none-eabi/lib/armv7-m\libg.a(lib_a-sccl.o)
 .ARM.attributes
                0x000005eb       0x2d c:/arm toolchain/bin/../lib/gcc/arm-none-eabi/4.9.3/../../../../arm-none-eabi/lib/armv7-m\libg.a(lib_a-sf_nan.o)
 .ARM.attributes
                0x00000618       0x2d c:/arm toolchain/bin/../lib/gcc/arm-none-eabi/4.9.3/../../../../arm-none-eabi/lib/armv7-m\libg.a(lib_a-sprintf.o)
 .ARM.attributes
                0x00000645       0x2d c:/arm toolchain/bin/../lib/gcc/arm-none-eabi/4.9.3/../../../../arm-none-eabi/lib/armv7-m\libg.a(lib_a-strchr.o)
 .ARM.attributes
                0x00000672       0x2d c:/arm toolchain/bin/../lib/gcc/arm-none-eabi/4.9.3/../../../../arm-none-eabi/lib/armv7-m\libg.a(lib_a-strtod.o)
 .ARM.attributes
                0x0000069f       0x2d c:/arm toolchain/bin/../lib/gcc/arm-none-eabi/4.9.3/../../../../arm-none-eabi/lib/armv7-m\libg.a(lib_a-strtol.o)
 .ARM.attributes
                0x000006cc       0x2d c:/arm toolchain/bin/../lib/gcc/arm-none-eabi/4.9.3/../../../../arm-none-eabi/lib/armv7-m\libg.a(lib_a-strtoll_r.o)
 .ARM.attributes
                0x000006f9       0x2d c:/arm toolchain/bin/../lib/gcc/arm-none-eabi/4.9.3/../../../../arm-none-eabi/lib/armv7-m\libg.a(lib_a-strtoul.o)
 .ARM.attributes
                0x00000726       0x2d c:/arm toolchain/bin/../lib/gcc/arm-none-eabi/4.9.3/../../../../arm-none-eabi/lib/armv7-m\libg.a(lib_a-strtoull_r.o)
 .ARM.attributes
                0x00000753       0x2d c:/arm toolchain/bin/../lib/gcc/arm-none-eabi/4.9.3/../../../../arm-none-eabi/lib/armv7-m\libg.a(lib_a-svfiscanf.o)
 .ARM.attributes
                0x00000780       0x2d c:/arm toolchain/bin/../lib/gcc/arm-none-eabi/4.9.3/../../../../arm-none-eabi/lib/armv7-m\libg.a(lib_a-svfprintf.o)
 .ARM.attributes
                0x000007ad       0x2d c:/arm toolchain/bin/../lib/gcc/arm-none-eabi/4.9.3/../../../../arm-none-eabi/lib/armv7-m\libg.a(lib_a-ungetc.o)
 .ARM.attributes
                0x000007da       0x2d c:/arm toolchain/bin/../lib/gcc/arm-none-eabi/4.9.3/../../../../arm-none-eabi/lib/armv7-m\libg.a(lib_a-dtoa.o)
 .ARM.attributes
                0x00000807       0x2d c:/arm toolchain/bin/../lib/gcc/arm-none-eabi/4.9.3/../../../../arm-none-eabi/lib/armv7-m\libg.a(lib_a-freer.o)
 .ARM.attributes
                0x00000834       0x2d c:/arm toolchain/bin/../lib/gcc/arm-none-eabi/4.9.3/../../../../arm-none-eabi/lib/armv7-m\libg.a(lib_a-gdtoa-gethex.o)
 .ARM.attributes
                0x00000861       0x2d c:/arm toolchain/bin/../lib/gcc/arm-none-eabi/4.9.3/../../../../arm-none-eabi/lib/armv7-m\libg.a(lib_a-gdtoa-hexnan.o)
 .ARM.attributes
                0x0000088e       0x2d c:/arm toolchain/bin/../lib/gcc/arm-none-eabi/4.9.3/../../../../arm-none-eabi/lib/armv7-m\libg.a(lib_a-mallocr.o)
 .ARM.attributes
                0x000008bb       0x1b c:/arm toolchain/bin/../lib/gcc/arm-none-eabi/4.9.3/../../../../arm-none-eabi/lib/armv7-m\libg.a(lib_a-memcpy.o)
 .ARM.attributes
                0x000008d6       0x2d c:/arm toolchain/bin/../lib/gcc/arm-none-eabi/4.9.3/../../../../arm-none-eabi/lib/armv7-m\libg.a(lib_a-mlock.o)
 .ARM.attributes
                0x00000903       0x2d c:/arm toolchain/bin/../lib/gcc/arm-none-eabi/4.9.3/../../../../arm-none-eabi/lib/armv7-m\libg.a(lib_a-mprec.o)
 .ARM.attributes
                0x00000930       0x2d c:/arm toolchain/bin/../lib/gcc/arm-none-eabi/4.9.3/../../../../arm-none-eabi/lib/armv7-m\libg.a(lib_a-reallocr.o)
 .ARM.attributes
                0x0000095d       0x2d c:/arm toolchain/bin/../lib/gcc/arm-none-eabi/4.9.3/../../../../arm-none-eabi/lib/armv7-m\libg.a(lib_a-sbrkr.o)
 .ARM.attributes
                0x0000098a       0x2d c:/arm toolchain/bin/../lib/gcc/arm-none-eabi/4.9.3/../../../../arm-none-eabi/lib/armv7-m\libg.a(lib_a-strncmp.o)
 .ARM.attributes
                0x000009b7       0x2d c:/arm toolchain/bin/../lib/gcc/arm-none-eabi/4.9.3/../../../../arm-none-eabi/lib/armv7-m\libg.a(lib_a-svfiprintf.o)
 .ARM.attributes
                0x000009e4       0x2d c:/arm toolchain/bin/../lib/gcc/arm-none-eabi/4.9.3/../../../../arm-none-eabi/lib/armv7-m\libg.a(lib_a-callocr.o)
 .ARM.attributes
                0x00000a11       0x2d c:/arm toolchain/bin/../lib/gcc/arm-none-eabi/4.9.3/../../../../arm-none-eabi/lib/armv7-m\libg.a(lib_a-memmove.o)
 .ARM.attributes
                0x00000a3e       0x1d c:/arm toolchain/bin/../lib/gcc/arm-none-eabi/4.9.3/armv7-m\libgcc.a(_arm_cmpdf2.o)
 .ARM.attributes
                0x00000a5b       0x1d c:/arm toolchain/bin/../lib/gcc/arm-none-eabi/4.9.3/armv7-m\libgcc.a(_arm_fixdfsi.o)
 .ARM.attributes
                0x00000a78       0x1d c:/arm toolchain/bin/../lib/gcc/arm-none-eabi/4.9.3/armv7-m\libgcc.a(_arm_truncdfsf2.o)
 .ARM.attributes
                0x00000a95       0x1d c:/arm toolchain/bin/../lib/gcc/arm-none-eabi/4.9.3/armv7-m\libgcc.a(_aeabi_uldivmod.o)
 .ARM.attributes
                0x00000ab2       0x2d c:/arm toolchain/bin/../lib/gcc/arm-none-eabi/4.9.3/armv7-m\libgcc.a(bpabi.o)
 .ARM.attributes
                0x00000adf       0x1d c:/arm toolchain/bin/../lib/gcc/arm-none-eabi/4.9.3/armv7-m\libgcc.a(_dvmd_tls.o)
 .ARM.attributes
                0x00000afc       0x2d c:/arm toolchain/bin/../lib/gcc/arm-none-eabi/4.9.3/armv7-m\libgcc.a(_divdi3.o)
 .ARM.attributes
                0x00000b29       0x2d c:/arm toolchain/bin/../lib/gcc/arm-none-eabi/4.9.3/armv7-m\libgcc.a(_udivdi3.o)

.debug_frame    0x00000000     0x28bc
 .debug_frame   0x00000000      0xa0c ..\obj\stm32f10x_tim.o
 .debug_frame   0x00000a0c       0x3c ..\obj\system_stm32f10x.o
 .debug_frame   0x00000a48      0x1f4 ..\obj\uart.o
 .debug_frame   0x00000c3c       0x3c ..\obj\startup_stm32f10x_md.o
 .debug_frame   0x00000c78      0x1f8 ..\obj\stm32f10x_gpio.o
 .debug_frame   0x00000e70       0x38 ..\obj\main.o
 .debug_frame   0x00000ea8      0x314 ..\obj\stm32f10x_rcc.o
 .debug_frame   0x000011bc      0x334 ..\obj\stm32f10x_usart.o
 .debug_frame   0x000014f0       0x70 ..\obj\peripheral.o
 .debug_frame   0x00001560       0xa0 ..\obj\syscalls.o
 .debug_frame   0x00001600       0xfc ..\obj\channels.o
 .debug_frame   0x000016fc       0x90 ..\obj\misc.o
 .debug_frame   0x0000178c       0x98 ..\obj\esp8266.o
 .debug_frame   0x00001824       0x88 c:/arm toolchain/bin/../lib/gcc/arm-none-eabi/4.9.3/../../../../arm-none-eabi/lib/armv7-m\libg.a(lib_a-sscanf.o)
 .debug_frame   0x000018ac       0x88 c:/arm toolchain/bin/../lib/gcc/arm-none-eabi/4.9.3/../../../../arm-none-eabi/lib/armv7-m\libg.a(lib_a-stdio.o)
 .debug_frame   0x00001934       0x20 c:/arm toolchain/bin/../lib/gcc/arm-none-eabi/4.9.3/../../../../arm-none-eabi/lib/armv7-m\libg.a(lib_a-strlen.o)
 .debug_frame   0x00001954       0xd8 c:/arm toolchain/bin/../lib/gcc/arm-none-eabi/4.9.3/../../../../arm-none-eabi/lib/armv7-m\libg.a(lib_a-strstr.o)
 .debug_frame   0x00001a2c       0x50 c:/arm toolchain/bin/../lib/gcc/arm-none-eabi/4.9.3/../../../../arm-none-eabi/lib/armv7-m\libg.a(lib_a-svfscanf.o)
 .debug_frame   0x00001a7c       0x20 c:/arm toolchain/bin/../lib/gcc/arm-none-eabi/4.9.3/../../../../arm-none-eabi/lib/armv7-m\libg.a(lib_a-iswspace.o)
 .debug_frame   0x00001a9c       0x9c c:/arm toolchain/bin/../lib/gcc/arm-none-eabi/4.9.3/../../../../arm-none-eabi/lib/armv7-m\libg.a(lib_a-locale.o)
 .debug_frame   0x00001b38       0x68 c:/arm toolchain/bin/../lib/gcc/arm-none-eabi/4.9.3/../../../../arm-none-eabi/lib/armv7-m\libg.a(lib_a-mbrtowc.o)
 .debug_frame   0x00001ba0       0x58 c:/arm toolchain/bin/../lib/gcc/arm-none-eabi/4.9.3/../../../../arm-none-eabi/lib/armv7-m\libg.a(lib_a-mbtowc_r.o)
 .debug_frame   0x00001bf8       0x3c c:/arm toolchain/bin/../lib/gcc/arm-none-eabi/4.9.3/../../../../arm-none-eabi/lib/armv7-m\libg.a(lib_a-memchr.o)
 .debug_frame   0x00001c34       0x38 c:/arm toolchain/bin/../lib/gcc/arm-none-eabi/4.9.3/../../../../arm-none-eabi/lib/armv7-m\libg.a(lib_a-memcmp.o)
 .debug_frame   0x00001c6c       0x34 c:/arm toolchain/bin/../lib/gcc/arm-none-eabi/4.9.3/../../../../arm-none-eabi/lib/armv7-m\libg.a(lib_a-memset.o)
 .debug_frame   0x00001ca0       0x58 c:/arm toolchain/bin/../lib/gcc/arm-none-eabi/4.9.3/../../../../arm-none-eabi/lib/armv7-m\libg.a(lib_a-reent.o)
 .debug_frame   0x00001cf8       0x34 c:/arm toolchain/bin/../lib/gcc/arm-none-eabi/4.9.3/../../../../arm-none-eabi/lib/armv7-m\libg.a(lib_a-s_fpclassify.o)
 .debug_frame   0x00001d2c       0x44 c:/arm toolchain/bin/../lib/gcc/arm-none-eabi/4.9.3/../../../../arm-none-eabi/lib/armv7-m\libg.a(lib_a-sccl.o)
 .debug_frame   0x00001d70       0x20 c:/arm toolchain/bin/../lib/gcc/arm-none-eabi/4.9.3/../../../../arm-none-eabi/lib/armv7-m\libg.a(lib_a-sf_nan.o)
 .debug_frame   0x00001d90       0x84 c:/arm toolchain/bin/../lib/gcc/arm-none-eabi/4.9.3/../../../../arm-none-eabi/lib/armv7-m\libg.a(lib_a-sprintf.o)
 .debug_frame   0x00001e14       0x4c c:/arm toolchain/bin/../lib/gcc/arm-none-eabi/4.9.3/../../../../arm-none-eabi/lib/armv7-m\libg.a(lib_a-strchr.o)
 .debug_frame   0x00001e60       0x94 c:/arm toolchain/bin/../lib/gcc/arm-none-eabi/4.9.3/../../../../arm-none-eabi/lib/armv7-m\libg.a(lib_a-strtod.o)
 .debug_frame   0x00001ef4       0x54 c:/arm toolchain/bin/../lib/gcc/arm-none-eabi/4.9.3/../../../../arm-none-eabi/lib/armv7-m\libg.a(lib_a-strtol.o)
 .debug_frame   0x00001f48       0x40 c:/arm toolchain/bin/../lib/gcc/arm-none-eabi/4.9.3/../../../../arm-none-eabi/lib/armv7-m\libg.a(lib_a-strtoll_r.o)
 .debug_frame   0x00001f88       0x54 c:/arm toolchain/bin/../lib/gcc/arm-none-eabi/4.9.3/../../../../arm-none-eabi/lib/armv7-m\libg.a(lib_a-strtoul.o)
 .debug_frame   0x00001fdc       0x40 c:/arm toolchain/bin/../lib/gcc/arm-none-eabi/4.9.3/../../../../arm-none-eabi/lib/armv7-m\libg.a(lib_a-strtoull_r.o)
 .debug_frame   0x0000201c       0xd8 c:/arm toolchain/bin/../lib/gcc/arm-none-eabi/4.9.3/../../../../arm-none-eabi/lib/armv7-m\libg.a(lib_a-svfiscanf.o)
 .debug_frame   0x000020f4       0x40 c:/arm toolchain/bin/../lib/gcc/arm-none-eabi/4.9.3/../../../../arm-none-eabi/lib/armv7-m\libg.a(lib_a-svfprintf.o)
 .debug_frame   0x00002134       0x60 c:/arm toolchain/bin/../lib/gcc/arm-none-eabi/4.9.3/../../../../arm-none-eabi/lib/armv7-m\libg.a(lib_a-ungetc.o)
 .debug_frame   0x00002194       0x84 c:/arm toolchain/bin/../lib/gcc/arm-none-eabi/4.9.3/../../../../arm-none-eabi/lib/armv7-m\libg.a(lib_a-dtoa.o)
 .debug_frame   0x00002218       0x74 c:/arm toolchain/bin/../lib/gcc/arm-none-eabi/4.9.3/../../../../arm-none-eabi/lib/armv7-m\libg.a(lib_a-freer.o)
 .debug_frame   0x0000228c       0x6c c:/arm toolchain/bin/../lib/gcc/arm-none-eabi/4.9.3/../../../../arm-none-eabi/lib/armv7-m\libg.a(lib_a-gdtoa-gethex.o)
 .debug_frame   0x000022f8       0x4c c:/arm toolchain/bin/../lib/gcc/arm-none-eabi/4.9.3/../../../../arm-none-eabi/lib/armv7-m\libg.a(lib_a-gdtoa-hexnan.o)
 .debug_frame   0x00002344       0x54 c:/arm toolchain/bin/../lib/gcc/arm-none-eabi/4.9.3/../../../../arm-none-eabi/lib/armv7-m\libg.a(lib_a-mallocr.o)
 .debug_frame   0x00002398       0x30 c:/arm toolchain/bin/../lib/gcc/arm-none-eabi/4.9.3/../../../../arm-none-eabi/lib/armv7-m\libg.a(lib_a-mlock.o)
 .debug_frame   0x000023c8      0x268 c:/arm toolchain/bin/../lib/gcc/arm-none-eabi/4.9.3/../../../../arm-none-eabi/lib/armv7-m\libg.a(lib_a-mprec.o)
 .debug_frame   0x00002630       0x58 c:/arm toolchain/bin/../lib/gcc/arm-none-eabi/4.9.3/../../../../arm-none-eabi/lib/armv7-m\libg.a(lib_a-reallocr.o)
 .debug_frame   0x00002688       0x2c c:/arm toolchain/bin/../lib/gcc/arm-none-eabi/4.9.3/../../../../arm-none-eabi/lib/armv7-m\libg.a(lib_a-sbrkr.o)
 .debug_frame   0x000026b4       0x54 c:/arm toolchain/bin/../lib/gcc/arm-none-eabi/4.9.3/../../../../arm-none-eabi/lib/armv7-m\libg.a(lib_a-strncmp.o)
 .debug_frame   0x00002708       0x78 c:/arm toolchain/bin/../lib/gcc/arm-none-eabi/4.9.3/../../../../arm-none-eabi/lib/armv7-m\libg.a(lib_a-svfiprintf.o)
 .debug_frame   0x00002780       0x28 c:/arm toolchain/bin/../lib/gcc/arm-none-eabi/4.9.3/../../../../arm-none-eabi/lib/armv7-m\libg.a(lib_a-callocr.o)
 .debug_frame   0x000027a8       0x30 c:/arm toolchain/bin/../lib/gcc/arm-none-eabi/4.9.3/../../../../arm-none-eabi/lib/armv7-m\libg.a(lib_a-memmove.o)
 .debug_frame   0x000027d8       0x28 c:/arm toolchain/bin/../lib/gcc/arm-none-eabi/4.9.3/armv7-m\libgcc.a(_aeabi_uldivmod.o)
 .debug_frame   0x00002800       0x54 c:/arm toolchain/bin/../lib/gcc/arm-none-eabi/4.9.3/armv7-m\libgcc.a(bpabi.o)
 .debug_frame   0x00002854       0x34 c:/arm toolchain/bin/../lib/gcc/arm-none-eabi/4.9.3/armv7-m\libgcc.a(_divdi3.o)
 .debug_frame   0x00002888       0x34 c:/arm toolchain/bin/../lib/gcc/arm-none-eabi/4.9.3/armv7-m\libgcc.a(_udivdi3.o)
